#
# There is insufficient memory for the Java Runtime Environment to continue.
# Native memory allocation (mmap) failed to map 1207959552 bytes for G1 virtual space
# Possible reasons:
#   The system is out of physical RAM or swap space
#   The process is running with CompressedOops enabled, and the Java Heap may be blocking the growth of the native heap
# Possible solutions:
#   Reduce memory load on the system
#   Increase physical memory or swap space
#   Check if swap backing store is full
#   Decrease Java heap size (-Xmx/-Xms)
#   Decrease number of Java threads
#   Decrease Java thread stack sizes (-Xss)
#   Set larger code cache with -XX:ReservedCodeCacheSize=
#   JVM is running with Zero Based Compressed Oops mode in which the Java heap is
#     placed in the first 32GB address space. The Java Heap base address is the
#     maximum limit for the native heap growth. Please use -XX:HeapBaseMinAddress
#     to set the Java Heap base and to place the Java Heap above 32GB virtual address.
# This output file may be truncated or incomplete.
#
#  Out of Memory Error (os_windows.cpp:3548), pid=104504, tid=28260
#
# JRE version:  (17.0.11+7) (build )
# Java VM: Java HotSpot(TM) 64-Bit Server VM (17.0.11+7-LTS-207, mixed mode, sharing, tiered, compressed oops, compressed class ptrs, g1 gc, windows-amd64)
# No core dump will be written. Minidumps are not enabled by default on client versions of Windows
#

---------------  S U M M A R Y ------------

Command Line: io.qameta.allure.CommandLine serve

Host: 13th Gen Intel(R) Core(TM) i7-13700K, 18 cores, 71G,  Windows 10 , 64 bit Build 19041 (10.0.19041.5915)
Time: Wed Jul  9 16:40:03 2025 Pakistan Standard Time elapsed time: 0.039718 seconds (0d 0h 0m 0s)

---------------  T H R E A D  ---------------

Current thread (0x000002065418fc40):  JavaThread "Unknown thread" [_thread_in_vm, id=28260, stack(0x0000006fd4300000,0x0000006fd4400000)]

Stack: [0x0000006fd4300000,0x0000006fd4400000]
Native frames: (J=compiled Java code, j=interpreted, Vv=VM code, C=native code)
V  [jvm.dll+0x679cca]
V  [jvm.dll+0x7da13d]
V  [jvm.dll+0x7dba83]
V  [jvm.dll+0x7dc0f3]
V  [jvm.dll+0x2449af]
V  [jvm.dll+0x676ce9]
V  [jvm.dll+0x66b852]
V  [jvm.dll+0x3018d6]
V  [jvm.dll+0x308e76]
V  [jvm.dll+0x3596ee]
V  [jvm.dll+0x35991f]
V  [jvm.dll+0x2d89a8]
V  [jvm.dll+0x2d9914]
V  [jvm.dll+0x7ac6b1]
V  [jvm.dll+0x366f61]
V  [jvm.dll+0x78b609]
V  [jvm.dll+0x3ec22f]
V  [jvm.dll+0x3ede61]
C  [jli.dll+0x5297]
C  [ucrtbase.dll+0x21bb2]
C  [KERNEL32.DLL+0x17374]
C  [ntdll.dll+0x4cc91]


---------------  P R O C E S S  ---------------

Threads class SMR info:
_java_thread_list=0x00007ff9ad697a18, length=0, elements={
}

Java Threads: ( => current thread )

Other Threads:
  0x0000020672028f30 GCTaskThread "GC Thread#0" [stack: 0x0000006fd4400000,0x0000006fd4500000] [id=96556]
  0x0000020654254320 ConcurrentGCThread "G1 Main Marker" [stack: 0x0000006fd4500000,0x0000006fd4600000] [id=88588]
  0x00000206542549e0 ConcurrentGCThread "G1 Conc#0" [stack: 0x0000006fd4600000,0x0000006fd4700000] [id=66076]

[error occurred during error reporting (printing all threads), id 0xc0000005, EXCEPTION_ACCESS_VIOLATION (0xc0000005) at pc=0x00007ff9acec9497]

VM state: not at safepoint (not fully initialized)

VM Mutex/Monitor currently owned by a thread:  ([mutex/lock_event])
[0x000002065418a6c0] Heap_lock - owner thread: 0x000002065418fc40

Heap address: 0x0000000380000000, size: 18432 MB, Compressed Oops mode: Zero based, Oop shift amount: 3

CDS archive(s) mapped at: [0x0000000000000000-0x0000000000000000-0x0000000000000000), size 0, SharedBaseAddress: 0x0000000800000000, ArchiveRelocationMode: 1.
Narrow klass base: 0x0000000000000000, Narrow klass shift: 0, Narrow klass range: 0x0

GC Precious Log:
<Empty>

Heap:
 garbage-first heap   total 0K, used 0K [0x0000000380000000, 0x0000000800000000)
  region size 16384K, 0 young (0K), 0 survivors (0K)

[error occurred during error reporting (printing heap information), id 0xc0000005, EXCEPTION_ACCESS_VIOLATION (0xc0000005) at pc=0x00007ff9ad2b3559]

GC Heap History (0 events):
No events

Deoptimization events (0 events):
No events

Classes unloaded (0 events):
No events

Classes redefined (0 events):
No events

Internal exceptions (0 events):
No events

VM Operations (0 events):
No events

Events (1 events):
Event: 0.019 Loaded shared library C:\Program Files\Java\jdk-17\bin\java.dll


Dynamic libraries:
0x00007ff672ea0000 - 0x00007ff672eb0000 	C:\Program Files\Java\jdk-17\bin\java.exe
0x00007ffac1350000 - 0x00007ffac1548000 	C:\WINDOWS\SYSTEM32\ntdll.dll
0x00007ffac0e50000 - 0x00007ffac0f12000 	C:\WINDOWS\System32\KERNEL32.DLL
0x00007ffabefc0000 - 0x00007ffabf2b6000 	C:\WINDOWS\System32\KERNELBASE.dll
0x00007ffabee90000 - 0x00007ffabef90000 	C:\WINDOWS\System32\ucrtbase.dll
0x00007ffab3720000 - 0x00007ffab3739000 	C:\Program Files\Java\jdk-17\bin\jli.dll
0x00007ffac00b0000 - 0x00007ffac0161000 	C:\WINDOWS\System32\ADVAPI32.dll
0x00007ffab16b0000 - 0x00007ffab16cb000 	C:\Program Files\Java\jdk-17\bin\VCRUNTIME140.dll
0x00007ffac0c70000 - 0x00007ffac0d0e000 	C:\WINDOWS\System32\msvcrt.dll
0x00007ffabfab0000 - 0x00007ffabfb4f000 	C:\WINDOWS\System32\sechost.dll
0x00007ffac0d20000 - 0x00007ffac0e43000 	C:\WINDOWS\System32\RPCRT4.dll
0x00007ffabe9e0000 - 0x00007ffabea07000 	C:\WINDOWS\System32\bcrypt.dll
0x00007ffabfb50000 - 0x00007ffabfced000 	C:\WINDOWS\System32\USER32.dll
0x00007ffabef90000 - 0x00007ffabefb2000 	C:\WINDOWS\System32\win32u.dll
0x00007ffab4030000 - 0x00007ffab42ca000 	C:\WINDOWS\WinSxS\amd64_microsoft.windows.common-controls_6595b64144ccf1df_6.0.19041.5915_none_60b4b9d171f9c7c7\COMCTL32.dll
0x00007ffabf920000 - 0x00007ffabf94b000 	C:\WINDOWS\System32\GDI32.dll
0x00007ffabecf0000 - 0x00007ffabee09000 	C:\WINDOWS\System32\gdi32full.dll
0x00007ffabea60000 - 0x00007ffabeafd000 	C:\WINDOWS\System32\msvcp_win.dll
0x00007ffab9840000 - 0x00007ffab984a000 	C:\WINDOWS\SYSTEM32\VERSION.dll
0x00007ffabf9c0000 - 0x00007ffabf9ef000 	C:\WINDOWS\System32\IMM32.DLL
0x00007ffabb180000 - 0x00007ffabb18c000 	C:\Program Files\Java\jdk-17\bin\vcruntime140_1.dll
0x00007ffa08b30000 - 0x00007ffa08bbe000 	C:\Program Files\Java\jdk-17\bin\msvcp140.dll
0x00007ff9acbe0000 - 0x00007ff9ad7c0000 	C:\Program Files\Java\jdk-17\bin\server\jvm.dll
0x00007ffac11a0000 - 0x00007ffac11a8000 	C:\WINDOWS\System32\PSAPI.DLL
0x00007ffab3d90000 - 0x00007ffab3db7000 	C:\WINDOWS\SYSTEM32\WINMM.dll
0x00007ffaaeb00000 - 0x00007ffaaeb09000 	C:\WINDOWS\SYSTEM32\WSOCK32.dll
0x00007ffabf950000 - 0x00007ffabf9bb000 	C:\WINDOWS\System32\WS2_32.dll
0x00007ffabc880000 - 0x00007ffabc892000 	C:\WINDOWS\SYSTEM32\kernel.appcore.dll
0x00007ffab36d0000 - 0x00007ffab36da000 	C:\Program Files\Java\jdk-17\bin\jimage.dll
0x00007ffab0b80000 - 0x00007ffab0d81000 	C:\WINDOWS\SYSTEM32\DBGHELP.DLL
0x00007ffaae2e0000 - 0x00007ffaae314000 	C:\WINDOWS\SYSTEM32\dbgcore.DLL
0x00007ffabeb00000 - 0x00007ffabeb82000 	C:\WINDOWS\System32\bcryptPrimitives.dll
0x00007ffa94f70000 - 0x00007ffa94f95000 	C:\Program Files\Java\jdk-17\bin\java.dll

dbghelp: loaded successfully - version: 4.0.5 - missing functions: none
symbol engine: initialized successfully - sym options: 0x614 - pdb path: .;C:\Program Files\Java\jdk-17\bin;C:\WINDOWS\SYSTEM32;C:\WINDOWS\WinSxS\amd64_microsoft.windows.common-controls_6595b64144ccf1df_6.0.19041.5915_none_60b4b9d171f9c7c7;C:\Program Files\Java\jdk-17\bin\server

VM Arguments:
java_command: io.qameta.allure.CommandLine serve
java_class_path (initial): f:\Users\shafi.DESKTOP-HVKUE5F\allure-2.34.0\allure-2.34.0\lib\allure-commandline-2.34.0.jar;f:\Users\shafi.DESKTOP-HVKUE5F\allure-2.34.0\allure-2.34.0\lib\allure-generator-2.34.0.jar;f:\Users\shafi.DESKTOP-HVKUE5F\allure-2.34.0\allure-2.34.0\lib\allure-model-2.29.1.jar;f:\Users\shafi.DESKTOP-HVKUE5F\allure-2.34.0\allure-2.34.0\lib\allure-plugin-api-2.34.0.jar;f:\Users\shafi.DESKTOP-HVKUE5F\allure-2.34.0\allure-2.34.0\lib\allure1-model-1.0.jar;f:\Users\shafi.DESKTOP-HVKUE5F\allure-2.34.0\allure-2.34.0\lib\annotations-15.0.jar;f:\Users\shafi.DESKTOP-HVKUE5F\allure-2.34.0\allure-2.34.0\lib\commons-beanutils-1.10.1.jar;f:\Users\shafi.DESKTOP-HVKUE5F\allure-2.34.0\allure-2.34.0\lib\commons-codec-1.11.jar;f:\Users\shafi.DESKTOP-HVKUE5F\allure-2.34.0\allure-2.34.0\lib\commons-collections-3.2.2.jar;f:\Users\shafi.DESKTOP-HVKUE5F\allure-2.34.0\allure-2.34.0\lib\commons-collections4-4.4.jar;f:\Users\shafi.DESKTOP-HVKUE5F\allure-2.34.0\allure-2.34.0\lib\commons-io-2.18.0.jar;f:\Users\shafi.DESKTOP-HVKUE5F\allure-2.34.0\allure-2.34.0\lib\commons-lang3-3.17.0.jar;f:\Users\shafi.DESKTOP-HVKUE5F\allure-2.34.0\allure-2.34.0\lib\commons-logging-1.3.4.jar;f:\Users\shafi.DESKTOP-HVKUE5F\allure-2.34.0\allure-2.34.0\lib\commons-text-1.11.0.jar;f:\Users\shafi.DESKTOP-HVKUE5F\allure-2.34.0\allure-2.34.0\lib\flexmark-0.62.2.jar;f:\Users\shafi.DESKTOP-HVKUE5F\allure-2.34.0\allure-2.34.0\lib\flexmark-ext-tables-0.62.2.jar;f:\Users\shafi.DESKTOP-HVKUE5F\allure-2.34.0\allure-2.34.0\lib\flexmark-util-0.62.2.jar;f:\Users\shafi.DESKTOP-HVKUE5F\allure-2.34.0\allure-2.34.0\lib\flexmark-util-ast-0.62.2.jar;f:\Users\shafi.DESKTOP-HVKUE5F\allure-2.34.0\allure-2.34.0\lib\flexmark-util-builder-0.62.2.jar;f:\Users\shafi.DESKTOP-HVKUE5F\allure-2.34.0\allure-2.34.0\lib\flexmark-util-collection-0.62.2.jar;f:\Users\shafi.DESKTOP-HVKUE5F\allure-2.34.0\allure-2.34.0\lib\flexmark-util-data-0.62.2.jar;f:\Users\shafi.DESKTOP-HVKUE5F\allure-2.34.0\allure-2.34.0\lib\flexmark-util-depen
Launcher Type: SUN_STANDARD

[Global flags]
     intx CICompilerCount                          = 12                                        {product} {ergonomic}
     uint ConcGCThreads                            = 4                                         {product} {ergonomic}
     uint G1ConcRefinementThreads                  = 14                                        {product} {ergonomic}
   size_t G1HeapRegionSize                         = 16777216                                  {product} {ergonomic}
    uintx GCDrainStackTargetSize                   = 64                                        {product} {ergonomic}
   size_t InitialHeapSize                          = 1207959552                                {product} {ergonomic}
   size_t MarkStackSize                            = 4194304                                   {product} {ergonomic}
   size_t MaxHeapSize                              = 19327352832                               {product} {ergonomic}
   size_t MinHeapDeltaBytes                        = 16777216                                  {product} {ergonomic}
   size_t MinHeapSize                              = 16777216                                  {product} {ergonomic}
    uintx NonNMethodCodeHeapSize                   = 7602480                                {pd product} {ergonomic}
    uintx NonProfiledCodeHeapSize                  = 122027880                              {pd product} {ergonomic}
    uintx ProfiledCodeHeapSize                     = 122027880                              {pd product} {ergonomic}
    uintx ReservedCodeCacheSize                    = 251658240                              {pd product} {ergonomic}
     bool SegmentedCodeCache                       = true                                      {product} {ergonomic}
   size_t SoftMaxHeapSize                          = 19327352832                            {manageable} {ergonomic}
     bool UseCompressedClassPointers               = true                           {product lp64_product} {ergonomic}
     bool UseCompressedOops                        = true                           {product lp64_product} {ergonomic}
     bool UseG1GC                                  = true                                      {product} {ergonomic}
     bool UseLargePagesIndividualAllocation        = false                                  {pd product} {ergonomic}

Logging:
Log output configuration:
 #0: stdout all=warning uptime,level,tags
 #1: stderr all=off uptime,level,tags

Environment Variables:
JAVA_HOME=C:\Program Files\Java\jdk-17
CLASSPATH=f:\Users\shafi.DESKTOP-HVKUE5F\allure-2.34.0\allure-2.34.0\lib\*;f:\Users\shafi.DESKTOP-HVKUE5F\allure-2.34.0\allure-2.34.0\lib\config
PATH=f:\Users\shafi.DESKTOP-HVKUE5F\.vscode\extensions\ms-python.python-2024.14.1-win32-x64\python_files\deactivate\powershell;E:\tests\venv\Scripts;C:\Python312\Scripts\;C:\Python312\;C:\Program Files\Common Files\Oracle\Java\javapath;C:\Program Files\Eclipse Foundation\jdk-8.0.302.8-hotspot\bin;C:\WINDOWS\system32;C:\WINDOWS;C:\WINDOWS\System32\Wbem;C:\WINDOWS\System32\WindowsPowerShell\v1.0\;C:\WINDOWS\System32\OpenSSH\;C:\Program Files\Microsoft\Web Platform Installer\;C:\Program Files\Microsoft SQL Server\120\DTS\Binn\;C:\Program Files\Microsoft SQL Server\Client SDK\ODBC\110\Tools\Binn\;C:\Program Files (x86)\Microsoft SQL Server\120\Tools\Binn\;C:\Program Files\Microsoft SQL Server\120\Tools\Binn\;C:\Program Files (x86)\Microsoft SQL Server\120\Tools\Binn\ManagementStudio\;C:\Program Files (x86)\Microsoft SQL Server\120\DTS\Binn\;C:\Program Files\dotnet\;C:\Program Files (x86)\dotnet\;C:\Program Files\PuTTY\;C:\Program Files\TortoiseSVN\bin;C:\Program Files\php\v7.0;C:\ProgramData\ComposerSetup\bin;C:\Users\SalikSalman\AppData\Roaming\nvm;C:\Program Files\nodejs;C:\Program Files\TortoiseGit\bin;C:\Program Files\Microsoft SQL Server\130\Tools\Binn\;C:\Program Files\Microsoft SQL Server\Client SDK\ODBC\170\Tools\Binn\;C:\ProgramData\chocolatey\bin;C:\Program Files\Java\jdk-17\bin;C:\Program Files\Java\jdk-17;C:\Program Files (x86)\Android\android-sdk;C:\Program Files (x86)\Android\android-sdk\tools\bin;C:\Program Files\Meld\;C:\Program Files\Microsoft VS Code\bin;C:\Program Files (x86)\ZeroTier\One\;C:\Program Files (x86)\Bitvise SSH Client;C:\Program Files\nodejs\;C:\Program Files\BackupClient\CommandLineTool\;C:\Program Files (x86)\Common Files\Acronis\FileProtector\;C:\Program Files (x86)\Common Files\Acronis\FileProtector64\;C:\Program Files\BackupClient\PyShell\bin\;C:\Program Files (x86)\Common Files\Acronis\SnapAPI\;C:\Program Files (x86)\Common Files\Acronis\VirtualFile\;C:\Program Files (x86)\Common Files\Acronis\VirtualFile64\;f:\Users\shafi.DESKTOP-HVKU
USERNAME=shafi
LANG=en_US.UTF-8
OS=Windows_NT
PROCESSOR_IDENTIFIER=Intel64 Family 6 Model 183 Stepping 1, GenuineIntel



---------------  S Y S T E M  ---------------

OS:
 Windows 10 , 64 bit Build 19041 (10.0.19041.5915)
OS uptime: 4 days 22:57 hours
Xen hardware-assisted virtualization detected

CPU: total 18 (initial active 18) (36 cores per cpu, 1 threads per core) family 6 model 183 stepping 1 microcode 0x12f, cx8, cmov, fxsr, mmx, 3dnowpref, sse, sse2, sse3, ssse3, sse4.1, sse4.2, popcnt, lzcnt, tsc, avx, avx2, aes, erms, clmul, bmi1, bmi2, adx, sha, fma, vzeroupper, clflush, clflushopt, clwb, hv

Memory: 4k page, system-wide physical 73719M (26696M free)
TotalPageFile size 118407M (AvailPageFile size 1028M)
current process WorkingSet (physical memory assigned to process): 11M, peak: 11M
current process commit charge ("private bytes"): 73M, peak: 1224M

vm_info: Java HotSpot(TM) 64-Bit Server VM (17.0.11+7-LTS-207) for windows-amd64 JRE (17.0.11+7-LTS-207), built on Mar 11 2024 19:01:50 by "mach5one" with MS VC++ 17.6 (VS2022)

END.
