========================================= 
Behave Run Started at Tue 10/14/2025 20:00:01.55 
========================================= 

============================================================
STARTING DOMAIN: mt.itserver.biz (Server: metro crm)
============================================================
[INFO] Running 1 feature files for domain 'mt.itserver.biz':
    E:\shayan\tests\features\mt.itserver.biz\SO.feature
[INFO] Domain = mt.itserver.biz
[INFO] Starting browser and logging in for domain: mt.itserver.biz
[INFO] Creating fresh browser instance for domain: mt.itserver.biz
[INFO] Attempt 1/5: Creating Chrome driver...
[INFO] Applying performance optimizations for problematic domain: mt.itserver.biz
[PASS] Chrome driver created successfully on attempt 1
[INFO] Attempt 1/5: Opening https://mt.itserver.biz/admin/?r=user/user/login&_lang=en
[PASS] Page loaded successfully on attempt 1
[PASS] Opened URL: https://mt.itserver.biz/admin/?r=user/user/login&_lang=en
[INFO] Testing refresh function for dashboard elements...
[PASS] Login successful - dashboard loaded with refresh function
[PASS] Login successful - dashboard loaded with fallback method
[INFO] Login completed. Page Load: 3.8s, Login: 43.5s
[INFO] Login successful for domain: mt.itserver.biz
[INFO] Starting feature: Sales Order
Feature: Sales Order # features/mt.itserver.biz/SO.feature:4

  @critical
  Scenario: Visit Sales order page and click on edit btn  # features/mt.itserver.biz/SO.feature:7
    Given we visit "orders/SO2"                           # features/steps/form_actions.py:36
    When we edit the top row                              # features/steps/cartzlink_form.py:155
[INFO] Completed feature: Sales Order
DEBUG: context.domain = mt.itserver.biz
DEBUG: timing_summary = {'mt.itserver.biz': {'Server': 'metro crm', 'Page Load': 3.8, 'Login': 43.5, 'Features': {'Sales Order': {'Feature': None, 'Scenario Timings': [{'name': 'Visit Sales order page and click on edit btn', 'duration': 30.4, 'status': 'passed', 'failed_steps': []}], 'Failed Steps': []}}}}
PASS Feature: Sales Order (30.4s)
[DEBUG] Writing timing summary for mt.itserver.biz to E:\shayan\tests\timing_results\mt.itserver.biz_timing.json

[INFO] Closing browser for domain: mt.itserver.biz
[INFO] Browser closed successfully for domain: mt.itserver.biz
[INFO] Browser instance cleared for domain: mt.itserver.biz
[SUMMARY] Timing for mt.itserver.biz:
{
  "page_load": {
    "current": 3.8,
    "average": 9.716666666666667,
    "values": [
      3.8,
      3.5,
      31.6,
      14.0,
      3.2,
      2.2
    ],
    "is_high": false
  },
  "login": {
    "current": 43.5,
    "average": 31.316666666666666,
    "values": [
      43.5,
      33.3,
      29.8,
      24.7,
      27.5,
      29.1
    ],
    "is_high": true
  },
  "features": {
    "Sales Order": {
      "current": 30.4,
      "average": 14.433333333333332,
      "values": [
        30.4,
        12.4,
        11.3,
        9.8,
        11.5,
        11.2
      ],
      "is_high": true
    }
  },
  "scenario": {
    "current": 30.4,
    "average": 14.433333333333332,
    "values": [
      30.4,
      12.4,
      11.3,
      9.8,
      11.5,
      11.2
    ],
    "is_high": true
  }
}

[INFO] Server: metro crm | Domain: mt.itserver.biz
==================================================
[PASS] Sales Order

============================================================
COMPLETED DOMAIN: mt.itserver.biz
============================================================

============================================================
STARTING DOMAIN: gta.cartzlink.com (Server: s13)
============================================================
[INFO] Running 2 feature files for domain 'gta.cartzlink.com':
    E:\shayan\tests\features\gta.cartzlink.com\AccV.feature
    E:\shayan\tests\features\gta.cartzlink.com\SI.feature
[INFO] Domain = gta.cartzlink.com
[INFO] Starting browser and logging in for domain: gta.cartzlink.com
[INFO] Creating fresh browser instance for domain: gta.cartzlink.com
[INFO] Attempt 1/3: Creating Chrome driver...
[PASS] Chrome driver created successfully on attempt 1
[INFO] Attempt 1/3: Opening https://gta.cartzlink.com/admin/?r=user/user/login&_lang=en
[PASS] Page loaded successfully on attempt 1
[PASS] Opened URL: https://gta.cartzlink.com/admin/?r=user/user/login&_lang=en
[INFO] Testing refresh function for dashboard elements...
[PASS] Login successful - dashboard loaded with refresh function
[PASS] Login successful - dashboard loaded with fallback method
[INFO] Login completed. Page Load: 10.6s, Login: 35.8s
[INFO] Login successful for domain: gta.cartzlink.com
[INFO] Starting feature: Add Account Voucher
Feature: Add Account Voucher # features/gta.cartzlink.com/AccV.feature:4

  @critical
  Scenario: Visit Account Voucher Page and click on Edit btn  # features/gta.cartzlink.com/AccV.feature:7
    Given we visit "accounts2"                                # features/steps/form_actions.py:36
    When we edit the top row                                  # features/steps/cartzlink_form.py:155
[INFO] Completed feature: Add Account Voucher
DEBUG: context.domain = gta.cartzlink.com
DEBUG: timing_summary = {'gta.cartzlink.com': {'Server': 's13', 'Page Load': 10.6, 'Login': 35.8, 'Features': {'Add Account Voucher': {'Feature': None, 'Scenario Timings': [{'name': 'Visit Account Voucher Page and click on Edit btn', 'duration': 28.0, 'status': 'passed', 'failed_steps': []}], 'Failed Steps': []}}}}
PASS Feature: Add Account Voucher (28.0s)
[DEBUG] Writing timing summary for gta.cartzlink.com to E:\shayan\tests\timing_results\gta.cartzlink.com_timing.json

[INFO] Starting feature: Sales Invoice
Feature: Sales Invoice # features/gta.cartzlink.com/SI.feature:1

  @critical
  Scenario: Sales Invoice page           # features/gta.cartzlink.com/SI.feature:4
    Given we visit "orders/salesInvoice" # features/steps/form_actions.py:36
    When we edit the top row             # features/steps/cartzlink_form.py:155
[INFO] Completed feature: Sales Invoice
DEBUG: context.domain = gta.cartzlink.com
DEBUG: timing_summary = {'gta.cartzlink.com': {'Server': 's13', 'Page Load': 10.6, 'Login': 35.8, 'Features': {'Add Account Voucher': {'Feature': 28.0, 'Scenario Timings': [{'name': 'Visit Account Voucher Page and click on Edit btn', 'duration': 28.0, 'status': 'passed', 'failed_steps': []}], 'Failed Steps': []}, 'Sales Invoice': {'Feature': None, 'Scenario Timings': [{'name': 'Sales Invoice page', 'duration': 27.4, 'status': 'passed', 'failed_steps': []}], 'Failed Steps': []}}}}
PASS Feature: Sales Invoice (27.4s)
[DEBUG] Writing timing summary for gta.cartzlink.com to E:\shayan\tests\timing_results\gta.cartzlink.com_timing.json

[INFO] Closing browser for domain: gta.cartzlink.com
[INFO] Browser closed successfully for domain: gta.cartzlink.com
[INFO] Browser instance cleared for domain: gta.cartzlink.com
[SUMMARY] Timing for gta.cartzlink.com:
{
  "page_load": {
    "current": 10.6,
    "average": 5.716666666666666,
    "values": [
      10.6,
      6.3,
      3.6,
      3.7,
      6.8,
      3.3
    ],
    "is_high": true
  },
  "login": {
    "current": 35.8,
    "average": 32.3,
    "values": [
      35.8,
      23.9,
      20.2,
      20.3,
      73.3,
      20.3
    ],
    "is_high": true
  },
  "features": {
    "Add Account Voucher": {
      "current": 28.0,
      "average": 16.016666666666666,
      "values": [
        28.0,
        15.1,
        13.4,
        13.1,
        13.3,
        13.2
      ],
      "is_high": true
    },
    "Sales Invoice": {
      "current": 27.4,
      "average": 22.650000000000002,
      "values": [
        27.4,
        22.7,
        24.7,
        23.8,
        19.3,
        18.0
      ],
      "is_high": true
    }
  },
  "scenario": {
    "current": 27.7,
    "average": 19.333333333333332,
    "values": [
      27.7,
      18.9,
      19.05,
      18.45,
      16.3,
      15.6
    ],
    "is_high": true
  }
}

[INFO] Server: s13 | Domain: gta.cartzlink.com
==================================================
[PASS] Add Account Voucher
[PASS] Sales Invoice

============================================================
COMPLETED DOMAIN: gta.cartzlink.com
============================================================

============================================================
STARTING DOMAIN: fst.itserver.biz (Server: FST)
============================================================
[INFO] Running 1 feature files for domain 'fst.itserver.biz':
    E:\shayan\tests\features\fst.itserver.biz\SO.feature
[INFO] Domain = fst.itserver.biz
[INFO] Starting browser and logging in for domain: fst.itserver.biz
[INFO] Creating fresh browser instance for domain: fst.itserver.biz
[INFO] Attempt 1/3: Creating Chrome driver...
[PASS] Chrome driver created successfully on attempt 1
[INFO] Attempt 1/3: Opening https://fst.itserver.biz/admin/?r=user/user/login&_lang=en
[PASS] Page loaded successfully on attempt 1
[PASS] Opened URL: https://fst.itserver.biz/admin/?r=user/user/login&_lang=en
[INFO] Testing refresh function for dashboard elements...
[PASS] Login successful - dashboard loaded with refresh function
[PASS] Login successful - dashboard loaded with fallback method
[INFO] Login completed. Page Load: 9.8s, Login: 39.0s
[INFO] Login successful for domain: fst.itserver.biz
[INFO] Starting feature: Sales Order
Feature: Sales Order # features/fst.itserver.biz/SO.feature:4

  @critical
  Scenario: Visit Sales order page and click on Edit btn  # features/fst.itserver.biz/SO.feature:7
    Given we visit "orders/salesOrder"                    # features/steps/form_actions.py:36
    When we clear the from date and search                # features/steps/form_actions.py:82
[INFO] Completed feature: Sales Order
DEBUG: context.domain = fst.itserver.biz
DEBUG: timing_summary = {'fst.itserver.biz': {'Server': 'FST', 'Page Load': 9.8, 'Login': 39.0, 'Features': {'Sales Order': {'Feature': None, 'Scenario Timings': [{'name': 'Visit Sales order page and click on Edit btn', 'duration': 33.3, 'status': 'passed', 'failed_steps': []}], 'Failed Steps': []}}}}
PASS Feature: Sales Order (33.3s)
[DEBUG] Writing timing summary for fst.itserver.biz to E:\shayan\tests\timing_results\fst.itserver.biz_timing.json

[INFO] Closing browser for domain: fst.itserver.biz
[INFO] Browser closed successfully for domain: fst.itserver.biz
[INFO] Browser instance cleared for domain: fst.itserver.biz
[SUMMARY] Timing for fst.itserver.biz:
{
  "page_load": {
    "current": 9.8,
    "average": 5.766666666666667,
    "values": [
      9.8,
      6.4,
      7.5,
      2.5,
      4.6,
      3.8
    ],
    "is_high": true
  },
  "login": {
    "current": 39.0,
    "average": 25.95,
    "values": [
      39.0,
      24.7,
      26.5,
      19.9,
      23.1,
      22.5
    ],
    "is_high": true
  },
  "features": {
    "Sales Order": {
      "current": 33.3,
      "average": 17.816666666666666,
      "values": [
        33.3,
        15.6,
        16.5,
        11.9,
        15.9,
        13.7
      ],
      "is_high": true
    }
  },
  "scenario": {
    "current": 33.3,
    "average": 17.816666666666666,
    "values": [
      33.3,
      15.6,
      16.5,
      11.9,
      15.9,
      13.7
    ],
    "is_high": true
  }
}

[INFO] Server: FST | Domain: fst.itserver.biz
==================================================
[PASS] Sales Order

============================================================
COMPLETED DOMAIN: fst.itserver.biz
============================================================

============================================================
STARTING DOMAIN: cam.itserver.biz (Server: metro cam)
============================================================
[INFO] Running 4 feature files for domain 'cam.itserver.biz':
    E:\shayan\tests\features\cam.itserver.biz\AccV.feature
    E:\shayan\tests\features\cam.itserver.biz\GP.feature
    E:\shayan\tests\features\cam.itserver.biz\PI.feature
    E:\shayan\tests\features\cam.itserver.biz\SO.feature
[INFO] Domain = cam.itserver.biz
[INFO] Starting browser and logging in for domain: cam.itserver.biz
[INFO] Creating fresh browser instance for domain: cam.itserver.biz
[INFO] Attempt 1/3: Creating Chrome driver...
[PASS] Chrome driver created successfully on attempt 1
[INFO] Attempt 1/3: Opening https://cam.itserver.biz/admin/?r=user/user/login&_lang=en
[PASS] Page loaded successfully on attempt 1
[PASS] Opened URL: https://cam.itserver.biz/admin/?r=user/user/login&_lang=en
[INFO] Testing refresh function for dashboard elements...
[PASS] Login successful - dashboard loaded with refresh function
[PASS] Login successful - dashboard loaded with fallback method
[INFO] Login completed. Page Load: 8.5s, Login: 22.8s
[INFO] Login successful for domain: cam.itserver.biz
[INFO] Starting feature: Add Account Voucher
Feature: Add Account Voucher # features/cam.itserver.biz/AccV.feature:4

  @critical
  Scenario: Visit Account Voucher Page and click on Edit btn  # features/cam.itserver.biz/AccV.feature:7
    Given we visit "accounts2"                                # features/steps/form_actions.py:36
    When we edit the top row                                  # features/steps/cartzlink_form.py:155
[INFO] Completed feature: Add Account Voucher
DEBUG: context.domain = cam.itserver.biz
DEBUG: timing_summary = {'cam.itserver.biz': {'Server': 'metro cam', 'Page Load': 8.5, 'Login': 22.8, 'Features': {'Add Account Voucher': {'Feature': None, 'Scenario Timings': [{'name': 'Visit Account Voucher Page and click on Edit btn', 'duration': 8.9, 'status': 'passed', 'failed_steps': []}], 'Failed Steps': []}}}}
PASS Feature: Add Account Voucher (8.9s)
[DEBUG] Writing timing summary for cam.itserver.biz to E:\shayan\tests\timing_results\cam.itserver.biz_timing.json

[INFO] Starting feature: Gatepass
Feature: Gatepass # features/cam.itserver.biz/GP.feature:1

  @critical
  Scenario: Visit Gate pass Page and click on Edit btn  # features/cam.itserver.biz/GP.feature:4
    Given we visit "orders/deliveryChallanCAM"          # features/steps/form_actions.py:36
    When we edit the top row                            # features/steps/cartzlink_form.py:155
[INFO] Completed feature: Gatepass
DEBUG: context.domain = cam.itserver.biz
DEBUG: timing_summary = {'cam.itserver.biz': {'Server': 'metro cam', 'Page Load': 8.5, 'Login': 22.8, 'Features': {'Add Account Voucher': {'Feature': 8.9, 'Scenario Timings': [{'name': 'Visit Account Voucher Page and click on Edit btn', 'duration': 8.9, 'status': 'passed', 'failed_steps': []}], 'Failed Steps': []}, 'Gatepass': {'Feature': None, 'Scenario Timings': [{'name': 'Visit Gate pass Page and click on Edit btn', 'duration': 21.3, 'status': 'passed', 'failed_steps': []}], 'Failed Steps': []}}}}
PASS Feature: Gatepass (21.3s)
[DEBUG] Writing timing summary for cam.itserver.biz to E:\shayan\tests\timing_results\cam.itserver.biz_timing.json

[INFO] Starting feature: Purchase Invoice
Feature: Purchase Invoice # features/cam.itserver.biz/PI.feature:3

  @critical
  Scenario: Visit Purchase invoice Page and click on Edit btn  # features/cam.itserver.biz/PI.feature:6
    Given we visit "orders/purchaseInvoice"                    # features/steps/form_actions.py:36
    When we edit the top row                                   # features/steps/cartzlink_form.py:155
[INFO] Completed feature: Purchase Invoice
DEBUG: context.domain = cam.itserver.biz
DEBUG: timing_summary = {'cam.itserver.biz': {'Server': 'metro cam', 'Page Load': 8.5, 'Login': 22.8, 'Features': {'Add Account Voucher': {'Feature': 8.9, 'Scenario Timings': [{'name': 'Visit Account Voucher Page and click on Edit btn', 'duration': 8.9, 'status': 'passed', 'failed_steps': []}], 'Failed Steps': []}, 'Gatepass': {'Feature': 21.3, 'Scenario Timings': [{'name': 'Visit Gate pass Page and click on Edit btn', 'duration': 21.3, 'status': 'passed', 'failed_steps': []}], 'Failed Steps': []}, 'Purchase Invoice': {'Feature': None, 'Scenario Timings': [{'name': 'Visit Purchase invoice Page and click on Edit btn', 'duration': 14.7, 'status': 'passed', 'failed_steps': []}], 'Failed Steps': []}}}}
PASS Feature: Purchase Invoice (14.7s)
[DEBUG] Writing timing summary for cam.itserver.biz to E:\shayan\tests\timing_results\cam.itserver.biz_timing.json

[INFO] Starting feature: Production Order FSTUser
Feature: Production Order FSTUser # features/cam.itserver.biz/SO.feature:4

  @critical
  Scenario: Visit Production order page and click on Edit btn  # features/cam.itserver.biz/SO.feature:7
    Given we visit "orders/SalesOrderFSTUser"                  # features/steps/form_actions.py:36
    When we edit the top row                                   # features/steps/cartzlink_form.py:155
[INFO] Completed feature: Production Order FSTUser
DEBUG: context.domain = cam.itserver.biz
DEBUG: timing_summary = {'cam.itserver.biz': {'Server': 'metro cam', 'Page Load': 8.5, 'Login': 22.8, 'Features': {'Add Account Voucher': {'Feature': 8.9, 'Scenario Timings': [{'name': 'Visit Account Voucher Page and click on Edit btn', 'duration': 8.9, 'status': 'passed', 'failed_steps': []}], 'Failed Steps': []}, 'Gatepass': {'Feature': 21.3, 'Scenario Timings': [{'name': 'Visit Gate pass Page and click on Edit btn', 'duration': 21.3, 'status': 'passed', 'failed_steps': []}], 'Failed Steps': []}, 'Purchase Invoice': {'Feature': 14.7, 'Scenario Timings': [{'name': 'Visit Purchase invoice Page and click on Edit btn', 'duration': 14.7, 'status': 'passed', 'failed_steps': []}], 'Failed Steps': []}, 'Production Order FSTUser': {'Feature': None, 'Scenario Timings': [{'name': 'Visit Production order page and click on Edit btn', 'duration': 9.3, 'status': 'passed', 'failed_steps': []}], 'Failed Steps': []}}}}
PASS Feature: Production Order FSTUser (9.3s)
[DEBUG] Writing timing summary for cam.itserver.biz to E:\shayan\tests\timing_results\cam.itserver.biz_timing.json

[INFO] Closing browser for domain: cam.itserver.biz
[INFO] Browser closed successfully for domain: cam.itserver.biz
[INFO] Browser instance cleared for domain: cam.itserver.biz
[SUMMARY] Timing for cam.itserver.biz:
{
  "page_load": {
    "current": 8.5,
    "average": 5.1499999999999995,
    "values": [
      8.5,
      4.9,
      3.9,
      5.5,
      4.0,
      4.1
    ],
    "is_high": true
  },
  "login": {
    "current": 22.8,
    "average": 21.116666666666667,
    "values": [
      22.8,
      24.4,
      19.4,
      20.8,
      19.7,
      19.6
    ],
    "is_high": true
  },
  "features": {
    "Add Account Voucher": {
      "current": 8.9,
      "average": 8.9,
      "values": [
        8.9,
        9.6,
        8.6,
        9.5,
        8.5,
        8.3
      ],
      "is_high": false
    },
    "Gatepass": {
      "current": 21.3,
      "average": 15.9,
      "values": [
        21.3,
        14.8,
        13.7,
        15.4,
        15.8,
        14.4
      ],
      "is_high": true
    },
    "Purchase Invoice": {
      "current": 14.7,
      "average": 16.716666666666665,
      "values": [
        14.7,
        18.2,
        14.7,
        20.3,
        17.1,
        15.3
      ],
      "is_high": false
    },
    "Production Order FSTUser": {
      "current": 9.3,
      "average": 8.983333333333334,
      "values": [
        9.3,
        9.3,
        8.8,
        8.5,
        9.2,
        8.8
      ],
      "is_high": true
    }
  },
  "scenario": {
    "current": 13.55,
    "average": 12.625,
    "values": [
      13.55,
      12.975,
      11.45,
      13.425,
      12.65,
      11.700000000000001
    ],
    "is_high": true
  }
}

[INFO] Server: metro cam | Domain: cam.itserver.biz
==================================================
[PASS] Add Account Voucher
[PASS] Gatepass
[PASS] Purchase Invoice
[PASS] Production Order FSTUser

============================================================
COMPLETED DOMAIN: cam.itserver.biz
============================================================

============================================================
STARTING DOMAIN: bmkenya.itserver.biz (Server: bmkenya)
============================================================
[INFO] Running 2 feature files for domain 'bmkenya.itserver.biz':
    E:\shayan\tests\features\bmkenya.itserver.biz\AccV.feature
    E:\shayan\tests\features\bmkenya.itserver.biz\SO.feature
[INFO] Domain = bmkenya.itserver.biz
[INFO] Starting browser and logging in for domain: bmkenya.itserver.biz
[INFO] Creating fresh browser instance for domain: bmkenya.itserver.biz
[INFO] Attempt 1/3: Creating Chrome driver...
[PASS] Chrome driver created successfully on attempt 1
[INFO] Attempt 1/3: Opening https://bmkenya.itserver.biz/admin/?r=user/user/login&_lang=en
[PASS] Page loaded successfully on attempt 1
[PASS] Opened URL: https://bmkenya.itserver.biz/admin/?r=user/user/login&_lang=en
[INFO] Testing refresh function for dashboard elements...
[PASS] Login successful - dashboard loaded with refresh function
[PASS] Login successful - dashboard loaded with fallback method
[INFO] Login completed. Page Load: 23.4s, Login: 42.7s
[INFO] Login successful for domain: bmkenya.itserver.biz
[INFO] Starting feature: Add Account Voucher
Feature: Add Account Voucher # features/bmkenya.itserver.biz/AccV.feature:4

  @critical
  Scenario: Visit Account Voucher Page and click on Edit btn  # features/bmkenya.itserver.biz/AccV.feature:7
    Given we visit "accounts2"                                # features/steps/form_actions.py:36
    When we edit the top row                                  # features/steps/cartzlink_form.py:155
[INFO] Completed feature: Add Account Voucher
DEBUG: context.domain = bmkenya.itserver.biz
DEBUG: timing_summary = {'bmkenya.itserver.biz': {'Server': 'bmkenya', 'Page Load': 23.4, 'Login': 42.7, 'Features': {'Add Account Voucher': {'Feature': None, 'Scenario Timings': [{'name': 'Visit Account Voucher Page and click on Edit btn', 'duration': 17.2, 'status': 'passed', 'failed_steps': []}], 'Failed Steps': []}}}}
PASS Feature: Add Account Voucher (17.2s)
[DEBUG] Writing timing summary for bmkenya.itserver.biz to E:\shayan\tests\timing_results\bmkenya.itserver.biz_timing.json

[INFO] Starting feature: Sales Order
Feature: Sales Order # features/bmkenya.itserver.biz/SO.feature:4

  @critical
  Scenario: Visit Sales order page     # features/bmkenya.itserver.biz/SO.feature:7
    Given we visit "orders/salesOrder" # features/steps/form_actions.py:36
[INFO] Completed feature: Sales Order
DEBUG: context.domain = bmkenya.itserver.biz
DEBUG: timing_summary = {'bmkenya.itserver.biz': {'Server': 'bmkenya', 'Page Load': 23.4, 'Login': 42.7, 'Features': {'Add Account Voucher': {'Feature': 17.2, 'Scenario Timings': [{'name': 'Visit Account Voucher Page and click on Edit btn', 'duration': 17.2, 'status': 'passed', 'failed_steps': []}], 'Failed Steps': []}, 'Sales Order': {'Feature': None, 'Scenario Timings': [{'name': 'Visit Sales order page', 'duration': 5.1, 'status': 'passed', 'failed_steps': []}], 'Failed Steps': []}}}}
PASS Feature: Sales Order (5.1s)
[DEBUG] Writing timing summary for bmkenya.itserver.biz to E:\shayan\tests\timing_results\bmkenya.itserver.biz_timing.json

[INFO] Closing browser for domain: bmkenya.itserver.biz
[INFO] Browser closed successfully for domain: bmkenya.itserver.biz
[INFO] Browser instance cleared for domain: bmkenya.itserver.biz
[SUMMARY] Timing for bmkenya.itserver.biz:
{
  "page_load": {
    "current": 23.4,
    "average": 17.666666666666668,
    "values": [
      23.4,
      6.5,
      20.8,
      33.3,
      17.0,
      5.0
    ],
    "is_high": true
  },
  "login": {
    "current": 42.7,
    "average": 27.71666666666667,
    "values": [
      42.7,
      25.3,
      28.8,
      20.3,
      26.1,
      23.1
    ],
    "is_high": true
  },
  "features": {
    "Add Account Voucher": {
      "current": 17.2,
      "average": 12.816666666666668,
      "values": [
        17.2,
        11.1,
        15.7,
        10.9,
        11.3,
        10.7
      ],
      "is_high": true
    },
    "Sales Order": {
      "current": 5.1,
      "average": 2.6166666666666667,
      "values": [
        5.1,
        2.2,
        2.4,
        1.6,
        2.1,
        2.3
      ],
      "is_high": true
    }
  },
  "scenario": {
    "current": 11.149999999999999,
    "average": 7.716666666666666,
    "values": [
      11.149999999999999,
      6.65,
      9.049999999999999,
      6.25,
      6.7,
      6.5
    ],
    "is_high": true
  }
}

[INFO] Server: bmkenya | Domain: bmkenya.itserver.biz
==================================================
[PASS] Add Account Voucher
[PASS] Sales Order

============================================================
COMPLETED DOMAIN: bmkenya.itserver.biz
============================================================

============================================================
STARTING DOMAIN: crm.cartzlink.com (Server: s15)
============================================================
[INFO] Running 1 feature files for domain 'crm.cartzlink.com':
    E:\shayan\tests\features\crm.cartzlink.com\dashboard.feature
[INFO] Domain = crm.cartzlink.com
[INFO] Starting browser and logging in for domain: crm.cartzlink.com
[INFO] Creating fresh browser instance for domain: crm.cartzlink.com
[INFO] Attempt 1/3: Creating Chrome driver...
[PASS] Chrome driver created successfully on attempt 1
[INFO] Attempt 1/3: Opening https://crm.cartzlink.com/admin/?r=user/user/login&_lang=en
[PASS] Page loaded successfully on attempt 1
[PASS] Opened URL: https://crm.cartzlink.com/admin/?r=user/user/login&_lang=en
[INFO] Testing refresh function for dashboard elements...
[PASS] Login successful - dashboard loaded with refresh function
[PASS] Login successful - dashboard loaded with fallback method
[INFO] Login completed. Page Load: 1.3s, Login: 18.8s
[INFO] Login successful for domain: crm.cartzlink.com
[INFO] Starting feature: Dash board
Feature: Dash board # features/crm.cartzlink.com/dashboard.feature:4
[INFO] Completed feature: Dash board
DEBUG: context.domain = crm.cartzlink.com
DEBUG: timing_summary = {'crm.cartzlink.com': {'Server': 's15', 'Page Load': 1.3, 'Login': 18.8, 'Features': {'Dash board': {'Feature': None, 'Scenario Timings': [{'name': 'Visit Dash board page', 'duration': 0.0, 'status': 'passed', 'failed_steps': []}], 'Failed Steps': []}}}}
PASS Feature: Dash board (0.0s)
[DEBUG] Writing timing summary for crm.cartzlink.com to E:\shayan\tests\timing_results\crm.cartzlink.com_timing.json

  @critical
  Scenario: Visit Dash board page  # features/crm.cartzlink.com/dashboard.feature:7

[INFO] Closing browser for domain: crm.cartzlink.com
[INFO] Browser closed successfully for domain: crm.cartzlink.com
[INFO] Browser instance cleared for domain: crm.cartzlink.com
[SUMMARY] Timing for crm.cartzlink.com:
{
  "page_load": {
    "current": 1.3,
    "average": 1.0666666666666667,
    "values": [
      1.3,
      1.1,
      0.9,
      1.0,
      0.8,
      1.3
    ],
    "is_high": true
  },
  "login": {
    "current": 18.8,
    "average": 18.5,
    "values": [
      18.8,
      18.3,
      19.3,
      18.2,
      18.3,
      18.1
    ],
    "is_high": true
  },
  "features": {
    "Dash board": {
      "current": 0.0,
      "average": 0.0,
      "values": [
        0.0,
        0.0,
        0.0,
        0.0,
        0.0,
        0.0
      ],
      "is_high": 0.0
    }
  },
  "scenario": {
    "current": 0.0,
    "average": 0.0,
    "values": [
      0.0,
      0.0,
      0.0,
      0.0,
      0.0,
      0.0
    ],
    "is_high": 0.0
  }
}

[INFO] Server: s15 | Domain: crm.cartzlink.com
==================================================
[PASS] Dash board

============================================================
COMPLETED DOMAIN: crm.cartzlink.com
============================================================

============================================================
STARTING DOMAIN: crm.tabrospharma.com (Server: TP)
============================================================
[INFO] Running 2 feature files for domain 'crm.tabrospharma.com':
    E:\shayan\tests\features\crm.tabrospharma.com\AccV.feature
    E:\shayan\tests\features\crm.tabrospharma.com\SO.feature
[INFO] Domain = crm.tabrospharma.com
[INFO] Starting browser and logging in for domain: crm.tabrospharma.com
[INFO] Creating fresh browser instance for domain: crm.tabrospharma.com
[INFO] Attempt 1/3: Creating Chrome driver...
[PASS] Chrome driver created successfully on attempt 1
[INFO] Attempt 1/3: Opening https://crm.tabrospharma.com/admin/?r=user/user/login&_lang=en
[PASS] Page loaded successfully on attempt 1
[PASS] Opened URL: https://crm.tabrospharma.com/admin/?r=user/user/login&_lang=en
[INFO] Testing refresh function for dashboard elements...
[PASS] Login successful - dashboard loaded with refresh function
[PASS] Login successful - dashboard loaded with fallback method
[INFO] Login completed. Page Load: 1.5s, Login: 26.4s
[INFO] Login successful for domain: crm.tabrospharma.com
[INFO] Starting feature: Add Account Voucher
Feature: Add Account Voucher # features/crm.tabrospharma.com/AccV.feature:4

  @critical
  Scenario: Visit Account Voucher Page and click on Edit btn  # features/crm.tabrospharma.com/AccV.feature:7
    Given we visit "accounts2"                                # features/steps/form_actions.py:36
    When we edit the top row                                  # features/steps/cartzlink_form.py:155
[INFO] Completed feature: Add Account Voucher
DEBUG: context.domain = crm.tabrospharma.com
DEBUG: timing_summary = {'crm.tabrospharma.com': {'Server': 'TP', 'Page Load': 1.5, 'Login': 26.4, 'Features': {'Add Account Voucher': {'Feature': None, 'Scenario Timings': [{'name': 'Visit Account Voucher Page and click on Edit btn', 'duration': 6.8, 'status': 'passed', 'failed_steps': []}], 'Failed Steps': []}}}}
PASS Feature: Add Account Voucher (6.8s)
[DEBUG] Writing timing summary for crm.tabrospharma.com to E:\shayan\tests\timing_results\crm.tabrospharma.com_timing.json

[INFO] Starting feature: Sales Order
Feature: Sales Order # features/crm.tabrospharma.com/SO.feature:4

  @critical
  Scenario: Visit Sales Order Page and click on Edit btn  # features/crm.tabrospharma.com/SO.feature:7
    Given we visit "orders/salesOrder"                    # features/steps/form_actions.py:36
    When we edit the top row                              # features/steps/cartzlink_form.py:155
[INFO] Completed feature: Sales Order
DEBUG: context.domain = crm.tabrospharma.com
DEBUG: timing_summary = {'crm.tabrospharma.com': {'Server': 'TP', 'Page Load': 1.5, 'Login': 26.4, 'Features': {'Add Account Voucher': {'Feature': 6.8, 'Scenario Timings': [{'name': 'Visit Account Voucher Page and click on Edit btn', 'duration': 6.8, 'status': 'passed', 'failed_steps': []}], 'Failed Steps': []}, 'Sales Order': {'Feature': None, 'Scenario Timings': [{'name': 'Visit Sales Order Page and click on Edit btn', 'duration': 6.8, 'status': 'passed', 'failed_steps': []}], 'Failed Steps': []}}}}
PASS Feature: Sales Order (6.8s)
[DEBUG] Writing timing summary for crm.tabrospharma.com to E:\shayan\tests\timing_results\crm.tabrospharma.com_timing.json

[INFO] Closing browser for domain: crm.tabrospharma.com
[INFO] Browser closed successfully for domain: crm.tabrospharma.com
[INFO] Browser instance cleared for domain: crm.tabrospharma.com
[SUMMARY] Timing for crm.tabrospharma.com:
{
  "page_load": {
    "current": 1.5,
    "average": 1.6666666666666667,
    "values": [
      1.5,
      1.6,
      1.7,
      1.5,
      2.3,
      1.4
    ],
    "is_high": false
  },
  "login": {
    "current": 26.4,
    "average": 26.666666666666668,
    "values": [
      26.4,
      27.0,
      27.4,
      26.1,
      26.9,
      26.2
    ],
    "is_high": false
  },
  "features": {
    "Add Account Voucher": {
      "current": 6.8,
      "average": 7.1000000000000005,
      "values": [
        6.8,
        7.3,
        7.2,
        6.9,
        7.2,
        7.2
      ],
      "is_high": false
    },
    "Sales Order": {
      "current": 6.8,
      "average": 6.983333333333333,
      "values": [
        6.8,
        7.0,
        7.0,
        6.8,
        7.4,
        6.9
      ],
      "is_high": false
    }
  },
  "scenario": {
    "current": 6.8,
    "average": 7.041666666666667,
    "values": [
      6.8,
      7.15,
      7.1,
      6.85,
      7.300000000000001,
      7.050000000000001
    ],
    "is_high": false
  }
}

[INFO] Server: TP | Domain: crm.tabrospharma.com
==================================================
[PASS] Add Account Voucher
[PASS] Sales Order

============================================================
COMPLETED DOMAIN: crm.tabrospharma.com
============================================================

==================================================
[SUMMARY] FINAL TEST SUMMARY
==================================================

================================================================================
[CRITICAL] FAILURES AND PERFORMANCE ISSUES SUMMARY
================================================================================

SLOW TESTS (19 total):
--------------------------------------------------
[SLOW] Login SLOW | metro crm | mt.itserver.biz
   Time: 43.50s | Above 7-day average (31.3s)
[SLOW] Feature SLOW | metro crm | mt.itserver.biz
   Feature: Sales Order
   Time: 30.40s | Above 7-day average (14.4s)
[SLOW] Page Load SLOW | s13 | gta.cartzlink.com
   Time: 10.60s | Above 7-day average (5.7s)
[SLOW] Login SLOW | s13 | gta.cartzlink.com
   Time: 35.80s | Above 7-day average (32.3s)
[SLOW] Feature SLOW | s13 | gta.cartzlink.com
   Feature: Add Account Voucher
   Time: 28.00s | Above 7-day average (16.0s)
[SLOW] Feature SLOW | s13 | gta.cartzlink.com
   Feature: Sales Invoice
   Time: 27.40s | Above 7-day average (22.7s)
[SLOW] Page Load SLOW | FST | fst.itserver.biz
   Time: 9.80s | Above 7-day average (5.8s)
[SLOW] Login SLOW | FST | fst.itserver.biz
   Time: 39.00s | Above 7-day average (25.9s)
[SLOW] Feature SLOW | FST | fst.itserver.biz
   Feature: Sales Order
   Time: 33.30s | Above 7-day average (17.8s)
[SLOW] Page Load SLOW | metro cam | cam.itserver.biz
   Time: 8.50s | Above 7-day average (5.1s)
[SLOW] Login SLOW | metro cam | cam.itserver.biz
   Time: 22.80s | Above 7-day average (21.1s)
[SLOW] Feature SLOW | metro cam | cam.itserver.biz
   Feature: Gatepass
   Time: 21.30s | Above 7-day average (15.9s)
[SLOW] Feature SLOW | metro cam | cam.itserver.biz
   Feature: Production Order FSTUser
   Time: 9.30s | Above 7-day average (9.0s)
[SLOW] Page Load SLOW | bmkenya | bmkenya.itserver.biz
   Time: 23.40s | Above 7-day average (17.7s)
[SLOW] Login SLOW | bmkenya | bmkenya.itserver.biz
   Time: 42.70s | Above 7-day average (27.7s)
[SLOW] Feature SLOW | bmkenya | bmkenya.itserver.biz
   Feature: Add Account Voucher
   Time: 17.20s | Above 7-day average (12.8s)
[SLOW] Feature SLOW | bmkenya | bmkenya.itserver.biz
   Feature: Sales Order
   Time: 5.10s | Above 7-day average (2.6s)
[SLOW] Page Load SLOW | s15 | crm.cartzlink.com
   Time: 1.30s | Above 7-day average (1.1s)
[SLOW] Login SLOW | s15 | crm.cartzlink.com
   Time: 18.80s | Above 7-day average (18.5s)
================================================================================

[DEBUG] Getting 7-day data for domain: mt.itserver.biz
[DEBUG] Page load data: {'current': 3.8, 'average': 9.716666666666667, 'values': [3.8, 3.5, 31.6, 14.0, 3.2, 2.2], 'is_high': False}
[DEBUG] Formatted summary: 
Times (Last 6 Days): 3.8, 3.5, 31.6, 14.0, 3.2, 2.2
6-Day Avg: 9.7
Today: 3.8
[DEBUG] Getting 7-day login data for domain: mt.itserver.biz
[DEBUG] Login data: {'current': 43.5, 'average': 31.316666666666666, 'values': [43.5, 33.3, 29.8, 24.7, 27.5, 29.1], 'is_high': True}
[DEBUG] Formatted login summary: 
Times (Last 6 Days): 43.5, 33.3, 29.8, 24.7, 27.5, 29.1
6-Day Avg: 31.3
Today: 43.5  Above 6-Day Avg
[DEBUG] Getting 7-day data for domain: gta.cartzlink.com
[DEBUG] Page load data: {'current': 10.6, 'average': 5.716666666666666, 'values': [10.6, 6.3, 3.6, 3.7, 6.8, 3.3], 'is_high': True}
[DEBUG] Formatted summary: 
Times (Last 6 Days): 10.6, 6.3, 3.6, 3.7, 6.8, 3.3
6-Day Avg: 5.7
Today: 10.6  Above 6-Day Avg
[DEBUG] Getting 7-day login data for domain: gta.cartzlink.com
[DEBUG] Login data: {'current': 35.8, 'average': 32.3, 'values': [35.8, 23.9, 20.2, 20.3, 73.3, 20.3], 'is_high': True}
[DEBUG] Formatted login summary: 
Times (Last 6 Days): 35.8, 23.9, 20.2, 20.3, 73.3, 20.3
6-Day Avg: 32.3
Today: 35.8  Above 6-Day Avg
[DEBUG] Getting 7-day data for domain: fst.itserver.biz
[DEBUG] Page load data: {'current': 9.8, 'average': 5.766666666666667, 'values': [9.8, 6.4, 7.5, 2.5, 4.6, 3.8], 'is_high': True}
[DEBUG] Formatted summary: 
Times (Last 6 Days): 9.8, 6.4, 7.5, 2.5, 4.6, 3.8
6-Day Avg: 5.8
Today: 9.8  Above 6-Day Avg
[DEBUG] Getting 7-day login data for domain: fst.itserver.biz
[DEBUG] Login data: {'current': 39.0, 'average': 25.95, 'values': [39.0, 24.7, 26.5, 19.9, 23.1, 22.5], 'is_high': True}
[DEBUG] Formatted login summary: 
Times (Last 6 Days): 39.0, 24.7, 26.5, 19.9, 23.1, 22.5
6-Day Avg: 25.9
Today: 39.0  Above 6-Day Avg
[DEBUG] Getting 7-day data for domain: cam.itserver.biz
[DEBUG] Page load data: {'current': 8.5, 'average': 5.1499999999999995, 'values': [8.5, 4.9, 3.9, 5.5, 4.0, 4.1], 'is_high': True}
[DEBUG] Formatted summary: 
Times (Last 6 Days): 8.5, 4.9, 3.9, 5.5, 4.0, 4.1
6-Day Avg: 5.1
Today: 8.5  Above 6-Day Avg
[DEBUG] Getting 7-day login data for domain: cam.itserver.biz
[DEBUG] Login data: {'current': 22.8, 'average': 21.116666666666667, 'values': [22.8, 24.4, 19.4, 20.8, 19.7, 19.6], 'is_high': True}
[DEBUG] Formatted login summary: 
Times (Last 6 Days): 22.8, 24.4, 19.4, 20.8, 19.7, 19.6
6-Day Avg: 21.1
Today: 22.8  Above 6-Day Avg
[DEBUG] Getting 7-day data for domain: bmkenya.itserver.biz
[DEBUG] Page load data: {'current': 23.4, 'average': 17.666666666666668, 'values': [23.4, 6.5, 20.8, 33.3, 17.0, 5.0], 'is_high': True}
[DEBUG] Formatted summary: 
Times (Last 6 Days): 23.4, 6.5, 20.8, 33.3, 17.0, 5.0
6-Day Avg: 17.7
Today: 23.4  Above 6-Day Avg
[DEBUG] Getting 7-day login data for domain: bmkenya.itserver.biz
[DEBUG] Login data: {'current': 42.7, 'average': 27.71666666666667, 'values': [42.7, 25.3, 28.8, 20.3, 26.1, 23.1], 'is_high': True}
[DEBUG] Formatted login summary: 
Times (Last 6 Days): 42.7, 25.3, 28.8, 20.3, 26.1, 23.1
6-Day Avg: 27.7
Today: 42.7  Above 6-Day Avg
[DEBUG] Getting 7-day data for domain: crm.cartzlink.com
[DEBUG] Page load data: {'current': 1.3, 'average': 1.0666666666666667, 'values': [1.3, 1.1, 0.9, 1.0, 0.8, 1.3], 'is_high': True}
[DEBUG] Formatted summary: 
Times (Last 6 Days): 1.3, 1.1, 0.9, 1.0, 0.8, 1.3
6-Day Avg: 1.1
Today: 1.3  Above 6-Day Avg
[DEBUG] Getting 7-day login data for domain: crm.cartzlink.com
[DEBUG] Login data: {'current': 18.8, 'average': 18.5, 'values': [18.8, 18.3, 19.3, 18.2, 18.3, 18.1], 'is_high': True}
[DEBUG] Formatted login summary: 
Times (Last 6 Days): 18.8, 18.3, 19.3, 18.2, 18.3, 18.1
6-Day Avg: 18.5
Today: 18.8  Above 6-Day Avg
[DEBUG] Getting 7-day data for domain: crm.tabrospharma.com
[DEBUG] Page load data: {'current': 1.5, 'average': 1.6666666666666667, 'values': [1.5, 1.6, 1.7, 1.5, 2.3, 1.4], 'is_high': False}
[DEBUG] Formatted summary: 
Times (Last 6 Days): 1.5, 1.6, 1.7, 1.5, 2.3, 1.4
6-Day Avg: 1.7
Today: 1.5
[DEBUG] Getting 7-day login data for domain: crm.tabrospharma.com
[DEBUG] Login data: {'current': 26.4, 'average': 26.666666666666668, 'values': [26.4, 27.0, 27.4, 26.1, 26.9, 26.2], 'is_high': False}
[DEBUG] Formatted login summary: 
Times (Last 6 Days): 26.4, 27.0, 27.4, 26.1, 26.9, 26.2
6-Day Avg: 26.7
Today: 26.4

[INFO] Server: metro crm | Domain: mt.itserver.biz
[INFO] Features executed:
    Sales Order
==================================================
[PASS] Page Load (3.80s)

Times (Last 6 Days): 3.8, 3.5, 31.6, 14.0, 3.2, 2.2
6-Day Avg: 9.7
Today: 3.8
[PASS] Login (43.50s)  Above 7-Day Avg

Times (Last 6 Days): 43.5, 33.3, 29.8, 24.7, 27.5, 29.1
6-Day Avg: 31.3
Today: 43.5  Above 6-Day Avg

[INFO] Feature: Sales Order
[PASS] Feature: Sales Order (30.40s)  Above 7-Day Avg

Times (Last 6 Days): 30.4, 12.4, 11.3, 9.8, 11.5, 11.2
6-Day Avg: 14.4
Today: 30.4  Above 6-Day Avg
[PASS] Scenario: Visit Sales order page and click on edit btn (30.40s)

[INFO] Server: s13 | Domain: gta.cartzlink.com
[INFO] Features executed:
    Add Account Voucher
    Sales Invoice
==================================================
[PASS] Page Load (10.60s)  Above 7-Day Avg

Times (Last 6 Days): 10.6, 6.3, 3.6, 3.7, 6.8, 3.3
6-Day Avg: 5.7
Today: 10.6  Above 6-Day Avg
[PASS] Login (35.80s)  Above 7-Day Avg

Times (Last 6 Days): 35.8, 23.9, 20.2, 20.3, 73.3, 20.3
6-Day Avg: 32.3
Today: 35.8  Above 6-Day Avg

[INFO] Feature: Add Account Voucher
[PASS] Feature: Add Account Voucher (28.00s)  Above 7-Day Avg

Times (Last 6 Days): 28.0, 15.1, 13.4, 13.1, 13.3, 13.2
6-Day Avg: 16.0
Today: 28.0  Above 6-Day Avg
[PASS] Scenario: Visit Account Voucher Page and click on Edit btn (28.00s)
[INFO] Feature: Sales Invoice
[PASS] Feature: Sales Invoice (27.40s)  Above 7-Day Avg

Times (Last 6 Days): 27.4, 22.7, 24.7, 23.8, 19.3, 18.0
6-Day Avg: 22.7
Today: 27.4  Above 6-Day Avg
[PASS] Scenario: Sales Invoice page (27.40s)

[INFO] Server: FST | Domain: fst.itserver.biz
[INFO] Features executed:
    Sales Order
==================================================
[PASS] Page Load (9.80s)  Above 7-Day Avg

Times (Last 6 Days): 9.8, 6.4, 7.5, 2.5, 4.6, 3.8
6-Day Avg: 5.8
Today: 9.8  Above 6-Day Avg
[PASS] Login (39.00s)  Above 7-Day Avg

Times (Last 6 Days): 39.0, 24.7, 26.5, 19.9, 23.1, 22.5
6-Day Avg: 25.9
Today: 39.0  Above 6-Day Avg

[INFO] Feature: Sales Order
[PASS] Feature: Sales Order (33.30s)  Above 7-Day Avg

Times (Last 6 Days): 33.3, 15.6, 16.5, 11.9, 15.9, 13.7
6-Day Avg: 17.8
Today: 33.3  Above 6-Day Avg
[PASS] Scenario: Visit Sales order page and click on Edit btn (33.30s)

[INFO] Server: metro cam | Domain: cam.itserver.biz
[INFO] Features executed:
    Add Account Voucher
    Gatepass
    Purchase Invoice
    Production Order FSTUser
==================================================
[PASS] Page Load (8.50s)  Above 7-Day Avg

Times (Last 6 Days): 8.5, 4.9, 3.9, 5.5, 4.0, 4.1
6-Day Avg: 5.1
Today: 8.5  Above 6-Day Avg
[PASS] Login (22.80s)  Above 7-Day Avg

Times (Last 6 Days): 22.8, 24.4, 19.4, 20.8, 19.7, 19.6
6-Day Avg: 21.1
Today: 22.8  Above 6-Day Avg

[INFO] Feature: Add Account Voucher
[PASS] Feature: Add Account Voucher (8.90s)

Times (Last 6 Days): 8.9, 9.6, 8.6, 9.5, 8.5, 8.3
6-Day Avg: 8.9
Today: 8.9
[PASS] Scenario: Visit Account Voucher Page and click on Edit btn (8.90s)
[INFO] Feature: Gatepass
[PASS] Feature: Gatepass (21.30s)  Above 7-Day Avg

Times (Last 6 Days): 21.3, 14.8, 13.7, 15.4, 15.8, 14.4
6-Day Avg: 15.9
Today: 21.3  Above 6-Day Avg
[PASS] Scenario: Visit Gate pass Page and click on Edit btn (21.30s)
[INFO] Feature: Purchase Invoice
[PASS] Feature: Purchase Invoice (14.70s)

Times (Last 6 Days): 14.7, 18.2, 14.7, 20.3, 17.1, 15.3
6-Day Avg: 16.7
Today: 14.7
[PASS] Scenario: Visit Purchase invoice Page and click on Edit btn (14.70s)
[INFO] Feature: Production Order FSTUser
[PASS] Feature: Production Order FSTUser (9.30s)  Above 7-Day Avg

Times (Last 6 Days): 9.3, 9.3, 8.8, 8.5, 9.2, 8.8
6-Day Avg: 9.0
Today: 9.3  Above 6-Day Avg
[PASS] Scenario: Visit Production order page and click on Edit btn (9.30s)

[INFO] Server: bmkenya | Domain: bmkenya.itserver.biz
[INFO] Features executed:
    Add Account Voucher
    Sales Order
==================================================
[PASS] Page Load (23.40s)  Above 7-Day Avg

Times (Last 6 Days): 23.4, 6.5, 20.8, 33.3, 17.0, 5.0
6-Day Avg: 17.7
Today: 23.4  Above 6-Day Avg
[PASS] Login (42.70s)  Above 7-Day Avg

Times (Last 6 Days): 42.7, 25.3, 28.8, 20.3, 26.1, 23.1
6-Day Avg: 27.7
Today: 42.7  Above 6-Day Avg

[INFO] Feature: Add Account Voucher
[PASS] Feature: Add Account Voucher (17.20s)  Above 7-Day Avg

Times (Last 6 Days): 17.2, 11.1, 15.7, 10.9, 11.3, 10.7
6-Day Avg: 12.8
Today: 17.2  Above 6-Day Avg
[PASS] Scenario: Visit Account Voucher Page and click on Edit btn (17.20s)
[INFO] Feature: Sales Order
[PASS] Feature: Sales Order (5.10s)  Above 7-Day Avg

Times (Last 6 Days): 5.1, 2.2, 2.4, 1.6, 2.1, 2.3
6-Day Avg: 2.6
Today: 5.1  Above 6-Day Avg
[PASS] Scenario: Visit Sales order page (5.10s)

[INFO] Server: s15 | Domain: crm.cartzlink.com
[INFO] Features executed:
    Dash board
==================================================
[PASS] Page Load (1.30s)  Above 7-Day Avg

Times (Last 6 Days): 1.3, 1.1, 0.9, 1.0, 0.8, 1.3
6-Day Avg: 1.1
Today: 1.3  Above 6-Day Avg
[PASS] Login (18.80s)  Above 7-Day Avg

Times (Last 6 Days): 18.8, 18.3, 19.3, 18.2, 18.3, 18.1
6-Day Avg: 18.5
Today: 18.8  Above 6-Day Avg

[INFO] Feature: Dash board
[PASS] Feature: Dash board (0.00s)

Times (Last 6 Days): 0.0, 0.0, 0.0, 0.0, 0.0, 0.0
6-Day Avg: 0.0
Today: 0.0
[PASS] Scenario: Visit Dash board page (0.00s)

[INFO] Server: TP | Domain: crm.tabrospharma.com
[INFO] Features executed:
    Add Account Voucher
    Sales Order
==================================================
[PASS] Page Load (1.50s)

Times (Last 6 Days): 1.5, 1.6, 1.7, 1.5, 2.3, 1.4
6-Day Avg: 1.7
Today: 1.5
[PASS] Login (26.40s)

Times (Last 6 Days): 26.4, 27.0, 27.4, 26.1, 26.9, 26.2
6-Day Avg: 26.7
Today: 26.4

[INFO] Feature: Add Account Voucher
[PASS] Feature: Add Account Voucher (6.80s)

Times (Last 6 Days): 6.8, 7.3, 7.2, 6.9, 7.2, 7.2
6-Day Avg: 7.1
Today: 6.8
[PASS] Scenario: Visit Account Voucher Page and click on Edit btn (6.80s)
[INFO] Feature: Sales Order
[PASS] Feature: Sales Order (6.80s)

Times (Last 6 Days): 6.8, 7.0, 7.0, 6.8, 7.4, 6.9
6-Day Avg: 7.0
Today: 6.8
[PASS] Scenario: Visit Sales Order Page and click on Edit btn (6.80s)
[PASS] Test summary email sent successfully.
Finished at Tue 10/14/2025 20:09:30.62 
========================================= 
