========================================= 
Behave Run Started at Thu 09/25/2025 14:25:46.64 
========================================= 

============================================================
STARTING DOMAIN: anamta.primeerp.top (Server: s12)
============================================================
[INFO] Running 2 feature files for domain 'anamta.primeerp.top':
    C:\tests\features\anamta.primeerp.top\AccCV.feature
    C:\tests\features\anamta.primeerp.top\AccV.feature
[INFO] Domain = anamta.primeerp.top
[INFO] Starting browser and logging in for domain: anamta.primeerp.top
[INFO] Creating fresh browser instance for domain: anamta.primeerp.top
[INFO] Attempt 1/3: Creating Chrome driver...
[PASS] Chrome driver created successfully on attempt 1
[INFO] Attempt 1/3: Opening https://anamta.primeerp.top/admin/?r=user/user/login&_lang=en
[PASS] Page loaded successfully on attempt 1
[PASS] Opened URL: https://anamta.primeerp.top/admin/?r=user/user/login&_lang=en
[INFO] Testing refresh function for dashboard elements...
[PASS] Login successful - dashboard loaded with refresh function
[PASS] Login successful - dashboard loaded with fallback method
[INFO] Login completed. Page Load: 3.4s, Login: 29.8s
[INFO] Login successful for domain: anamta.primeerp.top
Feature: CASH RECEIPT CV # ../../tests/features/anamta.primeerp.top/AccCV.feature:3

  @critical
  Scenario: Visit CashReceiptCV Page and click on Edit btn  # ../../tests/features/anamta.primeerp.top/AccCV.feature:6
    Given we visit "accounts2/CashReceiptCV"                # ../../tests/features/steps/form_actions.py:36
    When we edit the top row                                # ../../tests/features/steps/cartzlink_form.py:155

Feature: Account Voucher # ../../tests/features/anamta.primeerp.top/AccV.feature:4

  @critical
  Scenario: Visit Account Voucher Page and click on Edit btn  # ../../tests/features/anamta.primeerp.top/AccV.feature:7
    Given we visit "accounts2"                                # ../../tests/features/steps/form_actions.py:36
    When we edit the top row                                  # ../../tests/features/steps/cartzlink_form.py:155


[INFO] Server: s12 | Domain: anamta.primeerp.top
==================================================
[PASS] CASH RECEIPT CV
[PASS] Account Voucher

============================================================
COMPLETED DOMAIN: anamta.primeerp.top
============================================================

============================================================
STARTING DOMAIN: mt.itserver.biz (Server: metro crm)
============================================================
[INFO] Running 1 feature files for domain 'mt.itserver.biz':
    C:\tests\features\mt.itserver.biz\SO.feature
[INFO] Domain = mt.itserver.biz
[INFO] Starting browser and logging in for domain: mt.itserver.biz
[INFO] Creating fresh browser instance for domain: mt.itserver.biz
[INFO] Attempt 1/5: Creating Chrome driver...
[INFO] Applying performance optimizations for problematic domain: mt.itserver.biz
[PASS] Chrome driver created successfully on attempt 1
[INFO] Attempt 1/5: Opening https://mt.itserver.biz/admin/?r=user/user/login&_lang=en
[PASS] Page loaded successfully on attempt 1
[PASS] Opened URL: https://mt.itserver.biz/admin/?r=user/user/login&_lang=en
[INFO] Testing refresh function for dashboard elements...
[PASS] Login successful - dashboard loaded with refresh function
[PASS] Login successful - dashboard loaded with fallback method
[INFO] Login completed. Page Load: 2.5s, Login: 25.2s
[INFO] Login successful for domain: mt.itserver.biz
Feature: Sales Order # ../../tests/features/mt.itserver.biz/SO.feature:4

  @critical
  Scenario: Visit Sales order page and click on edit btn  # ../../tests/features/mt.itserver.biz/SO.feature:7
    Given we visit "orders/SO2"                           # ../../tests/features/steps/form_actions.py:36
    When we edit the top row                              # ../../tests/features/steps/cartzlink_form.py:155


[INFO] Server: metro crm | Domain: mt.itserver.biz
==================================================
[PASS] Sales Order

============================================================
COMPLETED DOMAIN: mt.itserver.biz
============================================================

============================================================
STARTING DOMAIN: gta.cartzlink.com (Server: s13)
============================================================
[INFO] Running 2 feature files for domain 'gta.cartzlink.com':
    C:\tests\features\gta.cartzlink.com\AccV.feature
    C:\tests\features\gta.cartzlink.com\SI.feature
[INFO] Domain = gta.cartzlink.com
[INFO] Starting browser and logging in for domain: gta.cartzlink.com
[INFO] Creating fresh browser instance for domain: gta.cartzlink.com
[INFO] Attempt 1/3: Creating Chrome driver...
[PASS] Chrome driver created successfully on attempt 1
[INFO] Attempt 1/3: Opening https://gta.cartzlink.com/admin/?r=user/user/login&_lang=en
[PASS] Page loaded successfully on attempt 1
[PASS] Opened URL: https://gta.cartzlink.com/admin/?r=user/user/login&_lang=en
[INFO] Testing refresh function for dashboard elements...
[PASS] Login successful - dashboard loaded with refresh function
[PASS] Login successful - dashboard loaded with fallback method
[INFO] Login completed. Page Load: 3.2s, Login: 28.7s
[INFO] Login successful for domain: gta.cartzlink.com
Feature: Add Account Voucher # ../../tests/features/gta.cartzlink.com/AccV.feature:4

  @critical
  Scenario: Visit Account Voucher Page and click on Edit btn  # ../../tests/features/gta.cartzlink.com/AccV.feature:7
    Given we visit "accounts2"                                # ../../tests/features/steps/form_actions.py:36
    When we edit the top row                                  # ../../tests/features/steps/cartzlink_form.py:155

Feature: Sales Invoice # ../../tests/features/gta.cartzlink.com/SI.feature:1

  @critical
  Scenario: Sales Invoice page           # ../../tests/features/gta.cartzlink.com/SI.feature:4
    Given we visit "orders/salesInvoice" # ../../tests/features/steps/form_actions.py:36
    When we edit the top row             # ../../tests/features/steps/cartzlink_form.py:155


[INFO] Server: s13 | Domain: gta.cartzlink.com
==================================================
[PASS] Add Account Voucher
[PASS] Sales Invoice

============================================================
COMPLETED DOMAIN: gta.cartzlink.com
============================================================

============================================================
STARTING DOMAIN: fst.itserver.biz (Server: FST)
============================================================
[INFO] Running 1 feature files for domain 'fst.itserver.biz':
    C:\tests\features\fst.itserver.biz\SO.feature
[INFO] Domain = fst.itserver.biz
[INFO] Starting browser and logging in for domain: fst.itserver.biz
[INFO] Creating fresh browser instance for domain: fst.itserver.biz
[INFO] Attempt 1/3: Creating Chrome driver...
[PASS] Chrome driver created successfully on attempt 1
[INFO] Attempt 1/3: Opening https://fst.itserver.biz/admin/?r=user/user/login&_lang=en
[PASS] Page loaded successfully on attempt 1
[PASS] Opened URL: https://fst.itserver.biz/admin/?r=user/user/login&_lang=en
[INFO] Testing refresh function for dashboard elements...
[PASS] Login successful - dashboard loaded with refresh function
[PASS] Login successful - dashboard loaded with fallback method
[INFO] Login completed. Page Load: 2.9s, Login: 20.1s
[INFO] Login successful for domain: fst.itserver.biz
Feature: Sales Order # ../../tests/features/fst.itserver.biz/SO.feature:4

  @critical
  Scenario: Visit Sales order page and click on Edit btn  # ../../tests/features/fst.itserver.biz/SO.feature:7
    Given we visit "orders/salesOrder"                    # ../../tests/features/steps/form_actions.py:36
    When we clear the from date and search                # ../../tests/features/steps/form_actions.py:82


[INFO] Server: FST | Domain: fst.itserver.biz
==================================================
[PASS] Sales Order

============================================================
COMPLETED DOMAIN: fst.itserver.biz
============================================================

============================================================
STARTING DOMAIN: cam.itserver.biz (Server: metro cam)
============================================================
[INFO] Running 4 feature files for domain 'cam.itserver.biz':
    C:\tests\features\cam.itserver.biz\AccV.feature
    C:\tests\features\cam.itserver.biz\GP.feature
    C:\tests\features\cam.itserver.biz\PI.feature
    C:\tests\features\cam.itserver.biz\SO.feature
[INFO] Domain = cam.itserver.biz
[INFO] Starting browser and logging in for domain: cam.itserver.biz
[INFO] Creating fresh browser instance for domain: cam.itserver.biz
[INFO] Attempt 1/3: Creating Chrome driver...
[PASS] Chrome driver created successfully on attempt 1
[INFO] Attempt 1/3: Opening https://cam.itserver.biz/admin/?r=user/user/login&_lang=en
[PASS] Page loaded successfully on attempt 1
[PASS] Opened URL: https://cam.itserver.biz/admin/?r=user/user/login&_lang=en
[INFO] Testing refresh function for dashboard elements...
[PASS] Login successful - dashboard loaded with refresh function
[PASS] Login successful - dashboard loaded with fallback method
[INFO] Login completed. Page Load: 2.8s, Login: 21.1s
[INFO] Login successful for domain: cam.itserver.biz
Feature: Add Account Voucher # ../../tests/features/cam.itserver.biz/AccV.feature:4

  @critical
  Scenario: Visit Account Voucher Page and click on Edit btn  # ../../tests/features/cam.itserver.biz/AccV.feature:7
    Given we visit "accounts2"                                # ../../tests/features/steps/form_actions.py:36
    When we edit the top row                                  # ../../tests/features/steps/cartzlink_form.py:155

Feature: Gatepass # ../../tests/features/cam.itserver.biz/GP.feature:1

  @critical
  Scenario: Visit Gate pass Page and click on Edit btn  # ../../tests/features/cam.itserver.biz/GP.feature:4
    Given we visit "orders/deliveryChallanCAM"          # ../../tests/features/steps/form_actions.py:36
    When we edit the top row                            # ../../tests/features/steps/cartzlink_form.py:155

Feature: Purchase Invoice # ../../tests/features/cam.itserver.biz/PI.feature:3

  @critical
  Scenario: Visit Purchase invoice Page and click on Edit btn  # ../../tests/features/cam.itserver.biz/PI.feature:6
    Given we visit "orders/purchaseInvoice"                    # ../../tests/features/steps/form_actions.py:36
    When we edit the top row                                   # ../../tests/features/steps/cartzlink_form.py:155

Feature: Production Order FSTUser # ../../tests/features/cam.itserver.biz/SO.feature:4

  @critical
  Scenario: Visit Production order page and click on Edit btn  # ../../tests/features/cam.itserver.biz/SO.feature:7
    Given we visit "orders/SalesOrderFSTUser"                  # ../../tests/features/steps/form_actions.py:36
    When we edit the top row                                   # ../../tests/features/steps/cartzlink_form.py:155


[INFO] Server: metro cam | Domain: cam.itserver.biz
==================================================
[PASS] Add Account Voucher
[PASS] Gatepass
[PASS] Purchase Invoice
[PASS] Production Order FSTUser

============================================================
COMPLETED DOMAIN: cam.itserver.biz
============================================================

============================================================
STARTING DOMAIN: bmkenya.itserver.biz (Server: bmkenya)
============================================================
[INFO] Running 2 feature files for domain 'bmkenya.itserver.biz':
    C:\tests\features\bmkenya.itserver.biz\AccV.feature
    C:\tests\features\bmkenya.itserver.biz\SO.feature
[INFO] Domain = bmkenya.itserver.biz
[INFO] Starting browser and logging in for domain: bmkenya.itserver.biz
[INFO] Creating fresh browser instance for domain: bmkenya.itserver.biz
[INFO] Attempt 1/3: Creating Chrome driver...
[PASS] Chrome driver created successfully on attempt 1
[INFO] Attempt 1/3: Opening https://bmkenya.itserver.biz/admin/?r=user/user/login&_lang=en
[PASS] Page loaded successfully on attempt 1
[PASS] Opened URL: https://bmkenya.itserver.biz/admin/?r=user/user/login&_lang=en
[INFO] Testing refresh function for dashboard elements...
[PASS] Login successful - dashboard loaded with refresh function
[PASS] Login successful - dashboard loaded with fallback method
[INFO] Login completed. Page Load: 3.7s, Login: 21.0s
[INFO] Login successful for domain: bmkenya.itserver.biz
Feature: Add Account Voucher # ../../tests/features/bmkenya.itserver.biz/AccV.feature:4

  @critical
  Scenario: Visit Account Voucher Page and click on Edit btn  # ../../tests/features/bmkenya.itserver.biz/AccV.feature:7
    Given we visit "accounts2"                                # ../../tests/features/steps/form_actions.py:36
      ASSERT FAILED: Page at 'accounts2' returned error: ERROR 404

    When we edit the top row                                  # None
----
CAPTURED STDOUT: scenario
Page at 'accounts2' returned error: ERROR 404

[Screenshot Saved] C:\Windows\system32\screenshots\we visit "accounts2"_20250925_143356.png
---- CAPTURED_SCENARIO_OUTPUT_END ----

Feature: Sales Order # ../../tests/features/bmkenya.itserver.biz/SO.feature:4

  @critical
  Scenario: Visit Sales order page     # ../../tests/features/bmkenya.itserver.biz/SO.feature:7
    Given we visit "orders/salesOrder" # ../../tests/features/steps/form_actions.py:36


[INFO] Server: bmkenya | Domain: bmkenya.itserver.biz
==================================================
[FAIL] Add Account Voucher
[PASS] Sales Order

============================================================
COMPLETED DOMAIN: bmkenya.itserver.biz
============================================================

============================================================
STARTING DOMAIN: crm.cartzlink.com (Server: s15)
============================================================
[INFO] Running 1 feature files for domain 'crm.cartzlink.com':
    C:\tests\features\crm.cartzlink.com\dashboard.feature
[INFO] Domain = crm.cartzlink.com
[INFO] Starting browser and logging in for domain: crm.cartzlink.com
[INFO] Creating fresh browser instance for domain: crm.cartzlink.com
[INFO] Attempt 1/3: Creating Chrome driver...
[PASS] Chrome driver created successfully on attempt 1
[INFO] Attempt 1/3: Opening https://crm.cartzlink.com/admin/?r=user/user/login&_lang=en
[PASS] Page loaded successfully on attempt 1
[PASS] Opened URL: https://crm.cartzlink.com/admin/?r=user/user/login&_lang=en
[INFO] Testing refresh function for dashboard elements...
[PASS] Login successful - dashboard loaded with refresh function
[PASS] Login successful - dashboard loaded with fallback method
[INFO] Login completed. Page Load: 1.2s, Login: 18.9s
[INFO] Login successful for domain: crm.cartzlink.com
Feature: Dash board # ../../tests/features/crm.cartzlink.com/dashboard.feature:4

  @critical
  Scenario: Visit Dash board page  # ../../tests/features/crm.cartzlink.com/dashboard.feature:7


[INFO] Server: s15 | Domain: crm.cartzlink.com
==================================================
[PASS] Dash board

============================================================
COMPLETED DOMAIN: crm.cartzlink.com
============================================================

============================================================
STARTING DOMAIN: crm.tabrospharma.com (Server: TP)
============================================================
[INFO] Running 2 feature files for domain 'crm.tabrospharma.com':
    C:\tests\features\crm.tabrospharma.com\AccV.feature
    C:\tests\features\crm.tabrospharma.com\SO.feature
[INFO] Domain = crm.tabrospharma.com
[INFO] Starting browser and logging in for domain: crm.tabrospharma.com
[INFO] Creating fresh browser instance for domain: crm.tabrospharma.com
[INFO] Attempt 1/3: Creating Chrome driver...
[PASS] Chrome driver created successfully on attempt 1
[INFO] Attempt 1/3: Opening https://crm.tabrospharma.com/admin/?r=user/user/login&_lang=en
[PASS] Page loaded successfully on attempt 1
[PASS] Opened URL: https://crm.tabrospharma.com/admin/?r=user/user/login&_lang=en
[INFO] Testing refresh function for dashboard elements...
[PASS] Login successful - dashboard loaded with refresh function
[PASS] Login successful - dashboard loaded with fallback method
[INFO] Login completed. Page Load: 2.2s, Login: 27.2s
[INFO] Login successful for domain: crm.tabrospharma.com
Feature: Add Account Voucher # ../../tests/features/crm.tabrospharma.com/AccV.feature:4

  @critical
  Scenario: Visit Account Voucher Page and click on Edit btn  # ../../tests/features/crm.tabrospharma.com/AccV.feature:7
    Given we visit "accounts2"                                # ../../tests/features/steps/form_actions.py:36
    When we edit the top row                                  # ../../tests/features/steps/cartzlink_form.py:155

Feature: Sales Order # ../../tests/features/crm.tabrospharma.com/SO.feature:4

  @critical
  Scenario: Visit Sales Order Page and click on Edit btn  # ../../tests/features/crm.tabrospharma.com/SO.feature:7
    Given we visit "orders/salesOrder"                    # ../../tests/features/steps/form_actions.py:36
    When we edit the top row                              # ../../tests/features/steps/cartzlink_form.py:155


[INFO] Server: TP | Domain: crm.tabrospharma.com
==================================================
[PASS] Add Account Voucher
[PASS] Sales Order

============================================================
COMPLETED DOMAIN: crm.tabrospharma.com
============================================================

==================================================
[SUMMARY] FINAL TEST SUMMARY
==================================================

================================================================================
[CRITICAL] FAILURES AND PERFORMANCE ISSUES SUMMARY
================================================================================

FAILURES (1 total):
--------------------------------------------------
[FAIL] Scenario FAILED | bmkenya | bmkenya.itserver.biz
   Feature: Add Account Voucher
   Scenario: Visit Account Voucher Page and click on Edit btn
   Details: Scenario failed in 2.60s

================================================================================

[DEBUG] Getting 7-day data for domain: anamta.primeerp.top
[DEBUG] Page load data: {'current': 3.4, 'average': 3.4, 'values': [3.4], 'is_high': False}
[DEBUG] Formatted summary: 
Times (Today): 3.4
Today: 3.4
[DEBUG] Getting 7-day login data for domain: anamta.primeerp.top
[DEBUG] Login data: {'current': 29.8, 'average': 29.8, 'values': [29.8], 'is_high': False}
[DEBUG] Formatted login summary: 
Times (Today): 29.8
Today: 29.8
[DEBUG] Getting 7-day data for domain: mt.itserver.biz
[DEBUG] Page load data: {'current': 2.5, 'average': 2.5, 'values': [2.5], 'is_high': False}
[DEBUG] Formatted summary: 
Times (Today): 2.5
Today: 2.5
[DEBUG] Getting 7-day login data for domain: mt.itserver.biz
[DEBUG] Login data: {'current': 25.2, 'average': 25.2, 'values': [25.2], 'is_high': False}
[DEBUG] Formatted login summary: 
Times (Today): 25.2
Today: 25.2
[DEBUG] Getting 7-day data for domain: gta.cartzlink.com
[DEBUG] Page load data: {'current': 3.2, 'average': 3.2, 'values': [3.2], 'is_high': False}
[DEBUG] Formatted summary: 
Times (Today): 3.2
Today: 3.2
[DEBUG] Getting 7-day login data for domain: gta.cartzlink.com
[DEBUG] Login data: {'current': 28.7, 'average': 28.7, 'values': [28.7], 'is_high': False}
[DEBUG] Formatted login summary: 
Times (Today): 28.7
Today: 28.7
[DEBUG] Getting 7-day data for domain: fst.itserver.biz
[DEBUG] Page load data: {'current': 2.9, 'average': 6.5, 'values': [2.9, 10.1], 'is_high': False}
[DEBUG] Formatted summary: 
Times (Last 2 Days): 2.9, 10.1
2-Day Avg: 6.5
Today: 2.9
[DEBUG] Getting 7-day login data for domain: fst.itserver.biz
[DEBUG] Login data: {'current': 20.1, 'average': 20.450000000000003, 'values': [20.1, 20.8], 'is_high': False}
[DEBUG] Formatted login summary: 
Times (Last 2 Days): 20.1, 20.8
2-Day Avg: 20.5
Today: 20.1
[DEBUG] Getting 7-day data for domain: cam.itserver.biz
[DEBUG] Page load data: {'current': 2.8, 'average': 2.8, 'values': [2.8], 'is_high': False}
[DEBUG] Formatted summary: 
Times (Today): 2.8
Today: 2.8
[DEBUG] Getting 7-day login data for domain: cam.itserver.biz
[DEBUG] Login data: {'current': 21.1, 'average': 21.1, 'values': [21.1], 'is_high': False}
[DEBUG] Formatted login summary: 
Times (Today): 21.1
Today: 21.1
[DEBUG] Getting 7-day data for domain: bmkenya.itserver.biz
[DEBUG] Page load data: {'current': 3.7, 'average': 3.7, 'values': [3.7], 'is_high': False}
[DEBUG] Formatted summary: 
Times (Today): 3.7
Today: 3.7
[DEBUG] Getting 7-day login data for domain: bmkenya.itserver.biz
[DEBUG] Login data: {'current': 21.0, 'average': 21.0, 'values': [21.0], 'is_high': False}
[DEBUG] Formatted login summary: 
Times (Today): 21.0
Today: 21.0
[DEBUG] Getting 7-day data for domain: crm.cartzlink.com
[DEBUG] Page load data: {'current': 1.2, 'average': 1.2, 'values': [1.2], 'is_high': False}
[DEBUG] Formatted summary: 
Times (Today): 1.2
Today: 1.2
[DEBUG] Getting 7-day login data for domain: crm.cartzlink.com
[DEBUG] Login data: {'current': 18.9, 'average': 18.9, 'values': [18.9], 'is_high': False}
[DEBUG] Formatted login summary: 
Times (Today): 18.9
Today: 18.9
[DEBUG] Getting 7-day data for domain: crm.tabrospharma.com
[DEBUG] Page load data: {'current': 2.2, 'average': 2.2, 'values': [2.2], 'is_high': False}
[DEBUG] Formatted summary: 
Times (Today): 2.2
Today: 2.2
[DEBUG] Getting 7-day login data for domain: crm.tabrospharma.com
[DEBUG] Login data: {'current': 27.2, 'average': 27.2, 'values': [27.2], 'is_high': False}
[DEBUG] Formatted login summary: 
Times (Today): 27.2
Today: 27.2

[INFO] Server: s12 | Domain: anamta.primeerp.top
[INFO] Features executed:
    CASH RECEIPT CV
    Account Voucher
==================================================
[PASS] Page Load (3.40s)

Times (Today): 3.4
Today: 3.4
[PASS] Login (29.80s)

Times (Today): 29.8
Today: 29.8

[INFO] Feature: CASH RECEIPT CV
[PASS] Feature: CASH RECEIPT CV (9.40s)

Times (Today): 9.4
Today: 9.4
[PASS] Scenario: Visit CashReceiptCV Page and click on Edit btn (9.40s)
[INFO] Feature: Account Voucher
[PASS] Feature: Account Voucher (9.80s)

Times (Today): 9.8
Today: 9.8
[PASS] Scenario: Visit Account Voucher Page and click on Edit btn (9.80s)

[INFO] Server: metro crm | Domain: mt.itserver.biz
[INFO] Features executed:
    Sales Order
==================================================
[PASS] Page Load (2.50s)

Times (Today): 2.5
Today: 2.5
[PASS] Login (25.20s)

Times (Today): 25.2
Today: 25.2

[INFO] Feature: Sales Order
[PASS] Feature: Sales Order (22.70s)

Times (Today): 22.7
Today: 22.7
[PASS] Scenario: Visit Sales order page and click on edit btn (22.70s)

[INFO] Server: s13 | Domain: gta.cartzlink.com
[INFO] Features executed:
    Add Account Voucher
    Sales Invoice
==================================================
[PASS] Page Load (3.20s)

Times (Today): 3.2
Today: 3.2
[PASS] Login (28.70s)

Times (Today): 28.7
Today: 28.7

[INFO] Feature: Add Account Voucher
[PASS] Feature: Add Account Voucher (17.20s)

Times (Today): 17.2
Today: 17.2
[PASS] Scenario: Visit Account Voucher Page and click on Edit btn (17.20s)
[INFO] Feature: Sales Invoice
[PASS] Feature: Sales Invoice (35.70s)

Times (Today): 35.7
Today: 35.7
[PASS] Scenario: Sales Invoice page (35.70s)

[INFO] Server: FST | Domain: fst.itserver.biz
[INFO] Features executed:
    Sales Order
==================================================
[PASS] Page Load (2.90s)

Times (Last 2 Days): 2.9, 10.1
2-Day Avg: 6.5
Today: 2.9
[PASS] Login (20.10s)

Times (Last 2 Days): 20.1, 20.8
2-Day Avg: 20.5
Today: 20.1

[INFO] Feature: Sales Order
[PASS] Feature: Sales Order (52.50s)

Times (Last 2 Days): 52.5, 74.7
2-Day Avg: 63.6
Today: 52.5
[PASS] Scenario: Visit Sales order page and click on Edit btn (52.50s)

[INFO] Server: metro cam | Domain: cam.itserver.biz
[INFO] Features executed:
    Add Account Voucher
    Gatepass
    Purchase Invoice
    Production Order FSTUser
==================================================
[PASS] Page Load (2.80s)

Times (Today): 2.8
Today: 2.8
[PASS] Login (21.10s)

Times (Today): 21.1
Today: 21.1

[INFO] Feature: Add Account Voucher
[PASS] Feature: Add Account Voucher (10.70s)

Times (Today): 10.7
Today: 10.7
[PASS] Scenario: Visit Account Voucher Page and click on Edit btn (10.70s)
[INFO] Feature: Gatepass
[PASS] Feature: Gatepass (48.50s)

Times (Today): 48.5
Today: 48.5
[PASS] Scenario: Visit Gate pass Page and click on Edit btn (48.50s)
[INFO] Feature: Purchase Invoice
[PASS] Feature: Purchase Invoice (56.00s)

Times (Today): 56.0
Today: 56.0
[PASS] Scenario: Visit Purchase invoice Page and click on Edit btn (56.00s)
[INFO] Feature: Production Order FSTUser
[PASS] Feature: Production Order FSTUser (15.80s)

Times (Today): 15.8
Today: 15.8
[PASS] Scenario: Visit Production order page and click on Edit btn (15.80s)

[INFO] Server: bmkenya | Domain: bmkenya.itserver.biz
[INFO] Features executed:
    Add Account Voucher
    Sales Order
==================================================
[PASS] Page Load (3.70s)

Times (Today): 3.7
Today: 3.7
[PASS] Login (21.00s)

Times (Today): 21.0
Today: 21.0

[INFO] Feature: Add Account Voucher
[PASS] Feature: Add Account Voucher (2.60s)

Times (Today): 2.6
Today: 2.6
[FAIL] Scenario: Visit Account Voucher Page and click on Edit btn (2.60s)
[INFO] Feature: Sales Order
[PASS] Feature: Sales Order (3.50s)

Times (Today): 3.5
Today: 3.5
[PASS] Scenario: Visit Sales order page (3.50s)

[INFO] Server: s15 | Domain: crm.cartzlink.com
[INFO] Features executed:
    Dash board
==================================================
[PASS] Page Load (1.20s)

Times (Today): 1.2
Today: 1.2
[PASS] Login (18.90s)

Times (Today): 18.9
Today: 18.9

[INFO] Feature: Dash board
[PASS] Feature: Dash board (0.00s)

Times (Today): 0.0
Today: 0.0
[PASS] Scenario: Visit Dash board page (0.00s)

[INFO] Server: TP | Domain: crm.tabrospharma.com
[INFO] Features executed:
    Add Account Voucher
    Sales Order
==================================================
[PASS] Page Load (2.20s)

Times (Today): 2.2
Today: 2.2
[PASS] Login (27.20s)

Times (Today): 27.2
Today: 27.2

[INFO] Feature: Add Account Voucher
[PASS] Feature: Add Account Voucher (9.00s)

Times (Today): 9.0
Today: 9.0
[PASS] Scenario: Visit Account Voucher Page and click on Edit btn (9.00s)
[INFO] Feature: Sales Order
[PASS] Feature: Sales Order (9.50s)

Times (Today): 9.5
Today: 9.5
[PASS] Scenario: Visit Sales Order Page and click on Edit btn (9.50s)
[PASS] Test summary email sent successfully.
Finished at Thu 09/25/2025 14:35:27.48 
========================================= 
