========================================= 
Behave Run Started at Mon 09/29/2025 14:47:34.02 
========================================= 

============================================================
STARTING DOMAIN: mt.itserver.biz (Server: metro crm)
============================================================
[INFO] Running 1 feature files for domain 'mt.itserver.biz':
    C:\tests\features\mt.itserver.biz\SO.feature
[INFO] Domain = mt.itserver.biz
[INFO] Starting browser and logging in for domain: mt.itserver.biz
[INFO] Creating fresh browser instance for domain: mt.itserver.biz
[INFO] Attempt 1/5: Creating Chrome driver...
[INFO] Applying performance optimizations for problematic domain: mt.itserver.biz
[PASS] Chrome driver created successfully on attempt 1
[INFO] Attempt 1/5: Opening https://mt.itserver.biz/admin/?r=user/user/login&_lang=en
[PASS] Page loaded successfully on attempt 1
[PASS] Opened URL: https://mt.itserver.biz/admin/?r=user/user/login&_lang=en
[INFO] Testing refresh function for dashboard elements...
[PASS] Login successful - dashboard loaded with refresh function
[PASS] Login successful - dashboard loaded with fallback method
[INFO] Login completed. Page Load: 3.9s, Login: 27.2s
[INFO] Login successful for domain: mt.itserver.biz
Feature: Sales Order # ../../tests/features/mt.itserver.biz/SO.feature:4

  @critical
  Scenario: Visit Sales order page and click on edit btn  # ../../tests/features/mt.itserver.biz/SO.feature:7
    Given we visit "orders/SO2"                           # ../../tests/features/steps/form_actions.py:36
    When we edit the top row                              # ../../tests/features/steps/cartzlink_form.py:155


[INFO] Server: metro crm | Domain: mt.itserver.biz
==================================================
[PASS] Sales Order

============================================================
COMPLETED DOMAIN: mt.itserver.biz
============================================================

============================================================
STARTING DOMAIN: gta.cartzlink.com (Server: s13)
============================================================
[INFO] Running 2 feature files for domain 'gta.cartzlink.com':
    C:\tests\features\gta.cartzlink.com\AccV.feature
    C:\tests\features\gta.cartzlink.com\SI.feature
[INFO] Domain = gta.cartzlink.com
[INFO] Starting browser and logging in for domain: gta.cartzlink.com
[INFO] Creating fresh browser instance for domain: gta.cartzlink.com
[INFO] Attempt 1/3: Creating Chrome driver...
[PASS] Chrome driver created successfully on attempt 1
[INFO] Attempt 1/3: Opening https://gta.cartzlink.com/admin/?r=user/user/login&_lang=en
[PASS] Page loaded successfully on attempt 1
[PASS] Opened URL: https://gta.cartzlink.com/admin/?r=user/user/login&_lang=en
[INFO] Testing refresh function for dashboard elements...
[PASS] Login successful - dashboard loaded with refresh function
[PASS] Login successful - dashboard loaded with fallback method
[INFO] Login completed. Page Load: 2.5s, Login: 29.3s
[INFO] Login successful for domain: gta.cartzlink.com
Feature: Add Account Voucher # ../../tests/features/gta.cartzlink.com/AccV.feature:4

  @critical
  Scenario: Visit Account Voucher Page and click on Edit btn  # ../../tests/features/gta.cartzlink.com/AccV.feature:7
    Given we visit "accounts2"                                # ../../tests/features/steps/form_actions.py:36
    When we edit the top row                                  # ../../tests/features/steps/cartzlink_form.py:155

Feature: Sales Invoice # ../../tests/features/gta.cartzlink.com/SI.feature:1

  @critical
  Scenario: Sales Invoice page           # ../../tests/features/gta.cartzlink.com/SI.feature:4
    Given we visit "orders/salesInvoice" # ../../tests/features/steps/form_actions.py:36
    When we edit the top row             # ../../tests/features/steps/cartzlink_form.py:155


[INFO] Server: s13 | Domain: gta.cartzlink.com
==================================================
[PASS] Add Account Voucher
[PASS] Sales Invoice

============================================================
COMPLETED DOMAIN: gta.cartzlink.com
============================================================

============================================================
STARTING DOMAIN: fst.itserver.biz (Server: FST)
============================================================
[INFO] Running 1 feature files for domain 'fst.itserver.biz':
    C:\tests\features\fst.itserver.biz\SO.feature
[INFO] Domain = fst.itserver.biz
[INFO] Starting browser and logging in for domain: fst.itserver.biz
[INFO] Creating fresh browser instance for domain: fst.itserver.biz
[INFO] Attempt 1/3: Creating Chrome driver...
[PASS] Chrome driver created successfully on attempt 1
[INFO] Attempt 1/3: Opening https://fst.itserver.biz/admin/?r=user/user/login&_lang=en
[PASS] Page loaded successfully on attempt 1
[PASS] Opened URL: https://fst.itserver.biz/admin/?r=user/user/login&_lang=en
[INFO] Testing refresh function for dashboard elements...
[PASS] Login successful - dashboard loaded with refresh function
[PASS] Login successful - dashboard loaded with fallback method
[INFO] Login completed. Page Load: 31.1s, Login: 21.1s
[INFO] Login successful for domain: fst.itserver.biz
Feature: Sales Order # ../../tests/features/fst.itserver.biz/SO.feature:4

  @critical
  Scenario: Visit Sales order page and click on Edit btn  # ../../tests/features/fst.itserver.biz/SO.feature:7
    Given we visit "orders/salesOrder"                    # ../../tests/features/steps/form_actions.py:36
    When we clear the from date and search                # ../../tests/features/steps/form_actions.py:82


[INFO] Server: FST | Domain: fst.itserver.biz
==================================================
[PASS] Sales Order

============================================================
COMPLETED DOMAIN: fst.itserver.biz
============================================================

============================================================
STARTING DOMAIN: cam.itserver.biz (Server: metro cam)
============================================================
[INFO] Running 4 feature files for domain 'cam.itserver.biz':
    C:\tests\features\cam.itserver.biz\AccV.feature
    C:\tests\features\cam.itserver.biz\GP.feature
    C:\tests\features\cam.itserver.biz\PI.feature
    C:\tests\features\cam.itserver.biz\SO.feature
[INFO] Domain = cam.itserver.biz
[INFO] Starting browser and logging in for domain: cam.itserver.biz
[INFO] Creating fresh browser instance for domain: cam.itserver.biz
[INFO] Attempt 1/3: Creating Chrome driver...
[PASS] Chrome driver created successfully on attempt 1
[INFO] Attempt 1/3: Opening https://cam.itserver.biz/admin/?r=user/user/login&_lang=en
[PASS] Page loaded successfully on attempt 1
[PASS] Opened URL: https://cam.itserver.biz/admin/?r=user/user/login&_lang=en
[INFO] Testing refresh function for dashboard elements...
[PASS] Login successful - dashboard loaded with refresh function
[PASS] Login successful - dashboard loaded with fallback method
[INFO] Login completed. Page Load: 8.4s, Login: 20.9s
[INFO] Login successful for domain: cam.itserver.biz
Feature: Add Account Voucher # ../../tests/features/cam.itserver.biz/AccV.feature:4

  @critical
  Scenario: Visit Account Voucher Page and click on Edit btn  # ../../tests/features/cam.itserver.biz/AccV.feature:7
    Given we visit "accounts2"                                # ../../tests/features/steps/form_actions.py:36
    When we edit the top row                                  # ../../tests/features/steps/cartzlink_form.py:155

Feature: Gatepass # ../../tests/features/cam.itserver.biz/GP.feature:1

  @critical
  Scenario: Visit Gate pass Page and click on Edit btn  # ../../tests/features/cam.itserver.biz/GP.feature:4
    Given we visit "orders/deliveryChallanCAM"          # ../../tests/features/steps/form_actions.py:36
    When we edit the top row                            # ../../tests/features/steps/cartzlink_form.py:155

Feature: Purchase Invoice # ../../tests/features/cam.itserver.biz/PI.feature:3

  @critical
  Scenario: Visit Purchase invoice Page and click on Edit btn  # ../../tests/features/cam.itserver.biz/PI.feature:6
    Given we visit "orders/purchaseInvoice"                    # ../../tests/features/steps/form_actions.py:36
    When we edit the top row                                   # ../../tests/features/steps/cartzlink_form.py:155

Feature: Production Order FSTUser # ../../tests/features/cam.itserver.biz/SO.feature:4

  @critical
  Scenario: Visit Production order page and click on Edit btn  # ../../tests/features/cam.itserver.biz/SO.feature:7
    Given we visit "orders/SalesOrderFSTUser"                  # ../../tests/features/steps/form_actions.py:36
    When we edit the top row                                   # ../../tests/features/steps/cartzlink_form.py:155


[INFO] Server: metro cam | Domain: cam.itserver.biz
==================================================
[PASS] Add Account Voucher
[PASS] Gatepass
[PASS] Purchase Invoice
[PASS] Production Order FSTUser

============================================================
COMPLETED DOMAIN: cam.itserver.biz
============================================================

============================================================
STARTING DOMAIN: bmkenya.itserver.biz (Server: bmkenya)
============================================================
[INFO] Running 2 feature files for domain 'bmkenya.itserver.biz':
    C:\tests\features\bmkenya.itserver.biz\AccV.feature
    C:\tests\features\bmkenya.itserver.biz\SO.feature
[INFO] Domain = bmkenya.itserver.biz
[INFO] Starting browser and logging in for domain: bmkenya.itserver.biz
[INFO] Creating fresh browser instance for domain: bmkenya.itserver.biz
[INFO] Attempt 1/3: Creating Chrome driver...
[PASS] Chrome driver created successfully on attempt 1
[INFO] Attempt 1/3: Opening https://bmkenya.itserver.biz/admin/?r=user/user/login&_lang=en
[PASS] Page loaded successfully on attempt 1
[PASS] Opened URL: https://bmkenya.itserver.biz/admin/?r=user/user/login&_lang=en
[INFO] Testing refresh function for dashboard elements...
[PASS] Login successful - dashboard loaded with refresh function
[PASS] Login successful - dashboard loaded with fallback method
[INFO] Login completed. Page Load: 1.8s, Login: 19.9s
[INFO] Login successful for domain: bmkenya.itserver.biz
Feature: Add Account Voucher # ../../tests/features/bmkenya.itserver.biz/AccV.feature:4

  @critical
  Scenario: Visit Account Voucher Page and click on Edit btn  # ../../tests/features/bmkenya.itserver.biz/AccV.feature:7
    Given we visit "accounts2"                                # ../../tests/features/steps/form_actions.py:36
    When we edit the top row                                  # ../../tests/features/steps/cartzlink_form.py:155

Feature: Sales Order # ../../tests/features/bmkenya.itserver.biz/SO.feature:4

  @critical
  Scenario: Visit Sales order page     # ../../tests/features/bmkenya.itserver.biz/SO.feature:7
    Given we visit "orders/salesOrder" # ../../tests/features/steps/form_actions.py:36


[INFO] Server: bmkenya | Domain: bmkenya.itserver.biz
==================================================
[PASS] Add Account Voucher
[PASS] Sales Order

============================================================
COMPLETED DOMAIN: bmkenya.itserver.biz
============================================================

============================================================
STARTING DOMAIN: crm.cartzlink.com (Server: s15)
============================================================
[INFO] Running 1 feature files for domain 'crm.cartzlink.com':
    C:\tests\features\crm.cartzlink.com\dashboard.feature
[INFO] Domain = crm.cartzlink.com
[INFO] Starting browser and logging in for domain: crm.cartzlink.com
[INFO] Creating fresh browser instance for domain: crm.cartzlink.com
[INFO] Attempt 1/3: Creating Chrome driver...
[PASS] Chrome driver created successfully on attempt 1
[INFO] Attempt 1/3: Opening https://crm.cartzlink.com/admin/?r=user/user/login&_lang=en
[PASS] Page loaded successfully on attempt 1
[PASS] Opened URL: https://crm.cartzlink.com/admin/?r=user/user/login&_lang=en
[INFO] Testing refresh function for dashboard elements...
[PASS] Login successful - dashboard loaded with refresh function
[PASS] Login successful - dashboard loaded with fallback method
[INFO] Login completed. Page Load: 2.6s, Login: 19.1s
[INFO] Login successful for domain: crm.cartzlink.com
Feature: Dash board # ../../tests/features/crm.cartzlink.com/dashboard.feature:4

  @critical
  Scenario: Visit Dash board page  # ../../tests/features/crm.cartzlink.com/dashboard.feature:7


[INFO] Server: s15 | Domain: crm.cartzlink.com
==================================================
[PASS] Dash board

============================================================
COMPLETED DOMAIN: crm.cartzlink.com
============================================================

============================================================
STARTING DOMAIN: crm.tabrospharma.com (Server: TP)
============================================================
[INFO] Running 2 feature files for domain 'crm.tabrospharma.com':
    C:\tests\features\crm.tabrospharma.com\AccV.feature
    C:\tests\features\crm.tabrospharma.com\SO.feature
[INFO] Domain = crm.tabrospharma.com
[INFO] Starting browser and logging in for domain: crm.tabrospharma.com
[INFO] Creating fresh browser instance for domain: crm.tabrospharma.com
[INFO] Attempt 1/3: Creating Chrome driver...
[PASS] Chrome driver created successfully on attempt 1
[INFO] Attempt 1/3: Opening https://crm.tabrospharma.com/admin/?r=user/user/login&_lang=en
[PASS] Page loaded successfully on attempt 1
[PASS] Opened URL: https://crm.tabrospharma.com/admin/?r=user/user/login&_lang=en
[INFO] Testing refresh function for dashboard elements...
[PASS] Login successful - dashboard loaded with refresh function
[PASS] Login successful - dashboard loaded with fallback method
[INFO] Login completed. Page Load: 1.6s, Login: 26.9s
[INFO] Login successful for domain: crm.tabrospharma.com
Feature: Add Account Voucher # ../../tests/features/crm.tabrospharma.com/AccV.feature:4

  @critical
  Scenario: Visit Account Voucher Page and click on Edit btn  # ../../tests/features/crm.tabrospharma.com/AccV.feature:7
    Given we visit "accounts2"                                # ../../tests/features/steps/form_actions.py:36
    When we edit the top row                                  # ../../tests/features/steps/cartzlink_form.py:155

Feature: Sales Order # ../../tests/features/crm.tabrospharma.com/SO.feature:4

  @critical
  Scenario: Visit Sales Order Page and click on Edit btn  # ../../tests/features/crm.tabrospharma.com/SO.feature:7
    Given we visit "orders/salesOrder"                    # ../../tests/features/steps/form_actions.py:36
    When we edit the top row                              # ../../tests/features/steps/cartzlink_form.py:155


[INFO] Server: TP | Domain: crm.tabrospharma.com
==================================================
[PASS] Add Account Voucher
[PASS] Sales Order

============================================================
COMPLETED DOMAIN: crm.tabrospharma.com
============================================================

==================================================
[SUMMARY] FINAL TEST SUMMARY
==================================================

================================================================================
[CRITICAL] FAILURES AND PERFORMANCE ISSUES SUMMARY
================================================================================

SLOW TESTS (10 total):
--------------------------------------------------
[SLOW] Page Load SLOW | metro crm | mt.itserver.biz
   Time: 3.90s | Above 7-day average (3.0s)
[SLOW] Login SLOW | metro crm | mt.itserver.biz
   Time: 27.20s | Above 7-day average (26.4s)
[SLOW] Login SLOW | s13 | gta.cartzlink.com
   Time: 29.30s | Above 7-day average (29.1s)
[SLOW] Feature SLOW | s13 | gta.cartzlink.com
   Feature: Sales Invoice
   Time: 42.20s | Above 7-day average (41.5s)
[SLOW] Page Load SLOW | FST | fst.itserver.biz
   Time: 31.10s | Above 7-day average (24.3s)
[SLOW] Login SLOW | FST | fst.itserver.biz
   Time: 21.10s | Above 7-day average (20.7s)
[SLOW] Page Load SLOW | metro cam | cam.itserver.biz
   Time: 8.40s | Above 7-day average (6.0s)
[SLOW] Login SLOW | metro cam | cam.itserver.biz
   Time: 20.90s | Above 7-day average (20.6s)
[SLOW] Feature SLOW | bmkenya | bmkenya.itserver.biz
   Feature: Add Account Voucher
   Time: 11.20s | Above 7-day average (7.1s)
[SLOW] Page Load SLOW | s15 | crm.cartzlink.com
   Time: 2.60s | Above 7-day average (2.5s)
================================================================================

[DEBUG] Getting 7-day data for domain: mt.itserver.biz
[DEBUG] Page load data: {'current': 3.9, 'average': 2.95, 'values': [3.9, 2.0], 'is_high': True}
[DEBUG] Formatted summary: 
Times (Last 2 Days): 3.9, 2.0
2-Day Avg: 3.0
Today: 3.9  Above 2-Day Avg
[DEBUG] Getting 7-day login data for domain: mt.itserver.biz
[DEBUG] Login data: {'current': 27.2, 'average': 26.4, 'values': [27.2, 25.6], 'is_high': True}
[DEBUG] Formatted login summary: 
Times (Last 2 Days): 27.2, 25.6
2-Day Avg: 26.4
Today: 27.2  Above 2-Day Avg
[DEBUG] Getting 7-day data for domain: gta.cartzlink.com
[DEBUG] Page load data: {'current': 2.5, 'average': 2.9, 'values': [2.5, 3.3], 'is_high': False}
[DEBUG] Formatted summary: 
Times (Last 2 Days): 2.5, 3.3
2-Day Avg: 2.9
Today: 2.5
[DEBUG] Getting 7-day login data for domain: gta.cartzlink.com
[DEBUG] Login data: {'current': 29.3, 'average': 29.05, 'values': [29.3, 28.8], 'is_high': True}
[DEBUG] Formatted login summary: 
Times (Last 2 Days): 29.3, 28.8
2-Day Avg: 29.1
Today: 29.3  Above 2-Day Avg
[DEBUG] Getting 7-day data for domain: fst.itserver.biz
[DEBUG] Page load data: {'current': 31.1, 'average': 24.3, 'values': [31.1, 31.7, 10.1], 'is_high': True}
[DEBUG] Formatted summary: 
Times (Last 3 Days): 31.1, 31.7, 10.1
3-Day Avg: 24.3
Today: 31.1  Above 3-Day Avg
[DEBUG] Getting 7-day login data for domain: fst.itserver.biz
[DEBUG] Login data: {'current': 21.1, 'average': 20.7, 'values': [21.1, 20.2, 20.8], 'is_high': True}
[DEBUG] Formatted login summary: 
Times (Last 3 Days): 21.1, 20.2, 20.8
3-Day Avg: 20.7
Today: 21.1  Above 3-Day Avg
[DEBUG] Getting 7-day data for domain: cam.itserver.biz
[DEBUG] Page load data: {'current': 8.4, 'average': 6.0, 'values': [8.4, 3.6], 'is_high': True}
[DEBUG] Formatted summary: 
Times (Last 2 Days): 8.4, 3.6
2-Day Avg: 6.0
Today: 8.4  Above 2-Day Avg
[DEBUG] Getting 7-day login data for domain: cam.itserver.biz
[DEBUG] Login data: {'current': 20.9, 'average': 20.6, 'values': [20.9, 20.3], 'is_high': True}
[DEBUG] Formatted login summary: 
Times (Last 2 Days): 20.9, 20.3
2-Day Avg: 20.6
Today: 20.9  Above 2-Day Avg
[DEBUG] Getting 7-day data for domain: bmkenya.itserver.biz
[DEBUG] Page load data: {'current': 1.8, 'average': 2.2, 'values': [1.8, 2.6], 'is_high': False}
[DEBUG] Formatted summary: 
Times (Last 2 Days): 1.8, 2.6
2-Day Avg: 2.2
Today: 1.8
[DEBUG] Getting 7-day login data for domain: bmkenya.itserver.biz
[DEBUG] Login data: {'current': 19.9, 'average': 20.35, 'values': [19.9, 20.8], 'is_high': False}
[DEBUG] Formatted login summary: 
Times (Last 2 Days): 19.9, 20.8
2-Day Avg: 20.4
Today: 19.9
[DEBUG] Getting 7-day data for domain: crm.cartzlink.com
[DEBUG] Page load data: {'current': 2.6, 'average': 2.55, 'values': [2.6, 2.5], 'is_high': True}
[DEBUG] Formatted summary: 
Times (Last 2 Days): 2.6, 2.5
2-Day Avg: 2.5
Today: 2.6  Above 2-Day Avg
[DEBUG] Getting 7-day login data for domain: crm.cartzlink.com
[DEBUG] Login data: {'current': 19.1, 'average': 19.15, 'values': [19.1, 19.2], 'is_high': False}
[DEBUG] Formatted login summary: 
Times (Last 2 Days): 19.1, 19.2
2-Day Avg: 19.1
Today: 19.1
[DEBUG] Getting 7-day data for domain: crm.tabrospharma.com
[DEBUG] Page load data: {'current': 1.6, 'average': 1.9000000000000001, 'values': [1.6, 2.2], 'is_high': False}
[DEBUG] Formatted summary: 
Times (Last 2 Days): 1.6, 2.2
2-Day Avg: 1.9
Today: 1.6
[DEBUG] Getting 7-day login data for domain: crm.tabrospharma.com
[DEBUG] Login data: {'current': 26.9, 'average': 27.1, 'values': [26.9, 27.3], 'is_high': False}
[DEBUG] Formatted login summary: 
Times (Last 2 Days): 26.9, 27.3
2-Day Avg: 27.1
Today: 26.9

[INFO] Server: metro crm | Domain: mt.itserver.biz
[INFO] Features executed:
    Sales Order
==================================================
[PASS] Page Load (3.90s)  Above 7-Day Avg

Times (Last 2 Days): 3.9, 2.0
2-Day Avg: 3.0
Today: 3.9  Above 2-Day Avg
[PASS] Login (27.20s)  Above 7-Day Avg

Times (Last 2 Days): 27.2, 25.6
2-Day Avg: 26.4
Today: 27.2  Above 2-Day Avg

[INFO] Feature: Sales Order
[PASS] Feature: Sales Order (21.10s)

Times (Last 2 Days): 21.1, 22.6
2-Day Avg: 21.9
Today: 21.1
[PASS] Scenario: Visit Sales order page and click on edit btn (21.10s)

[INFO] Server: s13 | Domain: gta.cartzlink.com
[INFO] Features executed:
    Add Account Voucher
    Sales Invoice
==================================================
[PASS] Page Load (2.50s)

Times (Last 2 Days): 2.5, 3.3
2-Day Avg: 2.9
Today: 2.5
[PASS] Login (29.30s)  Above 7-Day Avg

Times (Last 2 Days): 29.3, 28.8
2-Day Avg: 29.1
Today: 29.3  Above 2-Day Avg

[INFO] Feature: Add Account Voucher
[PASS] Feature: Add Account Voucher (15.50s)

Times (Last 2 Days): 15.5, 16.8
2-Day Avg: 16.1
Today: 15.5
[PASS] Scenario: Visit Account Voucher Page and click on Edit btn (15.50s)
[INFO] Feature: Sales Invoice
[PASS] Feature: Sales Invoice (42.20s)  Above 7-Day Avg

Times (Last 2 Days): 42.2, 40.8
2-Day Avg: 41.5
Today: 42.2  Above 2-Day Avg
[PASS] Scenario: Sales Invoice page (41.90s)

[INFO] Server: FST | Domain: fst.itserver.biz
[INFO] Features executed:
    Sales Order
==================================================
[PASS] Page Load (31.10s)  Above 7-Day Avg

Times (Last 3 Days): 31.1, 31.7, 10.1
3-Day Avg: 24.3
Today: 31.1  Above 3-Day Avg
[PASS] Login (21.10s)  Above 7-Day Avg

Times (Last 3 Days): 21.1, 20.2, 20.8
3-Day Avg: 20.7
Today: 21.1  Above 3-Day Avg

[INFO] Feature: Sales Order
[PASS] Feature: Sales Order (47.70s)

Times (Last 3 Days): 47.7, 49.5, 74.7
3-Day Avg: 57.3
Today: 47.7
[PASS] Scenario: Visit Sales order page and click on Edit btn (47.70s)

[INFO] Server: metro cam | Domain: cam.itserver.biz
[INFO] Features executed:
    Add Account Voucher
    Gatepass
    Purchase Invoice
    Production Order FSTUser
==================================================
[PASS] Page Load (8.40s)  Above 7-Day Avg

Times (Last 2 Days): 8.4, 3.6
2-Day Avg: 6.0
Today: 8.4  Above 2-Day Avg
[PASS] Login (20.90s)  Above 7-Day Avg

Times (Last 2 Days): 20.9, 20.3
2-Day Avg: 20.6
Today: 20.9  Above 2-Day Avg

[INFO] Feature: Add Account Voucher
[PASS] Feature: Add Account Voucher (10.40s)

Times (Last 2 Days): 10.4, 10.4
2-Day Avg: 10.4
Today: 10.4
[PASS] Scenario: Visit Account Voucher Page and click on Edit btn (10.40s)
[INFO] Feature: Gatepass
[PASS] Feature: Gatepass (44.80s)

Times (Last 2 Days): 44.8, 52.1
2-Day Avg: 48.5
Today: 44.8
[PASS] Scenario: Visit Gate pass Page and click on Edit btn (44.80s)
[INFO] Feature: Purchase Invoice
[PASS] Feature: Purchase Invoice (50.80s)

Times (Last 2 Days): 50.8, 54.6
2-Day Avg: 52.7
Today: 50.8
[PASS] Scenario: Visit Purchase invoice Page and click on Edit btn (50.80s)
[INFO] Feature: Production Order FSTUser
[PASS] Feature: Production Order FSTUser (14.10s)

Times (Last 2 Days): 14.1, 14.9
2-Day Avg: 14.5
Today: 14.1
[PASS] Scenario: Visit Production order page and click on Edit btn (14.10s)

[INFO] Server: bmkenya | Domain: bmkenya.itserver.biz
[INFO] Features executed:
    Add Account Voucher
    Sales Order
==================================================
[PASS] Page Load (1.80s)

Times (Last 2 Days): 1.8, 2.6
2-Day Avg: 2.2
Today: 1.8
[PASS] Login (19.90s)

Times (Last 2 Days): 19.9, 20.8
2-Day Avg: 20.4
Today: 19.9

[INFO] Feature: Add Account Voucher
[PASS] Feature: Add Account Voucher (11.20s)  Above 7-Day Avg

Times (Last 2 Days): 11.2, 3.0
2-Day Avg: 7.1
Today: 11.2  Above 2-Day Avg
[PASS] Scenario: Visit Account Voucher Page and click on Edit btn (11.20s)
[INFO] Feature: Sales Order
[PASS] Feature: Sales Order (3.70s)

Times (Last 2 Days): 3.7, 3.8
2-Day Avg: 3.8
Today: 3.7
[PASS] Scenario: Visit Sales order page (3.70s)

[INFO] Server: s15 | Domain: crm.cartzlink.com
[INFO] Features executed:
    Dash board
==================================================
[PASS] Page Load (2.60s)  Above 7-Day Avg

Times (Last 2 Days): 2.6, 2.5
2-Day Avg: 2.5
Today: 2.6  Above 2-Day Avg
[PASS] Login (19.10s)

Times (Last 2 Days): 19.1, 19.2
2-Day Avg: 19.1
Today: 19.1

[INFO] Feature: Dash board
[PASS] Feature: Dash board (0.00s)

Times (Last 2 Days): 0.0, 0.0
2-Day Avg: 0.0
Today: 0.0
[PASS] Scenario: Visit Dash board page (0.00s)

[INFO] Server: TP | Domain: crm.tabrospharma.com
[INFO] Features executed:
    Add Account Voucher
    Sales Order
==================================================
[PASS] Page Load (1.60s)

Times (Last 2 Days): 1.6, 2.2
2-Day Avg: 1.9
Today: 1.6
[PASS] Login (26.90s)

Times (Last 2 Days): 26.9, 27.3
2-Day Avg: 27.1
Today: 26.9

[INFO] Feature: Add Account Voucher
[PASS] Feature: Add Account Voucher (8.60s)

Times (Last 2 Days): 8.6, 8.6
2-Day Avg: 8.6
Today: 8.6
[PASS] Scenario: Visit Account Voucher Page and click on Edit btn (8.60s)
[INFO] Feature: Sales Order
[PASS] Feature: Sales Order (9.50s)

Times (Last 2 Days): 9.5, 9.5
2-Day Avg: 9.5
Today: 9.5
[PASS] Scenario: Visit Sales Order Page and click on Edit btn (9.50s)
[PASS] Test summary email sent successfully.
Finished at Mon 09/29/2025 14:56:51.89 
========================================= 
