========================================= 
Behave Run Started at Wed 12/17/2025 11:00:01.19 
========================================= 

============================================================
STARTING DOMAIN: mt.itserver.biz (Server: metro crm)
============================================================
[INFO] Running 1 feature files for domain 'mt.itserver.biz':
    E:\shayan\tests\features\mt.itserver.biz\SO.feature
[INFO] Domain = mt.itserver.biz
[INFO] Starting browser and logging in for domain: mt.itserver.biz
[INFO] Creating fresh browser instance for domain: mt.itserver.biz
[INFO] Attempt 1/5: Creating Chrome driver...
[INFO] Applying performance optimizations for problematic domain: mt.itserver.biz
[PASS] Chrome driver created successfully on attempt 1
[INFO] Attempt 1/5: Opening https://mt.itserver.biz/admin/?r=user/user/login&_lang=en
[PASS] Page loaded successfully on attempt 1
[PASS] Opened URL: https://mt.itserver.biz/admin/?r=user/user/login&_lang=en
[INFO] Testing refresh function for dashboard elements...
[PASS] Login successful - dashboard loaded with refresh function
[PASS] Login successful - dashboard loaded with fallback method
[INFO] Login completed. Page Load: 1.9s, Login: 24.6s
[INFO] Login successful for domain: mt.itserver.biz
[INFO] Starting feature: Sales Order
Feature: Sales Order # features/mt.itserver.biz/SO.feature:4

  @critical
  Scenario: Visit Sales order page and click on edit btn  # features/mt.itserver.biz/SO.feature:7
    Given we visit "orders/SO2"                           # features/steps/form_actions.py:36
    When we edit the top row                              # features/steps/cartzlink_form.py:155
      Assertion Failed:  Edit button could not be clicked or did not open the form
      Captured stdout:
       Successfully loaded orders/SO2
      
      [Screenshot Saved] E:\shayan\tests\screenshots\we edit the top row_20251217_110059.png

[INFO] Completed feature: Sales Order
DEBUG: context.domain = mt.itserver.biz
DEBUG: timing_summary = {'mt.itserver.biz': {'Server': 'metro crm', 'Page Load': 1.9, 'Login': 24.6, 'Features': {'Sales Order': {'Feature': None, 'Scenario Timings': [{'name': 'Visit Sales order page and click on edit btn', 'duration': 23.3, 'status': 'failed', 'failed_steps': []}], 'Failed Steps': []}}}}
PASS Feature: Sales Order (23.3s)
[DEBUG] Writing timing summary for mt.itserver.biz to E:\shayan\tests\timing_results\mt.itserver.biz_timing.json

[INFO] Closing browser for domain: mt.itserver.biz
[INFO] Browser closed successfully for domain: mt.itserver.biz
[INFO] Browser instance cleared for domain: mt.itserver.biz
[SUMMARY] Timing for mt.itserver.biz:
{
  "page_load": {
    "current": 1.9,
    "average": 2.5999999999999996,
    "values": [
      1.9,
      3.3
    ],
    "is_high": false
  },
  "login": {
    "current": 24.6,
    "average": 26.25,
    "values": [
      24.6,
      27.9
    ],
    "is_high": false
  },
  "features": {
    "Sales Order": {
      "current": 23.3,
      "average": 18.05,
      "values": [
        23.3,
        12.8
      ],
      "is_high": true
    }
  },
  "scenario": {
    "current": 23.3,
    "average": 18.05,
    "values": [
      23.3,
      12.8
    ],
    "is_high": true
  }
}

[INFO] Server: metro crm | Domain: mt.itserver.biz
==================================================
[FAIL] Sales Order

============================================================
COMPLETED DOMAIN: mt.itserver.biz
============================================================

============================================================
STARTING DOMAIN: gta.cartzlink.com (Server: s13)
============================================================
[INFO] Running 2 feature files for domain 'gta.cartzlink.com':
    E:\shayan\tests\features\gta.cartzlink.com\AccV.feature
    E:\shayan\tests\features\gta.cartzlink.com\SI.feature
[INFO] Domain = gta.cartzlink.com
[INFO] Starting browser and logging in for domain: gta.cartzlink.com
[INFO] Creating fresh browser instance for domain: gta.cartzlink.com
[INFO] Attempt 1/3: Creating Chrome driver...
[PASS] Chrome driver created successfully on attempt 1
[INFO] Attempt 1/3: Opening https://gta.cartzlink.com/admin/?r=user/user/login&_lang=en
[PASS] Page loaded successfully on attempt 1
[PASS] Opened URL: https://gta.cartzlink.com/admin/?r=user/user/login&_lang=en
[INFO] Testing refresh function for dashboard elements...
[PASS] Login successful - dashboard loaded with refresh function
[PASS] Login successful - dashboard loaded with fallback method
[INFO] Login completed. Page Load: 5.1s, Login: 29.8s
[INFO] Login successful for domain: gta.cartzlink.com
[INFO] Starting feature: Add Account Voucher
Feature: Add Account Voucher # features/gta.cartzlink.com/AccV.feature:4

  @critical
  Scenario: Visit Account Voucher Page and click on Edit btn  # features/gta.cartzlink.com/AccV.feature:7
    Given we visit "accounts2"                                # features/steps/form_actions.py:36
    When we edit the top row                                  # features/steps/cartzlink_form.py:155
[INFO] Completed feature: Add Account Voucher
DEBUG: context.domain = gta.cartzlink.com
DEBUG: timing_summary = {'gta.cartzlink.com': {'Server': 's13', 'Page Load': 5.1, 'Login': 29.8, 'Features': {'Add Account Voucher': {'Feature': None, 'Scenario Timings': [{'name': 'Visit Account Voucher Page and click on Edit btn', 'duration': 13.9, 'status': 'passed', 'failed_steps': []}], 'Failed Steps': []}}}}
PASS Feature: Add Account Voucher (13.9s)
[DEBUG] Writing timing summary for gta.cartzlink.com to E:\shayan\tests\timing_results\gta.cartzlink.com_timing.json

[INFO] Starting feature: Sales Invoice
Feature: Sales Invoice # features/gta.cartzlink.com/SI.feature:1

  @critical
  Scenario: Sales Invoice page           # features/gta.cartzlink.com/SI.feature:4
    Given we visit "orders/salesInvoice" # features/steps/form_actions.py:36
    When we edit the top row             # features/steps/cartzlink_form.py:155
[INFO] Completed feature: Sales Invoice
DEBUG: context.domain = gta.cartzlink.com
DEBUG: timing_summary = {'gta.cartzlink.com': {'Server': 's13', 'Page Load': 5.1, 'Login': 29.8, 'Features': {'Add Account Voucher': {'Feature': 13.9, 'Scenario Timings': [{'name': 'Visit Account Voucher Page and click on Edit btn', 'duration': 13.9, 'status': 'passed', 'failed_steps': []}], 'Failed Steps': []}, 'Sales Invoice': {'Feature': None, 'Scenario Timings': [{'name': 'Sales Invoice page', 'duration': 16.3, 'status': 'passed', 'failed_steps': []}], 'Failed Steps': []}}}}
PASS Feature: Sales Invoice (16.3s)
[DEBUG] Writing timing summary for gta.cartzlink.com to E:\shayan\tests\timing_results\gta.cartzlink.com_timing.json

[INFO] Closing browser for domain: gta.cartzlink.com
[INFO] Browser closed successfully for domain: gta.cartzlink.com
[INFO] Browser instance cleared for domain: gta.cartzlink.com
[SUMMARY] Timing for gta.cartzlink.com:
{
  "page_load": {
    "current": 5.1,
    "average": 5.8,
    "values": [
      5.1,
      6.5
    ],
    "is_high": false
  },
  "login": {
    "current": 29.8,
    "average": 27.200000000000003,
    "values": [
      29.8,
      24.6
    ],
    "is_high": true
  },
  "features": {
    "Add Account Voucher": {
      "current": 13.9,
      "average": 14.45,
      "values": [
        13.9,
        15.0
      ],
      "is_high": false
    },
    "Sales Invoice": {
      "current": 16.3,
      "average": 19.55,
      "values": [
        16.3,
        22.8
      ],
      "is_high": false
    }
  },
  "scenario": {
    "current": 15.100000000000001,
    "average": 17.0,
    "values": [
      15.100000000000001,
      18.9
    ],
    "is_high": false
  }
}

[INFO] Server: s13 | Domain: gta.cartzlink.com
==================================================
[PASS] Add Account Voucher
[PASS] Sales Invoice

============================================================
COMPLETED DOMAIN: gta.cartzlink.com
============================================================

============================================================
STARTING DOMAIN: fst.itserver.biz (Server: FST)
============================================================
[INFO] Running 1 feature files for domain 'fst.itserver.biz':
    E:\shayan\tests\features\fst.itserver.biz\SO.feature
[INFO] Domain = fst.itserver.biz
[INFO] Starting browser and logging in for domain: fst.itserver.biz
[INFO] Creating fresh browser instance for domain: fst.itserver.biz
[INFO] Attempt 1/3: Creating Chrome driver...
[PASS] Chrome driver created successfully on attempt 1
[INFO] Attempt 1/3: Opening https://fst.itserver.biz/admin/?r=user/user/login&_lang=en
[PASS] Page loaded successfully on attempt 1
[PASS] Opened URL: https://fst.itserver.biz/admin/?r=user/user/login&_lang=en
[INFO] Testing refresh function for dashboard elements...
[PASS] Login successful - dashboard loaded with refresh function
[PASS] Login successful - dashboard loaded with fallback method
[INFO] Login completed. Page Load: 2.7s, Login: 20.2s
[INFO] Login successful for domain: fst.itserver.biz
[INFO] Starting feature: Sales Order
Feature: Sales Order # features/fst.itserver.biz/SO.feature:4

  @critical
  Scenario: Visit Sales order page and click on Edit btn  # features/fst.itserver.biz/SO.feature:7
    Given we visit "orders/salesOrder"                    # features/steps/form_actions.py:36
    When we clear the from date and search                # features/steps/form_actions.py:82
[INFO] Completed feature: Sales Order
DEBUG: context.domain = fst.itserver.biz
DEBUG: timing_summary = {'fst.itserver.biz': {'Server': 'FST', 'Page Load': 2.7, 'Login': 20.2, 'Features': {'Sales Order': {'Feature': None, 'Scenario Timings': [{'name': 'Visit Sales order page and click on Edit btn', 'duration': 13.4, 'status': 'passed', 'failed_steps': []}], 'Failed Steps': []}}}}
PASS Feature: Sales Order (13.4s)
[DEBUG] Writing timing summary for fst.itserver.biz to E:\shayan\tests\timing_results\fst.itserver.biz_timing.json

[INFO] Closing browser for domain: fst.itserver.biz
[INFO] Browser closed successfully for domain: fst.itserver.biz
[INFO] Browser instance cleared for domain: fst.itserver.biz
[SUMMARY] Timing for fst.itserver.biz:
{
  "page_load": {
    "current": 2.7,
    "average": 4.75,
    "values": [
      2.7,
      6.8
    ],
    "is_high": false
  },
  "login": {
    "current": 20.2,
    "average": 22.299999999999997,
    "values": [
      20.2,
      24.4
    ],
    "is_high": false
  },
  "features": {
    "Sales Order": {
      "current": 13.4,
      "average": 19.3,
      "values": [
        13.4,
        25.2
      ],
      "is_high": false
    }
  },
  "scenario": {
    "current": 13.4,
    "average": 19.3,
    "values": [
      13.4,
      25.2
    ],
    "is_high": false
  }
}

[INFO] Server: FST | Domain: fst.itserver.biz
==================================================
[PASS] Sales Order

============================================================
COMPLETED DOMAIN: fst.itserver.biz
============================================================

============================================================
STARTING DOMAIN: cam.itserver.biz (Server: metro cam)
============================================================
[INFO] Running 4 feature files for domain 'cam.itserver.biz':
    E:\shayan\tests\features\cam.itserver.biz\AccV.feature
    E:\shayan\tests\features\cam.itserver.biz\GP.feature
    E:\shayan\tests\features\cam.itserver.biz\PI.feature
    E:\shayan\tests\features\cam.itserver.biz\SO.feature
[INFO] Domain = cam.itserver.biz
[INFO] Starting browser and logging in for domain: cam.itserver.biz
[INFO] Creating fresh browser instance for domain: cam.itserver.biz
[INFO] Attempt 1/3: Creating Chrome driver...
[PASS] Chrome driver created successfully on attempt 1
[INFO] Attempt 1/3: Opening https://cam.itserver.biz/admin/?r=user/user/login&_lang=en
[PASS] Page loaded successfully on attempt 1
[PASS] Opened URL: https://cam.itserver.biz/admin/?r=user/user/login&_lang=en
[INFO] Testing refresh function for dashboard elements...
[PASS] Login successful - dashboard loaded with refresh function
[PASS] Login successful - dashboard loaded with fallback method
[INFO] Login completed. Page Load: 3.8s, Login: 19.2s
[INFO] Login successful for domain: cam.itserver.biz
[INFO] Starting feature: Add Account Voucher
Feature: Add Account Voucher # features/cam.itserver.biz/AccV.feature:4

  @critical
  Scenario: Visit Account Voucher Page and click on Edit btn  # features/cam.itserver.biz/AccV.feature:7
    Given we visit "accounts2"                                # features/steps/form_actions.py:36
    When we edit the top row                                  # features/steps/cartzlink_form.py:155
[INFO] Completed feature: Add Account Voucher
DEBUG: context.domain = cam.itserver.biz
DEBUG: timing_summary = {'cam.itserver.biz': {'Server': 'metro cam', 'Page Load': 3.8, 'Login': 19.2, 'Features': {'Add Account Voucher': {'Feature': None, 'Scenario Timings': [{'name': 'Visit Account Voucher Page and click on Edit btn', 'duration': 8.0, 'status': 'passed', 'failed_steps': []}], 'Failed Steps': []}}}}
PASS Feature: Add Account Voucher (8.0s)
[DEBUG] Writing timing summary for cam.itserver.biz to E:\shayan\tests\timing_results\cam.itserver.biz_timing.json

[INFO] Starting feature: Gatepass
Feature: Gatepass # features/cam.itserver.biz/GP.feature:1

  @critical
  Scenario: Visit Gate pass Page and click on Edit btn  # features/cam.itserver.biz/GP.feature:4
    Given we visit "orders/deliveryChallanCAM"          # features/steps/form_actions.py:36
    When we edit the top row                            # features/steps/cartzlink_form.py:155
[INFO] Completed feature: Gatepass
DEBUG: context.domain = cam.itserver.biz
DEBUG: timing_summary = {'cam.itserver.biz': {'Server': 'metro cam', 'Page Load': 3.8, 'Login': 19.2, 'Features': {'Add Account Voucher': {'Feature': 8.0, 'Scenario Timings': [{'name': 'Visit Account Voucher Page and click on Edit btn', 'duration': 8.0, 'status': 'passed', 'failed_steps': []}], 'Failed Steps': []}, 'Gatepass': {'Feature': None, 'Scenario Timings': [{'name': 'Visit Gate pass Page and click on Edit btn', 'duration': 12.0, 'status': 'passed', 'failed_steps': []}], 'Failed Steps': []}}}}
PASS Feature: Gatepass (12.0s)
[DEBUG] Writing timing summary for cam.itserver.biz to E:\shayan\tests\timing_results\cam.itserver.biz_timing.json

[INFO] Starting feature: Purchase Invoice
Feature: Purchase Invoice # features/cam.itserver.biz/PI.feature:3

  @critical
  Scenario: Visit Purchase invoice Page and click on Edit btn  # features/cam.itserver.biz/PI.feature:6
    Given we visit "orders/purchaseInvoice"                    # features/steps/form_actions.py:36
    When we edit the top row                                   # features/steps/cartzlink_form.py:155
[INFO] Completed feature: Purchase Invoice
DEBUG: context.domain = cam.itserver.biz
DEBUG: timing_summary = {'cam.itserver.biz': {'Server': 'metro cam', 'Page Load': 3.8, 'Login': 19.2, 'Features': {'Add Account Voucher': {'Feature': 8.0, 'Scenario Timings': [{'name': 'Visit Account Voucher Page and click on Edit btn', 'duration': 8.0, 'status': 'passed', 'failed_steps': []}], 'Failed Steps': []}, 'Gatepass': {'Feature': 12.0, 'Scenario Timings': [{'name': 'Visit Gate pass Page and click on Edit btn', 'duration': 12.0, 'status': 'passed', 'failed_steps': []}], 'Failed Steps': []}, 'Purchase Invoice': {'Feature': None, 'Scenario Timings': [{'name': 'Visit Purchase invoice Page and click on Edit btn', 'duration': 12.5, 'status': 'passed', 'failed_steps': []}], 'Failed Steps': []}}}}
PASS Feature: Purchase Invoice (12.5s)
[DEBUG] Writing timing summary for cam.itserver.biz to E:\shayan\tests\timing_results\cam.itserver.biz_timing.json

[INFO] Starting feature: Production Order FSTUser
Feature: Production Order FSTUser # features/cam.itserver.biz/SO.feature:4

  @critical
  Scenario: Visit Production order page and click on Edit btn  # features/cam.itserver.biz/SO.feature:7
    Given we visit "orders/SalesOrderFSTUser"                  # features/steps/form_actions.py:36
    When we edit the top row                                   # features/steps/cartzlink_form.py:155
[INFO] Completed feature: Production Order FSTUser
DEBUG: context.domain = cam.itserver.biz
DEBUG: timing_summary = {'cam.itserver.biz': {'Server': 'metro cam', 'Page Load': 3.8, 'Login': 19.2, 'Features': {'Add Account Voucher': {'Feature': 8.0, 'Scenario Timings': [{'name': 'Visit Account Voucher Page and click on Edit btn', 'duration': 8.0, 'status': 'passed', 'failed_steps': []}], 'Failed Steps': []}, 'Gatepass': {'Feature': 12.0, 'Scenario Timings': [{'name': 'Visit Gate pass Page and click on Edit btn', 'duration': 12.0, 'status': 'passed', 'failed_steps': []}], 'Failed Steps': []}, 'Purchase Invoice': {'Feature': 12.5, 'Scenario Timings': [{'name': 'Visit Purchase invoice Page and click on Edit btn', 'duration': 12.5, 'status': 'passed', 'failed_steps': []}], 'Failed Steps': []}, 'Production Order FSTUser': {'Feature': None, 'Scenario Timings': [{'name': 'Visit Production order page and click on Edit btn', 'duration': 8.1, 'status': 'passed', 'failed_steps': []}], 'Failed Steps': []}}}}
PASS Feature: Production Order FSTUser (8.1s)
[DEBUG] Writing timing summary for cam.itserver.biz to E:\shayan\tests\timing_results\cam.itserver.biz_timing.json

[INFO] Closing browser for domain: cam.itserver.biz
[INFO] Browser closed successfully for domain: cam.itserver.biz
[INFO] Browser instance cleared for domain: cam.itserver.biz
[SUMMARY] Timing for cam.itserver.biz:
{
  "page_load": {
    "current": 3.8,
    "average": 14.15,
    "values": [
      3.8,
      24.5
    ],
    "is_high": false
  },
  "login": {
    "current": 19.2,
    "average": 31.200000000000003,
    "values": [
      19.2,
      43.2
    ],
    "is_high": false
  },
  "features": {
    "Add Account Voucher": {
      "current": 8.0,
      "average": 10.15,
      "values": [
        8.0,
        12.3
      ],
      "is_high": false
    },
    "Gatepass": {
      "current": 12.0,
      "average": 50.8,
      "values": [
        12.0,
        89.6
      ],
      "is_high": false
    },
    "Purchase Invoice": {
      "current": 12.5,
      "average": 24.45,
      "values": [
        12.5,
        36.4
      ],
      "is_high": false
    },
    "Production Order FSTUser": {
      "current": 8.1,
      "average": 12.899999999999999,
      "values": [
        8.1,
        17.7
      ],
      "is_high": false
    }
  },
  "scenario": {
    "current": 10.15,
    "average": 24.575,
    "values": [
      10.15,
      39.0
    ],
    "is_high": false
  }
}

[INFO] Server: metro cam | Domain: cam.itserver.biz
==================================================
[PASS] Add Account Voucher
[PASS] Gatepass
[PASS] Purchase Invoice
[PASS] Production Order FSTUser

============================================================
COMPLETED DOMAIN: cam.itserver.biz
============================================================

============================================================
STARTING DOMAIN: bmkenya.itserver.biz (Server: bmkenya)
============================================================
[INFO] Running 2 feature files for domain 'bmkenya.itserver.biz':
    E:\shayan\tests\features\bmkenya.itserver.biz\AccV.feature
    E:\shayan\tests\features\bmkenya.itserver.biz\SO.feature
[INFO] Domain = bmkenya.itserver.biz
[INFO] Starting browser and logging in for domain: bmkenya.itserver.biz
[INFO] Creating fresh browser instance for domain: bmkenya.itserver.biz
[INFO] Attempt 1/3: Creating Chrome driver...
[PASS] Chrome driver created successfully on attempt 1
[INFO] Attempt 1/3: Opening https://bmkenya.itserver.biz/admin/?r=user/user/login&_lang=en
[PASS] Page loaded successfully on attempt 1
[PASS] Opened URL: https://bmkenya.itserver.biz/admin/?r=user/user/login&_lang=en
[INFO] Testing refresh function for dashboard elements...
[PASS] Login successful - dashboard loaded with refresh function
[PASS] Login successful - dashboard loaded with fallback method
[INFO] Login completed. Page Load: 5.7s, Login: 20.6s
[INFO] Login successful for domain: bmkenya.itserver.biz
[INFO] Starting feature: Add Account Voucher
Feature: Add Account Voucher # features/bmkenya.itserver.biz/AccV.feature:4

  @critical
  Scenario: Visit Account Voucher Page and click on Edit btn  # features/bmkenya.itserver.biz/AccV.feature:7
    Given we visit "accounts2"                                # features/steps/form_actions.py:36
    When we edit the top row                                  # features/steps/cartzlink_form.py:155
[INFO] Completed feature: Add Account Voucher
DEBUG: context.domain = bmkenya.itserver.biz
DEBUG: timing_summary = {'bmkenya.itserver.biz': {'Server': 'bmkenya', 'Page Load': 5.7, 'Login': 20.6, 'Features': {'Add Account Voucher': {'Feature': None, 'Scenario Timings': [{'name': 'Visit Account Voucher Page and click on Edit btn', 'duration': 11.3, 'status': 'passed', 'failed_steps': []}], 'Failed Steps': []}}}}
PASS Feature: Add Account Voucher (11.3s)
[DEBUG] Writing timing summary for bmkenya.itserver.biz to E:\shayan\tests\timing_results\bmkenya.itserver.biz_timing.json

[INFO] Starting feature: Sales Order
Feature: Sales Order # features/bmkenya.itserver.biz/SO.feature:4

  @critical
  Scenario: Visit Sales order page     # features/bmkenya.itserver.biz/SO.feature:7
    Given we visit "orders/salesOrder" # features/steps/form_actions.py:36
[INFO] Completed feature: Sales Order
DEBUG: context.domain = bmkenya.itserver.biz
DEBUG: timing_summary = {'bmkenya.itserver.biz': {'Server': 'bmkenya', 'Page Load': 5.7, 'Login': 20.6, 'Features': {'Add Account Voucher': {'Feature': 11.3, 'Scenario Timings': [{'name': 'Visit Account Voucher Page and click on Edit btn', 'duration': 11.3, 'status': 'passed', 'failed_steps': []}], 'Failed Steps': []}, 'Sales Order': {'Feature': None, 'Scenario Timings': [{'name': 'Visit Sales order page', 'duration': 2.0, 'status': 'passed', 'failed_steps': []}], 'Failed Steps': []}}}}
PASS Feature: Sales Order (2.0s)
[DEBUG] Writing timing summary for bmkenya.itserver.biz to E:\shayan\tests\timing_results\bmkenya.itserver.biz_timing.json

[INFO] Closing browser for domain: bmkenya.itserver.biz
[INFO] Browser closed successfully for domain: bmkenya.itserver.biz
[INFO] Browser instance cleared for domain: bmkenya.itserver.biz
[SUMMARY] Timing for bmkenya.itserver.biz:
{
  "page_load": {
    "current": 5.7,
    "average": 6.7,
    "values": [
      5.7,
      7.7
    ],
    "is_high": false
  },
  "login": {
    "current": 20.6,
    "average": 22.5,
    "values": [
      20.6,
      24.4
    ],
    "is_high": false
  },
  "features": {
    "Add Account Voucher": {
      "current": 11.3,
      "average": 11.25,
      "values": [
        11.3,
        11.2
      ],
      "is_high": true
    },
    "Sales Order": {
      "current": 2.0,
      "average": 1.9,
      "values": [
        2.0,
        1.8
      ],
      "is_high": true
    }
  },
  "scenario": {
    "current": 6.65,
    "average": 6.575,
    "values": [
      6.65,
      6.5
    ],
    "is_high": true
  }
}

[INFO] Server: bmkenya | Domain: bmkenya.itserver.biz
==================================================
[PASS] Add Account Voucher
[PASS] Sales Order

============================================================
COMPLETED DOMAIN: bmkenya.itserver.biz
============================================================

============================================================
STARTING DOMAIN: crm.cartzlink.com (Server: s15)
============================================================
[INFO] Running 1 feature files for domain 'crm.cartzlink.com':
    E:\shayan\tests\features\crm.cartzlink.com\dashboard.feature
[INFO] Domain = crm.cartzlink.com
[INFO] Starting browser and logging in for domain: crm.cartzlink.com
[INFO] Creating fresh browser instance for domain: crm.cartzlink.com
[INFO] Attempt 1/3: Creating Chrome driver...
[PASS] Chrome driver created successfully on attempt 1
[INFO] Attempt 1/3: Opening https://crm.cartzlink.com/admin/?r=user/user/login&_lang=en
[PASS] Page loaded successfully on attempt 1
[PASS] Opened URL: https://crm.cartzlink.com/admin/?r=user/user/login&_lang=en
[INFO] Testing refresh function for dashboard elements...
[PASS] Login successful - dashboard loaded with refresh function
[PASS] Login successful - dashboard loaded with fallback method
[INFO] Login completed. Page Load: 4.8s, Login: 18.1s
[INFO] Login successful for domain: crm.cartzlink.com
[INFO] Starting feature: Dash board
Feature: Dash board # features/crm.cartzlink.com/dashboard.feature:4
[INFO] Completed feature: Dash board
DEBUG: context.domain = crm.cartzlink.com
DEBUG: timing_summary = {'crm.cartzlink.com': {'Server': 's15', 'Page Load': 4.8, 'Login': 18.1, 'Features': {'Dash board': {'Feature': None, 'Scenario Timings': [{'name': 'Visit Dash board page', 'duration': 0.0, 'status': 'passed', 'failed_steps': []}], 'Failed Steps': []}}}}
PASS Feature: Dash board (0.0s)
[DEBUG] Writing timing summary for crm.cartzlink.com to E:\shayan\tests\timing_results\crm.cartzlink.com_timing.json

  @critical
  Scenario: Visit Dash board page  # features/crm.cartzlink.com/dashboard.feature:7

[INFO] Closing browser for domain: crm.cartzlink.com
[INFO] Browser closed successfully for domain: crm.cartzlink.com
[INFO] Browser instance cleared for domain: crm.cartzlink.com
[SUMMARY] Timing for crm.cartzlink.com:
{
  "page_load": {
    "current": 4.8,
    "average": 2.9,
    "values": [
      4.8,
      1.0
    ],
    "is_high": true
  },
  "login": {
    "current": 18.1,
    "average": 18.35,
    "values": [
      18.1,
      18.6
    ],
    "is_high": false
  },
  "features": {
    "Dash board": {
      "current": 0.0,
      "average": 0.0,
      "values": [
        0.0,
        0.0
      ],
      "is_high": 0.0
    }
  },
  "scenario": {
    "current": 0.0,
    "average": 0.0,
    "values": [
      0.0,
      0.0
    ],
    "is_high": 0.0
  }
}

[INFO] Server: s15 | Domain: crm.cartzlink.com
==================================================
[PASS] Dash board

============================================================
COMPLETED DOMAIN: crm.cartzlink.com
============================================================

============================================================
STARTING DOMAIN: crm.tabrospharma.com (Server: TP)
============================================================
[INFO] Running 2 feature files for domain 'crm.tabrospharma.com':
    E:\shayan\tests\features\crm.tabrospharma.com\AccV.feature
    E:\shayan\tests\features\crm.tabrospharma.com\SO.feature
[INFO] Domain = crm.tabrospharma.com
[INFO] Starting browser and logging in for domain: crm.tabrospharma.com
[INFO] Creating fresh browser instance for domain: crm.tabrospharma.com
[INFO] Attempt 1/3: Creating Chrome driver...
[PASS] Chrome driver created successfully on attempt 1
[INFO] Attempt 1/3: Opening https://crm.tabrospharma.com/admin/?r=user/user/login&_lang=en
[PASS] Page loaded successfully on attempt 1
[PASS] Opened URL: https://crm.tabrospharma.com/admin/?r=user/user/login&_lang=en
[INFO] Testing refresh function for dashboard elements...
[PASS] Login successful - dashboard loaded with refresh function
[PASS] Login successful - dashboard loaded with fallback method
[INFO] Login completed. Page Load: 1.5s, Login: 26.0s
[INFO] Login successful for domain: crm.tabrospharma.com
[INFO] Starting feature: Add Account Voucher
Feature: Add Account Voucher # features/crm.tabrospharma.com/AccV.feature:4

  @critical
  Scenario: Visit Account Voucher Page and click on Edit btn  # features/crm.tabrospharma.com/AccV.feature:7
    Given we visit "accounts2"                                # features/steps/form_actions.py:36
    When we edit the top row                                  # features/steps/cartzlink_form.py:155
[INFO] Completed feature: Add Account Voucher
DEBUG: context.domain = crm.tabrospharma.com
DEBUG: timing_summary = {'crm.tabrospharma.com': {'Server': 'TP', 'Page Load': 1.5, 'Login': 26.0, 'Features': {'Add Account Voucher': {'Feature': None, 'Scenario Timings': [{'name': 'Visit Account Voucher Page and click on Edit btn', 'duration': 6.8, 'status': 'passed', 'failed_steps': []}], 'Failed Steps': []}}}}
PASS Feature: Add Account Voucher (6.8s)
[DEBUG] Writing timing summary for crm.tabrospharma.com to E:\shayan\tests\timing_results\crm.tabrospharma.com_timing.json

[INFO] Starting feature: Sales Order
Feature: Sales Order # features/crm.tabrospharma.com/SO.feature:4

  @critical
  Scenario: Visit Sales Order Page and click on Edit btn  # features/crm.tabrospharma.com/SO.feature:7
    Given we visit "orders/salesOrder"                    # features/steps/form_actions.py:36
    When we edit the top row                              # features/steps/cartzlink_form.py:155
[INFO] Completed feature: Sales Order
DEBUG: context.domain = crm.tabrospharma.com
DEBUG: timing_summary = {'crm.tabrospharma.com': {'Server': 'TP', 'Page Load': 1.5, 'Login': 26.0, 'Features': {'Add Account Voucher': {'Feature': 6.8, 'Scenario Timings': [{'name': 'Visit Account Voucher Page and click on Edit btn', 'duration': 6.8, 'status': 'passed', 'failed_steps': []}], 'Failed Steps': []}, 'Sales Order': {'Feature': None, 'Scenario Timings': [{'name': 'Visit Sales Order Page and click on Edit btn', 'duration': 6.9, 'status': 'passed', 'failed_steps': []}], 'Failed Steps': []}}}}
PASS Feature: Sales Order (6.9s)
[DEBUG] Writing timing summary for crm.tabrospharma.com to E:\shayan\tests\timing_results\crm.tabrospharma.com_timing.json

[INFO] Closing browser for domain: crm.tabrospharma.com
[INFO] Browser closed successfully for domain: crm.tabrospharma.com
[INFO] Browser instance cleared for domain: crm.tabrospharma.com
[SUMMARY] Timing for crm.tabrospharma.com:
{
  "page_load": {
    "current": 1.5,
    "average": 1.45,
    "values": [
      1.5,
      1.4
    ],
    "is_high": true
  },
  "login": {
    "current": 26.0,
    "average": 26.2,
    "values": [
      26.0,
      26.4
    ],
    "is_high": false
  },
  "features": {
    "Add Account Voucher": {
      "current": 6.8,
      "average": 6.9,
      "values": [
        6.8,
        7.0
      ],
      "is_high": false
    },
    "Sales Order": {
      "current": 6.9,
      "average": 6.85,
      "values": [
        6.9,
        6.8
      ],
      "is_high": true
    }
  },
  "scenario": {
    "current": 6.85,
    "average": 6.875,
    "values": [
      6.85,
      6.9
    ],
    "is_high": false
  }
}

[INFO] Server: TP | Domain: crm.tabrospharma.com
==================================================
[PASS] Add Account Voucher
[PASS] Sales Order

============================================================
COMPLETED DOMAIN: crm.tabrospharma.com
============================================================

==================================================
[SUMMARY] FINAL TEST SUMMARY
==================================================

================================================================================
[CRITICAL] FAILURES AND PERFORMANCE ISSUES SUMMARY
================================================================================

FAILURES (1 total):
--------------------------------------------------
[FAIL] Scenario FAILED | metro crm | mt.itserver.biz
   Feature: Sales Order
   Scenario: Visit Sales order page and click on edit btn
   Details: Scenario failed in 23.30s


SLOW TESTS (7 total):
--------------------------------------------------
[SLOW] Feature SLOW | metro crm | mt.itserver.biz
   Feature: Sales Order
   Time: 23.30s | Above 7-day average (18.1s)
[SLOW] Login SLOW | s13 | gta.cartzlink.com
   Time: 29.80s | Above 7-day average (27.2s)
[SLOW] Feature SLOW | bmkenya | bmkenya.itserver.biz
   Feature: Add Account Voucher
   Time: 11.30s | Above 7-day average (11.2s)
[SLOW] Feature SLOW | bmkenya | bmkenya.itserver.biz
   Feature: Sales Order
   Time: 2.00s | Above 7-day average (1.9s)
[SLOW] Page Load SLOW | s15 | crm.cartzlink.com
   Time: 4.80s | Above 7-day average (2.9s)
[SLOW] Page Load SLOW | TP | crm.tabrospharma.com
   Time: 1.50s | Above 7-day average (1.4s)
[SLOW] Feature SLOW | TP | crm.tabrospharma.com
   Feature: Sales Order
   Time: 6.90s | Above 7-day average (6.8s)
================================================================================

[DEBUG] Getting 7-day data for domain: mt.itserver.biz
[DEBUG] Page load data: {'current': 1.9, 'average': 2.5999999999999996, 'values': [1.9, 3.3], 'is_high': False}
[DEBUG] Formatted summary: 
Times (Last 2 Days): 1.9, 3.3
2-Day Avg: 2.6
Today: 1.9
[DEBUG] Getting 7-day login data for domain: mt.itserver.biz
[DEBUG] Login data: {'current': 24.6, 'average': 26.25, 'values': [24.6, 27.9], 'is_high': False}
[DEBUG] Formatted login summary: 
Times (Last 2 Days): 24.6, 27.9
2-Day Avg: 26.2
Today: 24.6
[DEBUG] Getting 7-day data for domain: gta.cartzlink.com
[DEBUG] Page load data: {'current': 5.1, 'average': 5.8, 'values': [5.1, 6.5], 'is_high': False}
[DEBUG] Formatted summary: 
Times (Last 2 Days): 5.1, 6.5
2-Day Avg: 5.8
Today: 5.1
[DEBUG] Getting 7-day login data for domain: gta.cartzlink.com
[DEBUG] Login data: {'current': 29.8, 'average': 27.200000000000003, 'values': [29.8, 24.6], 'is_high': True}
[DEBUG] Formatted login summary: 
Times (Last 2 Days): 29.8, 24.6
2-Day Avg: 27.2
Today: 29.8  Above 2-Day Avg
[DEBUG] Getting 7-day data for domain: fst.itserver.biz
[DEBUG] Page load data: {'current': 2.7, 'average': 4.75, 'values': [2.7, 6.8], 'is_high': False}
[DEBUG] Formatted summary: 
Times (Last 2 Days): 2.7, 6.8
2-Day Avg: 4.8
Today: 2.7
[DEBUG] Getting 7-day login data for domain: fst.itserver.biz
[DEBUG] Login data: {'current': 20.2, 'average': 22.299999999999997, 'values': [20.2, 24.4], 'is_high': False}
[DEBUG] Formatted login summary: 
Times (Last 2 Days): 20.2, 24.4
2-Day Avg: 22.3
Today: 20.2
[DEBUG] Getting 7-day data for domain: cam.itserver.biz
[DEBUG] Page load data: {'current': 3.8, 'average': 14.15, 'values': [3.8, 24.5], 'is_high': False}
[DEBUG] Formatted summary: 
Times (Last 2 Days): 3.8, 24.5
2-Day Avg: 14.2
Today: 3.8
[DEBUG] Getting 7-day login data for domain: cam.itserver.biz
[DEBUG] Login data: {'current': 19.2, 'average': 31.200000000000003, 'values': [19.2, 43.2], 'is_high': False}
[DEBUG] Formatted login summary: 
Times (Last 2 Days): 19.2, 43.2
2-Day Avg: 31.2
Today: 19.2
[DEBUG] Getting 7-day data for domain: bmkenya.itserver.biz
[DEBUG] Page load data: {'current': 5.7, 'average': 6.7, 'values': [5.7, 7.7], 'is_high': False}
[DEBUG] Formatted summary: 
Times (Last 2 Days): 5.7, 7.7
2-Day Avg: 6.7
Today: 5.7
[DEBUG] Getting 7-day login data for domain: bmkenya.itserver.biz
[DEBUG] Login data: {'current': 20.6, 'average': 22.5, 'values': [20.6, 24.4], 'is_high': False}
[DEBUG] Formatted login summary: 
Times (Last 2 Days): 20.6, 24.4
2-Day Avg: 22.5
Today: 20.6
[DEBUG] Getting 7-day data for domain: crm.cartzlink.com
[DEBUG] Page load data: {'current': 4.8, 'average': 2.9, 'values': [4.8, 1.0], 'is_high': True}
[DEBUG] Formatted summary: 
Times (Last 2 Days): 4.8, 1.0
2-Day Avg: 2.9
Today: 4.8  Above 2-Day Avg
[DEBUG] Getting 7-day login data for domain: crm.cartzlink.com
[DEBUG] Login data: {'current': 18.1, 'average': 18.35, 'values': [18.1, 18.6], 'is_high': False}
[DEBUG] Formatted login summary: 
Times (Last 2 Days): 18.1, 18.6
2-Day Avg: 18.4
Today: 18.1
[DEBUG] Getting 7-day data for domain: crm.tabrospharma.com
[DEBUG] Page load data: {'current': 1.5, 'average': 1.45, 'values': [1.5, 1.4], 'is_high': True}
[DEBUG] Formatted summary: 
Times (Last 2 Days): 1.5, 1.4
2-Day Avg: 1.4
Today: 1.5  Above 2-Day Avg
[DEBUG] Getting 7-day login data for domain: crm.tabrospharma.com
[DEBUG] Login data: {'current': 26.0, 'average': 26.2, 'values': [26.0, 26.4], 'is_high': False}
[DEBUG] Formatted login summary: 
Times (Last 2 Days): 26.0, 26.4
2-Day Avg: 26.2
Today: 26.0

[INFO] Server: metro crm | Domain: mt.itserver.biz
[INFO] Features executed:
    Sales Order
==================================================
[PASS] Page Load (1.90s)

Times (Last 2 Days): 1.9, 3.3
2-Day Avg: 2.6
Today: 1.9
[PASS] Login (24.60s)

Times (Last 2 Days): 24.6, 27.9
2-Day Avg: 26.2
Today: 24.6

[INFO] Feature: Sales Order
[PASS] Feature: Sales Order (23.30s)  Above 7-Day Avg

Times (Last 2 Days): 23.3, 12.8
2-Day Avg: 18.1
Today: 23.3  Above 2-Day Avg
[FAIL] Scenario: Visit Sales order page and click on edit btn (23.30s)

[INFO] Server: s13 | Domain: gta.cartzlink.com
[INFO] Features executed:
    Add Account Voucher
    Sales Invoice
==================================================
[PASS] Page Load (5.10s)

Times (Last 2 Days): 5.1, 6.5
2-Day Avg: 5.8
Today: 5.1
[PASS] Login (29.80s)  Above 7-Day Avg

Times (Last 2 Days): 29.8, 24.6
2-Day Avg: 27.2
Today: 29.8  Above 2-Day Avg

[INFO] Feature: Add Account Voucher
[PASS] Feature: Add Account Voucher (13.90s)

Times (Last 2 Days): 13.9, 15.0
2-Day Avg: 14.4
Today: 13.9
[PASS] Scenario: Visit Account Voucher Page and click on Edit btn (13.90s)
[INFO] Feature: Sales Invoice
[PASS] Feature: Sales Invoice (16.30s)

Times (Last 2 Days): 16.3, 22.8
2-Day Avg: 19.6
Today: 16.3
[PASS] Scenario: Sales Invoice page (16.30s)

[INFO] Server: FST | Domain: fst.itserver.biz
[INFO] Features executed:
    Sales Order
==================================================
[PASS] Page Load (2.70s)

Times (Last 2 Days): 2.7, 6.8
2-Day Avg: 4.8
Today: 2.7
[PASS] Login (20.20s)

Times (Last 2 Days): 20.2, 24.4
2-Day Avg: 22.3
Today: 20.2

[INFO] Feature: Sales Order
[PASS] Feature: Sales Order (13.40s)

Times (Last 2 Days): 13.4, 25.2
2-Day Avg: 19.3
Today: 13.4
[PASS] Scenario: Visit Sales order page and click on Edit btn (13.40s)

[INFO] Server: metro cam | Domain: cam.itserver.biz
[INFO] Features executed:
    Add Account Voucher
    Gatepass
    Purchase Invoice
    Production Order FSTUser
==================================================
[PASS] Page Load (3.80s)

Times (Last 2 Days): 3.8, 24.5
2-Day Avg: 14.2
Today: 3.8
[PASS] Login (19.20s)

Times (Last 2 Days): 19.2, 43.2
2-Day Avg: 31.2
Today: 19.2

[INFO] Feature: Add Account Voucher
[PASS] Feature: Add Account Voucher (8.00s)

Times (Last 2 Days): 8.0, 12.3
2-Day Avg: 10.2
Today: 8.0
[PASS] Scenario: Visit Account Voucher Page and click on Edit btn (8.00s)
[INFO] Feature: Gatepass
[PASS] Feature: Gatepass (12.00s)

Times (Last 2 Days): 12.0, 89.6
2-Day Avg: 50.8
Today: 12.0
[PASS] Scenario: Visit Gate pass Page and click on Edit btn (12.00s)
[INFO] Feature: Purchase Invoice
[PASS] Feature: Purchase Invoice (12.50s)

Times (Last 2 Days): 12.5, 36.4
2-Day Avg: 24.4
Today: 12.5
[PASS] Scenario: Visit Purchase invoice Page and click on Edit btn (12.50s)
[INFO] Feature: Production Order FSTUser
[PASS] Feature: Production Order FSTUser (8.10s)

Times (Last 2 Days): 8.1, 17.7
2-Day Avg: 12.9
Today: 8.1
[PASS] Scenario: Visit Production order page and click on Edit btn (8.10s)

[INFO] Server: bmkenya | Domain: bmkenya.itserver.biz
[INFO] Features executed:
    Add Account Voucher
    Sales Order
==================================================
[PASS] Page Load (5.70s)

Times (Last 2 Days): 5.7, 7.7
2-Day Avg: 6.7
Today: 5.7
[PASS] Login (20.60s)

Times (Last 2 Days): 20.6, 24.4
2-Day Avg: 22.5
Today: 20.6

[INFO] Feature: Add Account Voucher
[PASS] Feature: Add Account Voucher (11.30s)  Above 7-Day Avg

Times (Last 2 Days): 11.3, 11.2
2-Day Avg: 11.2
Today: 11.3  Above 2-Day Avg
[PASS] Scenario: Visit Account Voucher Page and click on Edit btn (11.30s)
[INFO] Feature: Sales Order
[PASS] Feature: Sales Order (2.00s)  Above 7-Day Avg

Times (Last 2 Days): 2.0, 1.8
2-Day Avg: 1.9
Today: 2.0  Above 2-Day Avg
[PASS] Scenario: Visit Sales order page (2.00s)

[INFO] Server: s15 | Domain: crm.cartzlink.com
[INFO] Features executed:
    Dash board
==================================================
[PASS] Page Load (4.80s)  Above 7-Day Avg

Times (Last 2 Days): 4.8, 1.0
2-Day Avg: 2.9
Today: 4.8  Above 2-Day Avg
[PASS] Login (18.10s)

Times (Last 2 Days): 18.1, 18.6
2-Day Avg: 18.4
Today: 18.1

[INFO] Feature: Dash board
[PASS] Feature: Dash board (0.00s)

Times (Last 2 Days): 0.0, 0.0
2-Day Avg: 0.0
Today: 0.0
[PASS] Scenario: Visit Dash board page (0.00s)

[INFO] Server: TP | Domain: crm.tabrospharma.com
[INFO] Features executed:
    Add Account Voucher
    Sales Order
==================================================
[PASS] Page Load (1.50s)  Above 7-Day Avg

Times (Last 2 Days): 1.5, 1.4
2-Day Avg: 1.4
Today: 1.5  Above 2-Day Avg
[PASS] Login (26.00s)

Times (Last 2 Days): 26.0, 26.4
2-Day Avg: 26.2
Today: 26.0

[INFO] Feature: Add Account Voucher
[PASS] Feature: Add Account Voucher (6.80s)

Times (Last 2 Days): 6.8, 7.0
2-Day Avg: 6.9
Today: 6.8
[PASS] Scenario: Visit Account Voucher Page and click on Edit btn (6.80s)
[INFO] Feature: Sales Order
[PASS] Feature: Sales Order (6.90s)  Above 7-Day Avg

Times (Last 2 Days): 6.9, 6.8
2-Day Avg: 6.8
Today: 6.9  Above 2-Day Avg
[PASS] Scenario: Visit Sales Order Page and click on Edit btn (6.90s)
[PASS] Test summary email sent successfully.
Finished at Wed 12/17/2025 11:06:31.22 
========================================= 
