========================================= 
Behave Run Started at Mon 09/29/2025 14:22:13.32 
========================================= 

============================================================
STARTING DOMAIN: mt.itserver.biz (Server: metro crm)
============================================================
[INFO] Running 1 feature files for domain 'mt.itserver.biz':
    C:\tests\features\mt.itserver.biz\SO.feature
[INFO] Domain = mt.itserver.biz
[INFO] Starting browser and logging in for domain: mt.itserver.biz
[INFO] Creating fresh browser instance for domain: mt.itserver.biz
[INFO] Attempt 1/5: Creating Chrome driver...
[INFO] Applying performance optimizations for problematic domain: mt.itserver.biz
[PASS] Chrome driver created successfully on attempt 1
[INFO] Attempt 1/5: Opening https://mt.itserver.biz/admin/?r=user/user/login&_lang=en
[PASS] Page loaded successfully on attempt 1
[PASS] Opened URL: https://mt.itserver.biz/admin/?r=user/user/login&_lang=en
[INFO] Testing refresh function for dashboard elements...
[PASS] Login successful - dashboard loaded with refresh function
[PASS] Login successful - dashboard loaded with fallback method
[INFO] Login completed. Page Load: 9.5s, Login: 26.2s
[INFO] Login successful for domain: mt.itserver.biz
Feature: Sales Order # features/mt.itserver.biz/SO.feature:4

  @critical
  Scenario: Visit Sales order page and click on edit btn  # features/mt.itserver.biz/SO.feature:7
    Given we visit "orders/SO2"                           # features/steps/form_actions.py:36
    When we edit the top row                              # features/steps/cartzlink_form.py:155


[INFO] Server: metro crm | Domain: mt.itserver.biz
==================================================
[PASS] Sales Order

============================================================
COMPLETED DOMAIN: mt.itserver.biz
============================================================

============================================================
STARTING DOMAIN: gta.cartzlink.com (Server: s13)
============================================================
[INFO] Running 2 feature files for domain 'gta.cartzlink.com':
    C:\tests\features\gta.cartzlink.com\AccV.feature
    C:\tests\features\gta.cartzlink.com\SI.feature
[INFO] Domain = gta.cartzlink.com
[INFO] Starting browser and logging in for domain: gta.cartzlink.com
[INFO] Creating fresh browser instance for domain: gta.cartzlink.com
[INFO] Attempt 1/3: Creating Chrome driver...
[PASS] Chrome driver created successfully on attempt 1
[INFO] Attempt 1/3: Opening https://gta.cartzlink.com/admin/?r=user/user/login&_lang=en
[PASS] Page loaded successfully on attempt 1
[PASS] Opened URL: https://gta.cartzlink.com/admin/?r=user/user/login&_lang=en
[INFO] Testing refresh function for dashboard elements...
[PASS] Login successful - dashboard loaded with refresh function
[PASS] Login successful - dashboard loaded with fallback method
[INFO] Login completed. Page Load: 2.9s, Login: 30.0s
[INFO] Login successful for domain: gta.cartzlink.com
Feature: Add Account Voucher # features/gta.cartzlink.com/AccV.feature:4

  @critical
  Scenario: Visit Account Voucher Page and click on Edit btn  # features/gta.cartzlink.com/AccV.feature:7
    Given we visit "accounts2"                                # features/steps/form_actions.py:36
    When we edit the top row                                  # features/steps/cartzlink_form.py:155

Feature: Sales Invoice # features/gta.cartzlink.com/SI.feature:1

  @critical
  Scenario: Sales Invoice page           # features/gta.cartzlink.com/SI.feature:4
    Given we visit "orders/salesInvoice" # features/steps/form_actions.py:36
    When we edit the top row             # features/steps/cartzlink_form.py:155


[INFO] Server: s13 | Domain: gta.cartzlink.com
==================================================
[PASS] Add Account Voucher
[PASS] Sales Invoice

============================================================
COMPLETED DOMAIN: gta.cartzlink.com
============================================================

============================================================
STARTING DOMAIN: fst.itserver.biz (Server: FST)
============================================================
[INFO] Running 1 feature files for domain 'fst.itserver.biz':
    C:\tests\features\fst.itserver.biz\SO.feature
[INFO] Domain = fst.itserver.biz
[INFO] Starting browser and logging in for domain: fst.itserver.biz
[INFO] Creating fresh browser instance for domain: fst.itserver.biz
[INFO] Attempt 1/3: Creating Chrome driver...
[PASS] Chrome driver created successfully on attempt 1
[INFO] Attempt 1/3: Opening https://fst.itserver.biz/admin/?r=user/user/login&_lang=en
[PASS] Page loaded successfully on attempt 1
[PASS] Opened URL: https://fst.itserver.biz/admin/?r=user/user/login&_lang=en
[INFO] Testing refresh function for dashboard elements...
[PASS] Login successful - dashboard loaded with refresh function
[PASS] Login successful - dashboard loaded with fallback method
[INFO] Login completed. Page Load: 17.9s, Login: 19.8s
[INFO] Login successful for domain: fst.itserver.biz
Feature: Sales Order # features/fst.itserver.biz/SO.feature:4

  @critical
  Scenario: Visit Sales order page and click on Edit btn  # features/fst.itserver.biz/SO.feature:7
    Given we visit "orders/salesOrder"                    # features/steps/form_actions.py:36
    When we clear the from date and search                # features/steps/form_actions.py:82


[INFO] Server: FST | Domain: fst.itserver.biz
==================================================
[PASS] Sales Order

============================================================
COMPLETED DOMAIN: fst.itserver.biz
============================================================

============================================================
STARTING DOMAIN: cam.itserver.biz (Server: metro cam)
============================================================
[INFO] Running 4 feature files for domain 'cam.itserver.biz':
    C:\tests\features\cam.itserver.biz\AccV.feature
    C:\tests\features\cam.itserver.biz\GP.feature
    C:\tests\features\cam.itserver.biz\PI.feature
    C:\tests\features\cam.itserver.biz\SO.feature
[INFO] Domain = cam.itserver.biz
[INFO] Starting browser and logging in for domain: cam.itserver.biz
[INFO] Creating fresh browser instance for domain: cam.itserver.biz
[INFO] Attempt 1/3: Creating Chrome driver...
[PASS] Chrome driver created successfully on attempt 1
[INFO] Attempt 1/3: Opening https://cam.itserver.biz/admin/?r=user/user/login&_lang=en
[PASS] Page loaded successfully on attempt 1
[PASS] Opened URL: https://cam.itserver.biz/admin/?r=user/user/login&_lang=en
[INFO] Testing refresh function for dashboard elements...
[PASS] Login successful - dashboard loaded with refresh function
[PASS] Login successful - dashboard loaded with fallback method
[INFO] Login completed. Page Load: 3.2s, Login: 20.9s
[INFO] Login successful for domain: cam.itserver.biz
Feature: Add Account Voucher # features/cam.itserver.biz/AccV.feature:4

  @critical
  Scenario: Visit Account Voucher Page and click on Edit btn  # features/cam.itserver.biz/AccV.feature:7
    Given we visit "accounts2"                                # features/steps/form_actions.py:36
    When we edit the top row                                  # features/steps/cartzlink_form.py:155

Feature: Gatepass # features/cam.itserver.biz/GP.feature:1

  @critical
  Scenario: Visit Gate pass Page and click on Edit btn  # features/cam.itserver.biz/GP.feature:4
    Given we visit "orders/deliveryChallanCAM"          # features/steps/form_actions.py:36
    When we edit the top row                            # features/steps/cartzlink_form.py:155

Feature: Purchase Invoice # features/cam.itserver.biz/PI.feature:3

  @critical
  Scenario: Visit Purchase invoice Page and click on Edit btn  # features/cam.itserver.biz/PI.feature:6
    Given we visit "orders/purchaseInvoice"                    # features/steps/form_actions.py:36
    When we edit the top row                                   # features/steps/cartzlink_form.py:155

Feature: Production Order FSTUser # features/cam.itserver.biz/SO.feature:4

  @critical
  Scenario: Visit Production order page and click on Edit btn  # features/cam.itserver.biz/SO.feature:7
    Given we visit "orders/SalesOrderFSTUser"                  # features/steps/form_actions.py:36
    When we edit the top row                                   # features/steps/cartzlink_form.py:155


[INFO] Server: metro cam | Domain: cam.itserver.biz
==================================================
[PASS] Add Account Voucher
[PASS] Gatepass
[PASS] Purchase Invoice
[PASS] Production Order FSTUser

============================================================
COMPLETED DOMAIN: cam.itserver.biz
============================================================

============================================================
STARTING DOMAIN: bmkenya.itserver.biz (Server: bmkenya)
============================================================
[INFO] Running 2 feature files for domain 'bmkenya.itserver.biz':
    C:\tests\features\bmkenya.itserver.biz\AccV.feature
    C:\tests\features\bmkenya.itserver.biz\SO.feature
[INFO] Domain = bmkenya.itserver.biz
[INFO] Starting browser and logging in for domain: bmkenya.itserver.biz
[INFO] Creating fresh browser instance for domain: bmkenya.itserver.biz
[INFO] Attempt 1/3: Creating Chrome driver...
[PASS] Chrome driver created successfully on attempt 1
[INFO] Attempt 1/3: Opening https://bmkenya.itserver.biz/admin/?r=user/user/login&_lang=en
[PASS] Page loaded successfully on attempt 1
[PASS] Opened URL: https://bmkenya.itserver.biz/admin/?r=user/user/login&_lang=en
[INFO] Testing refresh function for dashboard elements...
[PASS] Login successful - dashboard loaded with refresh function
[PASS] Login successful - dashboard loaded with fallback method
[INFO] Login completed. Page Load: 31.1s, Login: 20.9s
[INFO] Login successful for domain: bmkenya.itserver.biz
Feature: Add Account Voucher # features/bmkenya.itserver.biz/AccV.feature:4

  @critical
  Scenario: Visit Account Voucher Page and click on Edit btn  # features/bmkenya.itserver.biz/AccV.feature:7
    Given we visit "accounts2"                                # features/steps/form_actions.py:36
    When we edit the top row                                  # features/steps/cartzlink_form.py:155

Feature: Sales Order # features/bmkenya.itserver.biz/SO.feature:4

  @critical
  Scenario: Visit Sales order page     # features/bmkenya.itserver.biz/SO.feature:7
    Given we visit "orders/salesOrder" # features/steps/form_actions.py:36


[INFO] Server: bmkenya | Domain: bmkenya.itserver.biz
==================================================
[PASS] Add Account Voucher
[PASS] Sales Order

============================================================
COMPLETED DOMAIN: bmkenya.itserver.biz
============================================================

============================================================
STARTING DOMAIN: crm.cartzlink.com (Server: s15)
============================================================
[INFO] Running 1 feature files for domain 'crm.cartzlink.com':
    C:\tests\features\crm.cartzlink.com\dashboard.feature
[INFO] Domain = crm.cartzlink.com
[INFO] Starting browser and logging in for domain: crm.cartzlink.com
[INFO] Creating fresh browser instance for domain: crm.cartzlink.com
[INFO] Attempt 1/3: Creating Chrome driver...
[PASS] Chrome driver created successfully on attempt 1
[INFO] Attempt 1/3: Opening https://crm.cartzlink.com/admin/?r=user/user/login&_lang=en
[PASS] Page loaded successfully on attempt 1
[PASS] Opened URL: https://crm.cartzlink.com/admin/?r=user/user/login&_lang=en
[INFO] Testing refresh function for dashboard elements...
[PASS] Login successful - dashboard loaded with refresh function
[PASS] Login successful - dashboard loaded with fallback method
[INFO] Login completed. Page Load: 1.1s, Login: 19.5s
[INFO] Login successful for domain: crm.cartzlink.com
Feature: Dash board # features/crm.cartzlink.com/dashboard.feature:4

  @critical
  Scenario: Visit Dash board page  # features/crm.cartzlink.com/dashboard.feature:7


[INFO] Server: s15 | Domain: crm.cartzlink.com
==================================================
[PASS] Dash board

============================================================
COMPLETED DOMAIN: crm.cartzlink.com
============================================================

============================================================
STARTING DOMAIN: crm.tabrospharma.com (Server: TP)
============================================================
[INFO] Running 2 feature files for domain 'crm.tabrospharma.com':
    C:\tests\features\crm.tabrospharma.com\AccV.feature
    C:\tests\features\crm.tabrospharma.com\SO.feature
[INFO] Domain = crm.tabrospharma.com
[INFO] Starting browser and logging in for domain: crm.tabrospharma.com
[INFO] Creating fresh browser instance for domain: crm.tabrospharma.com
[INFO] Attempt 1/3: Creating Chrome driver...
[PASS] Chrome driver created successfully on attempt 1
[INFO] Attempt 1/3: Opening https://crm.tabrospharma.com/admin/?r=user/user/login&_lang=en
[PASS] Page loaded successfully on attempt 1
[PASS] Opened URL: https://crm.tabrospharma.com/admin/?r=user/user/login&_lang=en
[INFO] Testing refresh function for dashboard elements...
[PASS] Login successful - dashboard loaded with refresh function
[PASS] Login successful - dashboard loaded with fallback method
[INFO] Login completed. Page Load: 1.6s, Login: 32.0s
[INFO] Login successful for domain: crm.tabrospharma.com
Feature: Add Account Voucher # features/crm.tabrospharma.com/AccV.feature:4

  @critical
  Scenario: Visit Account Voucher Page and click on Edit btn  # features/crm.tabrospharma.com/AccV.feature:7
    Given we visit "accounts2"                                # features/steps/form_actions.py:36
    When we edit the top row                                  # features/steps/cartzlink_form.py:155

Feature: Sales Order # features/crm.tabrospharma.com/SO.feature:4

  @critical
  Scenario: Visit Sales Order Page and click on Edit btn  # features/crm.tabrospharma.com/SO.feature:7
    Given we visit "orders/salesOrder"                    # features/steps/form_actions.py:36
    When we edit the top row                              # features/steps/cartzlink_form.py:155


[INFO] Server: TP | Domain: crm.tabrospharma.com
==================================================
[PASS] Add Account Voucher
[PASS] Sales Order

============================================================
COMPLETED DOMAIN: crm.tabrospharma.com
============================================================

==================================================
[SUMMARY] FINAL TEST SUMMARY
==================================================

================================================================================
[CRITICAL] FAILURES AND PERFORMANCE ISSUES SUMMARY
================================================================================

SLOW TESTS (9 total):
--------------------------------------------------
[SLOW] Page Load SLOW | metro crm | mt.itserver.biz
   Time: 9.50s | Above 7-day average (7.5s)
[SLOW] Login SLOW | metro crm | mt.itserver.biz
   Time: 26.20s | Above 7-day average (25.6s)
[SLOW] Page Load SLOW | s13 | gta.cartzlink.com
   Time: 2.90s | Above 7-day average (2.7s)
[SLOW] Login SLOW | s13 | gta.cartzlink.com
   Time: 30.00s | Above 7-day average (29.5s)
[SLOW] Page Load SLOW | FST | fst.itserver.biz
   Time: 17.90s | Above 7-day average (7.5s)
[SLOW] Page Load SLOW | bmkenya | bmkenya.itserver.biz
   Time: 31.10s | Above 7-day average (15.5s)
[SLOW] Feature SLOW | bmkenya | bmkenya.itserver.biz
   Feature: Add Account Voucher
   Time: 11.80s | Above 7-day average (10.2s)
[SLOW] Feature SLOW | bmkenya | bmkenya.itserver.biz
   Feature: Sales Order
   Time: 8.40s | Above 7-day average (5.3s)
[SLOW] Login SLOW | TP | crm.tabrospharma.com
   Time: 32.00s | Above 7-day average (28.9s)
================================================================================

[DEBUG] Getting 7-day data for domain: mt.itserver.biz
[DEBUG] Page load data: {'current': 9.5, 'average': 7.5249999999999995, 'values': [9.5, 1.8, 1.9, 16.9], 'is_high': True}
[DEBUG] Formatted summary: 
Times (Last 4 Days): 9.5, 1.8, 1.9, 16.9
4-Day Avg: 7.5
Today: 9.5  Above 4-Day Avg
[DEBUG] Getting 7-day login data for domain: mt.itserver.biz
[DEBUG] Login data: {'current': 26.2, 'average': 25.6, 'values': [26.2, 25.4, 25.1, 25.7], 'is_high': True}
[DEBUG] Formatted login summary: 
Times (Last 4 Days): 26.2, 25.4, 25.1, 25.7
4-Day Avg: 25.6
Today: 26.2  Above 4-Day Avg
[DEBUG] Getting 7-day data for domain: gta.cartzlink.com
[DEBUG] Page load data: {'current': 2.9, 'average': 2.675, 'values': [2.9, 2.3, 2.6, 2.9], 'is_high': True}
[DEBUG] Formatted summary: 
Times (Last 4 Days): 2.9, 2.3, 2.6, 2.9
4-Day Avg: 2.7
Today: 2.9  Above 4-Day Avg
[DEBUG] Getting 7-day login data for domain: gta.cartzlink.com
[DEBUG] Login data: {'current': 30.0, 'average': 29.475, 'values': [30.0, 29.0, 29.7, 29.2], 'is_high': True}
[DEBUG] Formatted login summary: 
Times (Last 4 Days): 30.0, 29.0, 29.7, 29.2
4-Day Avg: 29.5
Today: 30.0  Above 4-Day Avg
[DEBUG] Getting 7-day data for domain: fst.itserver.biz
[DEBUG] Page load data: {'current': 17.9, 'average': 7.539999999999999, 'values': [17.9, 2.3, 2.8, 4.6, 10.1], 'is_high': True}
[DEBUG] Formatted summary: 
Times (Last 5 Days): 17.9, 2.3, 2.8, 4.6, 10.1
5-Day Avg: 7.5
Today: 17.9  Above 5-Day Avg
[DEBUG] Getting 7-day login data for domain: fst.itserver.biz
[DEBUG] Login data: {'current': 19.8, 'average': 20.919999999999998, 'values': [19.8, 19.4, 22.5, 22.1, 20.8], 'is_high': False}
[DEBUG] Formatted login summary: 
Times (Last 5 Days): 19.8, 19.4, 22.5, 22.1, 20.8
5-Day Avg: 20.9
Today: 19.8
[DEBUG] Getting 7-day data for domain: cam.itserver.biz
[DEBUG] Page load data: {'current': 3.2, 'average': 3.525, 'values': [3.2, 4.1, 3.3, 3.5], 'is_high': False}
[DEBUG] Formatted summary: 
Times (Last 4 Days): 3.2, 4.1, 3.3, 3.5
4-Day Avg: 3.5
Today: 3.2
[DEBUG] Getting 7-day login data for domain: cam.itserver.biz
[DEBUG] Login data: {'current': 20.9, 'average': 22.3, 'values': [20.9, 21.2, 21.0, 26.1], 'is_high': False}
[DEBUG] Formatted login summary: 
Times (Last 4 Days): 20.9, 21.2, 21.0, 26.1
4-Day Avg: 22.3
Today: 20.9
[DEBUG] Getting 7-day data for domain: bmkenya.itserver.biz
[DEBUG] Page load data: {'current': 31.1, 'average': 15.475, 'values': [31.1, 3.0, 11.4, 16.4], 'is_high': True}
[DEBUG] Formatted summary: 
Times (Last 4 Days): 31.1, 3.0, 11.4, 16.4
4-Day Avg: 15.5
Today: 31.1  Above 4-Day Avg
[DEBUG] Getting 7-day login data for domain: bmkenya.itserver.biz
[DEBUG] Login data: {'current': 20.9, 'average': 20.975, 'values': [20.9, 21.6, 20.9, 20.5], 'is_high': False}
[DEBUG] Formatted login summary: 
Times (Last 4 Days): 20.9, 21.6, 20.9, 20.5
4-Day Avg: 21.0
Today: 20.9
[DEBUG] Getting 7-day data for domain: crm.cartzlink.com
[DEBUG] Page load data: {'current': 1.1, 'average': 1.5250000000000001, 'values': [1.1, 2.1, 1.3, 1.6], 'is_high': False}
[DEBUG] Formatted summary: 
Times (Last 4 Days): 1.1, 2.1, 1.3, 1.6
4-Day Avg: 1.5
Today: 1.1
[DEBUG] Getting 7-day login data for domain: crm.cartzlink.com
[DEBUG] Login data: {'current': 19.5, 'average': 19.95, 'values': [19.5, 20.8, 19.4, 20.1], 'is_high': False}
[DEBUG] Formatted login summary: 
Times (Last 4 Days): 19.5, 20.8, 19.4, 20.1
4-Day Avg: 19.9
Today: 19.5
[DEBUG] Getting 7-day data for domain: crm.tabrospharma.com
[DEBUG] Page load data: {'current': 1.6, 'average': 2.1, 'values': [1.6, 1.9, 1.6, 3.3], 'is_high': False}
[DEBUG] Formatted summary: 
Times (Last 4 Days): 1.6, 1.9, 1.6, 3.3
4-Day Avg: 2.1
Today: 1.6
[DEBUG] Getting 7-day login data for domain: crm.tabrospharma.com
[DEBUG] Login data: {'current': 32.0, 'average': 28.925, 'values': [32.0, 27.5, 27.4, 28.8], 'is_high': True}
[DEBUG] Formatted login summary: 
Times (Last 4 Days): 32.0, 27.5, 27.4, 28.8
4-Day Avg: 28.9
Today: 32.0  Above 4-Day Avg

[INFO] Server: metro crm | Domain: mt.itserver.biz
[INFO] Features executed:
    Sales Order
==================================================
[PASS] Page Load (9.50s)  Above 7-Day Avg

Times (Last 4 Days): 9.5, 1.8, 1.9, 16.9
4-Day Avg: 7.5
Today: 9.5  Above 4-Day Avg
[PASS] Login (26.20s)  Above 7-Day Avg

Times (Last 4 Days): 26.2, 25.4, 25.1, 25.7
4-Day Avg: 25.6
Today: 26.2  Above 4-Day Avg

[INFO] Feature: Sales Order
[PASS] Feature: Sales Order (23.60s)

Times (Last 4 Days): 23.6, 23.5, 23.8, 24.2
4-Day Avg: 23.8
Today: 23.6
[PASS] Scenario: Visit Sales order page and click on edit btn (23.60s)

[INFO] Server: s13 | Domain: gta.cartzlink.com
[INFO] Features executed:
    Add Account Voucher
    Sales Invoice
==================================================
[PASS] Page Load (2.90s)  Above 7-Day Avg

Times (Last 4 Days): 2.9, 2.3, 2.6, 2.9
4-Day Avg: 2.7
Today: 2.9  Above 4-Day Avg
[PASS] Login (30.00s)  Above 7-Day Avg

Times (Last 4 Days): 30.0, 29.0, 29.7, 29.2
4-Day Avg: 29.5
Today: 30.0  Above 4-Day Avg

[INFO] Feature: Add Account Voucher
[PASS] Feature: Add Account Voucher (16.90s)

Times (Last 4 Days): 16.9, 17.0, 16.9, 18.8
4-Day Avg: 17.4
Today: 16.9
[PASS] Scenario: Visit Account Voucher Page and click on Edit btn (16.90s)
[INFO] Feature: Sales Invoice
[PASS] Feature: Sales Invoice (36.90s)

Times (Last 4 Days): 36.9, 37.0, 37.3, 40.2
4-Day Avg: 37.9
Today: 36.9
[PASS] Scenario: Sales Invoice page (36.90s)

[INFO] Server: FST | Domain: fst.itserver.biz
[INFO] Features executed:
    Sales Order
==================================================
[PASS] Page Load (17.90s)  Above 7-Day Avg

Times (Last 5 Days): 17.9, 2.3, 2.8, 4.6, 10.1
5-Day Avg: 7.5
Today: 17.9  Above 5-Day Avg
[PASS] Login (19.80s)

Times (Last 5 Days): 19.8, 19.4, 22.5, 22.1, 20.8
5-Day Avg: 20.9
Today: 19.8

[INFO] Feature: Sales Order
[PASS] Feature: Sales Order (53.60s)

Times (Last 5 Days): 53.6, 50.9, 53.1, 51.1, 74.7
5-Day Avg: 56.7
Today: 53.6
[PASS] Scenario: Visit Sales order page and click on Edit btn (53.60s)

[INFO] Server: metro cam | Domain: cam.itserver.biz
[INFO] Features executed:
    Add Account Voucher
    Gatepass
    Purchase Invoice
    Production Order FSTUser
==================================================
[PASS] Page Load (3.20s)

Times (Last 4 Days): 3.2, 4.1, 3.3, 3.5
4-Day Avg: 3.5
Today: 3.2
[PASS] Login (20.90s)

Times (Last 4 Days): 20.9, 21.2, 21.0, 26.1
4-Day Avg: 22.3
Today: 20.9

[INFO] Feature: Add Account Voucher
[PASS] Feature: Add Account Voucher (9.90s)

Times (Last 4 Days): 9.9, 9.4, 9.4, 10.9
4-Day Avg: 9.9
Today: 9.9
[PASS] Scenario: Visit Account Voucher Page and click on Edit btn (9.90s)
[INFO] Feature: Gatepass
[PASS] Feature: Gatepass (48.90s)

Times (Last 4 Days): 48.9, 49.6, 48.6, 52.7
4-Day Avg: 50.0
Today: 48.9
[PASS] Scenario: Visit Gate pass Page and click on Edit btn (48.90s)
[INFO] Feature: Purchase Invoice
[PASS] Feature: Purchase Invoice (55.10s)

Times (Last 4 Days): 55.1, 54.7, 57.0, 58.9
4-Day Avg: 56.4
Today: 55.1
[PASS] Scenario: Visit Purchase invoice Page and click on Edit btn (55.10s)
[INFO] Feature: Production Order FSTUser
[PASS] Feature: Production Order FSTUser (15.10s)

Times (Last 4 Days): 15.1, 15.1, 15.8, 16.9
4-Day Avg: 15.7
Today: 15.1
[PASS] Scenario: Visit Production order page and click on Edit btn (15.10s)

[INFO] Server: bmkenya | Domain: bmkenya.itserver.biz
[INFO] Features executed:
    Add Account Voucher
    Sales Order
==================================================
[PASS] Page Load (31.10s)  Above 7-Day Avg

Times (Last 4 Days): 31.1, 3.0, 11.4, 16.4
4-Day Avg: 15.5
Today: 31.1  Above 4-Day Avg
[PASS] Login (20.90s)

Times (Last 4 Days): 20.9, 21.6, 20.9, 20.5
4-Day Avg: 21.0
Today: 20.9

[INFO] Feature: Add Account Voucher
[PASS] Feature: Add Account Voucher (11.80s)  Above 7-Day Avg

Times (Last 4 Days): 11.8, 13.2, 12.7, 3.0
4-Day Avg: 10.2
Today: 11.8  Above 4-Day Avg
[PASS] Scenario: Visit Account Voucher Page and click on Edit btn (11.80s)
[INFO] Feature: Sales Order
[PASS] Feature: Sales Order (8.40s)  Above 7-Day Avg

Times (Last 4 Days): 8.4, 3.5, 4.6, 4.8
4-Day Avg: 5.3
Today: 8.4  Above 4-Day Avg
[PASS] Scenario: Visit Sales order page (8.40s)

[INFO] Server: s15 | Domain: crm.cartzlink.com
[INFO] Features executed:
    Dash board
==================================================
[PASS] Page Load (1.10s)

Times (Last 4 Days): 1.1, 2.1, 1.3, 1.6
4-Day Avg: 1.5
Today: 1.1
[PASS] Login (19.50s)

Times (Last 4 Days): 19.5, 20.8, 19.4, 20.1
4-Day Avg: 19.9
Today: 19.5

[INFO] Feature: Dash board
[PASS] Feature: Dash board (0.00s)

Times (Last 4 Days): 0.0, 0.0, 0.0, 0.0
4-Day Avg: 0.0
Today: 0.0
[PASS] Scenario: Visit Dash board page (0.00s)

[INFO] Server: TP | Domain: crm.tabrospharma.com
[INFO] Features executed:
    Add Account Voucher
    Sales Order
==================================================
[PASS] Page Load (1.60s)

Times (Last 4 Days): 1.6, 1.9, 1.6, 3.3
4-Day Avg: 2.1
Today: 1.6
[PASS] Login (32.00s)  Above 7-Day Avg

Times (Last 4 Days): 32.0, 27.5, 27.4, 28.8
4-Day Avg: 28.9
Today: 32.0  Above 4-Day Avg

[INFO] Feature: Add Account Voucher
[PASS] Feature: Add Account Voucher (8.70s)

Times (Last 4 Days): 8.7, 9.3, 9.0, 10.9
4-Day Avg: 9.5
Today: 8.7
[PASS] Scenario: Visit Account Voucher Page and click on Edit btn (8.70s)
[INFO] Feature: Sales Order
[PASS] Feature: Sales Order (9.50s)

Times (Last 4 Days): 9.5, 9.8, 10.0, 11.5
4-Day Avg: 10.2
Today: 9.5
[PASS] Scenario: Visit Sales Order Page and click on Edit btn (9.50s)
[PASS] Test summary email sent successfully.
Finished at Mon 09/29/2025 14:31:59.58 
========================================= 
