========================================= 
Behave Run Started at Thu 02/19/2026 14:53:38.73 
========================================= 

============================================================
STARTING DOMAIN: alafnan.itserver.biz (Server: ALAFNAN)
============================================================
[INFO] Running 2 feature files for domain 'alafnan.itserver.biz':
    E:\shayan\tests\features\global\domain.feature
    E:\shayan\tests\features\global\domain2.feature
[INFO] Domain = alafnan.itserver.biz
[INFO] Starting browser and logging in for domain: alafnan.itserver.biz
[INFO] Creating fresh browser instance for domain: alafnan.itserver.biz
[INFO] Attempt 1/3: Creating Chrome driver...
[PASS] Chrome driver created successfully on attempt 1
[INFO] Attempt 1/3: Opening https://alafnan.itserver.biz/admin/?r=user/user/login&_lang=en
[PASS] Page loaded successfully on attempt 1
[PASS] Opened URL: https://alafnan.itserver.biz/admin/?r=user/user/login&_lang=en
[FAIL] Login Failed: Login page not found.
[FAIL] Login failed for domain alafnan.itserver.biz. Aborting all features.
Finished at Thu 02/19/2026 14:54:24.98 
========================================= 
