========================================= 
Behave Run Started at Sun 02/08/2026 11:00:01.16 
========================================= 
[INFO] Cleaned up 1 old/excess timing history entries. Remaining: 2 entries.

============================================================
STARTING DOMAIN: mt.itserver.biz (Server: metro crm)
============================================================
[INFO] Running 1 feature files for domain 'mt.itserver.biz':
    E:\shayan\tests\features\mt.itserver.biz\SO.feature
[INFO] Domain = mt.itserver.biz
[INFO] Starting browser and logging in for domain: mt.itserver.biz
[INFO] Creating fresh browser instance for domain: mt.itserver.biz
[INFO] Attempt 1/5: Creating Chrome driver...
[INFO] Applying performance optimizations for problematic domain: mt.itserver.biz
[WARN] Error creating Chrome driver on attempt 1: Message: session not created: Chrome instance exited. Examine ChromeDriver verbose log to determine the cause.
Stacktrace:
Symbols not available. Dumping unresolved backtrace:
	0x7ff78a87f3d5
	0x7ff78a87f430
	0x7ff78a6210bd
	0x7ff78a661a68
	0x7ff78a65cf99
	0x7ff78a6b4091
	0x7ff78a6b38f6
	0x7ff78a66cb0c
	0x7ff78a66da53
	0x7ff78ab5b470
	0x7ff78ab5586d
	0x7ff78ab7621a
	0x7ff78a89b235
	0x7ff78a8a3a5c
	0x7ff78a888844
	0x7ff78a8889f6
	0x7ff78a86eb87
	0x7ffc38f97374
	0x7ffc3989cc91
. Waiting 10 seconds before retry...
[INFO] Attempt 2/5: Creating Chrome driver...
[INFO] Applying performance optimizations for problematic domain: mt.itserver.biz
[PASS] Chrome driver created successfully on attempt 2
[INFO] Attempt 1/5: Opening https://mt.itserver.biz/admin/?r=user/user/login&_lang=en
[PASS] Page loaded successfully on attempt 1
[PASS] Opened URL: https://mt.itserver.biz/admin/?r=user/user/login&_lang=en
[INFO] Testing refresh function for dashboard elements...
[PASS] Login successful - dashboard loaded with refresh function
[PASS] Login successful - dashboard loaded with fallback method
[INFO] Login completed. Page Load: 2.2s, Login: 24.2s
[INFO] Login successful for domain: mt.itserver.biz
[INFO] Starting feature: Sales Order
Feature: Sales Order # features/mt.itserver.biz/SO.feature:4

  @critical
  Scenario: Visit Sales order page and click on edit btn  # features/mt.itserver.biz/SO.feature:7
    Given we visit "orders/SO2"                           # features/steps/form_actions.py:36
    When we edit the top row                              # features/steps/cartzlink_form.py:155
[INFO] Completed feature: Sales Order
DEBUG: context.domain = mt.itserver.biz
DEBUG: timing_summary = {'mt.itserver.biz': {'Server': 'metro crm', 'Page Load': 2.2, 'Login': 24.2, 'Features': {'Sales Order': {'Feature': None, 'Scenario Timings': [{'name': 'Visit Sales order page and click on edit btn', 'duration': 8.5, 'status': 'passed', 'failed_steps': []}], 'Failed Steps': []}}}}
PASS Feature: Sales Order (8.5s)
[DEBUG] Writing timing summary for mt.itserver.biz to E:\shayan\tests\timing_results\mt.itserver.biz_timing.json

[INFO] Closing browser for domain: mt.itserver.biz
[INFO] Browser closed successfully for domain: mt.itserver.biz
[INFO] Browser instance cleared for domain: mt.itserver.biz
[SUMMARY] Timing for mt.itserver.biz:
{
  "page_load": {
    "current": 2.2,
    "average": 2.5,
    "values": [
      2.2,
      2.5,
      2.8
    ],
    "is_high": false
  },
  "login": {
    "current": 24.2,
    "average": 24.3,
    "values": [
      24.2,
      24.3,
      24.4
    ],
    "is_high": false
  },
  "features": {
    "Sales Order": {
      "current": 8.5,
      "average": 8.566666666666666,
      "values": [
        8.5,
        8.5,
        8.7
      ],
      "is_high": false
    }
  },
  "scenario": {
    "current": 8.5,
    "average": 8.566666666666666,
    "values": [
      8.5,
      8.5,
      8.7
    ],
    "is_high": false
  }
}

[INFO] Server: metro crm | Domain: mt.itserver.biz
==================================================
[PASS] Sales Order

============================================================
COMPLETED DOMAIN: mt.itserver.biz
============================================================

============================================================
STARTING DOMAIN: gta.cartzlink.com (Server: s13)
============================================================
[INFO] Running 2 feature files for domain 'gta.cartzlink.com':
    E:\shayan\tests\features\gta.cartzlink.com\AccV.feature
    E:\shayan\tests\features\gta.cartzlink.com\SI.feature
[INFO] Domain = gta.cartzlink.com
[INFO] Starting browser and logging in for domain: gta.cartzlink.com
[INFO] Creating fresh browser instance for domain: gta.cartzlink.com
[INFO] Attempt 1/3: Creating Chrome driver...
[PASS] Chrome driver created successfully on attempt 1
[INFO] Attempt 1/3: Opening https://gta.cartzlink.com/admin/?r=user/user/login&_lang=en
[PASS] Page loaded successfully on attempt 1
[PASS] Opened URL: https://gta.cartzlink.com/admin/?r=user/user/login&_lang=en
[INFO] Testing refresh function for dashboard elements...
[PASS] Login successful - dashboard loaded with refresh function
[PASS] Login successful - dashboard loaded with fallback method
[INFO] Login completed. Page Load: 3.4s, Login: 21.5s
[INFO] Login successful for domain: gta.cartzlink.com
[INFO] Starting feature: Add Account Voucher
Feature: Add Account Voucher # features/gta.cartzlink.com/AccV.feature:4

  @critical
  Scenario: Visit Account Voucher Page and click on Edit btn  # features/gta.cartzlink.com/AccV.feature:7
    Given we visit "accounts2"                                # features/steps/form_actions.py:36
    When we edit the top row                                  # features/steps/cartzlink_form.py:155
[INFO] Completed feature: Add Account Voucher
DEBUG: context.domain = gta.cartzlink.com
DEBUG: timing_summary = {'gta.cartzlink.com': {'Server': 's13', 'Page Load': 3.4, 'Login': 21.5, 'Features': {'Add Account Voucher': {'Feature': None, 'Scenario Timings': [{'name': 'Visit Account Voucher Page and click on Edit btn', 'duration': 17.1, 'status': 'passed', 'failed_steps': []}], 'Failed Steps': []}}}}
PASS Feature: Add Account Voucher (17.1s)
[DEBUG] Writing timing summary for gta.cartzlink.com to E:\shayan\tests\timing_results\gta.cartzlink.com_timing.json

[INFO] Starting feature: Sales Invoice
Feature: Sales Invoice # features/gta.cartzlink.com/SI.feature:1

  @critical
  Scenario: Sales Invoice page           # features/gta.cartzlink.com/SI.feature:4
    Given we visit "orders/salesInvoice" # features/steps/form_actions.py:36
    When we edit the top row             # features/steps/cartzlink_form.py:155
[INFO] Completed feature: Sales Invoice
DEBUG: context.domain = gta.cartzlink.com
DEBUG: timing_summary = {'gta.cartzlink.com': {'Server': 's13', 'Page Load': 3.4, 'Login': 21.5, 'Features': {'Add Account Voucher': {'Feature': 17.1, 'Scenario Timings': [{'name': 'Visit Account Voucher Page and click on Edit btn', 'duration': 17.1, 'status': 'passed', 'failed_steps': []}], 'Failed Steps': []}, 'Sales Invoice': {'Feature': None, 'Scenario Timings': [{'name': 'Sales Invoice page', 'duration': 29.1, 'status': 'passed', 'failed_steps': []}], 'Failed Steps': []}}}}
PASS Feature: Sales Invoice (29.1s)
[DEBUG] Writing timing summary for gta.cartzlink.com to E:\shayan\tests\timing_results\gta.cartzlink.com_timing.json

[INFO] Closing browser for domain: gta.cartzlink.com
[INFO] Browser closed successfully for domain: gta.cartzlink.com
[INFO] Browser instance cleared for domain: gta.cartzlink.com
[SUMMARY] Timing for gta.cartzlink.com:
{
  "page_load": {
    "current": 3.4,
    "average": 4.233333333333333,
    "values": [
      3.4,
      4.8,
      4.5
    ],
    "is_high": false
  },
  "login": {
    "current": 21.5,
    "average": 21.666666666666668,
    "values": [
      21.5,
      22.4,
      21.1
    ],
    "is_high": false
  },
  "features": {
    "Add Account Voucher": {
      "current": 17.1,
      "average": 19.033333333333335,
      "values": [
        17.1,
        26.9,
        13.1
      ],
      "is_high": false
    },
    "Sales Invoice": {
      "current": 29.1,
      "average": 20.766666666666666,
      "values": [
        29.1,
        11.5,
        21.7
      ],
      "is_high": true
    }
  },
  "scenario": {
    "current": 23.1,
    "average": 19.900000000000002,
    "values": [
      23.1,
      19.2,
      17.4
    ],
    "is_high": true
  }
}

[INFO] Server: s13 | Domain: gta.cartzlink.com
==================================================
[PASS] Add Account Voucher
[PASS] Sales Invoice

============================================================
COMPLETED DOMAIN: gta.cartzlink.com
============================================================

============================================================
STARTING DOMAIN: fst.itserver.biz (Server: FST)
============================================================
[INFO] Running 1 feature files for domain 'fst.itserver.biz':
    E:\shayan\tests\features\fst.itserver.biz\SO.feature
[INFO] Domain = fst.itserver.biz
[INFO] Starting browser and logging in for domain: fst.itserver.biz
[INFO] Creating fresh browser instance for domain: fst.itserver.biz
[INFO] Attempt 1/3: Creating Chrome driver...
[PASS] Chrome driver created successfully on attempt 1
[INFO] Attempt 1/3: Opening https://fst.itserver.biz/admin/?r=user/user/login&_lang=en
[PASS] Page loaded successfully on attempt 1
[PASS] Opened URL: https://fst.itserver.biz/admin/?r=user/user/login&_lang=en
[INFO] Testing refresh function for dashboard elements...
[PASS] Login successful - dashboard loaded with refresh function
[PASS] Login successful - dashboard loaded with fallback method
[INFO] Login completed. Page Load: 3.7s, Login: 19.9s
[INFO] Login successful for domain: fst.itserver.biz
[INFO] Starting feature: Sales Order
Feature: Sales Order # features/fst.itserver.biz/SO.feature:4

  @critical
  Scenario: Visit Sales order page and click on Edit btn  # features/fst.itserver.biz/SO.feature:7
    Given we visit "orders/salesOrder"                    # features/steps/form_actions.py:36
    When we clear the from date and search                # features/steps/form_actions.py:82
[INFO] Completed feature: Sales Order
DEBUG: context.domain = fst.itserver.biz
DEBUG: timing_summary = {'fst.itserver.biz': {'Server': 'FST', 'Page Load': 3.7, 'Login': 19.9, 'Features': {'Sales Order': {'Feature': None, 'Scenario Timings': [{'name': 'Visit Sales order page and click on Edit btn', 'duration': 10.9, 'status': 'passed', 'failed_steps': []}], 'Failed Steps': []}}}}
PASS Feature: Sales Order (10.9s)
[DEBUG] Writing timing summary for fst.itserver.biz to E:\shayan\tests\timing_results\fst.itserver.biz_timing.json

[INFO] Closing browser for domain: fst.itserver.biz
[INFO] Browser closed successfully for domain: fst.itserver.biz
[INFO] Browser instance cleared for domain: fst.itserver.biz
[SUMMARY] Timing for fst.itserver.biz:
{
  "page_load": {
    "current": 3.7,
    "average": 3.6999999999999997,
    "values": [
      3.7,
      3.9,
      3.5
    ],
    "is_high": true
  },
  "login": {
    "current": 19.9,
    "average": 20.166666666666668,
    "values": [
      19.9,
      20.3,
      20.3
    ],
    "is_high": false
  },
  "features": {
    "Sales Order": {
      "current": 10.9,
      "average": 12.9,
      "values": [
        10.9,
        13.5,
        14.3
      ],
      "is_high": false
    }
  },
  "scenario": {
    "current": 10.9,
    "average": 12.9,
    "values": [
      10.9,
      13.5,
      14.3
    ],
    "is_high": false
  }
}

[INFO] Server: FST | Domain: fst.itserver.biz
==================================================
[PASS] Sales Order

============================================================
COMPLETED DOMAIN: fst.itserver.biz
============================================================

============================================================
STARTING DOMAIN: cam.itserver.biz (Server: metro cam)
============================================================
[INFO] Running 4 feature files for domain 'cam.itserver.biz':
    E:\shayan\tests\features\cam.itserver.biz\AccV.feature
    E:\shayan\tests\features\cam.itserver.biz\GP.feature
    E:\shayan\tests\features\cam.itserver.biz\PI.feature
    E:\shayan\tests\features\cam.itserver.biz\SO.feature
[INFO] Domain = cam.itserver.biz
[INFO] Starting browser and logging in for domain: cam.itserver.biz
[INFO] Creating fresh browser instance for domain: cam.itserver.biz
[INFO] Attempt 1/3: Creating Chrome driver...
[PASS] Chrome driver created successfully on attempt 1
[INFO] Attempt 1/3: Opening https://cam.itserver.biz/admin/?r=user/user/login&_lang=en
[PASS] Page loaded successfully on attempt 1
[PASS] Opened URL: https://cam.itserver.biz/admin/?r=user/user/login&_lang=en
[INFO] Testing refresh function for dashboard elements...
[PASS] Login successful - dashboard loaded with refresh function
[PASS] Login successful - dashboard loaded with fallback method
[INFO] Login completed. Page Load: 3.8s, Login: 20.2s
[INFO] Login successful for domain: cam.itserver.biz
[INFO] Starting feature: Add Account Voucher
Feature: Add Account Voucher # features/cam.itserver.biz/AccV.feature:4

  @critical
  Scenario: Visit Account Voucher Page and click on Edit btn  # features/cam.itserver.biz/AccV.feature:7
    Given we visit "accounts2"                                # features/steps/form_actions.py:36
    When we edit the top row                                  # features/steps/cartzlink_form.py:155
[INFO] Completed feature: Add Account Voucher
DEBUG: context.domain = cam.itserver.biz
DEBUG: timing_summary = {'cam.itserver.biz': {'Server': 'metro cam', 'Page Load': 3.8, 'Login': 20.2, 'Features': {'Add Account Voucher': {'Feature': None, 'Scenario Timings': [{'name': 'Visit Account Voucher Page and click on Edit btn', 'duration': 8.6, 'status': 'passed', 'failed_steps': []}], 'Failed Steps': []}}}}
PASS Feature: Add Account Voucher (8.6s)
[DEBUG] Writing timing summary for cam.itserver.biz to E:\shayan\tests\timing_results\cam.itserver.biz_timing.json

[INFO] Starting feature: Gatepass
Feature: Gatepass # features/cam.itserver.biz/GP.feature:1

  @critical
  Scenario: Visit Gate pass Page and click on Edit btn  # features/cam.itserver.biz/GP.feature:4
    Given we visit "orders/deliveryChallanCAM"          # features/steps/form_actions.py:36
    When we edit the top row                            # features/steps/cartzlink_form.py:155
[INFO] Completed feature: Gatepass
DEBUG: context.domain = cam.itserver.biz
DEBUG: timing_summary = {'cam.itserver.biz': {'Server': 'metro cam', 'Page Load': 3.8, 'Login': 20.2, 'Features': {'Add Account Voucher': {'Feature': 8.6, 'Scenario Timings': [{'name': 'Visit Account Voucher Page and click on Edit btn', 'duration': 8.6, 'status': 'passed', 'failed_steps': []}], 'Failed Steps': []}, 'Gatepass': {'Feature': None, 'Scenario Timings': [{'name': 'Visit Gate pass Page and click on Edit btn', 'duration': 11.7, 'status': 'passed', 'failed_steps': []}], 'Failed Steps': []}}}}
PASS Feature: Gatepass (11.7s)
[DEBUG] Writing timing summary for cam.itserver.biz to E:\shayan\tests\timing_results\cam.itserver.biz_timing.json

[INFO] Starting feature: Purchase Invoice
Feature: Purchase Invoice # features/cam.itserver.biz/PI.feature:3

  @critical
  Scenario: Visit Purchase invoice Page and click on Edit btn  # features/cam.itserver.biz/PI.feature:6
    Given we visit "orders/purchaseInvoice"                    # features/steps/form_actions.py:36
    When we edit the top row                                   # features/steps/cartzlink_form.py:155
[INFO] Completed feature: Purchase Invoice
DEBUG: context.domain = cam.itserver.biz
DEBUG: timing_summary = {'cam.itserver.biz': {'Server': 'metro cam', 'Page Load': 3.8, 'Login': 20.2, 'Features': {'Add Account Voucher': {'Feature': 8.6, 'Scenario Timings': [{'name': 'Visit Account Voucher Page and click on Edit btn', 'duration': 8.6, 'status': 'passed', 'failed_steps': []}], 'Failed Steps': []}, 'Gatepass': {'Feature': 11.7, 'Scenario Timings': [{'name': 'Visit Gate pass Page and click on Edit btn', 'duration': 11.7, 'status': 'passed', 'failed_steps': []}], 'Failed Steps': []}, 'Purchase Invoice': {'Feature': None, 'Scenario Timings': [{'name': 'Visit Purchase invoice Page and click on Edit btn', 'duration': 11.8, 'status': 'passed', 'failed_steps': []}], 'Failed Steps': []}}}}
PASS Feature: Purchase Invoice (11.8s)
[DEBUG] Writing timing summary for cam.itserver.biz to E:\shayan\tests\timing_results\cam.itserver.biz_timing.json

[INFO] Starting feature: Production Order FSTUser
Feature: Production Order FSTUser # features/cam.itserver.biz/SO.feature:4

  @critical
  Scenario: Visit Production order page and click on Edit btn  # features/cam.itserver.biz/SO.feature:7
    Given we visit "orders/SalesOrderFSTUser"                  # features/steps/form_actions.py:36
    When we edit the top row                                   # features/steps/cartzlink_form.py:155
[INFO] Completed feature: Production Order FSTUser
DEBUG: context.domain = cam.itserver.biz
DEBUG: timing_summary = {'cam.itserver.biz': {'Server': 'metro cam', 'Page Load': 3.8, 'Login': 20.2, 'Features': {'Add Account Voucher': {'Feature': 8.6, 'Scenario Timings': [{'name': 'Visit Account Voucher Page and click on Edit btn', 'duration': 8.6, 'status': 'passed', 'failed_steps': []}], 'Failed Steps': []}, 'Gatepass': {'Feature': 11.7, 'Scenario Timings': [{'name': 'Visit Gate pass Page and click on Edit btn', 'duration': 11.7, 'status': 'passed', 'failed_steps': []}], 'Failed Steps': []}, 'Purchase Invoice': {'Feature': 11.8, 'Scenario Timings': [{'name': 'Visit Purchase invoice Page and click on Edit btn', 'duration': 11.8, 'status': 'passed', 'failed_steps': []}], 'Failed Steps': []}, 'Production Order FSTUser': {'Feature': None, 'Scenario Timings': [{'name': 'Visit Production order page and click on Edit btn', 'duration': 8.1, 'status': 'passed', 'failed_steps': []}], 'Failed Steps': []}}}}
PASS Feature: Production Order FSTUser (8.1s)
[DEBUG] Writing timing summary for cam.itserver.biz to E:\shayan\tests\timing_results\cam.itserver.biz_timing.json

[INFO] Closing browser for domain: cam.itserver.biz
[INFO] Browser closed successfully for domain: cam.itserver.biz
[INFO] Browser instance cleared for domain: cam.itserver.biz
[SUMMARY] Timing for cam.itserver.biz:
{
  "page_load": {
    "current": 3.8,
    "average": 3.9,
    "values": [
      3.8,
      3.7,
      4.2
    ],
    "is_high": false
  },
  "login": {
    "current": 20.2,
    "average": 19.666666666666668,
    "values": [
      20.2,
      19.2,
      19.6
    ],
    "is_high": true
  },
  "features": {
    "Add Account Voucher": {
      "current": 8.6,
      "average": 7.8999999999999995,
      "values": [
        8.6,
        7.3,
        7.8
      ],
      "is_high": true
    },
    "Gatepass": {
      "current": 11.7,
      "average": 12.333333333333334,
      "values": [
        11.7,
        11.6,
        13.7
      ],
      "is_high": false
    },
    "Purchase Invoice": {
      "current": 11.8,
      "average": 12.566666666666668,
      "values": [
        11.8,
        12.0,
        13.9
      ],
      "is_high": false
    },
    "Production Order FSTUser": {
      "current": 8.1,
      "average": 7.933333333333334,
      "values": [
        8.1,
        7.7,
        8.0
      ],
      "is_high": true
    }
  },
  "scenario": {
    "current": 10.05,
    "average": 10.183333333333334,
    "values": [
      10.05,
      9.65,
      10.85
    ],
    "is_high": false
  }
}

[INFO] Server: metro cam | Domain: cam.itserver.biz
==================================================
[PASS] Add Account Voucher
[PASS] Gatepass
[PASS] Purchase Invoice
[PASS] Production Order FSTUser

============================================================
COMPLETED DOMAIN: cam.itserver.biz
============================================================

============================================================
STARTING DOMAIN: bmkenya.itserver.biz (Server: bmkenya)
============================================================
[INFO] Running 2 feature files for domain 'bmkenya.itserver.biz':
    E:\shayan\tests\features\bmkenya.itserver.biz\AccV.feature
    E:\shayan\tests\features\bmkenya.itserver.biz\SO.feature
[INFO] Domain = bmkenya.itserver.biz
[INFO] Starting browser and logging in for domain: bmkenya.itserver.biz
[INFO] Creating fresh browser instance for domain: bmkenya.itserver.biz
[INFO] Attempt 1/3: Creating Chrome driver...
[PASS] Chrome driver created successfully on attempt 1
[INFO] Attempt 1/3: Opening https://bmkenya.itserver.biz/admin/?r=user/user/login&_lang=en
[PASS] Page loaded successfully on attempt 1
[PASS] Opened URL: https://bmkenya.itserver.biz/admin/?r=user/user/login&_lang=en
[INFO] Testing refresh function for dashboard elements...
[PASS] Login successful - dashboard loaded with refresh function
[PASS] Login successful - dashboard loaded with fallback method
[INFO] Login completed. Page Load: 4.0s, Login: 20.0s
[INFO] Login successful for domain: bmkenya.itserver.biz
[INFO] Starting feature: Add Account Voucher
Feature: Add Account Voucher # features/bmkenya.itserver.biz/AccV.feature:4

  @critical
  Scenario: Visit Account Voucher Page and click on Edit btn  # features/bmkenya.itserver.biz/AccV.feature:7
    Given we visit "accounts2"                                # features/steps/form_actions.py:36
    When we edit the top row                                  # features/steps/cartzlink_form.py:155
[INFO] Completed feature: Add Account Voucher
DEBUG: context.domain = bmkenya.itserver.biz
DEBUG: timing_summary = {'bmkenya.itserver.biz': {'Server': 'bmkenya', 'Page Load': 4.0, 'Login': 20.0, 'Features': {'Add Account Voucher': {'Feature': None, 'Scenario Timings': [{'name': 'Visit Account Voucher Page and click on Edit btn', 'duration': 9.6, 'status': 'passed', 'failed_steps': []}], 'Failed Steps': []}}}}
PASS Feature: Add Account Voucher (9.6s)
[DEBUG] Writing timing summary for bmkenya.itserver.biz to E:\shayan\tests\timing_results\bmkenya.itserver.biz_timing.json

[INFO] Starting feature: Sales Order
Feature: Sales Order # features/bmkenya.itserver.biz/SO.feature:4

  @critical
  Scenario: Visit Sales order page     # features/bmkenya.itserver.biz/SO.feature:7
    Given we visit "orders/salesOrder" # features/steps/form_actions.py:36
[INFO] Completed feature: Sales Order
DEBUG: context.domain = bmkenya.itserver.biz
DEBUG: timing_summary = {'bmkenya.itserver.biz': {'Server': 'bmkenya', 'Page Load': 4.0, 'Login': 20.0, 'Features': {'Add Account Voucher': {'Feature': 9.6, 'Scenario Timings': [{'name': 'Visit Account Voucher Page and click on Edit btn', 'duration': 9.6, 'status': 'passed', 'failed_steps': []}], 'Failed Steps': []}, 'Sales Order': {'Feature': None, 'Scenario Timings': [{'name': 'Visit Sales order page', 'duration': 1.0, 'status': 'passed', 'failed_steps': []}], 'Failed Steps': []}}}}
PASS Feature: Sales Order (1.0s)
[DEBUG] Writing timing summary for bmkenya.itserver.biz to E:\shayan\tests\timing_results\bmkenya.itserver.biz_timing.json

[INFO] Closing browser for domain: bmkenya.itserver.biz
[INFO] Browser closed successfully for domain: bmkenya.itserver.biz
[INFO] Browser instance cleared for domain: bmkenya.itserver.biz
[SUMMARY] Timing for bmkenya.itserver.biz:
{
  "page_load": {
    "current": 4.0,
    "average": 4.3,
    "values": [
      4.0,
      4.0,
      4.9
    ],
    "is_high": false
  },
  "login": {
    "current": 20.0,
    "average": 19.966666666666665,
    "values": [
      20.0,
      19.7,
      20.2
    ],
    "is_high": true
  },
  "features": {
    "Add Account Voucher": {
      "current": 9.6,
      "average": 9.633333333333333,
      "values": [
        9.6,
        9.4,
        9.9
      ],
      "is_high": false
    },
    "Sales Order": {
      "current": 1.0,
      "average": 1.0,
      "values": [
        1.0,
        0.9,
        1.1
      ],
      "is_high": false
    }
  },
  "scenario": {
    "current": 5.3,
    "average": 5.316666666666666,
    "values": [
      5.3,
      5.15,
      5.5
    ],
    "is_high": false
  }
}

[INFO] Server: bmkenya | Domain: bmkenya.itserver.biz
==================================================
[PASS] Add Account Voucher
[PASS] Sales Order

============================================================
COMPLETED DOMAIN: bmkenya.itserver.biz
============================================================

============================================================
STARTING DOMAIN: crm.cartzlink.com (Server: s15)
============================================================
[INFO] Running 1 feature files for domain 'crm.cartzlink.com':
    E:\shayan\tests\features\crm.cartzlink.com\dashboard.feature
[INFO] Domain = crm.cartzlink.com
[INFO] Starting browser and logging in for domain: crm.cartzlink.com
[INFO] Creating fresh browser instance for domain: crm.cartzlink.com
[INFO] Attempt 1/3: Creating Chrome driver...
[PASS] Chrome driver created successfully on attempt 1
[INFO] Attempt 1/3: Opening https://crm.cartzlink.com/admin/?r=user/user/login&_lang=en
[PASS] Page loaded successfully on attempt 1
[PASS] Opened URL: https://crm.cartzlink.com/admin/?r=user/user/login&_lang=en
[INFO] Testing refresh function for dashboard elements...
[PASS] Login successful - dashboard loaded with refresh function
[PASS] Login successful - dashboard loaded with fallback method
[INFO] Login completed. Page Load: 1.1s, Login: 19.5s
[INFO] Login successful for domain: crm.cartzlink.com
[INFO] Starting feature: Dash board
Feature: Dash board # features/crm.cartzlink.com/dashboard.feature:4
[INFO] Completed feature: Dash board
DEBUG: context.domain = crm.cartzlink.com
DEBUG: timing_summary = {'crm.cartzlink.com': {'Server': 's15', 'Page Load': 1.1, 'Login': 19.5, 'Features': {'Dash board': {'Feature': None, 'Scenario Timings': [{'name': 'Visit Dash board page', 'duration': 0.0, 'status': 'passed', 'failed_steps': []}], 'Failed Steps': []}}}}
PASS Feature: Dash board (0.0s)
[DEBUG] Writing timing summary for crm.cartzlink.com to E:\shayan\tests\timing_results\crm.cartzlink.com_timing.json

  @critical
  Scenario: Visit Dash board page  # features/crm.cartzlink.com/dashboard.feature:7

[INFO] Closing browser for domain: crm.cartzlink.com
[INFO] Browser closed successfully for domain: crm.cartzlink.com
[INFO] Browser instance cleared for domain: crm.cartzlink.com
[SUMMARY] Timing for crm.cartzlink.com:
{
  "page_load": {
    "current": 1.1,
    "average": 0.7999999999999999,
    "values": [
      1.1,
      0.7,
      0.6
    ],
    "is_high": true
  },
  "login": {
    "current": 19.5,
    "average": 18.666666666666668,
    "values": [
      19.5,
      18.3,
      18.2
    ],
    "is_high": true
  },
  "features": {
    "Dash board": {
      "current": 0.0,
      "average": 0.0,
      "values": [
        0.0,
        0.0,
        0.0
      ],
      "is_high": 0.0
    }
  },
  "scenario": {
    "current": 0.0,
    "average": 0.0,
    "values": [
      0.0,
      0.0,
      0.0
    ],
    "is_high": 0.0
  }
}

[INFO] Server: s15 | Domain: crm.cartzlink.com
==================================================
[PASS] Dash board

============================================================
COMPLETED DOMAIN: crm.cartzlink.com
============================================================

============================================================
STARTING DOMAIN: crm.tabrospharma.com (Server: TP)
============================================================
[INFO] Running 2 feature files for domain 'crm.tabrospharma.com':
    E:\shayan\tests\features\crm.tabrospharma.com\AccV.feature
    E:\shayan\tests\features\crm.tabrospharma.com\SO.feature
[INFO] Domain = crm.tabrospharma.com
[INFO] Starting browser and logging in for domain: crm.tabrospharma.com
[INFO] Creating fresh browser instance for domain: crm.tabrospharma.com
[INFO] Attempt 1/3: Creating Chrome driver...
[PASS] Chrome driver created successfully on attempt 1
[INFO] Attempt 1/3: Opening https://crm.tabrospharma.com/admin/?r=user/user/login&_lang=en
[PASS] Page loaded successfully on attempt 1
[PASS] Opened URL: https://crm.tabrospharma.com/admin/?r=user/user/login&_lang=en
[INFO] Testing refresh function for dashboard elements...
[PASS] Login successful - dashboard loaded with refresh function
[PASS] Login successful - dashboard loaded with fallback method
[INFO] Login completed. Page Load: 1.3s, Login: 26.2s
[INFO] Login successful for domain: crm.tabrospharma.com
[INFO] Starting feature: Add Account Voucher
Feature: Add Account Voucher # features/crm.tabrospharma.com/AccV.feature:4

  @critical
  Scenario: Visit Account Voucher Page and click on Edit btn  # features/crm.tabrospharma.com/AccV.feature:7
    Given we visit "accounts2"                                # features/steps/form_actions.py:36
    When we edit the top row                                  # features/steps/cartzlink_form.py:155
[INFO] Completed feature: Add Account Voucher
DEBUG: context.domain = crm.tabrospharma.com
DEBUG: timing_summary = {'crm.tabrospharma.com': {'Server': 'TP', 'Page Load': 1.3, 'Login': 26.2, 'Features': {'Add Account Voucher': {'Feature': None, 'Scenario Timings': [{'name': 'Visit Account Voucher Page and click on Edit btn', 'duration': 7.0, 'status': 'passed', 'failed_steps': []}], 'Failed Steps': []}}}}
PASS Feature: Add Account Voucher (7.0s)
[DEBUG] Writing timing summary for crm.tabrospharma.com to E:\shayan\tests\timing_results\crm.tabrospharma.com_timing.json

[INFO] Starting feature: Sales Order
Feature: Sales Order # features/crm.tabrospharma.com/SO.feature:4

  @critical
  Scenario: Visit Sales Order Page and click on Edit btn  # features/crm.tabrospharma.com/SO.feature:7
    Given we visit "orders/salesOrder"                    # features/steps/form_actions.py:36
    When we edit the top row                              # features/steps/cartzlink_form.py:155
[INFO] Completed feature: Sales Order
DEBUG: context.domain = crm.tabrospharma.com
DEBUG: timing_summary = {'crm.tabrospharma.com': {'Server': 'TP', 'Page Load': 1.3, 'Login': 26.2, 'Features': {'Add Account Voucher': {'Feature': 7.0, 'Scenario Timings': [{'name': 'Visit Account Voucher Page and click on Edit btn', 'duration': 7.0, 'status': 'passed', 'failed_steps': []}], 'Failed Steps': []}, 'Sales Order': {'Feature': None, 'Scenario Timings': [{'name': 'Visit Sales Order Page and click on Edit btn', 'duration': 6.8, 'status': 'passed', 'failed_steps': []}], 'Failed Steps': []}}}}
PASS Feature: Sales Order (6.8s)
[DEBUG] Writing timing summary for crm.tabrospharma.com to E:\shayan\tests\timing_results\crm.tabrospharma.com_timing.json

[INFO] Closing browser for domain: crm.tabrospharma.com
[INFO] Browser closed successfully for domain: crm.tabrospharma.com
[INFO] Browser instance cleared for domain: crm.tabrospharma.com
[SUMMARY] Timing for crm.tabrospharma.com:
{
  "page_load": {
    "current": 1.3,
    "average": 1.4500000000000002,
    "values": [
      1.3,
      1.6
    ],
    "is_high": false
  },
  "login": {
    "current": 26.2,
    "average": 26.2,
    "values": [
      26.2,
      26.2
    ],
    "is_high": false
  },
  "features": {
    "Add Account Voucher": {
      "current": 7.0,
      "average": 7.15,
      "values": [
        7.0,
        7.3
      ],
      "is_high": false
    },
    "Sales Order": {
      "current": 6.8,
      "average": 6.8,
      "values": [
        6.8,
        6.8
      ],
      "is_high": false
    }
  },
  "scenario": {
    "current": 6.9,
    "average": 6.975,
    "values": [
      6.9,
      7.05
    ],
    "is_high": false
  }
}

[INFO] Server: TP | Domain: crm.tabrospharma.com
==================================================
[PASS] Add Account Voucher
[PASS] Sales Order

============================================================
COMPLETED DOMAIN: crm.tabrospharma.com
============================================================

==================================================
[SUMMARY] FINAL TEST SUMMARY
==================================================

================================================================================
[CRITICAL] FAILURES AND PERFORMANCE ISSUES SUMMARY
================================================================================

SLOW TESTS (8 total):
--------------------------------------------------
[SLOW] Feature SLOW | s13 | gta.cartzlink.com
   Feature: Sales Invoice
   Time: 29.10s | Above 7-day average (20.8s)
[SLOW] Page Load SLOW | FST | fst.itserver.biz
   Time: 3.70s | Above 7-day average (3.7s)
[SLOW] Login SLOW | metro cam | cam.itserver.biz
   Time: 20.20s | Above 7-day average (19.7s)
[SLOW] Feature SLOW | metro cam | cam.itserver.biz
   Feature: Add Account Voucher
   Time: 8.60s | Above 7-day average (7.9s)
[SLOW] Feature SLOW | metro cam | cam.itserver.biz
   Feature: Production Order FSTUser
   Time: 8.10s | Above 7-day average (7.9s)
[SLOW] Login SLOW | bmkenya | bmkenya.itserver.biz
   Time: 20.00s | Above 7-day average (20.0s)
[SLOW] Page Load SLOW | s15 | crm.cartzlink.com
   Time: 1.10s | Above 7-day average (0.8s)
[SLOW] Login SLOW | s15 | crm.cartzlink.com
   Time: 19.50s | Above 7-day average (18.7s)
================================================================================

[DEBUG] Getting 7-day data for domain: mt.itserver.biz
[DEBUG] Page load data: {'current': 2.2, 'average': 2.5, 'values': [2.2, 2.5, 2.8], 'is_high': False}
[DEBUG] Formatted summary: 
Times (Last 3 Days): 2.2, 2.5, 2.8
3-Day Avg: 2.5
Today: 2.2
[DEBUG] Getting 7-day login data for domain: mt.itserver.biz
[DEBUG] Login data: {'current': 24.2, 'average': 24.3, 'values': [24.2, 24.3, 24.4], 'is_high': False}
[DEBUG] Formatted login summary: 
Times (Last 3 Days): 24.2, 24.3, 24.4
3-Day Avg: 24.3
Today: 24.2
[DEBUG] Getting 7-day data for domain: gta.cartzlink.com
[DEBUG] Page load data: {'current': 3.4, 'average': 4.233333333333333, 'values': [3.4, 4.8, 4.5], 'is_high': False}
[DEBUG] Formatted summary: 
Times (Last 3 Days): 3.4, 4.8, 4.5
3-Day Avg: 4.2
Today: 3.4
[DEBUG] Getting 7-day login data for domain: gta.cartzlink.com
[DEBUG] Login data: {'current': 21.5, 'average': 21.666666666666668, 'values': [21.5, 22.4, 21.1], 'is_high': False}
[DEBUG] Formatted login summary: 
Times (Last 3 Days): 21.5, 22.4, 21.1
3-Day Avg: 21.7
Today: 21.5
[DEBUG] Getting 7-day data for domain: fst.itserver.biz
[DEBUG] Page load data: {'current': 3.7, 'average': 3.6999999999999997, 'values': [3.7, 3.9, 3.5], 'is_high': True}
[DEBUG] Formatted summary: 
Times (Last 3 Days): 3.7, 3.9, 3.5
3-Day Avg: 3.7
Today: 3.7  Above 3-Day Avg
[DEBUG] Getting 7-day login data for domain: fst.itserver.biz
[DEBUG] Login data: {'current': 19.9, 'average': 20.166666666666668, 'values': [19.9, 20.3, 20.3], 'is_high': False}
[DEBUG] Formatted login summary: 
Times (Last 3 Days): 19.9, 20.3, 20.3
3-Day Avg: 20.2
Today: 19.9
[DEBUG] Getting 7-day data for domain: cam.itserver.biz
[DEBUG] Page load data: {'current': 3.8, 'average': 3.9, 'values': [3.8, 3.7, 4.2], 'is_high': False}
[DEBUG] Formatted summary: 
Times (Last 3 Days): 3.8, 3.7, 4.2
3-Day Avg: 3.9
Today: 3.8
[DEBUG] Getting 7-day login data for domain: cam.itserver.biz
[DEBUG] Login data: {'current': 20.2, 'average': 19.666666666666668, 'values': [20.2, 19.2, 19.6], 'is_high': True}
[DEBUG] Formatted login summary: 
Times (Last 3 Days): 20.2, 19.2, 19.6
3-Day Avg: 19.7
Today: 20.2  Above 3-Day Avg
[DEBUG] Getting 7-day data for domain: bmkenya.itserver.biz
[DEBUG] Page load data: {'current': 4.0, 'average': 4.3, 'values': [4.0, 4.0, 4.9], 'is_high': False}
[DEBUG] Formatted summary: 
Times (Last 3 Days): 4.0, 4.0, 4.9
3-Day Avg: 4.3
Today: 4.0
[DEBUG] Getting 7-day login data for domain: bmkenya.itserver.biz
[DEBUG] Login data: {'current': 20.0, 'average': 19.966666666666665, 'values': [20.0, 19.7, 20.2], 'is_high': True}
[DEBUG] Formatted login summary: 
Times (Last 3 Days): 20.0, 19.7, 20.2
3-Day Avg: 20.0
Today: 20.0  Above 3-Day Avg
[DEBUG] Getting 7-day data for domain: crm.cartzlink.com
[DEBUG] Page load data: {'current': 1.1, 'average': 0.7999999999999999, 'values': [1.1, 0.7, 0.6], 'is_high': True}
[DEBUG] Formatted summary: 
Times (Last 3 Days): 1.1, 0.7, 0.6
3-Day Avg: 0.8
Today: 1.1  Above 3-Day Avg
[DEBUG] Getting 7-day login data for domain: crm.cartzlink.com
[DEBUG] Login data: {'current': 19.5, 'average': 18.666666666666668, 'values': [19.5, 18.3, 18.2], 'is_high': True}
[DEBUG] Formatted login summary: 
Times (Last 3 Days): 19.5, 18.3, 18.2
3-Day Avg: 18.7
Today: 19.5  Above 3-Day Avg
[DEBUG] Getting 7-day data for domain: crm.tabrospharma.com
[DEBUG] Page load data: {'current': 1.3, 'average': 1.4500000000000002, 'values': [1.3, 1.6], 'is_high': False}
[DEBUG] Formatted summary: 
Times (Last 2 Days): 1.3, 1.6
2-Day Avg: 1.5
Today: 1.3
[DEBUG] Getting 7-day login data for domain: crm.tabrospharma.com
[DEBUG] Login data: {'current': 26.2, 'average': 26.2, 'values': [26.2, 26.2], 'is_high': False}
[DEBUG] Formatted login summary: 
Times (Last 2 Days): 26.2, 26.2
2-Day Avg: 26.2
Today: 26.2

[INFO] Server: metro crm | Domain: mt.itserver.biz
[INFO] Features executed:
    Sales Order
==================================================
[PASS] Page Load (2.20s)

Times (Last 3 Days): 2.2, 2.5, 2.8
3-Day Avg: 2.5
Today: 2.2
[PASS] Login (24.20s)

Times (Last 3 Days): 24.2, 24.3, 24.4
3-Day Avg: 24.3
Today: 24.2

[INFO] Feature: Sales Order
[PASS] Feature: Sales Order (8.50s)

Times (Last 3 Days): 8.5, 8.5, 8.7
3-Day Avg: 8.6
Today: 8.5
[PASS] Scenario: Visit Sales order page and click on edit btn (8.50s)

[INFO] Server: s13 | Domain: gta.cartzlink.com
[INFO] Features executed:
    Add Account Voucher
    Sales Invoice
==================================================
[PASS] Page Load (3.40s)

Times (Last 3 Days): 3.4, 4.8, 4.5
3-Day Avg: 4.2
Today: 3.4
[PASS] Login (21.50s)

Times (Last 3 Days): 21.5, 22.4, 21.1
3-Day Avg: 21.7
Today: 21.5

[INFO] Feature: Add Account Voucher
[PASS] Feature: Add Account Voucher (17.10s)

Times (Last 3 Days): 17.1, 26.9, 13.1
3-Day Avg: 19.0
Today: 17.1
[PASS] Scenario: Visit Account Voucher Page and click on Edit btn (17.10s)
[INFO] Feature: Sales Invoice
[PASS] Feature: Sales Invoice (29.10s)  Above 7-Day Avg

Times (Last 3 Days): 29.1, 11.5, 21.7
3-Day Avg: 20.8
Today: 29.1  Above 3-Day Avg
[PASS] Scenario: Sales Invoice page (29.10s)

[INFO] Server: FST | Domain: fst.itserver.biz
[INFO] Features executed:
    Sales Order
==================================================
[PASS] Page Load (3.70s)  Above 7-Day Avg

Times (Last 3 Days): 3.7, 3.9, 3.5
3-Day Avg: 3.7
Today: 3.7  Above 3-Day Avg
[PASS] Login (19.90s)

Times (Last 3 Days): 19.9, 20.3, 20.3
3-Day Avg: 20.2
Today: 19.9

[INFO] Feature: Sales Order
[PASS] Feature: Sales Order (10.90s)

Times (Last 3 Days): 10.9, 13.5, 14.3
3-Day Avg: 12.9
Today: 10.9
[PASS] Scenario: Visit Sales order page and click on Edit btn (10.90s)

[INFO] Server: metro cam | Domain: cam.itserver.biz
[INFO] Features executed:
    Add Account Voucher
    Gatepass
    Purchase Invoice
    Production Order FSTUser
==================================================
[PASS] Page Load (3.80s)

Times (Last 3 Days): 3.8, 3.7, 4.2
3-Day Avg: 3.9
Today: 3.8
[PASS] Login (20.20s)  Above 7-Day Avg

Times (Last 3 Days): 20.2, 19.2, 19.6
3-Day Avg: 19.7
Today: 20.2  Above 3-Day Avg

[INFO] Feature: Add Account Voucher
[PASS] Feature: Add Account Voucher (8.60s)  Above 7-Day Avg

Times (Last 3 Days): 8.6, 7.3, 7.8
3-Day Avg: 7.9
Today: 8.6  Above 3-Day Avg
[PASS] Scenario: Visit Account Voucher Page and click on Edit btn (8.60s)
[INFO] Feature: Gatepass
[PASS] Feature: Gatepass (11.70s)

Times (Last 3 Days): 11.7, 11.6, 13.7
3-Day Avg: 12.3
Today: 11.7
[PASS] Scenario: Visit Gate pass Page and click on Edit btn (11.70s)
[INFO] Feature: Purchase Invoice
[PASS] Feature: Purchase Invoice (11.80s)

Times (Last 3 Days): 11.8, 12.0, 13.9
3-Day Avg: 12.6
Today: 11.8
[PASS] Scenario: Visit Purchase invoice Page and click on Edit btn (11.80s)
[INFO] Feature: Production Order FSTUser
[PASS] Feature: Production Order FSTUser (8.10s)  Above 7-Day Avg

Times (Last 3 Days): 8.1, 7.7, 8.0
3-Day Avg: 7.9
Today: 8.1  Above 3-Day Avg
[PASS] Scenario: Visit Production order page and click on Edit btn (8.10s)

[INFO] Server: bmkenya | Domain: bmkenya.itserver.biz
[INFO] Features executed:
    Add Account Voucher
    Sales Order
==================================================
[PASS] Page Load (4.00s)

Times (Last 3 Days): 4.0, 4.0, 4.9
3-Day Avg: 4.3
Today: 4.0
[PASS] Login (20.00s)  Above 7-Day Avg

Times (Last 3 Days): 20.0, 19.7, 20.2
3-Day Avg: 20.0
Today: 20.0  Above 3-Day Avg

[INFO] Feature: Add Account Voucher
[PASS] Feature: Add Account Voucher (9.60s)

Times (Last 3 Days): 9.6, 9.4, 9.9
3-Day Avg: 9.6
Today: 9.6
[PASS] Scenario: Visit Account Voucher Page and click on Edit btn (9.60s)
[INFO] Feature: Sales Order
[PASS] Feature: Sales Order (1.00s)

Times (Last 3 Days): 1.0, 0.9, 1.1
3-Day Avg: 1.0
Today: 1.0
[PASS] Scenario: Visit Sales order page (1.00s)

[INFO] Server: s15 | Domain: crm.cartzlink.com
[INFO] Features executed:
    Dash board
==================================================
[PASS] Page Load (1.10s)  Above 7-Day Avg

Times (Last 3 Days): 1.1, 0.7, 0.6
3-Day Avg: 0.8
Today: 1.1  Above 3-Day Avg
[PASS] Login (19.50s)  Above 7-Day Avg

Times (Last 3 Days): 19.5, 18.3, 18.2
3-Day Avg: 18.7
Today: 19.5  Above 3-Day Avg

[INFO] Feature: Dash board
[PASS] Feature: Dash board (0.00s)

Times (Last 3 Days): 0.0, 0.0, 0.0
3-Day Avg: 0.0
Today: 0.0
[PASS] Scenario: Visit Dash board page (0.00s)

[INFO] Server: TP | Domain: crm.tabrospharma.com
[INFO] Features executed:
    Add Account Voucher
    Sales Order
==================================================
[PASS] Page Load (1.30s)

Times (Last 2 Days): 1.3, 1.6
2-Day Avg: 1.5
Today: 1.3
[PASS] Login (26.20s)

Times (Last 2 Days): 26.2, 26.2
2-Day Avg: 26.2
Today: 26.2

[INFO] Feature: Add Account Voucher
[PASS] Feature: Add Account Voucher (7.00s)

Times (Last 2 Days): 7.0, 7.3
2-Day Avg: 7.2
Today: 7.0
[PASS] Scenario: Visit Account Voucher Page and click on Edit btn (7.00s)
[INFO] Feature: Sales Order
[PASS] Feature: Sales Order (6.80s)

Times (Last 2 Days): 6.8, 6.8
2-Day Avg: 6.8
Today: 6.8
[PASS] Scenario: Visit Sales Order Page and click on Edit btn (6.80s)
[PASS] Test summary email sent successfully.
Finished at Sun 02/08/2026 11:06:31.46 
========================================= 
