========================================= 
Behave Run Started at Fri 01/30/2026 20:00:02.09 
========================================= 
[INFO] Cleaned up 1 old/excess timing history entries. Remaining: 3 entries.

============================================================
STARTING DOMAIN: mt.itserver.biz (Server: metro crm)
============================================================
[INFO] Running 1 feature files for domain 'mt.itserver.biz':
    E:\shayan\tests\features\mt.itserver.biz\SO.feature
[INFO] Domain = mt.itserver.biz
[INFO] Starting browser and logging in for domain: mt.itserver.biz
[INFO] Creating fresh browser instance for domain: mt.itserver.biz
[INFO] Attempt 1/5: Creating Chrome driver...
[INFO] Applying performance optimizations for problematic domain: mt.itserver.biz
[PASS] Chrome driver created successfully on attempt 1
[INFO] Attempt 1/5: Opening https://mt.itserver.biz/admin/?r=user/user/login&_lang=en
[PASS] Page loaded successfully on attempt 1
[PASS] Opened URL: https://mt.itserver.biz/admin/?r=user/user/login&_lang=en
[INFO] Testing refresh function for dashboard elements...
[PASS] Login successful - dashboard loaded with refresh function
[PASS] Login successful - dashboard loaded with fallback method
[INFO] Login completed. Page Load: 2.0s, Login: 24.3s
[INFO] Login successful for domain: mt.itserver.biz
[INFO] Starting feature: Sales Order
Feature: Sales Order # features/mt.itserver.biz/SO.feature:4

  @critical
  Scenario: Visit Sales order page and click on edit btn  # features/mt.itserver.biz/SO.feature:7
    Given we visit "orders/SO2"                           # features/steps/form_actions.py:36
    When we edit the top row                              # features/steps/cartzlink_form.py:155
[INFO] Completed feature: Sales Order
DEBUG: context.domain = mt.itserver.biz
DEBUG: timing_summary = {'mt.itserver.biz': {'Server': 'metro crm', 'Page Load': 2.0, 'Login': 24.3, 'Features': {'Sales Order': {'Feature': None, 'Scenario Timings': [{'name': 'Visit Sales order page and click on edit btn', 'duration': 8.8, 'status': 'passed', 'failed_steps': []}], 'Failed Steps': []}}}}
PASS Feature: Sales Order (8.8s)
[DEBUG] Writing timing summary for mt.itserver.biz to E:\shayan\tests\timing_results\mt.itserver.biz_timing.json

[INFO] Closing browser for domain: mt.itserver.biz
[INFO] Browser closed successfully for domain: mt.itserver.biz
[INFO] Browser instance cleared for domain: mt.itserver.biz
[SUMMARY] Timing for mt.itserver.biz:
{
  "page_load": {
    "current": 2.0,
    "average": 2.4,
    "values": [
      2.0,
      2.4,
      2.5,
      2.7
    ],
    "is_high": false
  },
  "login": {
    "current": 24.3,
    "average": 24.325,
    "values": [
      24.3,
      24.4,
      24.5,
      24.1
    ],
    "is_high": false
  },
  "features": {
    "Sales Order": {
      "current": 8.8,
      "average": 8.65,
      "values": [
        8.8,
        8.7,
        8.6,
        8.5
      ],
      "is_high": true
    }
  },
  "scenario": {
    "current": 8.8,
    "average": 8.65,
    "values": [
      8.8,
      8.7,
      8.6,
      8.5
    ],
    "is_high": true
  }
}

[INFO] Server: metro crm | Domain: mt.itserver.biz
==================================================
[PASS] Sales Order

============================================================
COMPLETED DOMAIN: mt.itserver.biz
============================================================

============================================================
STARTING DOMAIN: gta.cartzlink.com (Server: s13)
============================================================
[INFO] Running 2 feature files for domain 'gta.cartzlink.com':
    E:\shayan\tests\features\gta.cartzlink.com\AccV.feature
    E:\shayan\tests\features\gta.cartzlink.com\SI.feature
[INFO] Domain = gta.cartzlink.com
[INFO] Starting browser and logging in for domain: gta.cartzlink.com
[INFO] Creating fresh browser instance for domain: gta.cartzlink.com
[INFO] Attempt 1/3: Creating Chrome driver...
[PASS] Chrome driver created successfully on attempt 1
[INFO] Attempt 1/3: Opening https://gta.cartzlink.com/admin/?r=user/user/login&_lang=en
[PASS] Page loaded successfully on attempt 1
[PASS] Opened URL: https://gta.cartzlink.com/admin/?r=user/user/login&_lang=en
[INFO] Testing refresh function for dashboard elements...
[PASS] Login successful - dashboard loaded with refresh function
[PASS] Login successful - dashboard loaded with fallback method
[INFO] Login completed. Page Load: 3.3s, Login: 19.8s
[INFO] Login successful for domain: gta.cartzlink.com
[INFO] Starting feature: Add Account Voucher
Feature: Add Account Voucher # features/gta.cartzlink.com/AccV.feature:4

  @critical
  Scenario: Visit Account Voucher Page and click on Edit btn  # features/gta.cartzlink.com/AccV.feature:7
    Given we visit "accounts2"                                # features/steps/form_actions.py:36
    When we edit the top row                                  # features/steps/cartzlink_form.py:155
[INFO] Completed feature: Add Account Voucher
DEBUG: context.domain = gta.cartzlink.com
DEBUG: timing_summary = {'gta.cartzlink.com': {'Server': 's13', 'Page Load': 3.3, 'Login': 19.8, 'Features': {'Add Account Voucher': {'Feature': None, 'Scenario Timings': [{'name': 'Visit Account Voucher Page and click on Edit btn', 'duration': 13.7, 'status': 'passed', 'failed_steps': []}], 'Failed Steps': []}}}}
PASS Feature: Add Account Voucher (13.7s)
[DEBUG] Writing timing summary for gta.cartzlink.com to E:\shayan\tests\timing_results\gta.cartzlink.com_timing.json

[INFO] Starting feature: Sales Invoice
Feature: Sales Invoice # features/gta.cartzlink.com/SI.feature:1

  @critical
  Scenario: Sales Invoice page           # features/gta.cartzlink.com/SI.feature:4
    Given we visit "orders/salesInvoice" # features/steps/form_actions.py:36
    When we edit the top row             # features/steps/cartzlink_form.py:155
[INFO] Completed feature: Sales Invoice
DEBUG: context.domain = gta.cartzlink.com
DEBUG: timing_summary = {'gta.cartzlink.com': {'Server': 's13', 'Page Load': 3.3, 'Login': 19.8, 'Features': {'Add Account Voucher': {'Feature': 13.7, 'Scenario Timings': [{'name': 'Visit Account Voucher Page and click on Edit btn', 'duration': 13.7, 'status': 'passed', 'failed_steps': []}], 'Failed Steps': []}, 'Sales Invoice': {'Feature': None, 'Scenario Timings': [{'name': 'Sales Invoice page', 'duration': 22.3, 'status': 'passed', 'failed_steps': []}], 'Failed Steps': []}}}}
PASS Feature: Sales Invoice (22.3s)
[DEBUG] Writing timing summary for gta.cartzlink.com to E:\shayan\tests\timing_results\gta.cartzlink.com_timing.json

[INFO] Closing browser for domain: gta.cartzlink.com
[INFO] Browser closed successfully for domain: gta.cartzlink.com
[INFO] Browser instance cleared for domain: gta.cartzlink.com
[SUMMARY] Timing for gta.cartzlink.com:
{
  "page_load": {
    "current": 3.3,
    "average": 3.2,
    "values": [
      3.3,
      2.8,
      3.1,
      3.6
    ],
    "is_high": true
  },
  "login": {
    "current": 19.8,
    "average": 20.525,
    "values": [
      19.8,
      20.4,
      21.3,
      20.6
    ],
    "is_high": false
  },
  "features": {
    "Add Account Voucher": {
      "current": 13.7,
      "average": 14.65,
      "values": [
        13.7,
        13.8,
        16.8,
        14.3
      ],
      "is_high": false
    },
    "Sales Invoice": {
      "current": 22.3,
      "average": 22.275,
      "values": [
        22.3,
        20.9,
        28.8,
        17.1
      ],
      "is_high": true
    }
  },
  "scenario": {
    "current": 18.0,
    "average": 18.462500000000002,
    "values": [
      18.0,
      17.35,
      22.8,
      15.700000000000001
    ],
    "is_high": false
  }
}

[INFO] Server: s13 | Domain: gta.cartzlink.com
==================================================
[PASS] Add Account Voucher
[PASS] Sales Invoice

============================================================
COMPLETED DOMAIN: gta.cartzlink.com
============================================================

============================================================
STARTING DOMAIN: fst.itserver.biz (Server: FST)
============================================================
[INFO] Running 1 feature files for domain 'fst.itserver.biz':
    E:\shayan\tests\features\fst.itserver.biz\SO.feature
[INFO] Domain = fst.itserver.biz
[INFO] Starting browser and logging in for domain: fst.itserver.biz
[INFO] Creating fresh browser instance for domain: fst.itserver.biz
[INFO] Attempt 1/3: Creating Chrome driver...
[PASS] Chrome driver created successfully on attempt 1
[INFO] Attempt 1/3: Opening https://fst.itserver.biz/admin/?r=user/user/login&_lang=en
[PASS] Page loaded successfully on attempt 1
[PASS] Opened URL: https://fst.itserver.biz/admin/?r=user/user/login&_lang=en
[INFO] Testing refresh function for dashboard elements...
[PASS] Login successful - dashboard loaded with refresh function
[PASS] Login successful - dashboard loaded with fallback method
[INFO] Login completed. Page Load: 4.0s, Login: 20.2s
[INFO] Login successful for domain: fst.itserver.biz
[INFO] Starting feature: Sales Order
Feature: Sales Order # features/fst.itserver.biz/SO.feature:4

  @critical
  Scenario: Visit Sales order page and click on Edit btn  # features/fst.itserver.biz/SO.feature:7
    Given we visit "orders/salesOrder"                    # features/steps/form_actions.py:36
    When we clear the from date and search                # features/steps/form_actions.py:82
[INFO] Completed feature: Sales Order
DEBUG: context.domain = fst.itserver.biz
DEBUG: timing_summary = {'fst.itserver.biz': {'Server': 'FST', 'Page Load': 4.0, 'Login': 20.2, 'Features': {'Sales Order': {'Feature': None, 'Scenario Timings': [{'name': 'Visit Sales order page and click on Edit btn', 'duration': 12.4, 'status': 'passed', 'failed_steps': []}], 'Failed Steps': []}}}}
PASS Feature: Sales Order (12.4s)
[DEBUG] Writing timing summary for fst.itserver.biz to E:\shayan\tests\timing_results\fst.itserver.biz_timing.json

[INFO] Closing browser for domain: fst.itserver.biz
[INFO] Browser closed successfully for domain: fst.itserver.biz
[INFO] Browser instance cleared for domain: fst.itserver.biz
[SUMMARY] Timing for fst.itserver.biz:
{
  "page_load": {
    "current": 4.0,
    "average": 3.85,
    "values": [
      4.0,
      3.7,
      3.8,
      3.9
    ],
    "is_high": true
  },
  "login": {
    "current": 20.2,
    "average": 20.05,
    "values": [
      20.2,
      20.2,
      19.7,
      20.1
    ],
    "is_high": true
  },
  "features": {
    "Sales Order": {
      "current": 12.4,
      "average": 12.525,
      "values": [
        12.4,
        11.7,
        10.7,
        15.3
      ],
      "is_high": false
    }
  },
  "scenario": {
    "current": 12.4,
    "average": 12.525,
    "values": [
      12.4,
      11.7,
      10.7,
      15.3
    ],
    "is_high": false
  }
}

[INFO] Server: FST | Domain: fst.itserver.biz
==================================================
[PASS] Sales Order

============================================================
COMPLETED DOMAIN: fst.itserver.biz
============================================================

============================================================
STARTING DOMAIN: cam.itserver.biz (Server: metro cam)
============================================================
[INFO] Running 4 feature files for domain 'cam.itserver.biz':
    E:\shayan\tests\features\cam.itserver.biz\AccV.feature
    E:\shayan\tests\features\cam.itserver.biz\GP.feature
    E:\shayan\tests\features\cam.itserver.biz\PI.feature
    E:\shayan\tests\features\cam.itserver.biz\SO.feature
[INFO] Domain = cam.itserver.biz
[INFO] Starting browser and logging in for domain: cam.itserver.biz
[INFO] Creating fresh browser instance for domain: cam.itserver.biz
[INFO] Attempt 1/3: Creating Chrome driver...
[PASS] Chrome driver created successfully on attempt 1
[INFO] Attempt 1/3: Opening https://cam.itserver.biz/admin/?r=user/user/login&_lang=en
[PASS] Page loaded successfully on attempt 1
[PASS] Opened URL: https://cam.itserver.biz/admin/?r=user/user/login&_lang=en
[INFO] Testing refresh function for dashboard elements...
[PASS] Login successful - dashboard loaded with refresh function
[PASS] Login successful - dashboard loaded with fallback method
[INFO] Login completed. Page Load: 3.9s, Login: 19.3s
[INFO] Login successful for domain: cam.itserver.biz
[INFO] Starting feature: Add Account Voucher
Feature: Add Account Voucher # features/cam.itserver.biz/AccV.feature:4

  @critical
  Scenario: Visit Account Voucher Page and click on Edit btn  # features/cam.itserver.biz/AccV.feature:7
    Given we visit "accounts2"                                # features/steps/form_actions.py:36
    When we edit the top row                                  # features/steps/cartzlink_form.py:155
[INFO] Completed feature: Add Account Voucher
DEBUG: context.domain = cam.itserver.biz
DEBUG: timing_summary = {'cam.itserver.biz': {'Server': 'metro cam', 'Page Load': 3.9, 'Login': 19.3, 'Features': {'Add Account Voucher': {'Feature': None, 'Scenario Timings': [{'name': 'Visit Account Voucher Page and click on Edit btn', 'duration': 8.3, 'status': 'passed', 'failed_steps': []}], 'Failed Steps': []}}}}
PASS Feature: Add Account Voucher (8.3s)
[DEBUG] Writing timing summary for cam.itserver.biz to E:\shayan\tests\timing_results\cam.itserver.biz_timing.json

[INFO] Starting feature: Gatepass
Feature: Gatepass # features/cam.itserver.biz/GP.feature:1

  @critical
  Scenario: Visit Gate pass Page and click on Edit btn  # features/cam.itserver.biz/GP.feature:4
    Given we visit "orders/deliveryChallanCAM"          # features/steps/form_actions.py:36
    When we edit the top row                            # features/steps/cartzlink_form.py:155
[INFO] Completed feature: Gatepass
DEBUG: context.domain = cam.itserver.biz
DEBUG: timing_summary = {'cam.itserver.biz': {'Server': 'metro cam', 'Page Load': 3.9, 'Login': 19.3, 'Features': {'Add Account Voucher': {'Feature': 8.3, 'Scenario Timings': [{'name': 'Visit Account Voucher Page and click on Edit btn', 'duration': 8.3, 'status': 'passed', 'failed_steps': []}], 'Failed Steps': []}, 'Gatepass': {'Feature': None, 'Scenario Timings': [{'name': 'Visit Gate pass Page and click on Edit btn', 'duration': 12.3, 'status': 'passed', 'failed_steps': []}], 'Failed Steps': []}}}}
PASS Feature: Gatepass (12.3s)
[DEBUG] Writing timing summary for cam.itserver.biz to E:\shayan\tests\timing_results\cam.itserver.biz_timing.json

[INFO] Starting feature: Purchase Invoice
Feature: Purchase Invoice # features/cam.itserver.biz/PI.feature:3

  @critical
  Scenario: Visit Purchase invoice Page and click on Edit btn  # features/cam.itserver.biz/PI.feature:6
    Given we visit "orders/purchaseInvoice"                    # features/steps/form_actions.py:36
    When we edit the top row                                   # features/steps/cartzlink_form.py:155
[INFO] Completed feature: Purchase Invoice
DEBUG: context.domain = cam.itserver.biz
DEBUG: timing_summary = {'cam.itserver.biz': {'Server': 'metro cam', 'Page Load': 3.9, 'Login': 19.3, 'Features': {'Add Account Voucher': {'Feature': 8.3, 'Scenario Timings': [{'name': 'Visit Account Voucher Page and click on Edit btn', 'duration': 8.3, 'status': 'passed', 'failed_steps': []}], 'Failed Steps': []}, 'Gatepass': {'Feature': 12.3, 'Scenario Timings': [{'name': 'Visit Gate pass Page and click on Edit btn', 'duration': 12.3, 'status': 'passed', 'failed_steps': []}], 'Failed Steps': []}, 'Purchase Invoice': {'Feature': None, 'Scenario Timings': [{'name': 'Visit Purchase invoice Page and click on Edit btn', 'duration': 13.6, 'status': 'passed', 'failed_steps': []}], 'Failed Steps': []}}}}
PASS Feature: Purchase Invoice (13.6s)
[DEBUG] Writing timing summary for cam.itserver.biz to E:\shayan\tests\timing_results\cam.itserver.biz_timing.json

[INFO] Starting feature: Production Order FSTUser
Feature: Production Order FSTUser # features/cam.itserver.biz/SO.feature:4

  @critical
  Scenario: Visit Production order page and click on Edit btn  # features/cam.itserver.biz/SO.feature:7
    Given we visit "orders/SalesOrderFSTUser"                  # features/steps/form_actions.py:36
    When we edit the top row                                   # features/steps/cartzlink_form.py:155
[INFO] Completed feature: Production Order FSTUser
DEBUG: context.domain = cam.itserver.biz
DEBUG: timing_summary = {'cam.itserver.biz': {'Server': 'metro cam', 'Page Load': 3.9, 'Login': 19.3, 'Features': {'Add Account Voucher': {'Feature': 8.3, 'Scenario Timings': [{'name': 'Visit Account Voucher Page and click on Edit btn', 'duration': 8.3, 'status': 'passed', 'failed_steps': []}], 'Failed Steps': []}, 'Gatepass': {'Feature': 12.3, 'Scenario Timings': [{'name': 'Visit Gate pass Page and click on Edit btn', 'duration': 12.3, 'status': 'passed', 'failed_steps': []}], 'Failed Steps': []}, 'Purchase Invoice': {'Feature': 13.6, 'Scenario Timings': [{'name': 'Visit Purchase invoice Page and click on Edit btn', 'duration': 13.6, 'status': 'passed', 'failed_steps': []}], 'Failed Steps': []}, 'Production Order FSTUser': {'Feature': None, 'Scenario Timings': [{'name': 'Visit Production order page and click on Edit btn', 'duration': 7.8, 'status': 'passed', 'failed_steps': []}], 'Failed Steps': []}}}}
PASS Feature: Production Order FSTUser (7.8s)
[DEBUG] Writing timing summary for cam.itserver.biz to E:\shayan\tests\timing_results\cam.itserver.biz_timing.json

[INFO] Closing browser for domain: cam.itserver.biz
[INFO] Browser closed successfully for domain: cam.itserver.biz
[INFO] Browser instance cleared for domain: cam.itserver.biz
[SUMMARY] Timing for cam.itserver.biz:
{
  "page_load": {
    "current": 3.9,
    "average": 3.7,
    "values": [
      3.9,
      3.6,
      3.6,
      3.7
    ],
    "is_high": true
  },
  "login": {
    "current": 19.3,
    "average": 19.35,
    "values": [
      19.3,
      19.4,
      19.4,
      19.3
    ],
    "is_high": false
  },
  "features": {
    "Add Account Voucher": {
      "current": 8.3,
      "average": 8.200000000000001,
      "values": [
        8.3,
        7.7,
        7.5,
        9.3
      ],
      "is_high": true
    },
    "Gatepass": {
      "current": 12.3,
      "average": 12.0,
      "values": [
        12.3,
        12.5,
        11.5,
        11.7
      ],
      "is_high": true
    },
    "Purchase Invoice": {
      "current": 13.6,
      "average": 13.075,
      "values": [
        13.6,
        13.6,
        12.3,
        12.8
      ],
      "is_high": true
    },
    "Production Order FSTUser": {
      "current": 7.8,
      "average": 7.775,
      "values": [
        7.8,
        7.8,
        7.8,
        7.7
      ],
      "is_high": true
    }
  },
  "scenario": {
    "current": 10.5,
    "average": 10.25625,
    "values": [
      10.5,
      10.4,
      9.775,
      10.35
    ],
    "is_high": true
  }
}

[INFO] Server: metro cam | Domain: cam.itserver.biz
==================================================
[PASS] Add Account Voucher
[PASS] Gatepass
[PASS] Purchase Invoice
[PASS] Production Order FSTUser

============================================================
COMPLETED DOMAIN: cam.itserver.biz
============================================================

============================================================
STARTING DOMAIN: bmkenya.itserver.biz (Server: bmkenya)
============================================================
[INFO] Running 2 feature files for domain 'bmkenya.itserver.biz':
    E:\shayan\tests\features\bmkenya.itserver.biz\AccV.feature
    E:\shayan\tests\features\bmkenya.itserver.biz\SO.feature
[INFO] Domain = bmkenya.itserver.biz
[INFO] Starting browser and logging in for domain: bmkenya.itserver.biz
[INFO] Creating fresh browser instance for domain: bmkenya.itserver.biz
[INFO] Attempt 1/3: Creating Chrome driver...
[PASS] Chrome driver created successfully on attempt 1
[INFO] Attempt 1/3: Opening https://bmkenya.itserver.biz/admin/?r=user/user/login&_lang=en
[PASS] Page loaded successfully on attempt 1
[PASS] Opened URL: https://bmkenya.itserver.biz/admin/?r=user/user/login&_lang=en
[INFO] Testing refresh function for dashboard elements...
[PASS] Login successful - dashboard loaded with refresh function
[PASS] Login successful - dashboard loaded with fallback method
[INFO] Login completed. Page Load: 3.9s, Login: 19.9s
[INFO] Login successful for domain: bmkenya.itserver.biz
[INFO] Starting feature: Add Account Voucher
Feature: Add Account Voucher # features/bmkenya.itserver.biz/AccV.feature:4

  @critical
  Scenario: Visit Account Voucher Page and click on Edit btn  # features/bmkenya.itserver.biz/AccV.feature:7
    Given we visit "accounts2"                                # features/steps/form_actions.py:36
    When we edit the top row                                  # features/steps/cartzlink_form.py:155
[INFO] Completed feature: Add Account Voucher
DEBUG: context.domain = bmkenya.itserver.biz
DEBUG: timing_summary = {'bmkenya.itserver.biz': {'Server': 'bmkenya', 'Page Load': 3.9, 'Login': 19.9, 'Features': {'Add Account Voucher': {'Feature': None, 'Scenario Timings': [{'name': 'Visit Account Voucher Page and click on Edit btn', 'duration': 9.5, 'status': 'passed', 'failed_steps': []}], 'Failed Steps': []}}}}
PASS Feature: Add Account Voucher (9.5s)
[DEBUG] Writing timing summary for bmkenya.itserver.biz to E:\shayan\tests\timing_results\bmkenya.itserver.biz_timing.json

[INFO] Starting feature: Sales Order
Feature: Sales Order # features/bmkenya.itserver.biz/SO.feature:4

  @critical
  Scenario: Visit Sales order page     # features/bmkenya.itserver.biz/SO.feature:7
    Given we visit "orders/salesOrder" # features/steps/form_actions.py:36
[INFO] Completed feature: Sales Order
DEBUG: context.domain = bmkenya.itserver.biz
DEBUG: timing_summary = {'bmkenya.itserver.biz': {'Server': 'bmkenya', 'Page Load': 3.9, 'Login': 19.9, 'Features': {'Add Account Voucher': {'Feature': 9.5, 'Scenario Timings': [{'name': 'Visit Account Voucher Page and click on Edit btn', 'duration': 9.5, 'status': 'passed', 'failed_steps': []}], 'Failed Steps': []}, 'Sales Order': {'Feature': None, 'Scenario Timings': [{'name': 'Visit Sales order page', 'duration': 1.0, 'status': 'passed', 'failed_steps': []}], 'Failed Steps': []}}}}
PASS Feature: Sales Order (1.0s)
[DEBUG] Writing timing summary for bmkenya.itserver.biz to E:\shayan\tests\timing_results\bmkenya.itserver.biz_timing.json

[INFO] Closing browser for domain: bmkenya.itserver.biz
[INFO] Browser closed successfully for domain: bmkenya.itserver.biz
[INFO] Browser instance cleared for domain: bmkenya.itserver.biz
[SUMMARY] Timing for bmkenya.itserver.biz:
{
  "page_load": {
    "current": 3.9,
    "average": 3.825,
    "values": [
      3.9,
      3.6,
      3.9,
      3.9
    ],
    "is_high": true
  },
  "login": {
    "current": 19.9,
    "average": 20.0,
    "values": [
      19.9,
      20.3,
      19.9,
      19.9
    ],
    "is_high": false
  },
  "features": {
    "Add Account Voucher": {
      "current": 9.5,
      "average": 9.55,
      "values": [
        9.5,
        9.8,
        9.5,
        9.4
      ],
      "is_high": false
    },
    "Sales Order": {
      "current": 1.0,
      "average": 1.125,
      "values": [
        1.0,
        1.1,
        1.2,
        1.2
      ],
      "is_high": false
    }
  },
  "scenario": {
    "current": 5.25,
    "average": 5.3375,
    "values": [
      5.25,
      5.45,
      5.35,
      5.3
    ],
    "is_high": false
  }
}

[INFO] Server: bmkenya | Domain: bmkenya.itserver.biz
==================================================
[PASS] Add Account Voucher
[PASS] Sales Order

============================================================
COMPLETED DOMAIN: bmkenya.itserver.biz
============================================================

============================================================
STARTING DOMAIN: crm.cartzlink.com (Server: s15)
============================================================
[INFO] Running 1 feature files for domain 'crm.cartzlink.com':
    E:\shayan\tests\features\crm.cartzlink.com\dashboard.feature
[INFO] Domain = crm.cartzlink.com
[INFO] Starting browser and logging in for domain: crm.cartzlink.com
[INFO] Creating fresh browser instance for domain: crm.cartzlink.com
[INFO] Attempt 1/3: Creating Chrome driver...
[PASS] Chrome driver created successfully on attempt 1
[INFO] Attempt 1/3: Opening https://crm.cartzlink.com/admin/?r=user/user/login&_lang=en
[PASS] Page loaded successfully on attempt 1
[PASS] Opened URL: https://crm.cartzlink.com/admin/?r=user/user/login&_lang=en
[INFO] Testing refresh function for dashboard elements...
[PASS] Login successful - dashboard loaded with refresh function
[PASS] Login successful - dashboard loaded with fallback method
[INFO] Login completed. Page Load: 0.6s, Login: 18.3s
[INFO] Login successful for domain: crm.cartzlink.com
[INFO] Starting feature: Dash board
Feature: Dash board # features/crm.cartzlink.com/dashboard.feature:4
[INFO] Completed feature: Dash board
DEBUG: context.domain = crm.cartzlink.com
DEBUG: timing_summary = {'crm.cartzlink.com': {'Server': 's15', 'Page Load': 0.6, 'Login': 18.3, 'Features': {'Dash board': {'Feature': None, 'Scenario Timings': [{'name': 'Visit Dash board page', 'duration': 0.0, 'status': 'passed', 'failed_steps': []}], 'Failed Steps': []}}}}
PASS Feature: Dash board (0.0s)
[DEBUG] Writing timing summary for crm.cartzlink.com to E:\shayan\tests\timing_results\crm.cartzlink.com_timing.json

  @critical
  Scenario: Visit Dash board page  # features/crm.cartzlink.com/dashboard.feature:7

[INFO] Closing browser for domain: crm.cartzlink.com
[INFO] Browser closed successfully for domain: crm.cartzlink.com
[INFO] Browser instance cleared for domain: crm.cartzlink.com
[SUMMARY] Timing for crm.cartzlink.com:
{
  "page_load": {
    "current": 0.6,
    "average": 0.8250000000000001,
    "values": [
      0.6,
      0.8,
      1.1,
      0.8
    ],
    "is_high": false
  },
  "login": {
    "current": 18.3,
    "average": 18.3,
    "values": [
      18.3,
      18.2,
      18.6,
      18.1
    ],
    "is_high": false
  },
  "features": {
    "Dash board": {
      "current": 0.0,
      "average": 0.0,
      "values": [
        0.0,
        0.0,
        0.0,
        0.0
      ],
      "is_high": 0.0
    }
  },
  "scenario": {
    "current": 0.0,
    "average": 0.0,
    "values": [
      0.0,
      0.0,
      0.0,
      0.0
    ],
    "is_high": 0.0
  }
}

[INFO] Server: s15 | Domain: crm.cartzlink.com
==================================================
[PASS] Dash board

============================================================
COMPLETED DOMAIN: crm.cartzlink.com
============================================================

============================================================
STARTING DOMAIN: crm.tabrospharma.com (Server: TP)
============================================================
[INFO] Running 2 feature files for domain 'crm.tabrospharma.com':
    E:\shayan\tests\features\crm.tabrospharma.com\AccV.feature
    E:\shayan\tests\features\crm.tabrospharma.com\SO.feature
[INFO] Domain = crm.tabrospharma.com
[INFO] Starting browser and logging in for domain: crm.tabrospharma.com
[INFO] Creating fresh browser instance for domain: crm.tabrospharma.com
[INFO] Attempt 1/3: Creating Chrome driver...
[PASS] Chrome driver created successfully on attempt 1
[INFO] Attempt 1/3: Opening https://crm.tabrospharma.com/admin/?r=user/user/login&_lang=en
[PASS] Page loaded successfully on attempt 1
[PASS] Opened URL: https://crm.tabrospharma.com/admin/?r=user/user/login&_lang=en
[INFO] Testing refresh function for dashboard elements...
[PASS] Login successful - dashboard loaded with refresh function
[PASS] Login successful - dashboard loaded with fallback method
[INFO] Login completed. Page Load: 1.6s, Login: 26.0s
[INFO] Login successful for domain: crm.tabrospharma.com
[INFO] Starting feature: Add Account Voucher
Feature: Add Account Voucher # features/crm.tabrospharma.com/AccV.feature:4

  @critical
  Scenario: Visit Account Voucher Page and click on Edit btn  # features/crm.tabrospharma.com/AccV.feature:7
    Given we visit "accounts2"                                # features/steps/form_actions.py:36
    When we edit the top row                                  # features/steps/cartzlink_form.py:155
[INFO] Completed feature: Add Account Voucher
DEBUG: context.domain = crm.tabrospharma.com
DEBUG: timing_summary = {'crm.tabrospharma.com': {'Server': 'TP', 'Page Load': 1.6, 'Login': 26.0, 'Features': {'Add Account Voucher': {'Feature': None, 'Scenario Timings': [{'name': 'Visit Account Voucher Page and click on Edit btn', 'duration': 7.2, 'status': 'passed', 'failed_steps': []}], 'Failed Steps': []}}}}
PASS Feature: Add Account Voucher (7.2s)
[DEBUG] Writing timing summary for crm.tabrospharma.com to E:\shayan\tests\timing_results\crm.tabrospharma.com_timing.json

[INFO] Starting feature: Sales Order
Feature: Sales Order # features/crm.tabrospharma.com/SO.feature:4

  @critical
  Scenario: Visit Sales Order Page and click on Edit btn  # features/crm.tabrospharma.com/SO.feature:7
    Given we visit "orders/salesOrder"                    # features/steps/form_actions.py:36
    When we edit the top row                              # features/steps/cartzlink_form.py:155
[INFO] Completed feature: Sales Order
DEBUG: context.domain = crm.tabrospharma.com
DEBUG: timing_summary = {'crm.tabrospharma.com': {'Server': 'TP', 'Page Load': 1.6, 'Login': 26.0, 'Features': {'Add Account Voucher': {'Feature': 7.2, 'Scenario Timings': [{'name': 'Visit Account Voucher Page and click on Edit btn', 'duration': 7.2, 'status': 'passed', 'failed_steps': []}], 'Failed Steps': []}, 'Sales Order': {'Feature': None, 'Scenario Timings': [{'name': 'Visit Sales Order Page and click on Edit btn', 'duration': 6.8, 'status': 'passed', 'failed_steps': []}], 'Failed Steps': []}}}}
PASS Feature: Sales Order (6.8s)
[DEBUG] Writing timing summary for crm.tabrospharma.com to E:\shayan\tests\timing_results\crm.tabrospharma.com_timing.json

[INFO] Closing browser for domain: crm.tabrospharma.com
[INFO] Browser closed successfully for domain: crm.tabrospharma.com
[INFO] Browser instance cleared for domain: crm.tabrospharma.com
[SUMMARY] Timing for crm.tabrospharma.com:
{
  "page_load": {
    "current": 1.6,
    "average": 1.5,
    "values": [
      1.6,
      1.5,
      1.5,
      1.4
    ],
    "is_high": true
  },
  "login": {
    "current": 26.0,
    "average": 26.125,
    "values": [
      26.0,
      26.1,
      26.2,
      26.2
    ],
    "is_high": false
  },
  "features": {
    "Add Account Voucher": {
      "current": 7.2,
      "average": 7.0,
      "values": [
        7.2,
        6.9,
        6.8,
        7.1
      ],
      "is_high": true
    },
    "Sales Order": {
      "current": 6.8,
      "average": 6.775,
      "values": [
        6.8,
        6.8,
        6.8,
        6.7
      ],
      "is_high": true
    }
  },
  "scenario": {
    "current": 7.0,
    "average": 6.875,
    "values": [
      7.0,
      6.800000000000001,
      6.8,
      6.9
    ],
    "is_high": true
  }
}

[INFO] Server: TP | Domain: crm.tabrospharma.com
==================================================
[PASS] Add Account Voucher
[PASS] Sales Order

============================================================
COMPLETED DOMAIN: crm.tabrospharma.com
============================================================

==================================================
[SUMMARY] FINAL TEST SUMMARY
==================================================

================================================================================
[CRITICAL] FAILURES AND PERFORMANCE ISSUES SUMMARY
================================================================================

SLOW TESTS (14 total):
--------------------------------------------------
[SLOW] Feature SLOW | metro crm | mt.itserver.biz
   Feature: Sales Order
   Time: 8.80s | Above 7-day average (8.7s)
[SLOW] Page Load SLOW | s13 | gta.cartzlink.com
   Time: 3.30s | Above 7-day average (3.2s)
[SLOW] Feature SLOW | s13 | gta.cartzlink.com
   Feature: Sales Invoice
   Time: 22.30s | Above 7-day average (22.3s)
[SLOW] Page Load SLOW | FST | fst.itserver.biz
   Time: 4.00s | Above 7-day average (3.9s)
[SLOW] Login SLOW | FST | fst.itserver.biz
   Time: 20.20s | Above 7-day average (20.1s)
[SLOW] Page Load SLOW | metro cam | cam.itserver.biz
   Time: 3.90s | Above 7-day average (3.7s)
[SLOW] Feature SLOW | metro cam | cam.itserver.biz
   Feature: Add Account Voucher
   Time: 8.30s | Above 7-day average (8.2s)
[SLOW] Feature SLOW | metro cam | cam.itserver.biz
   Feature: Gatepass
   Time: 12.30s | Above 7-day average (12.0s)
[SLOW] Feature SLOW | metro cam | cam.itserver.biz
   Feature: Purchase Invoice
   Time: 13.60s | Above 7-day average (13.1s)
[SLOW] Feature SLOW | metro cam | cam.itserver.biz
   Feature: Production Order FSTUser
   Time: 7.80s | Above 7-day average (7.8s)
[SLOW] Page Load SLOW | bmkenya | bmkenya.itserver.biz
   Time: 3.90s | Above 7-day average (3.8s)
[SLOW] Page Load SLOW | TP | crm.tabrospharma.com
   Time: 1.60s | Above 7-day average (1.5s)
[SLOW] Feature SLOW | TP | crm.tabrospharma.com
   Feature: Add Account Voucher
   Time: 7.20s | Above 7-day average (7.0s)
[SLOW] Feature SLOW | TP | crm.tabrospharma.com
   Feature: Sales Order
   Time: 6.80s | Above 7-day average (6.8s)
================================================================================

[DEBUG] Getting 7-day data for domain: mt.itserver.biz
[DEBUG] Page load data: {'current': 2.0, 'average': 2.4, 'values': [2.0, 2.4, 2.5, 2.7], 'is_high': False}
[DEBUG] Formatted summary: 
Times (Last 4 Days): 2.0, 2.4, 2.5, 2.7
4-Day Avg: 2.4
Today: 2.0
[DEBUG] Getting 7-day login data for domain: mt.itserver.biz
[DEBUG] Login data: {'current': 24.3, 'average': 24.325, 'values': [24.3, 24.4, 24.5, 24.1], 'is_high': False}
[DEBUG] Formatted login summary: 
Times (Last 4 Days): 24.3, 24.4, 24.5, 24.1
4-Day Avg: 24.3
Today: 24.3
[DEBUG] Getting 7-day data for domain: gta.cartzlink.com
[DEBUG] Page load data: {'current': 3.3, 'average': 3.2, 'values': [3.3, 2.8, 3.1, 3.6], 'is_high': True}
[DEBUG] Formatted summary: 
Times (Last 4 Days): 3.3, 2.8, 3.1, 3.6
4-Day Avg: 3.2
Today: 3.3  Above 4-Day Avg
[DEBUG] Getting 7-day login data for domain: gta.cartzlink.com
[DEBUG] Login data: {'current': 19.8, 'average': 20.525, 'values': [19.8, 20.4, 21.3, 20.6], 'is_high': False}
[DEBUG] Formatted login summary: 
Times (Last 4 Days): 19.8, 20.4, 21.3, 20.6
4-Day Avg: 20.5
Today: 19.8
[DEBUG] Getting 7-day data for domain: fst.itserver.biz
[DEBUG] Page load data: {'current': 4.0, 'average': 3.85, 'values': [4.0, 3.7, 3.8, 3.9], 'is_high': True}
[DEBUG] Formatted summary: 
Times (Last 4 Days): 4.0, 3.7, 3.8, 3.9
4-Day Avg: 3.9
Today: 4.0  Above 4-Day Avg
[DEBUG] Getting 7-day login data for domain: fst.itserver.biz
[DEBUG] Login data: {'current': 20.2, 'average': 20.05, 'values': [20.2, 20.2, 19.7, 20.1], 'is_high': True}
[DEBUG] Formatted login summary: 
Times (Last 4 Days): 20.2, 20.2, 19.7, 20.1
4-Day Avg: 20.1
Today: 20.2  Above 4-Day Avg
[DEBUG] Getting 7-day data for domain: cam.itserver.biz
[DEBUG] Page load data: {'current': 3.9, 'average': 3.7, 'values': [3.9, 3.6, 3.6, 3.7], 'is_high': True}
[DEBUG] Formatted summary: 
Times (Last 4 Days): 3.9, 3.6, 3.6, 3.7
4-Day Avg: 3.7
Today: 3.9  Above 4-Day Avg
[DEBUG] Getting 7-day login data for domain: cam.itserver.biz
[DEBUG] Login data: {'current': 19.3, 'average': 19.35, 'values': [19.3, 19.4, 19.4, 19.3], 'is_high': False}
[DEBUG] Formatted login summary: 
Times (Last 4 Days): 19.3, 19.4, 19.4, 19.3
4-Day Avg: 19.4
Today: 19.3
[DEBUG] Getting 7-day data for domain: bmkenya.itserver.biz
[DEBUG] Page load data: {'current': 3.9, 'average': 3.825, 'values': [3.9, 3.6, 3.9, 3.9], 'is_high': True}
[DEBUG] Formatted summary: 
Times (Last 4 Days): 3.9, 3.6, 3.9, 3.9
4-Day Avg: 3.8
Today: 3.9  Above 4-Day Avg
[DEBUG] Getting 7-day login data for domain: bmkenya.itserver.biz
[DEBUG] Login data: {'current': 19.9, 'average': 20.0, 'values': [19.9, 20.3, 19.9, 19.9], 'is_high': False}
[DEBUG] Formatted login summary: 
Times (Last 4 Days): 19.9, 20.3, 19.9, 19.9
4-Day Avg: 20.0
Today: 19.9
[DEBUG] Getting 7-day data for domain: crm.cartzlink.com
[DEBUG] Page load data: {'current': 0.6, 'average': 0.8250000000000001, 'values': [0.6, 0.8, 1.1, 0.8], 'is_high': False}
[DEBUG] Formatted summary: 
Times (Last 4 Days): 0.6, 0.8, 1.1, 0.8
4-Day Avg: 0.8
Today: 0.6
[DEBUG] Getting 7-day login data for domain: crm.cartzlink.com
[DEBUG] Login data: {'current': 18.3, 'average': 18.3, 'values': [18.3, 18.2, 18.6, 18.1], 'is_high': False}
[DEBUG] Formatted login summary: 
Times (Last 4 Days): 18.3, 18.2, 18.6, 18.1
4-Day Avg: 18.3
Today: 18.3
[DEBUG] Getting 7-day data for domain: crm.tabrospharma.com
[DEBUG] Page load data: {'current': 1.6, 'average': 1.5, 'values': [1.6, 1.5, 1.5, 1.4], 'is_high': True}
[DEBUG] Formatted summary: 
Times (Last 4 Days): 1.6, 1.5, 1.5, 1.4
4-Day Avg: 1.5
Today: 1.6  Above 4-Day Avg
[DEBUG] Getting 7-day login data for domain: crm.tabrospharma.com
[DEBUG] Login data: {'current': 26.0, 'average': 26.125, 'values': [26.0, 26.1, 26.2, 26.2], 'is_high': False}
[DEBUG] Formatted login summary: 
Times (Last 4 Days): 26.0, 26.1, 26.2, 26.2
4-Day Avg: 26.1
Today: 26.0

[INFO] Server: metro crm | Domain: mt.itserver.biz
[INFO] Features executed:
    Sales Order
==================================================
[PASS] Page Load (2.00s)

Times (Last 4 Days): 2.0, 2.4, 2.5, 2.7
4-Day Avg: 2.4
Today: 2.0
[PASS] Login (24.30s)

Times (Last 4 Days): 24.3, 24.4, 24.5, 24.1
4-Day Avg: 24.3
Today: 24.3

[INFO] Feature: Sales Order
[PASS] Feature: Sales Order (8.80s)  Above 7-Day Avg

Times (Last 4 Days): 8.8, 8.7, 8.6, 8.5
4-Day Avg: 8.7
Today: 8.8  Above 4-Day Avg
[PASS] Scenario: Visit Sales order page and click on edit btn (8.80s)

[INFO] Server: s13 | Domain: gta.cartzlink.com
[INFO] Features executed:
    Add Account Voucher
    Sales Invoice
==================================================
[PASS] Page Load (3.30s)  Above 7-Day Avg

Times (Last 4 Days): 3.3, 2.8, 3.1, 3.6
4-Day Avg: 3.2
Today: 3.3  Above 4-Day Avg
[PASS] Login (19.80s)

Times (Last 4 Days): 19.8, 20.4, 21.3, 20.6
4-Day Avg: 20.5
Today: 19.8

[INFO] Feature: Add Account Voucher
[PASS] Feature: Add Account Voucher (13.70s)

Times (Last 4 Days): 13.7, 13.8, 16.8, 14.3
4-Day Avg: 14.7
Today: 13.7
[PASS] Scenario: Visit Account Voucher Page and click on Edit btn (13.70s)
[INFO] Feature: Sales Invoice
[PASS] Feature: Sales Invoice (22.30s)  Above 7-Day Avg

Times (Last 4 Days): 22.3, 20.9, 28.8, 17.1
4-Day Avg: 22.3
Today: 22.3  Above 4-Day Avg
[PASS] Scenario: Sales Invoice page (22.30s)

[INFO] Server: FST | Domain: fst.itserver.biz
[INFO] Features executed:
    Sales Order
==================================================
[PASS] Page Load (4.00s)  Above 7-Day Avg

Times (Last 4 Days): 4.0, 3.7, 3.8, 3.9
4-Day Avg: 3.9
Today: 4.0  Above 4-Day Avg
[PASS] Login (20.20s)  Above 7-Day Avg

Times (Last 4 Days): 20.2, 20.2, 19.7, 20.1
4-Day Avg: 20.1
Today: 20.2  Above 4-Day Avg

[INFO] Feature: Sales Order
[PASS] Feature: Sales Order (12.40s)

Times (Last 4 Days): 12.4, 11.7, 10.7, 15.3
4-Day Avg: 12.5
Today: 12.4
[PASS] Scenario: Visit Sales order page and click on Edit btn (12.40s)

[INFO] Server: metro cam | Domain: cam.itserver.biz
[INFO] Features executed:
    Add Account Voucher
    Gatepass
    Purchase Invoice
    Production Order FSTUser
==================================================
[PASS] Page Load (3.90s)  Above 7-Day Avg

Times (Last 4 Days): 3.9, 3.6, 3.6, 3.7
4-Day Avg: 3.7
Today: 3.9  Above 4-Day Avg
[PASS] Login (19.30s)

Times (Last 4 Days): 19.3, 19.4, 19.4, 19.3
4-Day Avg: 19.4
Today: 19.3

[INFO] Feature: Add Account Voucher
[PASS] Feature: Add Account Voucher (8.30s)  Above 7-Day Avg

Times (Last 4 Days): 8.3, 7.7, 7.5, 9.3
4-Day Avg: 8.2
Today: 8.3  Above 4-Day Avg
[PASS] Scenario: Visit Account Voucher Page and click on Edit btn (8.30s)
[INFO] Feature: Gatepass
[PASS] Feature: Gatepass (12.30s)  Above 7-Day Avg

Times (Last 4 Days): 12.3, 12.5, 11.5, 11.7
4-Day Avg: 12.0
Today: 12.3  Above 4-Day Avg
[PASS] Scenario: Visit Gate pass Page and click on Edit btn (12.30s)
[INFO] Feature: Purchase Invoice
[PASS] Feature: Purchase Invoice (13.60s)  Above 7-Day Avg

Times (Last 4 Days): 13.6, 13.6, 12.3, 12.8
4-Day Avg: 13.1
Today: 13.6  Above 4-Day Avg
[PASS] Scenario: Visit Purchase invoice Page and click on Edit btn (13.60s)
[INFO] Feature: Production Order FSTUser
[PASS] Feature: Production Order FSTUser (7.80s)  Above 7-Day Avg

Times (Last 4 Days): 7.8, 7.8, 7.8, 7.7
4-Day Avg: 7.8
Today: 7.8  Above 4-Day Avg
[PASS] Scenario: Visit Production order page and click on Edit btn (7.80s)

[INFO] Server: bmkenya | Domain: bmkenya.itserver.biz
[INFO] Features executed:
    Add Account Voucher
    Sales Order
==================================================
[PASS] Page Load (3.90s)  Above 7-Day Avg

Times (Last 4 Days): 3.9, 3.6, 3.9, 3.9
4-Day Avg: 3.8
Today: 3.9  Above 4-Day Avg
[PASS] Login (19.90s)

Times (Last 4 Days): 19.9, 20.3, 19.9, 19.9
4-Day Avg: 20.0
Today: 19.9

[INFO] Feature: Add Account Voucher
[PASS] Feature: Add Account Voucher (9.50s)

Times (Last 4 Days): 9.5, 9.8, 9.5, 9.4
4-Day Avg: 9.6
Today: 9.5
[PASS] Scenario: Visit Account Voucher Page and click on Edit btn (9.50s)
[INFO] Feature: Sales Order
[PASS] Feature: Sales Order (1.00s)

Times (Last 4 Days): 1.0, 1.1, 1.2, 1.2
4-Day Avg: 1.1
Today: 1.0
[PASS] Scenario: Visit Sales order page (1.00s)

[INFO] Server: s15 | Domain: crm.cartzlink.com
[INFO] Features executed:
    Dash board
==================================================
[PASS] Page Load (0.60s)

Times (Last 4 Days): 0.6, 0.8, 1.1, 0.8
4-Day Avg: 0.8
Today: 0.6
[PASS] Login (18.30s)

Times (Last 4 Days): 18.3, 18.2, 18.6, 18.1
4-Day Avg: 18.3
Today: 18.3

[INFO] Feature: Dash board
[PASS] Feature: Dash board (0.00s)

Times (Last 4 Days): 0.0, 0.0, 0.0, 0.0
4-Day Avg: 0.0
Today: 0.0
[PASS] Scenario: Visit Dash board page (0.00s)

[INFO] Server: TP | Domain: crm.tabrospharma.com
[INFO] Features executed:
    Add Account Voucher
    Sales Order
==================================================
[PASS] Page Load (1.60s)  Above 7-Day Avg

Times (Last 4 Days): 1.6, 1.5, 1.5, 1.4
4-Day Avg: 1.5
Today: 1.6  Above 4-Day Avg
[PASS] Login (26.00s)

Times (Last 4 Days): 26.0, 26.1, 26.2, 26.2
4-Day Avg: 26.1
Today: 26.0

[INFO] Feature: Add Account Voucher
[PASS] Feature: Add Account Voucher (7.20s)  Above 7-Day Avg

Times (Last 4 Days): 7.2, 6.9, 6.8, 7.1
4-Day Avg: 7.0
Today: 7.2  Above 4-Day Avg
[PASS] Scenario: Visit Account Voucher Page and click on Edit btn (7.20s)
[INFO] Feature: Sales Order
[PASS] Feature: Sales Order (6.80s)  Above 7-Day Avg

Times (Last 4 Days): 6.8, 6.8, 6.8, 6.7
4-Day Avg: 6.8
Today: 6.8  Above 4-Day Avg
[PASS] Scenario: Visit Sales Order Page and click on Edit btn (6.80s)
[PASS] Test summary email sent successfully.
Finished at Fri 01/30/2026 20:06:08.65 
========================================= 
