========================================= 
Behave Run Started at Mon 02/16/2026 15:13:05.20 
========================================= 
[INFO] Cleaned up 1 old/excess timing history entries. Remaining: 2 entries.

============================================================
STARTING DOMAIN: mt.itserver.biz (Server: metro crm)
============================================================
[INFO] Running 1 feature files for domain 'mt.itserver.biz':
    E:\shayan\tests\features\mt.itserver.biz\SO.feature
[INFO] Domain = mt.itserver.biz
[INFO] Starting browser and logging in for domain: mt.itserver.biz
[INFO] Creating fresh browser instance for domain: mt.itserver.biz
[INFO] Attempt 1/5: Creating Chrome driver...
[INFO] Applying performance optimizations for problematic domain: mt.itserver.biz
[PASS] Chrome driver created successfully on attempt 1
[INFO] Attempt 1/5: Opening https://mt.itserver.biz/admin/?r=user/user/login&_lang=en
[PASS] Page loaded successfully on attempt 1
[PASS] Opened URL: https://mt.itserver.biz/admin/?r=user/user/login&_lang=en
[INFO] Testing refresh function for dashboard elements...
[PASS] Login successful - dashboard loaded with refresh function
[PASS] Login successful - dashboard loaded with fallback method
[INFO] Login completed. Page Load: 1.9s, Login: 24.6s
[INFO] Login successful for domain: mt.itserver.biz
[INFO] Starting feature: Sales Order
Feature: Sales Order # features/mt.itserver.biz/SO.feature:4

  @critical
  Scenario: Visit Sales order page and click on edit btn  # features/mt.itserver.biz/SO.feature:7
    Given we visit "orders/SO2"                           # features/steps/form_actions.py:36
    When we edit the top row                              # features/steps/cartzlink_form.py:155
[INFO] Completed feature: Sales Order
DEBUG: context.domain = mt.itserver.biz
DEBUG: timing_summary = {'mt.itserver.biz': {'Server': 'metro crm', 'Page Load': 1.9, 'Login': 24.6, 'Features': {'Sales Order': {'Feature': None, 'Scenario Timings': [{'name': 'Visit Sales order page and click on edit btn', 'duration': 8.9, 'status': 'passed', 'failed_steps': []}], 'Failed Steps': []}}}}
PASS Feature: Sales Order (8.9s)
[DEBUG] Writing timing summary for mt.itserver.biz to E:\shayan\tests\timing_results\mt.itserver.biz_timing.json

[INFO] Closing browser for domain: mt.itserver.biz
[INFO] Browser closed successfully for domain: mt.itserver.biz
[INFO] Browser instance cleared for domain: mt.itserver.biz
[SUMMARY] Timing for mt.itserver.biz:
{
  "page_load": {
    "current": 1.9,
    "average": 2.1666666666666665,
    "values": [
      1.9,
      2.7,
      1.9
    ],
    "is_high": false
  },
  "login": {
    "current": 24.6,
    "average": 24.5,
    "values": [
      24.6,
      24.3,
      24.6
    ],
    "is_high": true
  },
  "features": {
    "Sales Order": {
      "current": 8.9,
      "average": 8.866666666666667,
      "values": [
        8.9,
        8.7,
        9.0
      ],
      "is_high": true
    }
  },
  "scenario": {
    "current": 8.9,
    "average": 8.866666666666667,
    "values": [
      8.9,
      8.7,
      9.0
    ],
    "is_high": true
  }
}

[INFO] Server: metro crm | Domain: mt.itserver.biz
==================================================
[PASS] Sales Order

============================================================
COMPLETED DOMAIN: mt.itserver.biz
============================================================

============================================================
STARTING DOMAIN: gta.cartzlink.com (Server: s13)
============================================================
[INFO] Running 2 feature files for domain 'gta.cartzlink.com':
    E:\shayan\tests\features\gta.cartzlink.com\AccV.feature
    E:\shayan\tests\features\gta.cartzlink.com\SI.feature
[INFO] Domain = gta.cartzlink.com
[INFO] Starting browser and logging in for domain: gta.cartzlink.com
[INFO] Creating fresh browser instance for domain: gta.cartzlink.com
[INFO] Attempt 1/3: Creating Chrome driver...
[PASS] Chrome driver created successfully on attempt 1
[INFO] Attempt 1/3: Opening https://gta.cartzlink.com/admin/?r=user/user/login&_lang=en
[PASS] Page loaded successfully on attempt 1
[PASS] Opened URL: https://gta.cartzlink.com/admin/?r=user/user/login&_lang=en
[INFO] Testing refresh function for dashboard elements...
[PASS] Login successful - dashboard loaded with refresh function
[PASS] Login successful - dashboard loaded with fallback method
[INFO] Login completed. Page Load: 5.4s, Login: 22.3s
[INFO] Login successful for domain: gta.cartzlink.com
[INFO] Starting feature: Add Account Voucher
Feature: Add Account Voucher # features/gta.cartzlink.com/AccV.feature:4

  @critical
  Scenario: Visit Account Voucher Page and click on Edit btn  # features/gta.cartzlink.com/AccV.feature:7
    Given we visit "accounts2"                                # features/steps/form_actions.py:36
    When we edit the top row                                  # features/steps/cartzlink_form.py:155
[INFO] Completed feature: Add Account Voucher
DEBUG: context.domain = gta.cartzlink.com
DEBUG: timing_summary = {'gta.cartzlink.com': {'Server': 's13', 'Page Load': 5.4, 'Login': 22.3, 'Features': {'Add Account Voucher': {'Feature': None, 'Scenario Timings': [{'name': 'Visit Account Voucher Page and click on Edit btn', 'duration': 15.3, 'status': 'passed', 'failed_steps': []}], 'Failed Steps': []}}}}
PASS Feature: Add Account Voucher (15.3s)
[DEBUG] Writing timing summary for gta.cartzlink.com to E:\shayan\tests\timing_results\gta.cartzlink.com_timing.json

[INFO] Starting feature: Sales Invoice
Feature: Sales Invoice # features/gta.cartzlink.com/SI.feature:1

  @critical
  Scenario: Sales Invoice page           # features/gta.cartzlink.com/SI.feature:4
    Given we visit "orders/salesInvoice" # features/steps/form_actions.py:36
    When we edit the top row             # features/steps/cartzlink_form.py:155
[INFO] Completed feature: Sales Invoice
DEBUG: context.domain = gta.cartzlink.com
DEBUG: timing_summary = {'gta.cartzlink.com': {'Server': 's13', 'Page Load': 5.4, 'Login': 22.3, 'Features': {'Add Account Voucher': {'Feature': 15.3, 'Scenario Timings': [{'name': 'Visit Account Voucher Page and click on Edit btn', 'duration': 15.3, 'status': 'passed', 'failed_steps': []}], 'Failed Steps': []}, 'Sales Invoice': {'Feature': None, 'Scenario Timings': [{'name': 'Sales Invoice page', 'duration': 21.7, 'status': 'passed', 'failed_steps': []}], 'Failed Steps': []}}}}
PASS Feature: Sales Invoice (21.7s)
[DEBUG] Writing timing summary for gta.cartzlink.com to E:\shayan\tests\timing_results\gta.cartzlink.com_timing.json

[INFO] Closing browser for domain: gta.cartzlink.com
[INFO] Browser closed successfully for domain: gta.cartzlink.com
[INFO] Browser instance cleared for domain: gta.cartzlink.com
[SUMMARY] Timing for gta.cartzlink.com:
{
  "page_load": {
    "current": 5.4,
    "average": 4.8,
    "values": [
      5.4,
      4.6,
      4.4
    ],
    "is_high": true
  },
  "login": {
    "current": 22.3,
    "average": 20.933333333333334,
    "values": [
      22.3,
      20.6,
      19.9
    ],
    "is_high": true
  },
  "features": {
    "Add Account Voucher": {
      "current": 15.3,
      "average": 14.4,
      "values": [
        15.3,
        13.8,
        14.1
      ],
      "is_high": true
    },
    "Sales Invoice": {
      "current": 21.7,
      "average": 21.233333333333334,
      "values": [
        21.7,
        25.5,
        16.5
      ],
      "is_high": true
    }
  },
  "scenario": {
    "current": 18.5,
    "average": 17.816666666666666,
    "values": [
      18.5,
      19.65,
      15.3
    ],
    "is_high": true
  }
}

[INFO] Server: s13 | Domain: gta.cartzlink.com
==================================================
[PASS] Add Account Voucher
[PASS] Sales Invoice

============================================================
COMPLETED DOMAIN: gta.cartzlink.com
============================================================

============================================================
STARTING DOMAIN: fst.itserver.biz (Server: FST)
============================================================
[INFO] Running 1 feature files for domain 'fst.itserver.biz':
    E:\shayan\tests\features\fst.itserver.biz\SO.feature
[INFO] Domain = fst.itserver.biz
[INFO] Starting browser and logging in for domain: fst.itserver.biz
[INFO] Creating fresh browser instance for domain: fst.itserver.biz
[INFO] Attempt 1/3: Creating Chrome driver...
[PASS] Chrome driver created successfully on attempt 1
[INFO] Attempt 1/3: Opening https://fst.itserver.biz/admin/?r=user/user/login&_lang=en
[PASS] Page loaded successfully on attempt 1
[PASS] Opened URL: https://fst.itserver.biz/admin/?r=user/user/login&_lang=en
[INFO] Testing refresh function for dashboard elements...
[PASS] Login successful - dashboard loaded with refresh function
[PASS] Login successful - dashboard loaded with fallback method
[INFO] Login completed. Page Load: 3.4s, Login: 20.9s
[INFO] Login successful for domain: fst.itserver.biz
[INFO] Starting feature: Sales Order
Feature: Sales Order # features/fst.itserver.biz/SO.feature:4

  @critical
  Scenario: Visit Sales order page and click on Edit btn  # features/fst.itserver.biz/SO.feature:7
    Given we visit "orders/salesOrder"                    # features/steps/form_actions.py:36
    When we clear the from date and search                # features/steps/form_actions.py:82
[INFO] Completed feature: Sales Order
DEBUG: context.domain = fst.itserver.biz
DEBUG: timing_summary = {'fst.itserver.biz': {'Server': 'FST', 'Page Load': 3.4, 'Login': 20.9, 'Features': {'Sales Order': {'Feature': None, 'Scenario Timings': [{'name': 'Visit Sales order page and click on Edit btn', 'duration': 13.6, 'status': 'passed', 'failed_steps': []}], 'Failed Steps': []}}}}
PASS Feature: Sales Order (13.6s)
[DEBUG] Writing timing summary for fst.itserver.biz to E:\shayan\tests\timing_results\fst.itserver.biz_timing.json

[INFO] Closing browser for domain: fst.itserver.biz
[INFO] Browser closed successfully for domain: fst.itserver.biz
[INFO] Browser instance cleared for domain: fst.itserver.biz
[SUMMARY] Timing for fst.itserver.biz:
{
  "page_load": {
    "current": 3.4,
    "average": 3.533333333333333,
    "values": [
      3.4,
      3.9,
      3.3
    ],
    "is_high": false
  },
  "login": {
    "current": 20.9,
    "average": 20.333333333333332,
    "values": [
      20.9,
      20.3,
      19.8
    ],
    "is_high": true
  },
  "features": {
    "Sales Order": {
      "current": 13.6,
      "average": 13.733333333333334,
      "values": [
        13.6,
        12.5,
        15.1
      ],
      "is_high": false
    }
  },
  "scenario": {
    "current": 13.6,
    "average": 13.733333333333334,
    "values": [
      13.6,
      12.5,
      15.1
    ],
    "is_high": false
  }
}

[INFO] Server: FST | Domain: fst.itserver.biz
==================================================
[PASS] Sales Order

============================================================
COMPLETED DOMAIN: fst.itserver.biz
============================================================

============================================================
STARTING DOMAIN: cam.itserver.biz (Server: metro cam)
============================================================
[INFO] Running 4 feature files for domain 'cam.itserver.biz':
    E:\shayan\tests\features\cam.itserver.biz\AccV.feature
    E:\shayan\tests\features\cam.itserver.biz\GP.feature
    E:\shayan\tests\features\cam.itserver.biz\PI.feature
    E:\shayan\tests\features\cam.itserver.biz\SO.feature
[INFO] Domain = cam.itserver.biz
[INFO] Starting browser and logging in for domain: cam.itserver.biz
[INFO] Creating fresh browser instance for domain: cam.itserver.biz
[INFO] Attempt 1/3: Creating Chrome driver...
[PASS] Chrome driver created successfully on attempt 1
[INFO] Attempt 1/3: Opening https://cam.itserver.biz/admin/?r=user/user/login&_lang=en
[PASS] Page loaded successfully on attempt 1
[PASS] Opened URL: https://cam.itserver.biz/admin/?r=user/user/login&_lang=en
[INFO] Testing refresh function for dashboard elements...
[PASS] Login successful - dashboard loaded with refresh function
[PASS] Login successful - dashboard loaded with fallback method
[INFO] Login completed. Page Load: 3.3s, Login: 19.4s
[INFO] Login successful for domain: cam.itserver.biz
[INFO] Starting feature: Add Account Voucher
Feature: Add Account Voucher # features/cam.itserver.biz/AccV.feature:4

  @critical
  Scenario: Visit Account Voucher Page and click on Edit btn  # features/cam.itserver.biz/AccV.feature:7
    Given we visit "accounts2"                                # features/steps/form_actions.py:36
    When we edit the top row                                  # features/steps/cartzlink_form.py:155
[INFO] Completed feature: Add Account Voucher
DEBUG: context.domain = cam.itserver.biz
DEBUG: timing_summary = {'cam.itserver.biz': {'Server': 'metro cam', 'Page Load': 3.3, 'Login': 19.4, 'Features': {'Add Account Voucher': {'Feature': None, 'Scenario Timings': [{'name': 'Visit Account Voucher Page and click on Edit btn', 'duration': 8.2, 'status': 'passed', 'failed_steps': []}], 'Failed Steps': []}}}}
PASS Feature: Add Account Voucher (8.2s)
[DEBUG] Writing timing summary for cam.itserver.biz to E:\shayan\tests\timing_results\cam.itserver.biz_timing.json

[INFO] Starting feature: Gatepass
Feature: Gatepass # features/cam.itserver.biz/GP.feature:1

  @critical
  Scenario: Visit Gate pass Page and click on Edit btn  # features/cam.itserver.biz/GP.feature:4
    Given we visit "orders/deliveryChallanCAM"          # features/steps/form_actions.py:36
    When we edit the top row                            # features/steps/cartzlink_form.py:155
[INFO] Completed feature: Gatepass
DEBUG: context.domain = cam.itserver.biz
DEBUG: timing_summary = {'cam.itserver.biz': {'Server': 'metro cam', 'Page Load': 3.3, 'Login': 19.4, 'Features': {'Add Account Voucher': {'Feature': 8.2, 'Scenario Timings': [{'name': 'Visit Account Voucher Page and click on Edit btn', 'duration': 8.2, 'status': 'passed', 'failed_steps': []}], 'Failed Steps': []}, 'Gatepass': {'Feature': None, 'Scenario Timings': [{'name': 'Visit Gate pass Page and click on Edit btn', 'duration': 12.1, 'status': 'passed', 'failed_steps': []}], 'Failed Steps': []}}}}
PASS Feature: Gatepass (12.1s)
[DEBUG] Writing timing summary for cam.itserver.biz to E:\shayan\tests\timing_results\cam.itserver.biz_timing.json

[INFO] Starting feature: Purchase Invoice
Feature: Purchase Invoice # features/cam.itserver.biz/PI.feature:3

  @critical
  Scenario: Visit Purchase invoice Page and click on Edit btn  # features/cam.itserver.biz/PI.feature:6
    Given we visit "orders/purchaseInvoice"                    # features/steps/form_actions.py:36
    When we edit the top row                                   # features/steps/cartzlink_form.py:155
[INFO] Completed feature: Purchase Invoice
DEBUG: context.domain = cam.itserver.biz
DEBUG: timing_summary = {'cam.itserver.biz': {'Server': 'metro cam', 'Page Load': 3.3, 'Login': 19.4, 'Features': {'Add Account Voucher': {'Feature': 8.2, 'Scenario Timings': [{'name': 'Visit Account Voucher Page and click on Edit btn', 'duration': 8.2, 'status': 'passed', 'failed_steps': []}], 'Failed Steps': []}, 'Gatepass': {'Feature': 12.1, 'Scenario Timings': [{'name': 'Visit Gate pass Page and click on Edit btn', 'duration': 12.1, 'status': 'passed', 'failed_steps': []}], 'Failed Steps': []}, 'Purchase Invoice': {'Feature': None, 'Scenario Timings': [{'name': 'Visit Purchase invoice Page and click on Edit btn', 'duration': 14.3, 'status': 'passed', 'failed_steps': []}], 'Failed Steps': []}}}}
PASS Feature: Purchase Invoice (14.3s)
[DEBUG] Writing timing summary for cam.itserver.biz to E:\shayan\tests\timing_results\cam.itserver.biz_timing.json

[INFO] Starting feature: Production Order FSTUser
Feature: Production Order FSTUser # features/cam.itserver.biz/SO.feature:4

  @critical
  Scenario: Visit Production order page and click on Edit btn  # features/cam.itserver.biz/SO.feature:7
    Given we visit "orders/SalesOrderFSTUser"                  # features/steps/form_actions.py:36
    When we edit the top row                                   # features/steps/cartzlink_form.py:155
[INFO] Completed feature: Production Order FSTUser
DEBUG: context.domain = cam.itserver.biz
DEBUG: timing_summary = {'cam.itserver.biz': {'Server': 'metro cam', 'Page Load': 3.3, 'Login': 19.4, 'Features': {'Add Account Voucher': {'Feature': 8.2, 'Scenario Timings': [{'name': 'Visit Account Voucher Page and click on Edit btn', 'duration': 8.2, 'status': 'passed', 'failed_steps': []}], 'Failed Steps': []}, 'Gatepass': {'Feature': 12.1, 'Scenario Timings': [{'name': 'Visit Gate pass Page and click on Edit btn', 'duration': 12.1, 'status': 'passed', 'failed_steps': []}], 'Failed Steps': []}, 'Purchase Invoice': {'Feature': 14.3, 'Scenario Timings': [{'name': 'Visit Purchase invoice Page and click on Edit btn', 'duration': 14.3, 'status': 'passed', 'failed_steps': []}], 'Failed Steps': []}, 'Production Order FSTUser': {'Feature': None, 'Scenario Timings': [{'name': 'Visit Production order page and click on Edit btn', 'duration': 8.0, 'status': 'passed', 'failed_steps': []}], 'Failed Steps': []}}}}
PASS Feature: Production Order FSTUser (8.0s)
[DEBUG] Writing timing summary for cam.itserver.biz to E:\shayan\tests\timing_results\cam.itserver.biz_timing.json

[INFO] Closing browser for domain: cam.itserver.biz
[INFO] Browser closed successfully for domain: cam.itserver.biz
[INFO] Browser instance cleared for domain: cam.itserver.biz
[SUMMARY] Timing for cam.itserver.biz:
{
  "page_load": {
    "current": 3.3,
    "average": 4.2,
    "values": [
      3.3,
      5.4,
      3.9
    ],
    "is_high": false
  },
  "login": {
    "current": 19.4,
    "average": 19.400000000000002,
    "values": [
      19.4,
      19.3,
      19.5
    ],
    "is_high": false
  },
  "features": {
    "Add Account Voucher": {
      "current": 8.2,
      "average": 8.233333333333333,
      "values": [
        8.2,
        7.9,
        8.6
      ],
      "is_high": false
    },
    "Gatepass": {
      "current": 12.1,
      "average": 12.166666666666666,
      "values": [
        12.1,
        11.9,
        12.5
      ],
      "is_high": false
    },
    "Purchase Invoice": {
      "current": 14.3,
      "average": 13.533333333333333,
      "values": [
        14.3,
        12.9,
        13.4
      ],
      "is_high": true
    },
    "Production Order FSTUser": {
      "current": 8.0,
      "average": 8.033333333333333,
      "values": [
        8.0,
        7.8,
        8.3
      ],
      "is_high": false
    }
  },
  "scenario": {
    "current": 10.65,
    "average": 10.491666666666667,
    "values": [
      10.65,
      10.125,
      10.7
    ],
    "is_high": true
  }
}

[INFO] Server: metro cam | Domain: cam.itserver.biz
==================================================
[PASS] Add Account Voucher
[PASS] Gatepass
[PASS] Purchase Invoice
[PASS] Production Order FSTUser

============================================================
COMPLETED DOMAIN: cam.itserver.biz
============================================================

============================================================
STARTING DOMAIN: bmkenya.itserver.biz (Server: bmkenya)
============================================================
[INFO] Running 2 feature files for domain 'bmkenya.itserver.biz':
    E:\shayan\tests\features\bmkenya.itserver.biz\AccV.feature
    E:\shayan\tests\features\bmkenya.itserver.biz\SO.feature
[INFO] Domain = bmkenya.itserver.biz
[INFO] Starting browser and logging in for domain: bmkenya.itserver.biz
[INFO] Creating fresh browser instance for domain: bmkenya.itserver.biz
[INFO] Attempt 1/3: Creating Chrome driver...
[PASS] Chrome driver created successfully on attempt 1
[INFO] Attempt 1/3: Opening https://bmkenya.itserver.biz/admin/?r=user/user/login&_lang=en
[PASS] Page loaded successfully on attempt 1
[PASS] Opened URL: https://bmkenya.itserver.biz/admin/?r=user/user/login&_lang=en
[INFO] Testing refresh function for dashboard elements...
[PASS] Login successful - dashboard loaded with refresh function
[PASS] Login successful - dashboard loaded with fallback method
[INFO] Login completed. Page Load: 3.1s, Login: 21.3s
[INFO] Login successful for domain: bmkenya.itserver.biz
[INFO] Starting feature: Add Account Voucher
Feature: Add Account Voucher # features/bmkenya.itserver.biz/AccV.feature:4

  @critical
  Scenario: Visit Account Voucher Page and click on Edit btn  # features/bmkenya.itserver.biz/AccV.feature:7
    Given we visit "accounts2"                                # features/steps/form_actions.py:36
    When we edit the top row                                  # features/steps/cartzlink_form.py:155
[INFO] Completed feature: Add Account Voucher
DEBUG: context.domain = bmkenya.itserver.biz
DEBUG: timing_summary = {'bmkenya.itserver.biz': {'Server': 'bmkenya', 'Page Load': 3.1, 'Login': 21.3, 'Features': {'Add Account Voucher': {'Feature': None, 'Scenario Timings': [{'name': 'Visit Account Voucher Page and click on Edit btn', 'duration': 9.6, 'status': 'passed', 'failed_steps': []}], 'Failed Steps': []}}}}
PASS Feature: Add Account Voucher (9.6s)
[DEBUG] Writing timing summary for bmkenya.itserver.biz to E:\shayan\tests\timing_results\bmkenya.itserver.biz_timing.json

[INFO] Starting feature: Sales Order
Feature: Sales Order # features/bmkenya.itserver.biz/SO.feature:4

  @critical
  Scenario: Visit Sales order page     # features/bmkenya.itserver.biz/SO.feature:7
    Given we visit "orders/salesOrder" # features/steps/form_actions.py:36
[INFO] Completed feature: Sales Order
DEBUG: context.domain = bmkenya.itserver.biz
DEBUG: timing_summary = {'bmkenya.itserver.biz': {'Server': 'bmkenya', 'Page Load': 3.1, 'Login': 21.3, 'Features': {'Add Account Voucher': {'Feature': 9.6, 'Scenario Timings': [{'name': 'Visit Account Voucher Page and click on Edit btn', 'duration': 9.6, 'status': 'passed', 'failed_steps': []}], 'Failed Steps': []}, 'Sales Order': {'Feature': None, 'Scenario Timings': [{'name': 'Visit Sales order page', 'duration': 1.1, 'status': 'passed', 'failed_steps': []}], 'Failed Steps': []}}}}
PASS Feature: Sales Order (1.1s)
[DEBUG] Writing timing summary for bmkenya.itserver.biz to E:\shayan\tests\timing_results\bmkenya.itserver.biz_timing.json

[INFO] Closing browser for domain: bmkenya.itserver.biz
[INFO] Browser closed successfully for domain: bmkenya.itserver.biz
[INFO] Browser instance cleared for domain: bmkenya.itserver.biz
[SUMMARY] Timing for bmkenya.itserver.biz:
{
  "page_load": {
    "current": 3.1,
    "average": 4.133333333333334,
    "values": [
      3.1,
      5.2,
      4.1
    ],
    "is_high": false
  },
  "login": {
    "current": 21.3,
    "average": 20.333333333333332,
    "values": [
      21.3,
      19.6,
      20.1
    ],
    "is_high": true
  },
  "features": {
    "Add Account Voucher": {
      "current": 9.6,
      "average": 9.833333333333334,
      "values": [
        9.6,
        9.5,
        10.4
      ],
      "is_high": false
    },
    "Sales Order": {
      "current": 1.1,
      "average": 1.1333333333333335,
      "values": [
        1.1,
        1.0,
        1.3
      ],
      "is_high": false
    }
  },
  "scenario": {
    "current": 5.35,
    "average": 5.483333333333333,
    "values": [
      5.35,
      5.25,
      5.8500000000000005
    ],
    "is_high": false
  }
}

[INFO] Server: bmkenya | Domain: bmkenya.itserver.biz
==================================================
[PASS] Add Account Voucher
[PASS] Sales Order

============================================================
COMPLETED DOMAIN: bmkenya.itserver.biz
============================================================

============================================================
STARTING DOMAIN: crm.cartzlink.com (Server: s15)
============================================================
[INFO] Running 1 feature files for domain 'crm.cartzlink.com':
    E:\shayan\tests\features\crm.cartzlink.com\dashboard.feature
[INFO] Domain = crm.cartzlink.com
[INFO] Starting browser and logging in for domain: crm.cartzlink.com
[INFO] Creating fresh browser instance for domain: crm.cartzlink.com
[INFO] Attempt 1/3: Creating Chrome driver...
[PASS] Chrome driver created successfully on attempt 1
[INFO] Attempt 1/3: Opening https://crm.cartzlink.com/admin/?r=user/user/login&_lang=en
[PASS] Page loaded successfully on attempt 1
[PASS] Opened URL: https://crm.cartzlink.com/admin/?r=user/user/login&_lang=en
[INFO] Testing refresh function for dashboard elements...
[PASS] Login successful - dashboard loaded with refresh function
[PASS] Login successful - dashboard loaded with fallback method
[INFO] Login completed. Page Load: 0.7s, Login: 18.7s
[INFO] Login successful for domain: crm.cartzlink.com
[INFO] Starting feature: Dash board
Feature: Dash board # features/crm.cartzlink.com/dashboard.feature:4
[INFO] Completed feature: Dash board
DEBUG: context.domain = crm.cartzlink.com
DEBUG: timing_summary = {'crm.cartzlink.com': {'Server': 's15', 'Page Load': 0.7, 'Login': 18.7, 'Features': {'Dash board': {'Feature': None, 'Scenario Timings': [{'name': 'Visit Dash board page', 'duration': 0.0, 'status': 'passed', 'failed_steps': []}], 'Failed Steps': []}}}}
PASS Feature: Dash board (0.0s)
[DEBUG] Writing timing summary for crm.cartzlink.com to E:\shayan\tests\timing_results\crm.cartzlink.com_timing.json

  @critical
  Scenario: Visit Dash board page  # features/crm.cartzlink.com/dashboard.feature:7

[INFO] Closing browser for domain: crm.cartzlink.com
[INFO] Browser closed successfully for domain: crm.cartzlink.com
[INFO] Browser instance cleared for domain: crm.cartzlink.com
[SUMMARY] Timing for crm.cartzlink.com:
{
  "page_load": {
    "current": 0.7,
    "average": 0.8333333333333334,
    "values": [
      0.7,
      1.1,
      0.7
    ],
    "is_high": false
  },
  "login": {
    "current": 18.7,
    "average": 18.466666666666665,
    "values": [
      18.7,
      18.2,
      18.5
    ],
    "is_high": true
  },
  "features": {
    "Dash board": {
      "current": 0.0,
      "average": 0.0,
      "values": [
        0.0,
        0.0,
        0.0
      ],
      "is_high": 0.0
    }
  },
  "scenario": {
    "current": 0.0,
    "average": 0.0,
    "values": [
      0.0,
      0.0,
      0.0
    ],
    "is_high": 0.0
  }
}

[INFO] Server: s15 | Domain: crm.cartzlink.com
==================================================
[PASS] Dash board

============================================================
COMPLETED DOMAIN: crm.cartzlink.com
============================================================

============================================================
STARTING DOMAIN: crm.tabrospharma.com (Server: TP)
============================================================
[INFO] Running 2 feature files for domain 'crm.tabrospharma.com':
    E:\shayan\tests\features\crm.tabrospharma.com\AccV.feature
    E:\shayan\tests\features\crm.tabrospharma.com\SO.feature
[INFO] Domain = crm.tabrospharma.com
[INFO] Starting browser and logging in for domain: crm.tabrospharma.com
[INFO] Creating fresh browser instance for domain: crm.tabrospharma.com
[INFO] Attempt 1/3: Creating Chrome driver...
[PASS] Chrome driver created successfully on attempt 1
[INFO] Attempt 1/3: Opening https://crm.tabrospharma.com/admin/?r=user/user/login&_lang=en
[PASS] Page loaded successfully on attempt 1
[PASS] Opened URL: https://crm.tabrospharma.com/admin/?r=user/user/login&_lang=en
[INFO] Testing refresh function for dashboard elements...
[PASS] Login successful - dashboard loaded with refresh function
[PASS] Login successful - dashboard loaded with fallback method
[INFO] Login completed. Page Load: 1.5s, Login: 27.6s
[INFO] Login successful for domain: crm.tabrospharma.com
[INFO] Starting feature: Add Account Voucher
Feature: Add Account Voucher # features/crm.tabrospharma.com/AccV.feature:4

  @critical
  Scenario: Visit Account Voucher Page and click on Edit btn  # features/crm.tabrospharma.com/AccV.feature:7
    Given we visit "accounts2"                                # features/steps/form_actions.py:36
    When we edit the top row                                  # features/steps/cartzlink_form.py:155
[INFO] Completed feature: Add Account Voucher
DEBUG: context.domain = crm.tabrospharma.com
DEBUG: timing_summary = {'crm.tabrospharma.com': {'Server': 'TP', 'Page Load': 1.5, 'Login': 27.6, 'Features': {'Add Account Voucher': {'Feature': None, 'Scenario Timings': [{'name': 'Visit Account Voucher Page and click on Edit btn', 'duration': 7.6, 'status': 'passed', 'failed_steps': []}], 'Failed Steps': []}}}}
PASS Feature: Add Account Voucher (7.6s)
[DEBUG] Writing timing summary for crm.tabrospharma.com to E:\shayan\tests\timing_results\crm.tabrospharma.com_timing.json

[INFO] Starting feature: Sales Order
Feature: Sales Order # features/crm.tabrospharma.com/SO.feature:4

  @critical
  Scenario: Visit Sales Order Page and click on Edit btn  # features/crm.tabrospharma.com/SO.feature:7
    Given we visit "orders/salesOrder"                    # features/steps/form_actions.py:36
    When we edit the top row                              # features/steps/cartzlink_form.py:155
[INFO] Completed feature: Sales Order
DEBUG: context.domain = crm.tabrospharma.com
DEBUG: timing_summary = {'crm.tabrospharma.com': {'Server': 'TP', 'Page Load': 1.5, 'Login': 27.6, 'Features': {'Add Account Voucher': {'Feature': 7.6, 'Scenario Timings': [{'name': 'Visit Account Voucher Page and click on Edit btn', 'duration': 7.6, 'status': 'passed', 'failed_steps': []}], 'Failed Steps': []}, 'Sales Order': {'Feature': None, 'Scenario Timings': [{'name': 'Visit Sales Order Page and click on Edit btn', 'duration': 7.1, 'status': 'passed', 'failed_steps': []}], 'Failed Steps': []}}}}
PASS Feature: Sales Order (7.1s)
[DEBUG] Writing timing summary for crm.tabrospharma.com to E:\shayan\tests\timing_results\crm.tabrospharma.com_timing.json

[INFO] Closing browser for domain: crm.tabrospharma.com
[INFO] Browser closed successfully for domain: crm.tabrospharma.com
[INFO] Browser instance cleared for domain: crm.tabrospharma.com
[SUMMARY] Timing for crm.tabrospharma.com:
{
  "page_load": {
    "current": 1.5,
    "average": 2.033333333333333,
    "values": [
      1.5,
      2.9,
      1.7
    ],
    "is_high": false
  },
  "login": {
    "current": 27.6,
    "average": 26.53333333333333,
    "values": [
      27.6,
      25.9,
      26.1
    ],
    "is_high": true
  },
  "features": {
    "Add Account Voucher": {
      "current": 7.6,
      "average": 7.266666666666667,
      "values": [
        7.6,
        7.4,
        6.8
      ],
      "is_high": true
    },
    "Sales Order": {
      "current": 7.1,
      "average": 7.0,
      "values": [
        7.1,
        7.0,
        6.9
      ],
      "is_high": true
    }
  },
  "scenario": {
    "current": 7.35,
    "average": 7.133333333333333,
    "values": [
      7.35,
      7.2,
      6.85
    ],
    "is_high": true
  }
}

[INFO] Server: TP | Domain: crm.tabrospharma.com
==================================================
[PASS] Add Account Voucher
[PASS] Sales Order

============================================================
COMPLETED DOMAIN: crm.tabrospharma.com
============================================================

============================================================
STARTING DOMAIN: aone.cartzlink.com (Server: s)
============================================================
[INFO] Running 3 feature files for domain 'aone.cartzlink.com':
    E:\shayan\tests\features\aone.cartzlink.com\AccV.feature
    E:\shayan\tests\features\aone.cartzlink.com\SI.feature
    E:\shayan\tests\features\aone.cartzlink.com\SO.feature
[INFO] Domain = aone.cartzlink.com
[INFO] Starting browser and logging in for domain: aone.cartzlink.com
[INFO] Creating fresh browser instance for domain: aone.cartzlink.com
[INFO] Attempt 1/3: Creating Chrome driver...
[PASS] Chrome driver created successfully on attempt 1
[INFO] Attempt 1/3: Opening https://aone.cartzlink.com/admin/?r=user/user/login&_lang=en
[PASS] Page loaded successfully on attempt 1
[PASS] Opened URL: https://aone.cartzlink.com/admin/?r=user/user/login&_lang=en
[INFO] Testing refresh function for dashboard elements...
[PASS] Login successful - dashboard loaded with refresh function
[PASS] Login successful - dashboard loaded with fallback method
[INFO] Login completed. Page Load: 1.1s, Login: 18.1s
[INFO] Login successful for domain: aone.cartzlink.com
[INFO] Starting feature: Add Account Voucher
Feature: Add Account Voucher # features/aone.cartzlink.com/AccV.feature:4

  @critical
  Scenario: Visit Account Voucher Page and click on Edit btn  # features/aone.cartzlink.com/AccV.feature:7
    Given we visit "accounts2"                                # features/steps/form_actions.py:36
    When we edit the top row                                  # features/steps/cartzlink_form.py:155
[INFO] Completed feature: Add Account Voucher
DEBUG: context.domain = aone.cartzlink.com
DEBUG: timing_summary = {'aone.cartzlink.com': {'Server': 's', 'Page Load': 1.1, 'Login': 18.1, 'Features': {'Add Account Voucher': {'Feature': None, 'Scenario Timings': [{'name': 'Visit Account Voucher Page and click on Edit btn', 'duration': 8.1, 'status': 'passed', 'failed_steps': []}], 'Failed Steps': []}}}}
PASS Feature: Add Account Voucher (8.1s)
[DEBUG] Writing timing summary for aone.cartzlink.com to E:\shayan\tests\timing_results\aone.cartzlink.com_timing.json

[INFO] Starting feature: Sales Invoice
Feature: Sales Invoice # features/aone.cartzlink.com/SI.feature:3

  @critical
  Scenario: Visit Sales Order Page and click on Edit btn  # features/aone.cartzlink.com/SI.feature:6
    Given we visit "orders/salesInvoice"                  # features/steps/form_actions.py:36
    When we edit the top row                              # features/steps/cartzlink_form.py:155
      Assertion Failed:  Edit button could not be clicked or did not open the form
      Captured stdout:
       Successfully loaded orders/salesInvoice
      
      [Screenshot Saved] E:\shayan\tests\screenshots\we edit the top row_20260216_152002.png

[INFO] Completed feature: Sales Invoice
DEBUG: context.domain = aone.cartzlink.com
DEBUG: timing_summary = {'aone.cartzlink.com': {'Server': 's', 'Page Load': 1.1, 'Login': 18.1, 'Features': {'Add Account Voucher': {'Feature': 8.1, 'Scenario Timings': [{'name': 'Visit Account Voucher Page and click on Edit btn', 'duration': 8.1, 'status': 'passed', 'failed_steps': []}], 'Failed Steps': []}, 'Sales Invoice': {'Feature': None, 'Scenario Timings': [{'name': 'Visit Sales Order Page and click on Edit btn', 'duration': 17.8, 'status': 'failed', 'failed_steps': []}], 'Failed Steps': []}}}}
PASS Feature: Sales Invoice (17.8s)
[DEBUG] Writing timing summary for aone.cartzlink.com to E:\shayan\tests\timing_results\aone.cartzlink.com_timing.json

[INFO] Starting feature: Sales Order
Feature: Sales Order # features/aone.cartzlink.com/SO.feature:4

  @critical
  Scenario: Visit Sales Order Page and click on Edit btn  # features/aone.cartzlink.com/SO.feature:7
    Given we visit "orders/salesOrder"                    # features/steps/form_actions.py:36
    When we edit the top row                              # features/steps/cartzlink_form.py:155
      Assertion Failed:  Edit button could not be clicked or did not open the form
      Captured stdout:
       Successfully loaded orders/salesOrder
      
      [Screenshot Saved] E:\shayan\tests\screenshots\we edit the top row_20260216_152018.png

[INFO] Completed feature: Sales Order
DEBUG: context.domain = aone.cartzlink.com
DEBUG: timing_summary = {'aone.cartzlink.com': {'Server': 's', 'Page Load': 1.1, 'Login': 18.1, 'Features': {'Add Account Voucher': {'Feature': 8.1, 'Scenario Timings': [{'name': 'Visit Account Voucher Page and click on Edit btn', 'duration': 8.1, 'status': 'passed', 'failed_steps': []}], 'Failed Steps': []}, 'Sales Invoice': {'Feature': 17.8, 'Scenario Timings': [{'name': 'Visit Sales Order Page and click on Edit btn', 'duration': 17.8, 'status': 'failed', 'failed_steps': []}], 'Failed Steps': []}, 'Sales Order': {'Feature': None, 'Scenario Timings': [{'name': 'Visit Sales Order Page and click on Edit btn', 'duration': 16.2, 'status': 'failed', 'failed_steps': []}], 'Failed Steps': []}}}}
PASS Feature: Sales Order (16.2s)
[DEBUG] Writing timing summary for aone.cartzlink.com to E:\shayan\tests\timing_results\aone.cartzlink.com_timing.json

[INFO] Closing browser for domain: aone.cartzlink.com
[INFO] Browser closed successfully for domain: aone.cartzlink.com
[INFO] Browser instance cleared for domain: aone.cartzlink.com
[SUMMARY] Timing for aone.cartzlink.com:
{
  "page_load": {
    "current": 1.1,
    "average": 1.1,
    "values": [
      1.1
    ],
    "is_high": false
  },
  "login": {
    "current": 18.1,
    "average": 18.1,
    "values": [
      18.1
    ],
    "is_high": false
  },
  "features": {
    "Add Account Voucher": {
      "current": 8.1,
      "average": 8.1,
      "values": [
        8.1
      ],
      "is_high": false
    },
    "Sales Invoice": {
      "current": 17.8,
      "average": 17.8,
      "values": [
        17.8
      ],
      "is_high": false
    },
    "Sales Order": {
      "current": 16.2,
      "average": 16.2,
      "values": [
        16.2
      ],
      "is_high": false
    }
  },
  "scenario": {
    "current": 14.033333333333333,
    "average": 14.033333333333333,
    "values": [
      14.033333333333333
    ],
    "is_high": false
  }
}

[INFO] Server: s | Domain: aone.cartzlink.com
==================================================
[PASS] Add Account Voucher
[FAIL] Sales Invoice
[FAIL] Sales Order

============================================================
COMPLETED DOMAIN: aone.cartzlink.com
============================================================

==================================================
[SUMMARY] FINAL TEST SUMMARY
==================================================

================================================================================
[CRITICAL] FAILURES AND PERFORMANCE ISSUES SUMMARY
================================================================================

FAILURES (2 total):
--------------------------------------------------
[FAIL] Scenario FAILED | s | aone.cartzlink.com
   Feature: Sales Invoice
   Scenario: Visit Sales Order Page and click on Edit btn
   Details: Scenario failed in 17.80s

[FAIL] Scenario FAILED | s | aone.cartzlink.com
   Feature: Sales Order
   Scenario: Visit Sales Order Page and click on Edit btn
   Details: Scenario failed in 16.20s


SLOW TESTS (13 total):
--------------------------------------------------
[SLOW] Login SLOW | metro crm | mt.itserver.biz
   Time: 24.60s | Above 7-day average (24.5s)
[SLOW] Feature SLOW | metro crm | mt.itserver.biz
   Feature: Sales Order
   Time: 8.90s | Above 7-day average (8.9s)
[SLOW] Page Load SLOW | s13 | gta.cartzlink.com
   Time: 5.40s | Above 7-day average (4.8s)
[SLOW] Login SLOW | s13 | gta.cartzlink.com
   Time: 22.30s | Above 7-day average (20.9s)
[SLOW] Feature SLOW | s13 | gta.cartzlink.com
   Feature: Add Account Voucher
   Time: 15.30s | Above 7-day average (14.4s)
[SLOW] Feature SLOW | s13 | gta.cartzlink.com
   Feature: Sales Invoice
   Time: 21.70s | Above 7-day average (21.2s)
[SLOW] Login SLOW | FST | fst.itserver.biz
   Time: 20.90s | Above 7-day average (20.3s)
[SLOW] Feature SLOW | metro cam | cam.itserver.biz
   Feature: Purchase Invoice
   Time: 14.30s | Above 7-day average (13.5s)
[SLOW] Login SLOW | bmkenya | bmkenya.itserver.biz
   Time: 21.30s | Above 7-day average (20.3s)
[SLOW] Login SLOW | s15 | crm.cartzlink.com
   Time: 18.70s | Above 7-day average (18.5s)
[SLOW] Login SLOW | TP | crm.tabrospharma.com
   Time: 27.60s | Above 7-day average (26.5s)
[SLOW] Feature SLOW | TP | crm.tabrospharma.com
   Feature: Add Account Voucher
   Time: 7.60s | Above 7-day average (7.3s)
[SLOW] Feature SLOW | TP | crm.tabrospharma.com
   Feature: Sales Order
   Time: 7.10s | Above 7-day average (7.0s)
================================================================================

[DEBUG] Getting 7-day data for domain: mt.itserver.biz
[DEBUG] Page load data: {'current': 1.9, 'average': 2.1666666666666665, 'values': [1.9, 2.7, 1.9], 'is_high': False}
[DEBUG] Formatted summary: 
Times (Last 3 Days): 1.9, 2.7, 1.9
3-Day Avg: 2.2
Today: 1.9
[DEBUG] Getting 7-day login data for domain: mt.itserver.biz
[DEBUG] Login data: {'current': 24.6, 'average': 24.5, 'values': [24.6, 24.3, 24.6], 'is_high': True}
[DEBUG] Formatted login summary: 
Times (Last 3 Days): 24.6, 24.3, 24.6
3-Day Avg: 24.5
Today: 24.6  Above 3-Day Avg
[DEBUG] Getting 7-day data for domain: gta.cartzlink.com
[DEBUG] Page load data: {'current': 5.4, 'average': 4.8, 'values': [5.4, 4.6, 4.4], 'is_high': True}
[DEBUG] Formatted summary: 
Times (Last 3 Days): 5.4, 4.6, 4.4
3-Day Avg: 4.8
Today: 5.4  Above 3-Day Avg
[DEBUG] Getting 7-day login data for domain: gta.cartzlink.com
[DEBUG] Login data: {'current': 22.3, 'average': 20.933333333333334, 'values': [22.3, 20.6, 19.9], 'is_high': True}
[DEBUG] Formatted login summary: 
Times (Last 3 Days): 22.3, 20.6, 19.9
3-Day Avg: 20.9
Today: 22.3  Above 3-Day Avg
[DEBUG] Getting 7-day data for domain: fst.itserver.biz
[DEBUG] Page load data: {'current': 3.4, 'average': 3.533333333333333, 'values': [3.4, 3.9, 3.3], 'is_high': False}
[DEBUG] Formatted summary: 
Times (Last 3 Days): 3.4, 3.9, 3.3
3-Day Avg: 3.5
Today: 3.4
[DEBUG] Getting 7-day login data for domain: fst.itserver.biz
[DEBUG] Login data: {'current': 20.9, 'average': 20.333333333333332, 'values': [20.9, 20.3, 19.8], 'is_high': True}
[DEBUG] Formatted login summary: 
Times (Last 3 Days): 20.9, 20.3, 19.8
3-Day Avg: 20.3
Today: 20.9  Above 3-Day Avg
[DEBUG] Getting 7-day data for domain: cam.itserver.biz
[DEBUG] Page load data: {'current': 3.3, 'average': 4.2, 'values': [3.3, 5.4, 3.9], 'is_high': False}
[DEBUG] Formatted summary: 
Times (Last 3 Days): 3.3, 5.4, 3.9
3-Day Avg: 4.2
Today: 3.3
[DEBUG] Getting 7-day login data for domain: cam.itserver.biz
[DEBUG] Login data: {'current': 19.4, 'average': 19.400000000000002, 'values': [19.4, 19.3, 19.5], 'is_high': False}
[DEBUG] Formatted login summary: 
Times (Last 3 Days): 19.4, 19.3, 19.5
3-Day Avg: 19.4
Today: 19.4
[DEBUG] Getting 7-day data for domain: bmkenya.itserver.biz
[DEBUG] Page load data: {'current': 3.1, 'average': 4.133333333333334, 'values': [3.1, 5.2, 4.1], 'is_high': False}
[DEBUG] Formatted summary: 
Times (Last 3 Days): 3.1, 5.2, 4.1
3-Day Avg: 4.1
Today: 3.1
[DEBUG] Getting 7-day login data for domain: bmkenya.itserver.biz
[DEBUG] Login data: {'current': 21.3, 'average': 20.333333333333332, 'values': [21.3, 19.6, 20.1], 'is_high': True}
[DEBUG] Formatted login summary: 
Times (Last 3 Days): 21.3, 19.6, 20.1
3-Day Avg: 20.3
Today: 21.3  Above 3-Day Avg
[DEBUG] Getting 7-day data for domain: crm.cartzlink.com
[DEBUG] Page load data: {'current': 0.7, 'average': 0.8333333333333334, 'values': [0.7, 1.1, 0.7], 'is_high': False}
[DEBUG] Formatted summary: 
Times (Last 3 Days): 0.7, 1.1, 0.7
3-Day Avg: 0.8
Today: 0.7
[DEBUG] Getting 7-day login data for domain: crm.cartzlink.com
[DEBUG] Login data: {'current': 18.7, 'average': 18.466666666666665, 'values': [18.7, 18.2, 18.5], 'is_high': True}
[DEBUG] Formatted login summary: 
Times (Last 3 Days): 18.7, 18.2, 18.5
3-Day Avg: 18.5
Today: 18.7  Above 3-Day Avg
[DEBUG] Getting 7-day data for domain: crm.tabrospharma.com
[DEBUG] Page load data: {'current': 1.5, 'average': 2.033333333333333, 'values': [1.5, 2.9, 1.7], 'is_high': False}
[DEBUG] Formatted summary: 
Times (Last 3 Days): 1.5, 2.9, 1.7
3-Day Avg: 2.0
Today: 1.5
[DEBUG] Getting 7-day login data for domain: crm.tabrospharma.com
[DEBUG] Login data: {'current': 27.6, 'average': 26.53333333333333, 'values': [27.6, 25.9, 26.1], 'is_high': True}
[DEBUG] Formatted login summary: 
Times (Last 3 Days): 27.6, 25.9, 26.1
3-Day Avg: 26.5
Today: 27.6  Above 3-Day Avg
[DEBUG] Getting 7-day data for domain: aone.cartzlink.com
[DEBUG] Page load data: {'current': 1.1, 'average': 1.1, 'values': [1.1], 'is_high': False}
[DEBUG] Formatted summary: 
Times (Today): 1.1
Today: 1.1
[DEBUG] Getting 7-day login data for domain: aone.cartzlink.com
[DEBUG] Login data: {'current': 18.1, 'average': 18.1, 'values': [18.1], 'is_high': False}
[DEBUG] Formatted login summary: 
Times (Today): 18.1
Today: 18.1

[INFO] Server: metro crm | Domain: mt.itserver.biz
[INFO] Features executed:
    Sales Order
==================================================
[PASS] Page Load (1.90s)

Times (Last 3 Days): 1.9, 2.7, 1.9
3-Day Avg: 2.2
Today: 1.9
[PASS] Login (24.60s)  Above 7-Day Avg

Times (Last 3 Days): 24.6, 24.3, 24.6
3-Day Avg: 24.5
Today: 24.6  Above 3-Day Avg

[INFO] Feature: Sales Order
[PASS] Feature: Sales Order (8.90s)  Above 7-Day Avg

Times (Last 3 Days): 8.9, 8.7, 9.0
3-Day Avg: 8.9
Today: 8.9  Above 3-Day Avg
[PASS] Scenario: Visit Sales order page and click on edit btn (8.90s)

[INFO] Server: s13 | Domain: gta.cartzlink.com
[INFO] Features executed:
    Add Account Voucher
    Sales Invoice
==================================================
[PASS] Page Load (5.40s)  Above 7-Day Avg

Times (Last 3 Days): 5.4, 4.6, 4.4
3-Day Avg: 4.8
Today: 5.4  Above 3-Day Avg
[PASS] Login (22.30s)  Above 7-Day Avg

Times (Last 3 Days): 22.3, 20.6, 19.9
3-Day Avg: 20.9
Today: 22.3  Above 3-Day Avg

[INFO] Feature: Add Account Voucher
[PASS] Feature: Add Account Voucher (15.30s)  Above 7-Day Avg

Times (Last 3 Days): 15.3, 13.8, 14.1
3-Day Avg: 14.4
Today: 15.3  Above 3-Day Avg
[PASS] Scenario: Visit Account Voucher Page and click on Edit btn (15.30s)
[INFO] Feature: Sales Invoice
[PASS] Feature: Sales Invoice (21.70s)  Above 7-Day Avg

Times (Last 3 Days): 21.7, 25.5, 16.5
3-Day Avg: 21.2
Today: 21.7  Above 3-Day Avg
[PASS] Scenario: Sales Invoice page (21.70s)

[INFO] Server: FST | Domain: fst.itserver.biz
[INFO] Features executed:
    Sales Order
==================================================
[PASS] Page Load (3.40s)

Times (Last 3 Days): 3.4, 3.9, 3.3
3-Day Avg: 3.5
Today: 3.4
[PASS] Login (20.90s)  Above 7-Day Avg

Times (Last 3 Days): 20.9, 20.3, 19.8
3-Day Avg: 20.3
Today: 20.9  Above 3-Day Avg

[INFO] Feature: Sales Order
[PASS] Feature: Sales Order (13.60s)

Times (Last 3 Days): 13.6, 12.5, 15.1
3-Day Avg: 13.7
Today: 13.6
[PASS] Scenario: Visit Sales order page and click on Edit btn (13.60s)

[INFO] Server: metro cam | Domain: cam.itserver.biz
[INFO] Features executed:
    Add Account Voucher
    Gatepass
    Purchase Invoice
    Production Order FSTUser
==================================================
[PASS] Page Load (3.30s)

Times (Last 3 Days): 3.3, 5.4, 3.9
3-Day Avg: 4.2
Today: 3.3
[PASS] Login (19.40s)

Times (Last 3 Days): 19.4, 19.3, 19.5
3-Day Avg: 19.4
Today: 19.4

[INFO] Feature: Add Account Voucher
[PASS] Feature: Add Account Voucher (8.20s)

Times (Last 3 Days): 8.2, 7.9, 8.6
3-Day Avg: 8.2
Today: 8.2
[PASS] Scenario: Visit Account Voucher Page and click on Edit btn (8.20s)
[INFO] Feature: Gatepass
[PASS] Feature: Gatepass (12.10s)

Times (Last 3 Days): 12.1, 11.9, 12.5
3-Day Avg: 12.2
Today: 12.1
[PASS] Scenario: Visit Gate pass Page and click on Edit btn (12.10s)
[INFO] Feature: Purchase Invoice
[PASS] Feature: Purchase Invoice (14.30s)  Above 7-Day Avg

Times (Last 3 Days): 14.3, 12.9, 13.4
3-Day Avg: 13.5
Today: 14.3  Above 3-Day Avg
[PASS] Scenario: Visit Purchase invoice Page and click on Edit btn (14.30s)
[INFO] Feature: Production Order FSTUser
[PASS] Feature: Production Order FSTUser (8.00s)

Times (Last 3 Days): 8.0, 7.8, 8.3
3-Day Avg: 8.0
Today: 8.0
[PASS] Scenario: Visit Production order page and click on Edit btn (8.00s)

[INFO] Server: bmkenya | Domain: bmkenya.itserver.biz
[INFO] Features executed:
    Add Account Voucher
    Sales Order
==================================================
[PASS] Page Load (3.10s)

Times (Last 3 Days): 3.1, 5.2, 4.1
3-Day Avg: 4.1
Today: 3.1
[PASS] Login (21.30s)  Above 7-Day Avg

Times (Last 3 Days): 21.3, 19.6, 20.1
3-Day Avg: 20.3
Today: 21.3  Above 3-Day Avg

[INFO] Feature: Add Account Voucher
[PASS] Feature: Add Account Voucher (9.60s)

Times (Last 3 Days): 9.6, 9.5, 10.4
3-Day Avg: 9.8
Today: 9.6
[PASS] Scenario: Visit Account Voucher Page and click on Edit btn (9.60s)
[INFO] Feature: Sales Order
[PASS] Feature: Sales Order (1.10s)

Times (Last 3 Days): 1.1, 1.0, 1.3
3-Day Avg: 1.1
Today: 1.1
[PASS] Scenario: Visit Sales order page (1.10s)

[INFO] Server: s15 | Domain: crm.cartzlink.com
[INFO] Features executed:
    Dash board
==================================================
[PASS] Page Load (0.70s)

Times (Last 3 Days): 0.7, 1.1, 0.7
3-Day Avg: 0.8
Today: 0.7
[PASS] Login (18.70s)  Above 7-Day Avg

Times (Last 3 Days): 18.7, 18.2, 18.5
3-Day Avg: 18.5
Today: 18.7  Above 3-Day Avg

[INFO] Feature: Dash board
[PASS] Feature: Dash board (0.00s)

Times (Last 3 Days): 0.0, 0.0, 0.0
3-Day Avg: 0.0
Today: 0.0
[PASS] Scenario: Visit Dash board page (0.00s)

[INFO] Server: TP | Domain: crm.tabrospharma.com
[INFO] Features executed:
    Add Account Voucher
    Sales Order
==================================================
[PASS] Page Load (1.50s)

Times (Last 3 Days): 1.5, 2.9, 1.7
3-Day Avg: 2.0
Today: 1.5
[PASS] Login (27.60s)  Above 7-Day Avg

Times (Last 3 Days): 27.6, 25.9, 26.1
3-Day Avg: 26.5
Today: 27.6  Above 3-Day Avg

[INFO] Feature: Add Account Voucher
[PASS] Feature: Add Account Voucher (7.60s)  Above 7-Day Avg

Times (Last 3 Days): 7.6, 7.4, 6.8
3-Day Avg: 7.3
Today: 7.6  Above 3-Day Avg
[PASS] Scenario: Visit Account Voucher Page and click on Edit btn (7.60s)
[INFO] Feature: Sales Order
[PASS] Feature: Sales Order (7.10s)  Above 7-Day Avg

Times (Last 3 Days): 7.1, 7.0, 6.9
3-Day Avg: 7.0
Today: 7.1  Above 3-Day Avg
[PASS] Scenario: Visit Sales Order Page and click on Edit btn (7.10s)

[INFO] Server: s | Domain: aone.cartzlink.com
[INFO] Features executed:
    Add Account Voucher
    Sales Invoice
    Sales Order
==================================================
[PASS] Page Load (1.10s)

Times (Today): 1.1
Today: 1.1
[PASS] Login (18.10s)

Times (Today): 18.1
Today: 18.1

[INFO] Feature: Add Account Voucher
[PASS] Feature: Add Account Voucher (8.10s)

Times (Today): 8.1
Today: 8.1
[PASS] Scenario: Visit Account Voucher Page and click on Edit btn (8.10s)
[INFO] Feature: Sales Invoice
[PASS] Feature: Sales Invoice (17.80s)

Times (Today): 17.8
Today: 17.8
[FAIL] Scenario: Visit Sales Order Page and click on Edit btn (17.80s)
[INFO] Feature: Sales Order
[PASS] Feature: Sales Order (16.20s)

Times (Today): 16.2
Today: 16.2
[FAIL] Scenario: Visit Sales Order Page and click on Edit btn (16.20s)
[PASS] Test summary email sent successfully.
