========================================= 
Behave Run Started at Sat 01/17/2026 20:00:02.05 
========================================= 

============================================================
STARTING DOMAIN: mt.itserver.biz (Server: metro crm)
============================================================
[INFO] Running 1 feature files for domain 'mt.itserver.biz':
    E:\shayan\tests\features\mt.itserver.biz\SO.feature
[INFO] Domain = mt.itserver.biz
[INFO] Starting browser and logging in for domain: mt.itserver.biz
[INFO] Creating fresh browser instance for domain: mt.itserver.biz
[INFO] Attempt 1/5: Creating Chrome driver...
[INFO] Applying performance optimizations for problematic domain: mt.itserver.biz
[PASS] Chrome driver created successfully on attempt 1
[INFO] Attempt 1/5: Opening https://mt.itserver.biz/admin/?r=user/user/login&_lang=en
[PASS] Page loaded successfully on attempt 1
[PASS] Opened URL: https://mt.itserver.biz/admin/?r=user/user/login&_lang=en
[INFO] Testing refresh function for dashboard elements...
[PASS] Login successful - dashboard loaded with refresh function
[PASS] Login successful - dashboard loaded with fallback method
[INFO] Login completed. Page Load: 2.2s, Login: 24.2s
[INFO] Login successful for domain: mt.itserver.biz
[INFO] Starting feature: Sales Order
Feature: Sales Order # features/mt.itserver.biz/SO.feature:4

  @critical
  Scenario: Visit Sales order page and click on edit btn  # features/mt.itserver.biz/SO.feature:7
    Given we visit "orders/SO2"                           # features/steps/form_actions.py:36
    When we edit the top row                              # features/steps/cartzlink_form.py:155
[INFO] Completed feature: Sales Order
DEBUG: context.domain = mt.itserver.biz
DEBUG: timing_summary = {'mt.itserver.biz': {'Server': 'metro crm', 'Page Load': 2.2, 'Login': 24.2, 'Features': {'Sales Order': {'Feature': None, 'Scenario Timings': [{'name': 'Visit Sales order page and click on edit btn', 'duration': 8.6, 'status': 'passed', 'failed_steps': []}], 'Failed Steps': []}}}}
PASS Feature: Sales Order (8.6s)
[DEBUG] Writing timing summary for mt.itserver.biz to E:\shayan\tests\timing_results\mt.itserver.biz_timing.json

[INFO] Closing browser for domain: mt.itserver.biz
[INFO] Browser closed successfully for domain: mt.itserver.biz
[INFO] Browser instance cleared for domain: mt.itserver.biz
[SUMMARY] Timing for mt.itserver.biz:
{
  "page_load": {
    "current": 2.2,
    "average": 2.3333333333333335,
    "values": [
      2.2,
      2.3,
      2.5
    ],
    "is_high": false
  },
  "login": {
    "current": 24.2,
    "average": 24.599999999999998,
    "values": [
      24.2,
      24.5,
      25.1
    ],
    "is_high": false
  },
  "features": {
    "Sales Order": {
      "current": 8.6,
      "average": 9.166666666666666,
      "values": [
        8.6,
        9.9,
        9.0
      ],
      "is_high": false
    }
  },
  "scenario": {
    "current": 8.6,
    "average": 9.166666666666666,
    "values": [
      8.6,
      9.9,
      9.0
    ],
    "is_high": false
  }
}

[INFO] Server: metro crm | Domain: mt.itserver.biz
==================================================
[PASS] Sales Order

============================================================
COMPLETED DOMAIN: mt.itserver.biz
============================================================

============================================================
STARTING DOMAIN: gta.cartzlink.com (Server: s13)
============================================================
[INFO] Running 2 feature files for domain 'gta.cartzlink.com':
    E:\shayan\tests\features\gta.cartzlink.com\AccV.feature
    E:\shayan\tests\features\gta.cartzlink.com\SI.feature
[INFO] Domain = gta.cartzlink.com
[INFO] Starting browser and logging in for domain: gta.cartzlink.com
[INFO] Creating fresh browser instance for domain: gta.cartzlink.com
[INFO] Attempt 1/3: Creating Chrome driver...
[PASS] Chrome driver created successfully on attempt 1
[INFO] Attempt 1/3: Opening https://gta.cartzlink.com/admin/?r=user/user/login&_lang=en
[PASS] Page loaded successfully on attempt 1
[PASS] Opened URL: https://gta.cartzlink.com/admin/?r=user/user/login&_lang=en
[INFO] Testing refresh function for dashboard elements...
[PASS] Login successful - dashboard loaded with refresh function
[PASS] Login successful - dashboard loaded with fallback method
[INFO] Login completed. Page Load: 5.5s, Login: 22.9s
[INFO] Login successful for domain: gta.cartzlink.com
[INFO] Starting feature: Add Account Voucher
Feature: Add Account Voucher # features/gta.cartzlink.com/AccV.feature:4

  @critical
  Scenario: Visit Account Voucher Page and click on Edit btn  # features/gta.cartzlink.com/AccV.feature:7
    Given we visit "accounts2"                                # features/steps/form_actions.py:36
    When we edit the top row                                  # features/steps/cartzlink_form.py:155
[INFO] Completed feature: Add Account Voucher
DEBUG: context.domain = gta.cartzlink.com
DEBUG: timing_summary = {'gta.cartzlink.com': {'Server': 's13', 'Page Load': 5.5, 'Login': 22.9, 'Features': {'Add Account Voucher': {'Feature': None, 'Scenario Timings': [{'name': 'Visit Account Voucher Page and click on Edit btn', 'duration': 13.7, 'status': 'passed', 'failed_steps': []}], 'Failed Steps': []}}}}
PASS Feature: Add Account Voucher (13.7s)
[DEBUG] Writing timing summary for gta.cartzlink.com to E:\shayan\tests\timing_results\gta.cartzlink.com_timing.json

[INFO] Starting feature: Sales Invoice
Feature: Sales Invoice # features/gta.cartzlink.com/SI.feature:1

  @critical
  Scenario: Sales Invoice page           # features/gta.cartzlink.com/SI.feature:4
    Given we visit "orders/salesInvoice" # features/steps/form_actions.py:36
    When we edit the top row             # features/steps/cartzlink_form.py:155
[INFO] Completed feature: Sales Invoice
DEBUG: context.domain = gta.cartzlink.com
DEBUG: timing_summary = {'gta.cartzlink.com': {'Server': 's13', 'Page Load': 5.5, 'Login': 22.9, 'Features': {'Add Account Voucher': {'Feature': 13.7, 'Scenario Timings': [{'name': 'Visit Account Voucher Page and click on Edit btn', 'duration': 13.7, 'status': 'passed', 'failed_steps': []}], 'Failed Steps': []}, 'Sales Invoice': {'Feature': None, 'Scenario Timings': [{'name': 'Sales Invoice page', 'duration': 20.7, 'status': 'passed', 'failed_steps': []}], 'Failed Steps': []}}}}
PASS Feature: Sales Invoice (20.7s)
[DEBUG] Writing timing summary for gta.cartzlink.com to E:\shayan\tests\timing_results\gta.cartzlink.com_timing.json

[INFO] Closing browser for domain: gta.cartzlink.com
[INFO] Browser closed successfully for domain: gta.cartzlink.com
[INFO] Browser instance cleared for domain: gta.cartzlink.com
[SUMMARY] Timing for gta.cartzlink.com:
{
  "page_load": {
    "current": 5.5,
    "average": 6.0,
    "values": [
      5.5,
      4.8,
      7.7
    ],
    "is_high": false
  },
  "login": {
    "current": 22.9,
    "average": 23.066666666666666,
    "values": [
      22.9,
      20.2,
      26.1
    ],
    "is_high": false
  },
  "features": {
    "Add Account Voucher": {
      "current": 13.7,
      "average": 14.533333333333331,
      "values": [
        13.7,
        13.2,
        16.7
      ],
      "is_high": false
    },
    "Sales Invoice": {
      "current": 20.7,
      "average": 21.033333333333335,
      "values": [
        20.7,
        21.1,
        21.3
      ],
      "is_high": false
    }
  },
  "scenario": {
    "current": 17.2,
    "average": 17.78333333333333,
    "values": [
      17.2,
      17.15,
      19.0
    ],
    "is_high": false
  }
}

[INFO] Server: s13 | Domain: gta.cartzlink.com
==================================================
[PASS] Add Account Voucher
[PASS] Sales Invoice

============================================================
COMPLETED DOMAIN: gta.cartzlink.com
============================================================

============================================================
STARTING DOMAIN: fst.itserver.biz (Server: FST)
============================================================
[INFO] Running 1 feature files for domain 'fst.itserver.biz':
    E:\shayan\tests\features\fst.itserver.biz\SO.feature
[INFO] Domain = fst.itserver.biz
[INFO] Starting browser and logging in for domain: fst.itserver.biz
[INFO] Creating fresh browser instance for domain: fst.itserver.biz
[INFO] Attempt 1/3: Creating Chrome driver...
[PASS] Chrome driver created successfully on attempt 1
[INFO] Attempt 1/3: Opening https://fst.itserver.biz/admin/?r=user/user/login&_lang=en
[PASS] Page loaded successfully on attempt 1
[PASS] Opened URL: https://fst.itserver.biz/admin/?r=user/user/login&_lang=en
[INFO] Testing refresh function for dashboard elements...
[PASS] Login successful - dashboard loaded with refresh function
[PASS] Login successful - dashboard loaded with fallback method
[INFO] Login completed. Page Load: 3.8s, Login: 20.1s
[INFO] Login successful for domain: fst.itserver.biz
[INFO] Starting feature: Sales Order
Feature: Sales Order # features/fst.itserver.biz/SO.feature:4

  @critical
  Scenario: Visit Sales order page and click on Edit btn  # features/fst.itserver.biz/SO.feature:7
    Given we visit "orders/salesOrder"                    # features/steps/form_actions.py:36
    When we clear the from date and search                # features/steps/form_actions.py:82
[INFO] Completed feature: Sales Order
DEBUG: context.domain = fst.itserver.biz
DEBUG: timing_summary = {'fst.itserver.biz': {'Server': 'FST', 'Page Load': 3.8, 'Login': 20.1, 'Features': {'Sales Order': {'Feature': None, 'Scenario Timings': [{'name': 'Visit Sales order page and click on Edit btn', 'duration': 15.5, 'status': 'passed', 'failed_steps': []}], 'Failed Steps': []}}}}
PASS Feature: Sales Order (15.5s)
[DEBUG] Writing timing summary for fst.itserver.biz to E:\shayan\tests\timing_results\fst.itserver.biz_timing.json

[INFO] Closing browser for domain: fst.itserver.biz
[INFO] Browser closed successfully for domain: fst.itserver.biz
[INFO] Browser instance cleared for domain: fst.itserver.biz
[SUMMARY] Timing for fst.itserver.biz:
{
  "page_load": {
    "current": 3.8,
    "average": 4.166666666666667,
    "values": [
      3.8,
      3.9,
      4.8
    ],
    "is_high": false
  },
  "login": {
    "current": 20.1,
    "average": 20.633333333333336,
    "values": [
      20.1,
      20.1,
      21.7
    ],
    "is_high": false
  },
  "features": {
    "Sales Order": {
      "current": 15.5,
      "average": 15.1,
      "values": [
        15.5,
        11.9,
        17.9
      ],
      "is_high": true
    }
  },
  "scenario": {
    "current": 15.5,
    "average": 15.1,
    "values": [
      15.5,
      11.9,
      17.9
    ],
    "is_high": true
  }
}

[INFO] Server: FST | Domain: fst.itserver.biz
==================================================
[PASS] Sales Order

============================================================
COMPLETED DOMAIN: fst.itserver.biz
============================================================

============================================================
STARTING DOMAIN: cam.itserver.biz (Server: metro cam)
============================================================
[INFO] Running 4 feature files for domain 'cam.itserver.biz':
    E:\shayan\tests\features\cam.itserver.biz\AccV.feature
    E:\shayan\tests\features\cam.itserver.biz\GP.feature
    E:\shayan\tests\features\cam.itserver.biz\PI.feature
    E:\shayan\tests\features\cam.itserver.biz\SO.feature
[INFO] Domain = cam.itserver.biz
[INFO] Starting browser and logging in for domain: cam.itserver.biz
[INFO] Creating fresh browser instance for domain: cam.itserver.biz
[INFO] Attempt 1/3: Creating Chrome driver...
[PASS] Chrome driver created successfully on attempt 1
[INFO] Attempt 1/3: Opening https://cam.itserver.biz/admin/?r=user/user/login&_lang=en
[PASS] Page loaded successfully on attempt 1
[PASS] Opened URL: https://cam.itserver.biz/admin/?r=user/user/login&_lang=en
[INFO] Testing refresh function for dashboard elements...
[PASS] Login successful - dashboard loaded with refresh function
[PASS] Login successful - dashboard loaded with fallback method
[INFO] Login completed. Page Load: 3.5s, Login: 19.1s
[INFO] Login successful for domain: cam.itserver.biz
[INFO] Starting feature: Add Account Voucher
Feature: Add Account Voucher # features/cam.itserver.biz/AccV.feature:4

  @critical
  Scenario: Visit Account Voucher Page and click on Edit btn  # features/cam.itserver.biz/AccV.feature:7
    Given we visit "accounts2"                                # features/steps/form_actions.py:36
    When we edit the top row                                  # features/steps/cartzlink_form.py:155
[INFO] Completed feature: Add Account Voucher
DEBUG: context.domain = cam.itserver.biz
DEBUG: timing_summary = {'cam.itserver.biz': {'Server': 'metro cam', 'Page Load': 3.5, 'Login': 19.1, 'Features': {'Add Account Voucher': {'Feature': None, 'Scenario Timings': [{'name': 'Visit Account Voucher Page and click on Edit btn', 'duration': 7.4, 'status': 'passed', 'failed_steps': []}], 'Failed Steps': []}}}}
PASS Feature: Add Account Voucher (7.4s)
[DEBUG] Writing timing summary for cam.itserver.biz to E:\shayan\tests\timing_results\cam.itserver.biz_timing.json

[INFO] Starting feature: Gatepass
Feature: Gatepass # features/cam.itserver.biz/GP.feature:1

  @critical
  Scenario: Visit Gate pass Page and click on Edit btn  # features/cam.itserver.biz/GP.feature:4
    Given we visit "orders/deliveryChallanCAM"          # features/steps/form_actions.py:36
    When we edit the top row                            # features/steps/cartzlink_form.py:155
[INFO] Completed feature: Gatepass
DEBUG: context.domain = cam.itserver.biz
DEBUG: timing_summary = {'cam.itserver.biz': {'Server': 'metro cam', 'Page Load': 3.5, 'Login': 19.1, 'Features': {'Add Account Voucher': {'Feature': 7.4, 'Scenario Timings': [{'name': 'Visit Account Voucher Page and click on Edit btn', 'duration': 7.4, 'status': 'passed', 'failed_steps': []}], 'Failed Steps': []}, 'Gatepass': {'Feature': None, 'Scenario Timings': [{'name': 'Visit Gate pass Page and click on Edit btn', 'duration': 11.8, 'status': 'passed', 'failed_steps': []}], 'Failed Steps': []}}}}
PASS Feature: Gatepass (11.8s)
[DEBUG] Writing timing summary for cam.itserver.biz to E:\shayan\tests\timing_results\cam.itserver.biz_timing.json

[INFO] Starting feature: Purchase Invoice
Feature: Purchase Invoice # features/cam.itserver.biz/PI.feature:3

  @critical
  Scenario: Visit Purchase invoice Page and click on Edit btn  # features/cam.itserver.biz/PI.feature:6
    Given we visit "orders/purchaseInvoice"                    # features/steps/form_actions.py:36
    When we edit the top row                                   # features/steps/cartzlink_form.py:155
[INFO] Completed feature: Purchase Invoice
DEBUG: context.domain = cam.itserver.biz
DEBUG: timing_summary = {'cam.itserver.biz': {'Server': 'metro cam', 'Page Load': 3.5, 'Login': 19.1, 'Features': {'Add Account Voucher': {'Feature': 7.4, 'Scenario Timings': [{'name': 'Visit Account Voucher Page and click on Edit btn', 'duration': 7.4, 'status': 'passed', 'failed_steps': []}], 'Failed Steps': []}, 'Gatepass': {'Feature': 11.8, 'Scenario Timings': [{'name': 'Visit Gate pass Page and click on Edit btn', 'duration': 11.8, 'status': 'passed', 'failed_steps': []}], 'Failed Steps': []}, 'Purchase Invoice': {'Feature': None, 'Scenario Timings': [{'name': 'Visit Purchase invoice Page and click on Edit btn', 'duration': 12.7, 'status': 'passed', 'failed_steps': []}], 'Failed Steps': []}}}}
PASS Feature: Purchase Invoice (12.7s)
[DEBUG] Writing timing summary for cam.itserver.biz to E:\shayan\tests\timing_results\cam.itserver.biz_timing.json

[INFO] Starting feature: Production Order FSTUser
Feature: Production Order FSTUser # features/cam.itserver.biz/SO.feature:4

  @critical
  Scenario: Visit Production order page and click on Edit btn  # features/cam.itserver.biz/SO.feature:7
    Given we visit "orders/SalesOrderFSTUser"                  # features/steps/form_actions.py:36
    When we edit the top row                                   # features/steps/cartzlink_form.py:155
[INFO] Completed feature: Production Order FSTUser
DEBUG: context.domain = cam.itserver.biz
DEBUG: timing_summary = {'cam.itserver.biz': {'Server': 'metro cam', 'Page Load': 3.5, 'Login': 19.1, 'Features': {'Add Account Voucher': {'Feature': 7.4, 'Scenario Timings': [{'name': 'Visit Account Voucher Page and click on Edit btn', 'duration': 7.4, 'status': 'passed', 'failed_steps': []}], 'Failed Steps': []}, 'Gatepass': {'Feature': 11.8, 'Scenario Timings': [{'name': 'Visit Gate pass Page and click on Edit btn', 'duration': 11.8, 'status': 'passed', 'failed_steps': []}], 'Failed Steps': []}, 'Purchase Invoice': {'Feature': 12.7, 'Scenario Timings': [{'name': 'Visit Purchase invoice Page and click on Edit btn', 'duration': 12.7, 'status': 'passed', 'failed_steps': []}], 'Failed Steps': []}, 'Production Order FSTUser': {'Feature': None, 'Scenario Timings': [{'name': 'Visit Production order page and click on Edit btn', 'duration': 7.7, 'status': 'passed', 'failed_steps': []}], 'Failed Steps': []}}}}
PASS Feature: Production Order FSTUser (7.7s)
[DEBUG] Writing timing summary for cam.itserver.biz to E:\shayan\tests\timing_results\cam.itserver.biz_timing.json

[INFO] Closing browser for domain: cam.itserver.biz
[INFO] Browser closed successfully for domain: cam.itserver.biz
[INFO] Browser instance cleared for domain: cam.itserver.biz
[SUMMARY] Timing for cam.itserver.biz:
{
  "page_load": {
    "current": 3.5,
    "average": 3.9666666666666663,
    "values": [
      3.5,
      3.8,
      4.6
    ],
    "is_high": false
  },
  "login": {
    "current": 19.1,
    "average": 19.7,
    "values": [
      19.1,
      19.7,
      20.3
    ],
    "is_high": false
  },
  "features": {
    "Add Account Voucher": {
      "current": 7.4,
      "average": 7.866666666666667,
      "values": [
        7.4,
        8.1,
        8.1
      ],
      "is_high": false
    },
    "Gatepass": {
      "current": 11.8,
      "average": 12.366666666666667,
      "values": [
        11.8,
        12.6,
        12.7
      ],
      "is_high": false
    },
    "Purchase Invoice": {
      "current": 12.7,
      "average": 13.1,
      "values": [
        12.7,
        13.3,
        13.3
      ],
      "is_high": false
    },
    "Production Order FSTUser": {
      "current": 7.7,
      "average": 8.033333333333333,
      "values": [
        7.7,
        7.9,
        8.5
      ],
      "is_high": false
    }
  },
  "scenario": {
    "current": 9.9,
    "average": 10.341666666666667,
    "values": [
      9.9,
      10.475,
      10.65
    ],
    "is_high": false
  }
}

[INFO] Server: metro cam | Domain: cam.itserver.biz
==================================================
[PASS] Add Account Voucher
[PASS] Gatepass
[PASS] Purchase Invoice
[PASS] Production Order FSTUser

============================================================
COMPLETED DOMAIN: cam.itserver.biz
============================================================

============================================================
STARTING DOMAIN: bmkenya.itserver.biz (Server: bmkenya)
============================================================
[INFO] Running 2 feature files for domain 'bmkenya.itserver.biz':
    E:\shayan\tests\features\bmkenya.itserver.biz\AccV.feature
    E:\shayan\tests\features\bmkenya.itserver.biz\SO.feature
[INFO] Domain = bmkenya.itserver.biz
[INFO] Starting browser and logging in for domain: bmkenya.itserver.biz
[INFO] Creating fresh browser instance for domain: bmkenya.itserver.biz
[INFO] Attempt 1/3: Creating Chrome driver...
[PASS] Chrome driver created successfully on attempt 1
[INFO] Attempt 1/3: Opening https://bmkenya.itserver.biz/admin/?r=user/user/login&_lang=en
[PASS] Page loaded successfully on attempt 1
[PASS] Opened URL: https://bmkenya.itserver.biz/admin/?r=user/user/login&_lang=en
[INFO] Testing refresh function for dashboard elements...
[PASS] Login successful - dashboard loaded with refresh function
[PASS] Login successful - dashboard loaded with fallback method
[INFO] Login completed. Page Load: 3.7s, Login: 19.9s
[INFO] Login successful for domain: bmkenya.itserver.biz
[INFO] Starting feature: Add Account Voucher
Feature: Add Account Voucher # features/bmkenya.itserver.biz/AccV.feature:4

  @critical
  Scenario: Visit Account Voucher Page and click on Edit btn  # features/bmkenya.itserver.biz/AccV.feature:7
    Given we visit "accounts2"                                # features/steps/form_actions.py:36
    When we edit the top row                                  # features/steps/cartzlink_form.py:155
[INFO] Completed feature: Add Account Voucher
DEBUG: context.domain = bmkenya.itserver.biz
DEBUG: timing_summary = {'bmkenya.itserver.biz': {'Server': 'bmkenya', 'Page Load': 3.7, 'Login': 19.9, 'Features': {'Add Account Voucher': {'Feature': None, 'Scenario Timings': [{'name': 'Visit Account Voucher Page and click on Edit btn', 'duration': 9.6, 'status': 'passed', 'failed_steps': []}], 'Failed Steps': []}}}}
PASS Feature: Add Account Voucher (9.6s)
[DEBUG] Writing timing summary for bmkenya.itserver.biz to E:\shayan\tests\timing_results\bmkenya.itserver.biz_timing.json

[INFO] Starting feature: Sales Order
Feature: Sales Order # features/bmkenya.itserver.biz/SO.feature:4

  @critical
  Scenario: Visit Sales order page     # features/bmkenya.itserver.biz/SO.feature:7
    Given we visit "orders/salesOrder" # features/steps/form_actions.py:36
[INFO] Completed feature: Sales Order
DEBUG: context.domain = bmkenya.itserver.biz
DEBUG: timing_summary = {'bmkenya.itserver.biz': {'Server': 'bmkenya', 'Page Load': 3.7, 'Login': 19.9, 'Features': {'Add Account Voucher': {'Feature': 9.6, 'Scenario Timings': [{'name': 'Visit Account Voucher Page and click on Edit btn', 'duration': 9.6, 'status': 'passed', 'failed_steps': []}], 'Failed Steps': []}, 'Sales Order': {'Feature': None, 'Scenario Timings': [{'name': 'Visit Sales order page', 'duration': 0.9, 'status': 'passed', 'failed_steps': []}], 'Failed Steps': []}}}}
PASS Feature: Sales Order (0.9s)
[DEBUG] Writing timing summary for bmkenya.itserver.biz to E:\shayan\tests\timing_results\bmkenya.itserver.biz_timing.json

[INFO] Closing browser for domain: bmkenya.itserver.biz
[INFO] Browser closed successfully for domain: bmkenya.itserver.biz
[INFO] Browser instance cleared for domain: bmkenya.itserver.biz
[SUMMARY] Timing for bmkenya.itserver.biz:
{
  "page_load": {
    "current": 3.7,
    "average": 4.433333333333334,
    "values": [
      3.7,
      4.4,
      5.2
    ],
    "is_high": false
  },
  "login": {
    "current": 19.9,
    "average": 20.366666666666664,
    "values": [
      19.9,
      20.2,
      21.0
    ],
    "is_high": false
  },
  "features": {
    "Add Account Voucher": {
      "current": 9.6,
      "average": 9.833333333333334,
      "values": [
        9.6,
        10.2,
        9.7
      ],
      "is_high": false
    },
    "Sales Order": {
      "current": 0.9,
      "average": 1.0999999999999999,
      "values": [
        0.9,
        1.4,
        1.0
      ],
      "is_high": false
    }
  },
  "scenario": {
    "current": 5.25,
    "average": 5.466666666666666,
    "values": [
      5.25,
      5.8,
      5.35
    ],
    "is_high": false
  }
}

[INFO] Server: bmkenya | Domain: bmkenya.itserver.biz
==================================================
[PASS] Add Account Voucher
[PASS] Sales Order

============================================================
COMPLETED DOMAIN: bmkenya.itserver.biz
============================================================

============================================================
STARTING DOMAIN: crm.cartzlink.com (Server: s15)
============================================================
[INFO] Running 1 feature files for domain 'crm.cartzlink.com':
    E:\shayan\tests\features\crm.cartzlink.com\dashboard.feature
[INFO] Domain = crm.cartzlink.com
[INFO] Starting browser and logging in for domain: crm.cartzlink.com
[INFO] Creating fresh browser instance for domain: crm.cartzlink.com
[INFO] Attempt 1/3: Creating Chrome driver...
[PASS] Chrome driver created successfully on attempt 1
[INFO] Attempt 1/3: Opening https://crm.cartzlink.com/admin/?r=user/user/login&_lang=en
[PASS] Page loaded successfully on attempt 1
[PASS] Opened URL: https://crm.cartzlink.com/admin/?r=user/user/login&_lang=en
[INFO] Testing refresh function for dashboard elements...
[PASS] Login successful - dashboard loaded with refresh function
[PASS] Login successful - dashboard loaded with fallback method
[INFO] Login completed. Page Load: 0.7s, Login: 18.4s
[INFO] Login successful for domain: crm.cartzlink.com
[INFO] Starting feature: Dash board
Feature: Dash board # features/crm.cartzlink.com/dashboard.feature:4
[INFO] Completed feature: Dash board
DEBUG: context.domain = crm.cartzlink.com
DEBUG: timing_summary = {'crm.cartzlink.com': {'Server': 's15', 'Page Load': 0.7, 'Login': 18.4, 'Features': {'Dash board': {'Feature': None, 'Scenario Timings': [{'name': 'Visit Dash board page', 'duration': 0.0, 'status': 'passed', 'failed_steps': []}], 'Failed Steps': []}}}}
PASS Feature: Dash board (0.0s)
[DEBUG] Writing timing summary for crm.cartzlink.com to E:\shayan\tests\timing_results\crm.cartzlink.com_timing.json

  @critical
  Scenario: Visit Dash board page  # features/crm.cartzlink.com/dashboard.feature:7

[INFO] Closing browser for domain: crm.cartzlink.com
[INFO] Browser closed successfully for domain: crm.cartzlink.com
[INFO] Browser instance cleared for domain: crm.cartzlink.com
[SUMMARY] Timing for crm.cartzlink.com:
{
  "page_load": {
    "current": 0.7,
    "average": 0.8999999999999999,
    "values": [
      0.7,
      0.6,
      1.4
    ],
    "is_high": false
  },
  "login": {
    "current": 18.4,
    "average": 18.900000000000002,
    "values": [
      18.4,
      18.7,
      19.6
    ],
    "is_high": false
  },
  "features": {
    "Dash board": {
      "current": 0.0,
      "average": 0.0,
      "values": [
        0.0,
        0.0,
        0.0
      ],
      "is_high": 0.0
    }
  },
  "scenario": {
    "current": 0.0,
    "average": 0.0,
    "values": [
      0.0,
      0.0,
      0.0
    ],
    "is_high": 0.0
  }
}

[INFO] Server: s15 | Domain: crm.cartzlink.com
==================================================
[PASS] Dash board

============================================================
COMPLETED DOMAIN: crm.cartzlink.com
============================================================

============================================================
STARTING DOMAIN: crm.tabrospharma.com (Server: TP)
============================================================
[INFO] Running 2 feature files for domain 'crm.tabrospharma.com':
    E:\shayan\tests\features\crm.tabrospharma.com\AccV.feature
    E:\shayan\tests\features\crm.tabrospharma.com\SO.feature
[INFO] Domain = crm.tabrospharma.com
[INFO] Starting browser and logging in for domain: crm.tabrospharma.com
[INFO] Creating fresh browser instance for domain: crm.tabrospharma.com
[INFO] Attempt 1/3: Creating Chrome driver...
[PASS] Chrome driver created successfully on attempt 1
[INFO] Attempt 1/3: Opening https://crm.tabrospharma.com/admin/?r=user/user/login&_lang=en
[PASS] Page loaded successfully on attempt 1
[PASS] Opened URL: https://crm.tabrospharma.com/admin/?r=user/user/login&_lang=en
[INFO] Testing refresh function for dashboard elements...
[PASS] Login successful - dashboard loaded with refresh function
[PASS] Login successful - dashboard loaded with fallback method
[INFO] Login completed. Page Load: 1.5s, Login: 26.4s
[INFO] Login successful for domain: crm.tabrospharma.com
[INFO] Starting feature: Add Account Voucher
Feature: Add Account Voucher # features/crm.tabrospharma.com/AccV.feature:4

  @critical
  Scenario: Visit Account Voucher Page and click on Edit btn  # features/crm.tabrospharma.com/AccV.feature:7
    Given we visit "accounts2"                                # features/steps/form_actions.py:36
    When we edit the top row                                  # features/steps/cartzlink_form.py:155
[INFO] Completed feature: Add Account Voucher
DEBUG: context.domain = crm.tabrospharma.com
DEBUG: timing_summary = {'crm.tabrospharma.com': {'Server': 'TP', 'Page Load': 1.5, 'Login': 26.4, 'Features': {'Add Account Voucher': {'Feature': None, 'Scenario Timings': [{'name': 'Visit Account Voucher Page and click on Edit btn', 'duration': 7.1, 'status': 'passed', 'failed_steps': []}], 'Failed Steps': []}}}}
PASS Feature: Add Account Voucher (7.1s)
[DEBUG] Writing timing summary for crm.tabrospharma.com to E:\shayan\tests\timing_results\crm.tabrospharma.com_timing.json

[INFO] Starting feature: Sales Order
Feature: Sales Order # features/crm.tabrospharma.com/SO.feature:4

  @critical
  Scenario: Visit Sales Order Page and click on Edit btn  # features/crm.tabrospharma.com/SO.feature:7
    Given we visit "orders/salesOrder"                    # features/steps/form_actions.py:36
    When we edit the top row                              # features/steps/cartzlink_form.py:155
[INFO] Completed feature: Sales Order
DEBUG: context.domain = crm.tabrospharma.com
DEBUG: timing_summary = {'crm.tabrospharma.com': {'Server': 'TP', 'Page Load': 1.5, 'Login': 26.4, 'Features': {'Add Account Voucher': {'Feature': 7.1, 'Scenario Timings': [{'name': 'Visit Account Voucher Page and click on Edit btn', 'duration': 7.1, 'status': 'passed', 'failed_steps': []}], 'Failed Steps': []}, 'Sales Order': {'Feature': None, 'Scenario Timings': [{'name': 'Visit Sales Order Page and click on Edit btn', 'duration': 7.1, 'status': 'passed', 'failed_steps': []}], 'Failed Steps': []}}}}
PASS Feature: Sales Order (7.1s)
[DEBUG] Writing timing summary for crm.tabrospharma.com to E:\shayan\tests\timing_results\crm.tabrospharma.com_timing.json

[INFO] Closing browser for domain: crm.tabrospharma.com
[INFO] Browser closed successfully for domain: crm.tabrospharma.com
[INFO] Browser instance cleared for domain: crm.tabrospharma.com
[SUMMARY] Timing for crm.tabrospharma.com:
{
  "page_load": {
    "current": 1.5,
    "average": 1.5999999999999999,
    "values": [
      1.5,
      1.3,
      2.0
    ],
    "is_high": false
  },
  "login": {
    "current": 26.4,
    "average": 26.53333333333333,
    "values": [
      26.4,
      26.3,
      26.9
    ],
    "is_high": false
  },
  "features": {
    "Add Account Voucher": {
      "current": 7.1,
      "average": 7.133333333333333,
      "values": [
        7.1,
        7.2,
        7.1
      ],
      "is_high": false
    },
    "Sales Order": {
      "current": 7.1,
      "average": 8.033333333333333,
      "values": [
        7.1,
        6.9,
        10.1
      ],
      "is_high": false
    }
  },
  "scenario": {
    "current": 7.1,
    "average": 7.583333333333333,
    "values": [
      7.1,
      7.050000000000001,
      8.6
    ],
    "is_high": false
  }
}

[INFO] Server: TP | Domain: crm.tabrospharma.com
==================================================
[PASS] Add Account Voucher
[PASS] Sales Order

============================================================
COMPLETED DOMAIN: crm.tabrospharma.com
============================================================

==================================================
[SUMMARY] FINAL TEST SUMMARY
==================================================

================================================================================
[CRITICAL] FAILURES AND PERFORMANCE ISSUES SUMMARY
================================================================================

SLOW TESTS (1 total):
--------------------------------------------------
[SLOW] Feature SLOW | FST | fst.itserver.biz
   Feature: Sales Order
   Time: 15.50s | Above 7-day average (15.1s)
================================================================================

[DEBUG] Getting 7-day data for domain: mt.itserver.biz
[DEBUG] Page load data: {'current': 2.2, 'average': 2.3333333333333335, 'values': [2.2, 2.3, 2.5], 'is_high': False}
[DEBUG] Formatted summary: 
Times (Last 3 Days): 2.2, 2.3, 2.5
3-Day Avg: 2.3
Today: 2.2
[DEBUG] Getting 7-day login data for domain: mt.itserver.biz
[DEBUG] Login data: {'current': 24.2, 'average': 24.599999999999998, 'values': [24.2, 24.5, 25.1], 'is_high': False}
[DEBUG] Formatted login summary: 
Times (Last 3 Days): 24.2, 24.5, 25.1
3-Day Avg: 24.6
Today: 24.2
[DEBUG] Getting 7-day data for domain: gta.cartzlink.com
[DEBUG] Page load data: {'current': 5.5, 'average': 6.0, 'values': [5.5, 4.8, 7.7], 'is_high': False}
[DEBUG] Formatted summary: 
Times (Last 3 Days): 5.5, 4.8, 7.7
3-Day Avg: 6.0
Today: 5.5
[DEBUG] Getting 7-day login data for domain: gta.cartzlink.com
[DEBUG] Login data: {'current': 22.9, 'average': 23.066666666666666, 'values': [22.9, 20.2, 26.1], 'is_high': False}
[DEBUG] Formatted login summary: 
Times (Last 3 Days): 22.9, 20.2, 26.1
3-Day Avg: 23.1
Today: 22.9
[DEBUG] Getting 7-day data for domain: fst.itserver.biz
[DEBUG] Page load data: {'current': 3.8, 'average': 4.166666666666667, 'values': [3.8, 3.9, 4.8], 'is_high': False}
[DEBUG] Formatted summary: 
Times (Last 3 Days): 3.8, 3.9, 4.8
3-Day Avg: 4.2
Today: 3.8
[DEBUG] Getting 7-day login data for domain: fst.itserver.biz
[DEBUG] Login data: {'current': 20.1, 'average': 20.633333333333336, 'values': [20.1, 20.1, 21.7], 'is_high': False}
[DEBUG] Formatted login summary: 
Times (Last 3 Days): 20.1, 20.1, 21.7
3-Day Avg: 20.6
Today: 20.1
[DEBUG] Getting 7-day data for domain: cam.itserver.biz
[DEBUG] Page load data: {'current': 3.5, 'average': 3.9666666666666663, 'values': [3.5, 3.8, 4.6], 'is_high': False}
[DEBUG] Formatted summary: 
Times (Last 3 Days): 3.5, 3.8, 4.6
3-Day Avg: 4.0
Today: 3.5
[DEBUG] Getting 7-day login data for domain: cam.itserver.biz
[DEBUG] Login data: {'current': 19.1, 'average': 19.7, 'values': [19.1, 19.7, 20.3], 'is_high': False}
[DEBUG] Formatted login summary: 
Times (Last 3 Days): 19.1, 19.7, 20.3
3-Day Avg: 19.7
Today: 19.1
[DEBUG] Getting 7-day data for domain: bmkenya.itserver.biz
[DEBUG] Page load data: {'current': 3.7, 'average': 4.433333333333334, 'values': [3.7, 4.4, 5.2], 'is_high': False}
[DEBUG] Formatted summary: 
Times (Last 3 Days): 3.7, 4.4, 5.2
3-Day Avg: 4.4
Today: 3.7
[DEBUG] Getting 7-day login data for domain: bmkenya.itserver.biz
[DEBUG] Login data: {'current': 19.9, 'average': 20.366666666666664, 'values': [19.9, 20.2, 21.0], 'is_high': False}
[DEBUG] Formatted login summary: 
Times (Last 3 Days): 19.9, 20.2, 21.0
3-Day Avg: 20.4
Today: 19.9
[DEBUG] Getting 7-day data for domain: crm.cartzlink.com
[DEBUG] Page load data: {'current': 0.7, 'average': 0.8999999999999999, 'values': [0.7, 0.6, 1.4], 'is_high': False}
[DEBUG] Formatted summary: 
Times (Last 3 Days): 0.7, 0.6, 1.4
3-Day Avg: 0.9
Today: 0.7
[DEBUG] Getting 7-day login data for domain: crm.cartzlink.com
[DEBUG] Login data: {'current': 18.4, 'average': 18.900000000000002, 'values': [18.4, 18.7, 19.6], 'is_high': False}
[DEBUG] Formatted login summary: 
Times (Last 3 Days): 18.4, 18.7, 19.6
3-Day Avg: 18.9
Today: 18.4
[DEBUG] Getting 7-day data for domain: crm.tabrospharma.com
[DEBUG] Page load data: {'current': 1.5, 'average': 1.5999999999999999, 'values': [1.5, 1.3, 2.0], 'is_high': False}
[DEBUG] Formatted summary: 
Times (Last 3 Days): 1.5, 1.3, 2.0
3-Day Avg: 1.6
Today: 1.5
[DEBUG] Getting 7-day login data for domain: crm.tabrospharma.com
[DEBUG] Login data: {'current': 26.4, 'average': 26.53333333333333, 'values': [26.4, 26.3, 26.9], 'is_high': False}
[DEBUG] Formatted login summary: 
Times (Last 3 Days): 26.4, 26.3, 26.9
3-Day Avg: 26.5
Today: 26.4

[INFO] Server: metro crm | Domain: mt.itserver.biz
[INFO] Features executed:
    Sales Order
==================================================
[PASS] Page Load (2.20s)

Times (Last 3 Days): 2.2, 2.3, 2.5
3-Day Avg: 2.3
Today: 2.2
[PASS] Login (24.20s)

Times (Last 3 Days): 24.2, 24.5, 25.1
3-Day Avg: 24.6
Today: 24.2

[INFO] Feature: Sales Order
[PASS] Feature: Sales Order (8.60s)

Times (Last 3 Days): 8.6, 9.9, 9.0
3-Day Avg: 9.2
Today: 8.6
[PASS] Scenario: Visit Sales order page and click on edit btn (8.60s)

[INFO] Server: s13 | Domain: gta.cartzlink.com
[INFO] Features executed:
    Add Account Voucher
    Sales Invoice
==================================================
[PASS] Page Load (5.50s)

Times (Last 3 Days): 5.5, 4.8, 7.7
3-Day Avg: 6.0
Today: 5.5
[PASS] Login (22.90s)

Times (Last 3 Days): 22.9, 20.2, 26.1
3-Day Avg: 23.1
Today: 22.9

[INFO] Feature: Add Account Voucher
[PASS] Feature: Add Account Voucher (13.70s)

Times (Last 3 Days): 13.7, 13.2, 16.7
3-Day Avg: 14.5
Today: 13.7
[PASS] Scenario: Visit Account Voucher Page and click on Edit btn (13.70s)
[INFO] Feature: Sales Invoice
[PASS] Feature: Sales Invoice (20.70s)

Times (Last 3 Days): 20.7, 21.1, 21.3
3-Day Avg: 21.0
Today: 20.7
[PASS] Scenario: Sales Invoice page (20.70s)

[INFO] Server: FST | Domain: fst.itserver.biz
[INFO] Features executed:
    Sales Order
==================================================
[PASS] Page Load (3.80s)

Times (Last 3 Days): 3.8, 3.9, 4.8
3-Day Avg: 4.2
Today: 3.8
[PASS] Login (20.10s)

Times (Last 3 Days): 20.1, 20.1, 21.7
3-Day Avg: 20.6
Today: 20.1

[INFO] Feature: Sales Order
[PASS] Feature: Sales Order (15.50s)  Above 7-Day Avg

Times (Last 3 Days): 15.5, 11.9, 17.9
3-Day Avg: 15.1
Today: 15.5  Above 3-Day Avg
[PASS] Scenario: Visit Sales order page and click on Edit btn (15.50s)

[INFO] Server: metro cam | Domain: cam.itserver.biz
[INFO] Features executed:
    Add Account Voucher
    Gatepass
    Purchase Invoice
    Production Order FSTUser
==================================================
[PASS] Page Load (3.50s)

Times (Last 3 Days): 3.5, 3.8, 4.6
3-Day Avg: 4.0
Today: 3.5
[PASS] Login (19.10s)

Times (Last 3 Days): 19.1, 19.7, 20.3
3-Day Avg: 19.7
Today: 19.1

[INFO] Feature: Add Account Voucher
[PASS] Feature: Add Account Voucher (7.40s)

Times (Last 3 Days): 7.4, 8.1, 8.1
3-Day Avg: 7.9
Today: 7.4
[PASS] Scenario: Visit Account Voucher Page and click on Edit btn (7.40s)
[INFO] Feature: Gatepass
[PASS] Feature: Gatepass (11.80s)

Times (Last 3 Days): 11.8, 12.6, 12.7
3-Day Avg: 12.4
Today: 11.8
[PASS] Scenario: Visit Gate pass Page and click on Edit btn (11.80s)
[INFO] Feature: Purchase Invoice
[PASS] Feature: Purchase Invoice (12.70s)

Times (Last 3 Days): 12.7, 13.3, 13.3
3-Day Avg: 13.1
Today: 12.7
[PASS] Scenario: Visit Purchase invoice Page and click on Edit btn (12.70s)
[INFO] Feature: Production Order FSTUser
[PASS] Feature: Production Order FSTUser (7.70s)

Times (Last 3 Days): 7.7, 7.9, 8.5
3-Day Avg: 8.0
Today: 7.7
[PASS] Scenario: Visit Production order page and click on Edit btn (7.70s)

[INFO] Server: bmkenya | Domain: bmkenya.itserver.biz
[INFO] Features executed:
    Add Account Voucher
    Sales Order
==================================================
[PASS] Page Load (3.70s)

Times (Last 3 Days): 3.7, 4.4, 5.2
3-Day Avg: 4.4
Today: 3.7
[PASS] Login (19.90s)

Times (Last 3 Days): 19.9, 20.2, 21.0
3-Day Avg: 20.4
Today: 19.9

[INFO] Feature: Add Account Voucher
[PASS] Feature: Add Account Voucher (9.60s)

Times (Last 3 Days): 9.6, 10.2, 9.7
3-Day Avg: 9.8
Today: 9.6
[PASS] Scenario: Visit Account Voucher Page and click on Edit btn (9.60s)
[INFO] Feature: Sales Order
[PASS] Feature: Sales Order (0.90s)

Times (Last 3 Days): 0.9, 1.4, 1.0
3-Day Avg: 1.1
Today: 0.9
[PASS] Scenario: Visit Sales order page (0.90s)

[INFO] Server: s15 | Domain: crm.cartzlink.com
[INFO] Features executed:
    Dash board
==================================================
[PASS] Page Load (0.70s)

Times (Last 3 Days): 0.7, 0.6, 1.4
3-Day Avg: 0.9
Today: 0.7
[PASS] Login (18.40s)

Times (Last 3 Days): 18.4, 18.7, 19.6
3-Day Avg: 18.9
Today: 18.4

[INFO] Feature: Dash board
[PASS] Feature: Dash board (0.00s)

Times (Last 3 Days): 0.0, 0.0, 0.0
3-Day Avg: 0.0
Today: 0.0
[PASS] Scenario: Visit Dash board page (0.00s)

[INFO] Server: TP | Domain: crm.tabrospharma.com
[INFO] Features executed:
    Add Account Voucher
    Sales Order
==================================================
[PASS] Page Load (1.50s)

Times (Last 3 Days): 1.5, 1.3, 2.0
3-Day Avg: 1.6
Today: 1.5
[PASS] Login (26.40s)

Times (Last 3 Days): 26.4, 26.3, 26.9
3-Day Avg: 26.5
Today: 26.4

[INFO] Feature: Add Account Voucher
[PASS] Feature: Add Account Voucher (7.10s)

Times (Last 3 Days): 7.1, 7.2, 7.1
3-Day Avg: 7.1
Today: 7.1
[PASS] Scenario: Visit Account Voucher Page and click on Edit btn (7.10s)
[INFO] Feature: Sales Order
[PASS] Feature: Sales Order (7.10s)

Times (Last 3 Days): 7.1, 6.9, 10.1
3-Day Avg: 8.0
Today: 7.1
[PASS] Scenario: Visit Sales Order Page and click on Edit btn (7.10s)
[PASS] Test summary email sent successfully.
Finished at Sat 01/17/2026 20:06:07.92 
========================================= 
