========================================= 
Behave Run Started at Fri 02/13/2026 20:00:01.16 
========================================= 
[INFO] Cleaned up 2 old/excess timing history entries. Remaining: 2 entries.

============================================================
STARTING DOMAIN: mt.itserver.biz (Server: metro crm)
============================================================
[INFO] Running 1 feature files for domain 'mt.itserver.biz':
    E:\shayan\tests\features\mt.itserver.biz\SO.feature
[INFO] Domain = mt.itserver.biz
[INFO] Starting browser and logging in for domain: mt.itserver.biz
[INFO] Creating fresh browser instance for domain: mt.itserver.biz
[INFO] Attempt 1/5: Creating Chrome driver...
[INFO] Applying performance optimizations for problematic domain: mt.itserver.biz
[PASS] Chrome driver created successfully on attempt 1
[INFO] Attempt 1/5: Opening https://mt.itserver.biz/admin/?r=user/user/login&_lang=en
[PASS] Page loaded successfully on attempt 1
[PASS] Opened URL: https://mt.itserver.biz/admin/?r=user/user/login&_lang=en
[INFO] Testing refresh function for dashboard elements...
[PASS] Login successful - dashboard loaded with refresh function
[PASS] Login successful - dashboard loaded with fallback method
[INFO] Login completed. Page Load: 2.7s, Login: 24.3s
[INFO] Login successful for domain: mt.itserver.biz
[INFO] Starting feature: Sales Order
Feature: Sales Order # features/mt.itserver.biz/SO.feature:4

  @critical
  Scenario: Visit Sales order page and click on edit btn  # features/mt.itserver.biz/SO.feature:7
    Given we visit "orders/SO2"                           # features/steps/form_actions.py:36
    When we edit the top row                              # features/steps/cartzlink_form.py:155
[INFO] Completed feature: Sales Order
DEBUG: context.domain = mt.itserver.biz
DEBUG: timing_summary = {'mt.itserver.biz': {'Server': 'metro crm', 'Page Load': 2.7, 'Login': 24.3, 'Features': {'Sales Order': {'Feature': None, 'Scenario Timings': [{'name': 'Visit Sales order page and click on edit btn', 'duration': 8.7, 'status': 'passed', 'failed_steps': []}], 'Failed Steps': []}}}}
PASS Feature: Sales Order (8.7s)
[DEBUG] Writing timing summary for mt.itserver.biz to E:\shayan\tests\timing_results\mt.itserver.biz_timing.json

[INFO] Closing browser for domain: mt.itserver.biz
[INFO] Browser closed successfully for domain: mt.itserver.biz
[INFO] Browser instance cleared for domain: mt.itserver.biz
[SUMMARY] Timing for mt.itserver.biz:
{
  "page_load": {
    "current": 2.7,
    "average": 2.266666666666667,
    "values": [
      2.7,
      1.9,
      2.2
    ],
    "is_high": true
  },
  "login": {
    "current": 24.3,
    "average": 24.366666666666664,
    "values": [
      24.3,
      24.6,
      24.2
    ],
    "is_high": false
  },
  "features": {
    "Sales Order": {
      "current": 8.7,
      "average": 8.733333333333333,
      "values": [
        8.7,
        9.0,
        8.5
      ],
      "is_high": false
    }
  },
  "scenario": {
    "current": 8.7,
    "average": 8.733333333333333,
    "values": [
      8.7,
      9.0,
      8.5
    ],
    "is_high": false
  }
}

[INFO] Server: metro crm | Domain: mt.itserver.biz
==================================================
[PASS] Sales Order

============================================================
COMPLETED DOMAIN: mt.itserver.biz
============================================================

============================================================
STARTING DOMAIN: gta.cartzlink.com (Server: s13)
============================================================
[INFO] Running 2 feature files for domain 'gta.cartzlink.com':
    E:\shayan\tests\features\gta.cartzlink.com\AccV.feature
    E:\shayan\tests\features\gta.cartzlink.com\SI.feature
[INFO] Domain = gta.cartzlink.com
[INFO] Starting browser and logging in for domain: gta.cartzlink.com
[INFO] Creating fresh browser instance for domain: gta.cartzlink.com
[INFO] Attempt 1/3: Creating Chrome driver...
[PASS] Chrome driver created successfully on attempt 1
[INFO] Attempt 1/3: Opening https://gta.cartzlink.com/admin/?r=user/user/login&_lang=en
[PASS] Page loaded successfully on attempt 1
[PASS] Opened URL: https://gta.cartzlink.com/admin/?r=user/user/login&_lang=en
[INFO] Testing refresh function for dashboard elements...
[PASS] Login successful - dashboard loaded with refresh function
[PASS] Login successful - dashboard loaded with fallback method
[INFO] Login completed. Page Load: 4.6s, Login: 20.6s
[INFO] Login successful for domain: gta.cartzlink.com
[INFO] Starting feature: Add Account Voucher
Feature: Add Account Voucher # features/gta.cartzlink.com/AccV.feature:4

  @critical
  Scenario: Visit Account Voucher Page and click on Edit btn  # features/gta.cartzlink.com/AccV.feature:7
    Given we visit "accounts2"                                # features/steps/form_actions.py:36
    When we edit the top row                                  # features/steps/cartzlink_form.py:155
[INFO] Completed feature: Add Account Voucher
DEBUG: context.domain = gta.cartzlink.com
DEBUG: timing_summary = {'gta.cartzlink.com': {'Server': 's13', 'Page Load': 4.6, 'Login': 20.6, 'Features': {'Add Account Voucher': {'Feature': None, 'Scenario Timings': [{'name': 'Visit Account Voucher Page and click on Edit btn', 'duration': 13.8, 'status': 'passed', 'failed_steps': []}], 'Failed Steps': []}}}}
PASS Feature: Add Account Voucher (13.8s)
[DEBUG] Writing timing summary for gta.cartzlink.com to E:\shayan\tests\timing_results\gta.cartzlink.com_timing.json

[INFO] Starting feature: Sales Invoice
Feature: Sales Invoice # features/gta.cartzlink.com/SI.feature:1

  @critical
  Scenario: Sales Invoice page           # features/gta.cartzlink.com/SI.feature:4
    Given we visit "orders/salesInvoice" # features/steps/form_actions.py:36
    When we edit the top row             # features/steps/cartzlink_form.py:155
[INFO] Completed feature: Sales Invoice
DEBUG: context.domain = gta.cartzlink.com
DEBUG: timing_summary = {'gta.cartzlink.com': {'Server': 's13', 'Page Load': 4.6, 'Login': 20.6, 'Features': {'Add Account Voucher': {'Feature': 13.8, 'Scenario Timings': [{'name': 'Visit Account Voucher Page and click on Edit btn', 'duration': 13.8, 'status': 'passed', 'failed_steps': []}], 'Failed Steps': []}, 'Sales Invoice': {'Feature': None, 'Scenario Timings': [{'name': 'Sales Invoice page', 'duration': 25.5, 'status': 'passed', 'failed_steps': []}], 'Failed Steps': []}}}}
PASS Feature: Sales Invoice (25.5s)
[DEBUG] Writing timing summary for gta.cartzlink.com to E:\shayan\tests\timing_results\gta.cartzlink.com_timing.json

[INFO] Closing browser for domain: gta.cartzlink.com
[INFO] Browser closed successfully for domain: gta.cartzlink.com
[INFO] Browser instance cleared for domain: gta.cartzlink.com
[SUMMARY] Timing for gta.cartzlink.com:
{
  "page_load": {
    "current": 4.6,
    "average": 4.133333333333334,
    "values": [
      4.6,
      4.4,
      3.4
    ],
    "is_high": true
  },
  "login": {
    "current": 20.6,
    "average": 20.666666666666668,
    "values": [
      20.6,
      19.9,
      21.5
    ],
    "is_high": false
  },
  "features": {
    "Add Account Voucher": {
      "current": 13.8,
      "average": 15.0,
      "values": [
        13.8,
        14.1,
        17.1
      ],
      "is_high": false
    },
    "Sales Invoice": {
      "current": 25.5,
      "average": 23.7,
      "values": [
        25.5,
        16.5,
        29.1
      ],
      "is_high": true
    }
  },
  "scenario": {
    "current": 19.65,
    "average": 19.349999999999998,
    "values": [
      19.65,
      15.3,
      23.1
    ],
    "is_high": true
  }
}

[INFO] Server: s13 | Domain: gta.cartzlink.com
==================================================
[PASS] Add Account Voucher
[PASS] Sales Invoice

============================================================
COMPLETED DOMAIN: gta.cartzlink.com
============================================================

============================================================
STARTING DOMAIN: fst.itserver.biz (Server: FST)
============================================================
[INFO] Running 1 feature files for domain 'fst.itserver.biz':
    E:\shayan\tests\features\fst.itserver.biz\SO.feature
[INFO] Domain = fst.itserver.biz
[INFO] Starting browser and logging in for domain: fst.itserver.biz
[INFO] Creating fresh browser instance for domain: fst.itserver.biz
[INFO] Attempt 1/3: Creating Chrome driver...
[PASS] Chrome driver created successfully on attempt 1
[INFO] Attempt 1/3: Opening https://fst.itserver.biz/admin/?r=user/user/login&_lang=en
[PASS] Page loaded successfully on attempt 1
[PASS] Opened URL: https://fst.itserver.biz/admin/?r=user/user/login&_lang=en
[INFO] Testing refresh function for dashboard elements...
[PASS] Login successful - dashboard loaded with refresh function
[PASS] Login successful - dashboard loaded with fallback method
[INFO] Login completed. Page Load: 3.9s, Login: 20.3s
[INFO] Login successful for domain: fst.itserver.biz
[INFO] Starting feature: Sales Order
Feature: Sales Order # features/fst.itserver.biz/SO.feature:4

  @critical
  Scenario: Visit Sales order page and click on Edit btn  # features/fst.itserver.biz/SO.feature:7
    Given we visit "orders/salesOrder"                    # features/steps/form_actions.py:36
    When we clear the from date and search                # features/steps/form_actions.py:82
[INFO] Completed feature: Sales Order
DEBUG: context.domain = fst.itserver.biz
DEBUG: timing_summary = {'fst.itserver.biz': {'Server': 'FST', 'Page Load': 3.9, 'Login': 20.3, 'Features': {'Sales Order': {'Feature': None, 'Scenario Timings': [{'name': 'Visit Sales order page and click on Edit btn', 'duration': 12.5, 'status': 'passed', 'failed_steps': []}], 'Failed Steps': []}}}}
PASS Feature: Sales Order (12.5s)
[DEBUG] Writing timing summary for fst.itserver.biz to E:\shayan\tests\timing_results\fst.itserver.biz_timing.json

[INFO] Closing browser for domain: fst.itserver.biz
[INFO] Browser closed successfully for domain: fst.itserver.biz
[INFO] Browser instance cleared for domain: fst.itserver.biz
[SUMMARY] Timing for fst.itserver.biz:
{
  "page_load": {
    "current": 3.9,
    "average": 3.6333333333333333,
    "values": [
      3.9,
      3.3,
      3.7
    ],
    "is_high": true
  },
  "login": {
    "current": 20.3,
    "average": 20.0,
    "values": [
      20.3,
      19.8,
      19.9
    ],
    "is_high": true
  },
  "features": {
    "Sales Order": {
      "current": 12.5,
      "average": 12.833333333333334,
      "values": [
        12.5,
        15.1,
        10.9
      ],
      "is_high": false
    }
  },
  "scenario": {
    "current": 12.5,
    "average": 12.833333333333334,
    "values": [
      12.5,
      15.1,
      10.9
    ],
    "is_high": false
  }
}

[INFO] Server: FST | Domain: fst.itserver.biz
==================================================
[PASS] Sales Order

============================================================
COMPLETED DOMAIN: fst.itserver.biz
============================================================

============================================================
STARTING DOMAIN: cam.itserver.biz (Server: metro cam)
============================================================
[INFO] Running 4 feature files for domain 'cam.itserver.biz':
    E:\shayan\tests\features\cam.itserver.biz\AccV.feature
    E:\shayan\tests\features\cam.itserver.biz\GP.feature
    E:\shayan\tests\features\cam.itserver.biz\PI.feature
    E:\shayan\tests\features\cam.itserver.biz\SO.feature
[INFO] Domain = cam.itserver.biz
[INFO] Starting browser and logging in for domain: cam.itserver.biz
[INFO] Creating fresh browser instance for domain: cam.itserver.biz
[INFO] Attempt 1/3: Creating Chrome driver...
[PASS] Chrome driver created successfully on attempt 1
[INFO] Attempt 1/3: Opening https://cam.itserver.biz/admin/?r=user/user/login&_lang=en
[PASS] Page loaded successfully on attempt 1
[PASS] Opened URL: https://cam.itserver.biz/admin/?r=user/user/login&_lang=en
[INFO] Testing refresh function for dashboard elements...
[PASS] Login successful - dashboard loaded with refresh function
[PASS] Login successful - dashboard loaded with fallback method
[INFO] Login completed. Page Load: 5.4s, Login: 19.3s
[INFO] Login successful for domain: cam.itserver.biz
[INFO] Starting feature: Add Account Voucher
Feature: Add Account Voucher # features/cam.itserver.biz/AccV.feature:4

  @critical
  Scenario: Visit Account Voucher Page and click on Edit btn  # features/cam.itserver.biz/AccV.feature:7
    Given we visit "accounts2"                                # features/steps/form_actions.py:36
    When we edit the top row                                  # features/steps/cartzlink_form.py:155
[INFO] Completed feature: Add Account Voucher
DEBUG: context.domain = cam.itserver.biz
DEBUG: timing_summary = {'cam.itserver.biz': {'Server': 'metro cam', 'Page Load': 5.4, 'Login': 19.3, 'Features': {'Add Account Voucher': {'Feature': None, 'Scenario Timings': [{'name': 'Visit Account Voucher Page and click on Edit btn', 'duration': 7.9, 'status': 'passed', 'failed_steps': []}], 'Failed Steps': []}}}}
PASS Feature: Add Account Voucher (7.9s)
[DEBUG] Writing timing summary for cam.itserver.biz to E:\shayan\tests\timing_results\cam.itserver.biz_timing.json

[INFO] Starting feature: Gatepass
Feature: Gatepass # features/cam.itserver.biz/GP.feature:1

  @critical
  Scenario: Visit Gate pass Page and click on Edit btn  # features/cam.itserver.biz/GP.feature:4
    Given we visit "orders/deliveryChallanCAM"          # features/steps/form_actions.py:36
    When we edit the top row                            # features/steps/cartzlink_form.py:155
[INFO] Completed feature: Gatepass
DEBUG: context.domain = cam.itserver.biz
DEBUG: timing_summary = {'cam.itserver.biz': {'Server': 'metro cam', 'Page Load': 5.4, 'Login': 19.3, 'Features': {'Add Account Voucher': {'Feature': 7.9, 'Scenario Timings': [{'name': 'Visit Account Voucher Page and click on Edit btn', 'duration': 7.9, 'status': 'passed', 'failed_steps': []}], 'Failed Steps': []}, 'Gatepass': {'Feature': None, 'Scenario Timings': [{'name': 'Visit Gate pass Page and click on Edit btn', 'duration': 11.9, 'status': 'passed', 'failed_steps': []}], 'Failed Steps': []}}}}
PASS Feature: Gatepass (11.9s)
[DEBUG] Writing timing summary for cam.itserver.biz to E:\shayan\tests\timing_results\cam.itserver.biz_timing.json

[INFO] Starting feature: Purchase Invoice
Feature: Purchase Invoice # features/cam.itserver.biz/PI.feature:3

  @critical
  Scenario: Visit Purchase invoice Page and click on Edit btn  # features/cam.itserver.biz/PI.feature:6
    Given we visit "orders/purchaseInvoice"                    # features/steps/form_actions.py:36
    When we edit the top row                                   # features/steps/cartzlink_form.py:155
[INFO] Completed feature: Purchase Invoice
DEBUG: context.domain = cam.itserver.biz
DEBUG: timing_summary = {'cam.itserver.biz': {'Server': 'metro cam', 'Page Load': 5.4, 'Login': 19.3, 'Features': {'Add Account Voucher': {'Feature': 7.9, 'Scenario Timings': [{'name': 'Visit Account Voucher Page and click on Edit btn', 'duration': 7.9, 'status': 'passed', 'failed_steps': []}], 'Failed Steps': []}, 'Gatepass': {'Feature': 11.9, 'Scenario Timings': [{'name': 'Visit Gate pass Page and click on Edit btn', 'duration': 11.9, 'status': 'passed', 'failed_steps': []}], 'Failed Steps': []}, 'Purchase Invoice': {'Feature': None, 'Scenario Timings': [{'name': 'Visit Purchase invoice Page and click on Edit btn', 'duration': 12.9, 'status': 'passed', 'failed_steps': []}], 'Failed Steps': []}}}}
PASS Feature: Purchase Invoice (12.9s)
[DEBUG] Writing timing summary for cam.itserver.biz to E:\shayan\tests\timing_results\cam.itserver.biz_timing.json

[INFO] Starting feature: Production Order FSTUser
Feature: Production Order FSTUser # features/cam.itserver.biz/SO.feature:4

  @critical
  Scenario: Visit Production order page and click on Edit btn  # features/cam.itserver.biz/SO.feature:7
    Given we visit "orders/SalesOrderFSTUser"                  # features/steps/form_actions.py:36
    When we edit the top row                                   # features/steps/cartzlink_form.py:155
[INFO] Completed feature: Production Order FSTUser
DEBUG: context.domain = cam.itserver.biz
DEBUG: timing_summary = {'cam.itserver.biz': {'Server': 'metro cam', 'Page Load': 5.4, 'Login': 19.3, 'Features': {'Add Account Voucher': {'Feature': 7.9, 'Scenario Timings': [{'name': 'Visit Account Voucher Page and click on Edit btn', 'duration': 7.9, 'status': 'passed', 'failed_steps': []}], 'Failed Steps': []}, 'Gatepass': {'Feature': 11.9, 'Scenario Timings': [{'name': 'Visit Gate pass Page and click on Edit btn', 'duration': 11.9, 'status': 'passed', 'failed_steps': []}], 'Failed Steps': []}, 'Purchase Invoice': {'Feature': 12.9, 'Scenario Timings': [{'name': 'Visit Purchase invoice Page and click on Edit btn', 'duration': 12.9, 'status': 'passed', 'failed_steps': []}], 'Failed Steps': []}, 'Production Order FSTUser': {'Feature': None, 'Scenario Timings': [{'name': 'Visit Production order page and click on Edit btn', 'duration': 7.8, 'status': 'passed', 'failed_steps': []}], 'Failed Steps': []}}}}
PASS Feature: Production Order FSTUser (7.8s)
[DEBUG] Writing timing summary for cam.itserver.biz to E:\shayan\tests\timing_results\cam.itserver.biz_timing.json

[INFO] Closing browser for domain: cam.itserver.biz
[INFO] Browser closed successfully for domain: cam.itserver.biz
[INFO] Browser instance cleared for domain: cam.itserver.biz
[SUMMARY] Timing for cam.itserver.biz:
{
  "page_load": {
    "current": 5.4,
    "average": 4.366666666666666,
    "values": [
      5.4,
      3.9,
      3.8
    ],
    "is_high": true
  },
  "login": {
    "current": 19.3,
    "average": 19.666666666666668,
    "values": [
      19.3,
      19.5,
      20.2
    ],
    "is_high": false
  },
  "features": {
    "Add Account Voucher": {
      "current": 7.9,
      "average": 8.366666666666667,
      "values": [
        7.9,
        8.6,
        8.6
      ],
      "is_high": false
    },
    "Gatepass": {
      "current": 11.9,
      "average": 12.033333333333333,
      "values": [
        11.9,
        12.5,
        11.7
      ],
      "is_high": false
    },
    "Purchase Invoice": {
      "current": 12.9,
      "average": 12.700000000000001,
      "values": [
        12.9,
        13.4,
        11.8
      ],
      "is_high": true
    },
    "Production Order FSTUser": {
      "current": 7.8,
      "average": 8.066666666666666,
      "values": [
        7.8,
        8.3,
        8.1
      ],
      "is_high": false
    }
  },
  "scenario": {
    "current": 10.125,
    "average": 10.291666666666666,
    "values": [
      10.125,
      10.7,
      10.05
    ],
    "is_high": false
  }
}

[INFO] Server: metro cam | Domain: cam.itserver.biz
==================================================
[PASS] Add Account Voucher
[PASS] Gatepass
[PASS] Purchase Invoice
[PASS] Production Order FSTUser

============================================================
COMPLETED DOMAIN: cam.itserver.biz
============================================================

============================================================
STARTING DOMAIN: bmkenya.itserver.biz (Server: bmkenya)
============================================================
[INFO] Running 2 feature files for domain 'bmkenya.itserver.biz':
    E:\shayan\tests\features\bmkenya.itserver.biz\AccV.feature
    E:\shayan\tests\features\bmkenya.itserver.biz\SO.feature
[INFO] Domain = bmkenya.itserver.biz
[INFO] Starting browser and logging in for domain: bmkenya.itserver.biz
[INFO] Creating fresh browser instance for domain: bmkenya.itserver.biz
[INFO] Attempt 1/3: Creating Chrome driver...
[PASS] Chrome driver created successfully on attempt 1
[INFO] Attempt 1/3: Opening https://bmkenya.itserver.biz/admin/?r=user/user/login&_lang=en
[PASS] Page loaded successfully on attempt 1
[PASS] Opened URL: https://bmkenya.itserver.biz/admin/?r=user/user/login&_lang=en
[INFO] Testing refresh function for dashboard elements...
[PASS] Login successful - dashboard loaded with refresh function
[PASS] Login successful - dashboard loaded with fallback method
[INFO] Login completed. Page Load: 5.2s, Login: 19.6s
[INFO] Login successful for domain: bmkenya.itserver.biz
[INFO] Starting feature: Add Account Voucher
Feature: Add Account Voucher # features/bmkenya.itserver.biz/AccV.feature:4

  @critical
  Scenario: Visit Account Voucher Page and click on Edit btn  # features/bmkenya.itserver.biz/AccV.feature:7
    Given we visit "accounts2"                                # features/steps/form_actions.py:36
    When we edit the top row                                  # features/steps/cartzlink_form.py:155
[INFO] Completed feature: Add Account Voucher
DEBUG: context.domain = bmkenya.itserver.biz
DEBUG: timing_summary = {'bmkenya.itserver.biz': {'Server': 'bmkenya', 'Page Load': 5.2, 'Login': 19.6, 'Features': {'Add Account Voucher': {'Feature': None, 'Scenario Timings': [{'name': 'Visit Account Voucher Page and click on Edit btn', 'duration': 9.5, 'status': 'passed', 'failed_steps': []}], 'Failed Steps': []}}}}
PASS Feature: Add Account Voucher (9.5s)
[DEBUG] Writing timing summary for bmkenya.itserver.biz to E:\shayan\tests\timing_results\bmkenya.itserver.biz_timing.json

[INFO] Starting feature: Sales Order
Feature: Sales Order # features/bmkenya.itserver.biz/SO.feature:4

  @critical
  Scenario: Visit Sales order page     # features/bmkenya.itserver.biz/SO.feature:7
    Given we visit "orders/salesOrder" # features/steps/form_actions.py:36
[INFO] Completed feature: Sales Order
DEBUG: context.domain = bmkenya.itserver.biz
DEBUG: timing_summary = {'bmkenya.itserver.biz': {'Server': 'bmkenya', 'Page Load': 5.2, 'Login': 19.6, 'Features': {'Add Account Voucher': {'Feature': 9.5, 'Scenario Timings': [{'name': 'Visit Account Voucher Page and click on Edit btn', 'duration': 9.5, 'status': 'passed', 'failed_steps': []}], 'Failed Steps': []}, 'Sales Order': {'Feature': None, 'Scenario Timings': [{'name': 'Visit Sales order page', 'duration': 1.0, 'status': 'passed', 'failed_steps': []}], 'Failed Steps': []}}}}
PASS Feature: Sales Order (1.0s)
[DEBUG] Writing timing summary for bmkenya.itserver.biz to E:\shayan\tests\timing_results\bmkenya.itserver.biz_timing.json

[INFO] Closing browser for domain: bmkenya.itserver.biz
[INFO] Browser closed successfully for domain: bmkenya.itserver.biz
[INFO] Browser instance cleared for domain: bmkenya.itserver.biz
[SUMMARY] Timing for bmkenya.itserver.biz:
{
  "page_load": {
    "current": 5.2,
    "average": 4.433333333333334,
    "values": [
      5.2,
      4.1,
      4.0
    ],
    "is_high": true
  },
  "login": {
    "current": 19.6,
    "average": 19.900000000000002,
    "values": [
      19.6,
      20.1,
      20.0
    ],
    "is_high": false
  },
  "features": {
    "Add Account Voucher": {
      "current": 9.5,
      "average": 9.833333333333334,
      "values": [
        9.5,
        10.4,
        9.6
      ],
      "is_high": false
    },
    "Sales Order": {
      "current": 1.0,
      "average": 1.0999999999999999,
      "values": [
        1.0,
        1.3,
        1.0
      ],
      "is_high": false
    }
  },
  "scenario": {
    "current": 5.25,
    "average": 5.466666666666666,
    "values": [
      5.25,
      5.8500000000000005,
      5.3
    ],
    "is_high": false
  }
}

[INFO] Server: bmkenya | Domain: bmkenya.itserver.biz
==================================================
[PASS] Add Account Voucher
[PASS] Sales Order

============================================================
COMPLETED DOMAIN: bmkenya.itserver.biz
============================================================

============================================================
STARTING DOMAIN: crm.cartzlink.com (Server: s15)
============================================================
[INFO] Running 1 feature files for domain 'crm.cartzlink.com':
    E:\shayan\tests\features\crm.cartzlink.com\dashboard.feature
[INFO] Domain = crm.cartzlink.com
[INFO] Starting browser and logging in for domain: crm.cartzlink.com
[INFO] Creating fresh browser instance for domain: crm.cartzlink.com
[INFO] Attempt 1/3: Creating Chrome driver...
[PASS] Chrome driver created successfully on attempt 1
[INFO] Attempt 1/3: Opening https://crm.cartzlink.com/admin/?r=user/user/login&_lang=en
[PASS] Page loaded successfully on attempt 1
[PASS] Opened URL: https://crm.cartzlink.com/admin/?r=user/user/login&_lang=en
[INFO] Testing refresh function for dashboard elements...
[PASS] Login successful - dashboard loaded with refresh function
[PASS] Login successful - dashboard loaded with fallback method
[INFO] Login completed. Page Load: 1.1s, Login: 18.2s
[INFO] Login successful for domain: crm.cartzlink.com
[INFO] Starting feature: Dash board
Feature: Dash board # features/crm.cartzlink.com/dashboard.feature:4
[INFO] Completed feature: Dash board
DEBUG: context.domain = crm.cartzlink.com
DEBUG: timing_summary = {'crm.cartzlink.com': {'Server': 's15', 'Page Load': 1.1, 'Login': 18.2, 'Features': {'Dash board': {'Feature': None, 'Scenario Timings': [{'name': 'Visit Dash board page', 'duration': 0.0, 'status': 'passed', 'failed_steps': []}], 'Failed Steps': []}}}}
PASS Feature: Dash board (0.0s)
[DEBUG] Writing timing summary for crm.cartzlink.com to E:\shayan\tests\timing_results\crm.cartzlink.com_timing.json

  @critical
  Scenario: Visit Dash board page  # features/crm.cartzlink.com/dashboard.feature:7

[INFO] Closing browser for domain: crm.cartzlink.com
[INFO] Browser closed successfully for domain: crm.cartzlink.com
[INFO] Browser instance cleared for domain: crm.cartzlink.com
[SUMMARY] Timing for crm.cartzlink.com:
{
  "page_load": {
    "current": 1.1,
    "average": 0.9666666666666668,
    "values": [
      1.1,
      0.7,
      1.1
    ],
    "is_high": true
  },
  "login": {
    "current": 18.2,
    "average": 18.733333333333334,
    "values": [
      18.2,
      18.5,
      19.5
    ],
    "is_high": false
  },
  "features": {
    "Dash board": {
      "current": 0.0,
      "average": 0.0,
      "values": [
        0.0,
        0.0,
        0.0
      ],
      "is_high": 0.0
    }
  },
  "scenario": {
    "current": 0.0,
    "average": 0.0,
    "values": [
      0.0,
      0.0,
      0.0
    ],
    "is_high": 0.0
  }
}

[INFO] Server: s15 | Domain: crm.cartzlink.com
==================================================
[PASS] Dash board

============================================================
COMPLETED DOMAIN: crm.cartzlink.com
============================================================

============================================================
STARTING DOMAIN: crm.tabrospharma.com (Server: TP)
============================================================
[INFO] Running 2 feature files for domain 'crm.tabrospharma.com':
    E:\shayan\tests\features\crm.tabrospharma.com\AccV.feature
    E:\shayan\tests\features\crm.tabrospharma.com\SO.feature
[INFO] Domain = crm.tabrospharma.com
[INFO] Starting browser and logging in for domain: crm.tabrospharma.com
[INFO] Creating fresh browser instance for domain: crm.tabrospharma.com
[INFO] Attempt 1/3: Creating Chrome driver...
[PASS] Chrome driver created successfully on attempt 1
[INFO] Attempt 1/3: Opening https://crm.tabrospharma.com/admin/?r=user/user/login&_lang=en
[PASS] Page loaded successfully on attempt 1
[PASS] Opened URL: https://crm.tabrospharma.com/admin/?r=user/user/login&_lang=en
[INFO] Testing refresh function for dashboard elements...
[PASS] Login successful - dashboard loaded with refresh function
[PASS] Login successful - dashboard loaded with fallback method
[INFO] Login completed. Page Load: 2.9s, Login: 25.9s
[INFO] Login successful for domain: crm.tabrospharma.com
[INFO] Starting feature: Add Account Voucher
Feature: Add Account Voucher # features/crm.tabrospharma.com/AccV.feature:4

  @critical
  Scenario: Visit Account Voucher Page and click on Edit btn  # features/crm.tabrospharma.com/AccV.feature:7
    Given we visit "accounts2"                                # features/steps/form_actions.py:36
    When we edit the top row                                  # features/steps/cartzlink_form.py:155
[INFO] Completed feature: Add Account Voucher
DEBUG: context.domain = crm.tabrospharma.com
DEBUG: timing_summary = {'crm.tabrospharma.com': {'Server': 'TP', 'Page Load': 2.9, 'Login': 25.9, 'Features': {'Add Account Voucher': {'Feature': None, 'Scenario Timings': [{'name': 'Visit Account Voucher Page and click on Edit btn', 'duration': 7.4, 'status': 'passed', 'failed_steps': []}], 'Failed Steps': []}}}}
PASS Feature: Add Account Voucher (7.4s)
[DEBUG] Writing timing summary for crm.tabrospharma.com to E:\shayan\tests\timing_results\crm.tabrospharma.com_timing.json

[INFO] Starting feature: Sales Order
Feature: Sales Order # features/crm.tabrospharma.com/SO.feature:4

  @critical
  Scenario: Visit Sales Order Page and click on Edit btn  # features/crm.tabrospharma.com/SO.feature:7
    Given we visit "orders/salesOrder"                    # features/steps/form_actions.py:36
    When we edit the top row                              # features/steps/cartzlink_form.py:155
[INFO] Completed feature: Sales Order
DEBUG: context.domain = crm.tabrospharma.com
DEBUG: timing_summary = {'crm.tabrospharma.com': {'Server': 'TP', 'Page Load': 2.9, 'Login': 25.9, 'Features': {'Add Account Voucher': {'Feature': 7.4, 'Scenario Timings': [{'name': 'Visit Account Voucher Page and click on Edit btn', 'duration': 7.4, 'status': 'passed', 'failed_steps': []}], 'Failed Steps': []}, 'Sales Order': {'Feature': None, 'Scenario Timings': [{'name': 'Visit Sales Order Page and click on Edit btn', 'duration': 7.0, 'status': 'passed', 'failed_steps': []}], 'Failed Steps': []}}}}
PASS Feature: Sales Order (7.0s)
[DEBUG] Writing timing summary for crm.tabrospharma.com to E:\shayan\tests\timing_results\crm.tabrospharma.com_timing.json

[INFO] Closing browser for domain: crm.tabrospharma.com
[INFO] Browser closed successfully for domain: crm.tabrospharma.com
[INFO] Browser instance cleared for domain: crm.tabrospharma.com
[SUMMARY] Timing for crm.tabrospharma.com:
{
  "page_load": {
    "current": 2.9,
    "average": 1.9666666666666668,
    "values": [
      2.9,
      1.7,
      1.3
    ],
    "is_high": true
  },
  "login": {
    "current": 25.9,
    "average": 26.066666666666666,
    "values": [
      25.9,
      26.1,
      26.2
    ],
    "is_high": false
  },
  "features": {
    "Add Account Voucher": {
      "current": 7.4,
      "average": 7.066666666666666,
      "values": [
        7.4,
        6.8,
        7.0
      ],
      "is_high": true
    },
    "Sales Order": {
      "current": 7.0,
      "average": 6.8999999999999995,
      "values": [
        7.0,
        6.9,
        6.8
      ],
      "is_high": true
    }
  },
  "scenario": {
    "current": 7.2,
    "average": 6.983333333333333,
    "values": [
      7.2,
      6.85,
      6.9
    ],
    "is_high": true
  }
}

[INFO] Server: TP | Domain: crm.tabrospharma.com
==================================================
[PASS] Add Account Voucher
[PASS] Sales Order

============================================================
COMPLETED DOMAIN: crm.tabrospharma.com
============================================================

==================================================
[SUMMARY] FINAL TEST SUMMARY
==================================================

================================================================================
[CRITICAL] FAILURES AND PERFORMANCE ISSUES SUMMARY
================================================================================

SLOW TESTS (12 total):
--------------------------------------------------
[SLOW] Page Load SLOW | metro crm | mt.itserver.biz
   Time: 2.70s | Above 7-day average (2.3s)
[SLOW] Page Load SLOW | s13 | gta.cartzlink.com
   Time: 4.60s | Above 7-day average (4.1s)
[SLOW] Feature SLOW | s13 | gta.cartzlink.com
   Feature: Sales Invoice
   Time: 25.50s | Above 7-day average (23.7s)
[SLOW] Page Load SLOW | FST | fst.itserver.biz
   Time: 3.90s | Above 7-day average (3.6s)
[SLOW] Login SLOW | FST | fst.itserver.biz
   Time: 20.30s | Above 7-day average (20.0s)
[SLOW] Page Load SLOW | metro cam | cam.itserver.biz
   Time: 5.40s | Above 7-day average (4.4s)
[SLOW] Feature SLOW | metro cam | cam.itserver.biz
   Feature: Purchase Invoice
   Time: 12.90s | Above 7-day average (12.7s)
[SLOW] Page Load SLOW | bmkenya | bmkenya.itserver.biz
   Time: 5.20s | Above 7-day average (4.4s)
[SLOW] Page Load SLOW | s15 | crm.cartzlink.com
   Time: 1.10s | Above 7-day average (1.0s)
[SLOW] Page Load SLOW | TP | crm.tabrospharma.com
   Time: 2.90s | Above 7-day average (2.0s)
[SLOW] Feature SLOW | TP | crm.tabrospharma.com
   Feature: Add Account Voucher
   Time: 7.40s | Above 7-day average (7.1s)
[SLOW] Feature SLOW | TP | crm.tabrospharma.com
   Feature: Sales Order
   Time: 7.00s | Above 7-day average (6.9s)
================================================================================

[DEBUG] Getting 7-day data for domain: mt.itserver.biz
[DEBUG] Page load data: {'current': 2.7, 'average': 2.266666666666667, 'values': [2.7, 1.9, 2.2], 'is_high': True}
[DEBUG] Formatted summary: 
Times (Last 3 Days): 2.7, 1.9, 2.2
3-Day Avg: 2.3
Today: 2.7  Above 3-Day Avg
[DEBUG] Getting 7-day login data for domain: mt.itserver.biz
[DEBUG] Login data: {'current': 24.3, 'average': 24.366666666666664, 'values': [24.3, 24.6, 24.2], 'is_high': False}
[DEBUG] Formatted login summary: 
Times (Last 3 Days): 24.3, 24.6, 24.2
3-Day Avg: 24.4
Today: 24.3
[DEBUG] Getting 7-day data for domain: gta.cartzlink.com
[DEBUG] Page load data: {'current': 4.6, 'average': 4.133333333333334, 'values': [4.6, 4.4, 3.4], 'is_high': True}
[DEBUG] Formatted summary: 
Times (Last 3 Days): 4.6, 4.4, 3.4
3-Day Avg: 4.1
Today: 4.6  Above 3-Day Avg
[DEBUG] Getting 7-day login data for domain: gta.cartzlink.com
[DEBUG] Login data: {'current': 20.6, 'average': 20.666666666666668, 'values': [20.6, 19.9, 21.5], 'is_high': False}
[DEBUG] Formatted login summary: 
Times (Last 3 Days): 20.6, 19.9, 21.5
3-Day Avg: 20.7
Today: 20.6
[DEBUG] Getting 7-day data for domain: fst.itserver.biz
[DEBUG] Page load data: {'current': 3.9, 'average': 3.6333333333333333, 'values': [3.9, 3.3, 3.7], 'is_high': True}
[DEBUG] Formatted summary: 
Times (Last 3 Days): 3.9, 3.3, 3.7
3-Day Avg: 3.6
Today: 3.9  Above 3-Day Avg
[DEBUG] Getting 7-day login data for domain: fst.itserver.biz
[DEBUG] Login data: {'current': 20.3, 'average': 20.0, 'values': [20.3, 19.8, 19.9], 'is_high': True}
[DEBUG] Formatted login summary: 
Times (Last 3 Days): 20.3, 19.8, 19.9
3-Day Avg: 20.0
Today: 20.3  Above 3-Day Avg
[DEBUG] Getting 7-day data for domain: cam.itserver.biz
[DEBUG] Page load data: {'current': 5.4, 'average': 4.366666666666666, 'values': [5.4, 3.9, 3.8], 'is_high': True}
[DEBUG] Formatted summary: 
Times (Last 3 Days): 5.4, 3.9, 3.8
3-Day Avg: 4.4
Today: 5.4  Above 3-Day Avg
[DEBUG] Getting 7-day login data for domain: cam.itserver.biz
[DEBUG] Login data: {'current': 19.3, 'average': 19.666666666666668, 'values': [19.3, 19.5, 20.2], 'is_high': False}
[DEBUG] Formatted login summary: 
Times (Last 3 Days): 19.3, 19.5, 20.2
3-Day Avg: 19.7
Today: 19.3
[DEBUG] Getting 7-day data for domain: bmkenya.itserver.biz
[DEBUG] Page load data: {'current': 5.2, 'average': 4.433333333333334, 'values': [5.2, 4.1, 4.0], 'is_high': True}
[DEBUG] Formatted summary: 
Times (Last 3 Days): 5.2, 4.1, 4.0
3-Day Avg: 4.4
Today: 5.2  Above 3-Day Avg
[DEBUG] Getting 7-day login data for domain: bmkenya.itserver.biz
[DEBUG] Login data: {'current': 19.6, 'average': 19.900000000000002, 'values': [19.6, 20.1, 20.0], 'is_high': False}
[DEBUG] Formatted login summary: 
Times (Last 3 Days): 19.6, 20.1, 20.0
3-Day Avg: 19.9
Today: 19.6
[DEBUG] Getting 7-day data for domain: crm.cartzlink.com
[DEBUG] Page load data: {'current': 1.1, 'average': 0.9666666666666668, 'values': [1.1, 0.7, 1.1], 'is_high': True}
[DEBUG] Formatted summary: 
Times (Last 3 Days): 1.1, 0.7, 1.1
3-Day Avg: 1.0
Today: 1.1  Above 3-Day Avg
[DEBUG] Getting 7-day login data for domain: crm.cartzlink.com
[DEBUG] Login data: {'current': 18.2, 'average': 18.733333333333334, 'values': [18.2, 18.5, 19.5], 'is_high': False}
[DEBUG] Formatted login summary: 
Times (Last 3 Days): 18.2, 18.5, 19.5
3-Day Avg: 18.7
Today: 18.2
[DEBUG] Getting 7-day data for domain: crm.tabrospharma.com
[DEBUG] Page load data: {'current': 2.9, 'average': 1.9666666666666668, 'values': [2.9, 1.7, 1.3], 'is_high': True}
[DEBUG] Formatted summary: 
Times (Last 3 Days): 2.9, 1.7, 1.3
3-Day Avg: 2.0
Today: 2.9  Above 3-Day Avg
[DEBUG] Getting 7-day login data for domain: crm.tabrospharma.com
[DEBUG] Login data: {'current': 25.9, 'average': 26.066666666666666, 'values': [25.9, 26.1, 26.2], 'is_high': False}
[DEBUG] Formatted login summary: 
Times (Last 3 Days): 25.9, 26.1, 26.2
3-Day Avg: 26.1
Today: 25.9

[INFO] Server: metro crm | Domain: mt.itserver.biz
[INFO] Features executed:
    Sales Order
==================================================
[PASS] Page Load (2.70s)  Above 7-Day Avg

Times (Last 3 Days): 2.7, 1.9, 2.2
3-Day Avg: 2.3
Today: 2.7  Above 3-Day Avg
[PASS] Login (24.30s)

Times (Last 3 Days): 24.3, 24.6, 24.2
3-Day Avg: 24.4
Today: 24.3

[INFO] Feature: Sales Order
[PASS] Feature: Sales Order (8.70s)

Times (Last 3 Days): 8.7, 9.0, 8.5
3-Day Avg: 8.7
Today: 8.7
[PASS] Scenario: Visit Sales order page and click on edit btn (8.70s)

[INFO] Server: s13 | Domain: gta.cartzlink.com
[INFO] Features executed:
    Add Account Voucher
    Sales Invoice
==================================================
[PASS] Page Load (4.60s)  Above 7-Day Avg

Times (Last 3 Days): 4.6, 4.4, 3.4
3-Day Avg: 4.1
Today: 4.6  Above 3-Day Avg
[PASS] Login (20.60s)

Times (Last 3 Days): 20.6, 19.9, 21.5
3-Day Avg: 20.7
Today: 20.6

[INFO] Feature: Add Account Voucher
[PASS] Feature: Add Account Voucher (13.80s)

Times (Last 3 Days): 13.8, 14.1, 17.1
3-Day Avg: 15.0
Today: 13.8
[PASS] Scenario: Visit Account Voucher Page and click on Edit btn (13.80s)
[INFO] Feature: Sales Invoice
[PASS] Feature: Sales Invoice (25.50s)  Above 7-Day Avg

Times (Last 3 Days): 25.5, 16.5, 29.1
3-Day Avg: 23.7
Today: 25.5  Above 3-Day Avg
[PASS] Scenario: Sales Invoice page (25.50s)

[INFO] Server: FST | Domain: fst.itserver.biz
[INFO] Features executed:
    Sales Order
==================================================
[PASS] Page Load (3.90s)  Above 7-Day Avg

Times (Last 3 Days): 3.9, 3.3, 3.7
3-Day Avg: 3.6
Today: 3.9  Above 3-Day Avg
[PASS] Login (20.30s)  Above 7-Day Avg

Times (Last 3 Days): 20.3, 19.8, 19.9
3-Day Avg: 20.0
Today: 20.3  Above 3-Day Avg

[INFO] Feature: Sales Order
[PASS] Feature: Sales Order (12.50s)

Times (Last 3 Days): 12.5, 15.1, 10.9
3-Day Avg: 12.8
Today: 12.5
[PASS] Scenario: Visit Sales order page and click on Edit btn (12.50s)

[INFO] Server: metro cam | Domain: cam.itserver.biz
[INFO] Features executed:
    Add Account Voucher
    Gatepass
    Purchase Invoice
    Production Order FSTUser
==================================================
[PASS] Page Load (5.40s)  Above 7-Day Avg

Times (Last 3 Days): 5.4, 3.9, 3.8
3-Day Avg: 4.4
Today: 5.4  Above 3-Day Avg
[PASS] Login (19.30s)

Times (Last 3 Days): 19.3, 19.5, 20.2
3-Day Avg: 19.7
Today: 19.3

[INFO] Feature: Add Account Voucher
[PASS] Feature: Add Account Voucher (7.90s)

Times (Last 3 Days): 7.9, 8.6, 8.6
3-Day Avg: 8.4
Today: 7.9
[PASS] Scenario: Visit Account Voucher Page and click on Edit btn (7.90s)
[INFO] Feature: Gatepass
[PASS] Feature: Gatepass (11.90s)

Times (Last 3 Days): 11.9, 12.5, 11.7
3-Day Avg: 12.0
Today: 11.9
[PASS] Scenario: Visit Gate pass Page and click on Edit btn (11.90s)
[INFO] Feature: Purchase Invoice
[PASS] Feature: Purchase Invoice (12.90s)  Above 7-Day Avg

Times (Last 3 Days): 12.9, 13.4, 11.8
3-Day Avg: 12.7
Today: 12.9  Above 3-Day Avg
[PASS] Scenario: Visit Purchase invoice Page and click on Edit btn (12.90s)
[INFO] Feature: Production Order FSTUser
[PASS] Feature: Production Order FSTUser (7.80s)

Times (Last 3 Days): 7.8, 8.3, 8.1
3-Day Avg: 8.1
Today: 7.8
[PASS] Scenario: Visit Production order page and click on Edit btn (7.80s)

[INFO] Server: bmkenya | Domain: bmkenya.itserver.biz
[INFO] Features executed:
    Add Account Voucher
    Sales Order
==================================================
[PASS] Page Load (5.20s)  Above 7-Day Avg

Times (Last 3 Days): 5.2, 4.1, 4.0
3-Day Avg: 4.4
Today: 5.2  Above 3-Day Avg
[PASS] Login (19.60s)

Times (Last 3 Days): 19.6, 20.1, 20.0
3-Day Avg: 19.9
Today: 19.6

[INFO] Feature: Add Account Voucher
[PASS] Feature: Add Account Voucher (9.50s)

Times (Last 3 Days): 9.5, 10.4, 9.6
3-Day Avg: 9.8
Today: 9.5
[PASS] Scenario: Visit Account Voucher Page and click on Edit btn (9.50s)
[INFO] Feature: Sales Order
[PASS] Feature: Sales Order (1.00s)

Times (Last 3 Days): 1.0, 1.3, 1.0
3-Day Avg: 1.1
Today: 1.0
[PASS] Scenario: Visit Sales order page (1.00s)

[INFO] Server: s15 | Domain: crm.cartzlink.com
[INFO] Features executed:
    Dash board
==================================================
[PASS] Page Load (1.10s)  Above 7-Day Avg

Times (Last 3 Days): 1.1, 0.7, 1.1
3-Day Avg: 1.0
Today: 1.1  Above 3-Day Avg
[PASS] Login (18.20s)

Times (Last 3 Days): 18.2, 18.5, 19.5
3-Day Avg: 18.7
Today: 18.2

[INFO] Feature: Dash board
[PASS] Feature: Dash board (0.00s)

Times (Last 3 Days): 0.0, 0.0, 0.0
3-Day Avg: 0.0
Today: 0.0
[PASS] Scenario: Visit Dash board page (0.00s)

[INFO] Server: TP | Domain: crm.tabrospharma.com
[INFO] Features executed:
    Add Account Voucher
    Sales Order
==================================================
[PASS] Page Load (2.90s)  Above 7-Day Avg

Times (Last 3 Days): 2.9, 1.7, 1.3
3-Day Avg: 2.0
Today: 2.9  Above 3-Day Avg
[PASS] Login (25.90s)

Times (Last 3 Days): 25.9, 26.1, 26.2
3-Day Avg: 26.1
Today: 25.9

[INFO] Feature: Add Account Voucher
[PASS] Feature: Add Account Voucher (7.40s)  Above 7-Day Avg

Times (Last 3 Days): 7.4, 6.8, 7.0
3-Day Avg: 7.1
Today: 7.4  Above 3-Day Avg
[PASS] Scenario: Visit Account Voucher Page and click on Edit btn (7.40s)
[INFO] Feature: Sales Order
[PASS] Feature: Sales Order (7.00s)  Above 7-Day Avg

Times (Last 3 Days): 7.0, 6.9, 6.8
3-Day Avg: 6.9
Today: 7.0  Above 3-Day Avg
[PASS] Scenario: Visit Sales Order Page and click on Edit btn (7.00s)
[PASS] Test summary email sent successfully.
Finished at Fri 02/13/2026 20:06:14.79 
========================================= 
