========================================= 
Behave Run Started at Mon 09/29/2025 17:43:40.09 
========================================= 

============================================================
STARTING DOMAIN: mt.itserver.biz (Server: metro crm)
============================================================
[INFO] Running 1 feature files for domain 'mt.itserver.biz':
    E:\shayan\tests\features\mt.itserver.biz\SO.feature
[INFO] Domain = mt.itserver.biz
[INFO] Starting browser and logging in for domain: mt.itserver.biz
[INFO] Creating fresh browser instance for domain: mt.itserver.biz
[INFO] Attempt 1/5: Creating Chrome driver...
[INFO] Applying performance optimizations for problematic domain: mt.itserver.biz
[PASS] Chrome driver created successfully on attempt 1
[INFO] Attempt 1/5: Opening https://mt.itserver.biz/admin/?r=user/user/login&_lang=en
[PASS] Page loaded successfully on attempt 1
[PASS] Opened URL: https://mt.itserver.biz/admin/?r=user/user/login&_lang=en
[INFO] Testing refresh function for dashboard elements...
[PASS] Login successful - dashboard loaded with refresh function
[PASS] Login successful - dashboard loaded with fallback method
[INFO] Login completed. Page Load: 7.2s, Login: 28.2s
[INFO] Login successful for domain: mt.itserver.biz
[INFO] Starting feature: Sales Order
Feature: Sales Order # features/mt.itserver.biz/SO.feature:4

  @critical
  Scenario: Visit Sales order page and click on edit btn  # features/mt.itserver.biz/SO.feature:7
    Given we visit "orders/SO2"                           # features/steps/form_actions.py:36
    When we edit the top row                              # features/steps/cartzlink_form.py:155
[INFO] Completed feature: Sales Order
DEBUG: context.domain = mt.itserver.biz
DEBUG: timing_summary = {'mt.itserver.biz': {'Server': 'metro crm', 'Page Load': 7.2, 'Login': 28.2, 'Features': {'Sales Order': {'Feature': None, 'Scenario Timings': [{'name': 'Visit Sales order page and click on edit btn', 'duration': 10.4, 'status': 'passed', 'failed_steps': []}], 'Failed Steps': []}}}}
PASS Feature: Sales Order (10.4s)
[DEBUG] Writing timing summary for mt.itserver.biz to E:\shayan\tests\timing_results\mt.itserver.biz_timing.json

[INFO] Closing browser for domain: mt.itserver.biz
[INFO] Browser closed successfully for domain: mt.itserver.biz
[INFO] Browser instance cleared for domain: mt.itserver.biz
[SUMMARY] Timing for mt.itserver.biz:
{
  "page_load": {
    "current": 7.2,
    "average": 6.949999999999999,
    "values": [
      7.2,
      1.8,
      1.9,
      16.9
    ],
    "is_high": true
  },
  "login": {
    "current": 28.2,
    "average": 26.1,
    "values": [
      28.2,
      25.4,
      25.1,
      25.7
    ],
    "is_high": true
  },
  "features": {
    "Sales Order": {
      "current": 10.4,
      "average": 20.475,
      "values": [
        10.4,
        23.5,
        23.8,
        24.2
      ],
      "is_high": false
    }
  },
  "scenario": {
    "current": 10.4,
    "average": 20.475,
    "values": [
      10.4,
      23.5,
      23.8,
      24.2
    ],
    "is_high": false
  }
}

[INFO] Server: metro crm | Domain: mt.itserver.biz
==================================================
[PASS] Sales Order

============================================================
COMPLETED DOMAIN: mt.itserver.biz
============================================================

============================================================
STARTING DOMAIN: gta.cartzlink.com (Server: s13)
============================================================
[INFO] Running 2 feature files for domain 'gta.cartzlink.com':
    E:\shayan\tests\features\gta.cartzlink.com\AccV.feature
    E:\shayan\tests\features\gta.cartzlink.com\SI.feature
[INFO] Domain = gta.cartzlink.com
[INFO] Starting browser and logging in for domain: gta.cartzlink.com
[INFO] Creating fresh browser instance for domain: gta.cartzlink.com
[INFO] Attempt 1/3: Creating Chrome driver...
[PASS] Chrome driver created successfully on attempt 1
[INFO] Attempt 1/3: Opening https://gta.cartzlink.com/admin/?r=user/user/login&_lang=en
[PASS] Page loaded successfully on attempt 1
[PASS] Opened URL: https://gta.cartzlink.com/admin/?r=user/user/login&_lang=en
[INFO] Testing refresh function for dashboard elements...
[PASS] Login successful - dashboard loaded with refresh function
[PASS] Login successful - dashboard loaded with fallback method
[INFO] Login completed. Page Load: 10.6s, Login: 28.3s
[INFO] Login successful for domain: gta.cartzlink.com
[INFO] Starting feature: Add Account Voucher
Feature: Add Account Voucher # features/gta.cartzlink.com/AccV.feature:4

  @critical
  Scenario: Visit Account Voucher Page and click on Edit btn  # features/gta.cartzlink.com/AccV.feature:7
    Given we visit "accounts2"                                # features/steps/form_actions.py:36
    When we edit the top row                                  # features/steps/cartzlink_form.py:155
[INFO] Completed feature: Add Account Voucher
DEBUG: context.domain = gta.cartzlink.com
DEBUG: timing_summary = {'gta.cartzlink.com': {'Server': 's13', 'Page Load': 10.6, 'Login': 28.3, 'Features': {'Add Account Voucher': {'Feature': None, 'Scenario Timings': [{'name': 'Visit Account Voucher Page and click on Edit btn', 'duration': 13.2, 'status': 'passed', 'failed_steps': []}], 'Failed Steps': []}}}}
PASS Feature: Add Account Voucher (13.2s)
[DEBUG] Writing timing summary for gta.cartzlink.com to E:\shayan\tests\timing_results\gta.cartzlink.com_timing.json

[INFO] Starting feature: Sales Invoice
Feature: Sales Invoice # features/gta.cartzlink.com/SI.feature:1

  @critical
  Scenario: Sales Invoice page           # features/gta.cartzlink.com/SI.feature:4
    Given we visit "orders/salesInvoice" # features/steps/form_actions.py:36
    When we edit the top row             # features/steps/cartzlink_form.py:155
[INFO] Completed feature: Sales Invoice
DEBUG: context.domain = gta.cartzlink.com
DEBUG: timing_summary = {'gta.cartzlink.com': {'Server': 's13', 'Page Load': 10.6, 'Login': 28.3, 'Features': {'Add Account Voucher': {'Feature': 13.2, 'Scenario Timings': [{'name': 'Visit Account Voucher Page and click on Edit btn', 'duration': 13.2, 'status': 'passed', 'failed_steps': []}], 'Failed Steps': []}, 'Sales Invoice': {'Feature': None, 'Scenario Timings': [{'name': 'Sales Invoice page', 'duration': 15.1, 'status': 'passed', 'failed_steps': []}], 'Failed Steps': []}}}}
PASS Feature: Sales Invoice (15.1s)
[DEBUG] Writing timing summary for gta.cartzlink.com to E:\shayan\tests\timing_results\gta.cartzlink.com_timing.json

[INFO] Closing browser for domain: gta.cartzlink.com
[INFO] Browser closed successfully for domain: gta.cartzlink.com
[INFO] Browser instance cleared for domain: gta.cartzlink.com
[SUMMARY] Timing for gta.cartzlink.com:
{
  "page_load": {
    "current": 10.6,
    "average": 4.6,
    "values": [
      10.6,
      2.3,
      2.6,
      2.9
    ],
    "is_high": true
  },
  "login": {
    "current": 28.3,
    "average": 29.05,
    "values": [
      28.3,
      29.0,
      29.7,
      29.2
    ],
    "is_high": false
  },
  "features": {
    "Add Account Voucher": {
      "current": 13.2,
      "average": 16.475,
      "values": [
        13.2,
        17.0,
        16.9,
        18.8
      ],
      "is_high": false
    },
    "Sales Invoice": {
      "current": 15.1,
      "average": 32.4,
      "values": [
        15.1,
        37.0,
        37.3,
        40.2
      ],
      "is_high": false
    }
  },
  "scenario": {
    "current": 14.149999999999999,
    "average": 24.4375,
    "values": [
      14.149999999999999,
      27.0,
      27.099999999999998,
      29.5
    ],
    "is_high": false
  }
}

[INFO] Server: s13 | Domain: gta.cartzlink.com
==================================================
[PASS] Add Account Voucher
[PASS] Sales Invoice

============================================================
COMPLETED DOMAIN: gta.cartzlink.com
============================================================

============================================================
STARTING DOMAIN: fst.itserver.biz (Server: FST)
============================================================
[INFO] Running 1 feature files for domain 'fst.itserver.biz':
    E:\shayan\tests\features\fst.itserver.biz\SO.feature
[INFO] Domain = fst.itserver.biz
[INFO] Starting browser and logging in for domain: fst.itserver.biz
[INFO] Creating fresh browser instance for domain: fst.itserver.biz
[INFO] Attempt 1/3: Creating Chrome driver...
[PASS] Chrome driver created successfully on attempt 1
[INFO] Attempt 1/3: Opening https://fst.itserver.biz/admin/?r=user/user/login&_lang=en
[PASS] Page loaded successfully on attempt 1
[PASS] Opened URL: https://fst.itserver.biz/admin/?r=user/user/login&_lang=en
[INFO] Testing refresh function for dashboard elements...
[PASS] Login successful - dashboard loaded with refresh function
[PASS] Login successful - dashboard loaded with fallback method
[INFO] Login completed. Page Load: 6.2s, Login: 201.1s
[INFO] Login successful for domain: fst.itserver.biz
[INFO] Starting feature: Sales Order
Feature: Sales Order # features/fst.itserver.biz/SO.feature:4

  @critical
  Scenario: Visit Sales order page and click on Edit btn  # features/fst.itserver.biz/SO.feature:7
    Given we visit "orders/salesOrder"                    # features/steps/form_actions.py:36
    When we clear the from date and search                # features/steps/form_actions.py:82
[INFO] Completed feature: Sales Order
DEBUG: context.domain = fst.itserver.biz
DEBUG: timing_summary = {'fst.itserver.biz': {'Server': 'FST', 'Page Load': 6.2, 'Login': 201.1, 'Features': {'Sales Order': {'Feature': None, 'Scenario Timings': [{'name': 'Visit Sales order page and click on Edit btn', 'duration': 19.3, 'status': 'passed', 'failed_steps': []}], 'Failed Steps': []}}}}
PASS Feature: Sales Order (19.3s)
[DEBUG] Writing timing summary for fst.itserver.biz to E:\shayan\tests\timing_results\fst.itserver.biz_timing.json

[INFO] Closing browser for domain: fst.itserver.biz
[INFO] Browser closed successfully for domain: fst.itserver.biz
[INFO] Browser instance cleared for domain: fst.itserver.biz
[SUMMARY] Timing for fst.itserver.biz:
{
  "page_load": {
    "current": 6.2,
    "average": 5.2,
    "values": [
      6.2,
      2.3,
      2.8,
      4.6,
      10.1
    ],
    "is_high": true
  },
  "login": {
    "current": 201.1,
    "average": 57.17999999999999,
    "values": [
      201.1,
      19.4,
      22.5,
      22.1,
      20.8
    ],
    "is_high": true
  },
  "features": {
    "Sales Order": {
      "current": 19.3,
      "average": 49.82,
      "values": [
        19.3,
        50.9,
        53.1,
        51.1,
        74.7
      ],
      "is_high": false
    }
  },
  "scenario": {
    "current": 19.3,
    "average": 49.82,
    "values": [
      19.3,
      50.9,
      53.1,
      51.1,
      74.7
    ],
    "is_high": false
  }
}

[INFO] Server: FST | Domain: fst.itserver.biz
==================================================
[PASS] Sales Order

============================================================
COMPLETED DOMAIN: fst.itserver.biz
============================================================

============================================================
STARTING DOMAIN: cam.itserver.biz (Server: metro cam)
============================================================
[INFO] Running 4 feature files for domain 'cam.itserver.biz':
    E:\shayan\tests\features\cam.itserver.biz\AccV.feature
    E:\shayan\tests\features\cam.itserver.biz\GP.feature
    E:\shayan\tests\features\cam.itserver.biz\PI.feature
    E:\shayan\tests\features\cam.itserver.biz\SO.feature
[INFO] Domain = cam.itserver.biz
[INFO] Starting browser and logging in for domain: cam.itserver.biz
[INFO] Creating fresh browser instance for domain: cam.itserver.biz
[INFO] Attempt 1/3: Creating Chrome driver...
[PASS] Chrome driver created successfully on attempt 1
[INFO] Attempt 1/3: Opening https://cam.itserver.biz/admin/?r=user/user/login&_lang=en
[PASS] Page loaded successfully on attempt 1
[PASS] Opened URL: https://cam.itserver.biz/admin/?r=user/user/login&_lang=en
[INFO] Testing refresh function for dashboard elements...
[PASS] Login successful - dashboard loaded with refresh function
[PASS] Login successful - dashboard loaded with fallback method
[INFO] Login completed. Page Load: 13.8s, Login: 34.0s
[INFO] Login successful for domain: cam.itserver.biz
[INFO] Starting feature: Add Account Voucher
Feature: Add Account Voucher # features/cam.itserver.biz/AccV.feature:4

  @critical
  Scenario: Visit Account Voucher Page and click on Edit btn  # features/cam.itserver.biz/AccV.feature:7
    Given we visit "accounts2"                                # features/steps/form_actions.py:36
    When we edit the top row                                  # features/steps/cartzlink_form.py:155
[INFO] Completed feature: Add Account Voucher
DEBUG: context.domain = cam.itserver.biz
DEBUG: timing_summary = {'cam.itserver.biz': {'Server': 'metro cam', 'Page Load': 13.8, 'Login': 34.0, 'Features': {'Add Account Voucher': {'Feature': None, 'Scenario Timings': [{'name': 'Visit Account Voucher Page and click on Edit btn', 'duration': 17.5, 'status': 'passed', 'failed_steps': []}], 'Failed Steps': []}}}}
PASS Feature: Add Account Voucher (17.5s)
[DEBUG] Writing timing summary for cam.itserver.biz to E:\shayan\tests\timing_results\cam.itserver.biz_timing.json

[INFO] Starting feature: Gatepass
Feature: Gatepass # features/cam.itserver.biz/GP.feature:1

  @critical
  Scenario: Visit Gate pass Page and click on Edit btn  # features/cam.itserver.biz/GP.feature:4
    Given we visit "orders/deliveryChallanCAM"          # features/steps/form_actions.py:36
    When we edit the top row                            # features/steps/cartzlink_form.py:155
[INFO] Completed feature: Gatepass
DEBUG: context.domain = cam.itserver.biz
DEBUG: timing_summary = {'cam.itserver.biz': {'Server': 'metro cam', 'Page Load': 13.8, 'Login': 34.0, 'Features': {'Add Account Voucher': {'Feature': 17.5, 'Scenario Timings': [{'name': 'Visit Account Voucher Page and click on Edit btn', 'duration': 17.5, 'status': 'passed', 'failed_steps': []}], 'Failed Steps': []}, 'Gatepass': {'Feature': None, 'Scenario Timings': [{'name': 'Visit Gate pass Page and click on Edit btn', 'duration': 117.4, 'status': 'passed', 'failed_steps': []}], 'Failed Steps': []}}}}
PASS Feature: Gatepass (117.4s)
[DEBUG] Writing timing summary for cam.itserver.biz to E:\shayan\tests\timing_results\cam.itserver.biz_timing.json

[INFO] Starting feature: Purchase Invoice
Feature: Purchase Invoice # features/cam.itserver.biz/PI.feature:3

  @critical
  Scenario: Visit Purchase invoice Page and click on Edit btn  # features/cam.itserver.biz/PI.feature:6
    Given we visit "orders/purchaseInvoice"                    # features/steps/form_actions.py:36
    When we edit the top row                                   # features/steps/cartzlink_form.py:155
[INFO] Completed feature: Purchase Invoice
DEBUG: context.domain = cam.itserver.biz
DEBUG: timing_summary = {'cam.itserver.biz': {'Server': 'metro cam', 'Page Load': 13.8, 'Login': 34.0, 'Features': {'Add Account Voucher': {'Feature': 17.5, 'Scenario Timings': [{'name': 'Visit Account Voucher Page and click on Edit btn', 'duration': 17.5, 'status': 'passed', 'failed_steps': []}], 'Failed Steps': []}, 'Gatepass': {'Feature': 117.4, 'Scenario Timings': [{'name': 'Visit Gate pass Page and click on Edit btn', 'duration': 117.4, 'status': 'passed', 'failed_steps': []}], 'Failed Steps': []}, 'Purchase Invoice': {'Feature': None, 'Scenario Timings': [{'name': 'Visit Purchase invoice Page and click on Edit btn', 'duration': 63.2, 'status': 'passed', 'failed_steps': []}], 'Failed Steps': []}}}}
PASS Feature: Purchase Invoice (63.2s)
[DEBUG] Writing timing summary for cam.itserver.biz to E:\shayan\tests\timing_results\cam.itserver.biz_timing.json

[INFO] Starting feature: Production Order FSTUser
Feature: Production Order FSTUser # features/cam.itserver.biz/SO.feature:4

  @critical
  Scenario: Visit Production order page and click on Edit btn  # features/cam.itserver.biz/SO.feature:7
    Given we visit "orders/SalesOrderFSTUser"                  # features/steps/form_actions.py:36
    When we edit the top row                                   # features/steps/cartzlink_form.py:155
[INFO] Completed feature: Production Order FSTUser
DEBUG: context.domain = cam.itserver.biz
DEBUG: timing_summary = {'cam.itserver.biz': {'Server': 'metro cam', 'Page Load': 13.8, 'Login': 34.0, 'Features': {'Add Account Voucher': {'Feature': 17.5, 'Scenario Timings': [{'name': 'Visit Account Voucher Page and click on Edit btn', 'duration': 17.5, 'status': 'passed', 'failed_steps': []}], 'Failed Steps': []}, 'Gatepass': {'Feature': 117.4, 'Scenario Timings': [{'name': 'Visit Gate pass Page and click on Edit btn', 'duration': 117.4, 'status': 'passed', 'failed_steps': []}], 'Failed Steps': []}, 'Purchase Invoice': {'Feature': 63.2, 'Scenario Timings': [{'name': 'Visit Purchase invoice Page and click on Edit btn', 'duration': 63.2, 'status': 'passed', 'failed_steps': []}], 'Failed Steps': []}, 'Production Order FSTUser': {'Feature': None, 'Scenario Timings': [{'name': 'Visit Production order page and click on Edit btn', 'duration': 14.5, 'status': 'passed', 'failed_steps': []}], 'Failed Steps': []}}}}
PASS Feature: Production Order FSTUser (14.5s)
[DEBUG] Writing timing summary for cam.itserver.biz to E:\shayan\tests\timing_results\cam.itserver.biz_timing.json

[INFO] Closing browser for domain: cam.itserver.biz
[INFO] Browser closed successfully for domain: cam.itserver.biz
[INFO] Browser instance cleared for domain: cam.itserver.biz
[SUMMARY] Timing for cam.itserver.biz:
{
  "page_load": {
    "current": 13.8,
    "average": 6.175,
    "values": [
      13.8,
      4.1,
      3.3,
      3.5
    ],
    "is_high": true
  },
  "login": {
    "current": 34.0,
    "average": 25.575,
    "values": [
      34.0,
      21.2,
      21.0,
      26.1
    ],
    "is_high": true
  },
  "features": {
    "Add Account Voucher": {
      "current": 17.5,
      "average": 11.8,
      "values": [
        17.5,
        9.4,
        9.4,
        10.9
      ],
      "is_high": true
    },
    "Gatepass": {
      "current": 117.4,
      "average": 67.075,
      "values": [
        117.4,
        49.6,
        48.6,
        52.7
      ],
      "is_high": true
    },
    "Purchase Invoice": {
      "current": 63.2,
      "average": 58.45,
      "values": [
        63.2,
        54.7,
        57.0,
        58.9
      ],
      "is_high": true
    },
    "Production Order FSTUser": {
      "current": 14.5,
      "average": 15.575,
      "values": [
        14.5,
        15.1,
        15.8,
        16.9
      ],
      "is_high": false
    }
  },
  "scenario": {
    "current": 53.150000000000006,
    "average": 38.21875,
    "values": [
      53.150000000000006,
      32.2,
      32.675,
      34.85
    ],
    "is_high": true
  }
}

[INFO] Server: metro cam | Domain: cam.itserver.biz
==================================================
[PASS] Add Account Voucher
[PASS] Gatepass
[PASS] Purchase Invoice
[PASS] Production Order FSTUser

============================================================
COMPLETED DOMAIN: cam.itserver.biz
============================================================

============================================================
STARTING DOMAIN: bmkenya.itserver.biz (Server: bmkenya)
============================================================
[INFO] Running 2 feature files for domain 'bmkenya.itserver.biz':
    E:\shayan\tests\features\bmkenya.itserver.biz\AccV.feature
    E:\shayan\tests\features\bmkenya.itserver.biz\SO.feature
[INFO] Domain = bmkenya.itserver.biz
[INFO] Starting browser and logging in for domain: bmkenya.itserver.biz
[INFO] Creating fresh browser instance for domain: bmkenya.itserver.biz
[INFO] Attempt 1/3: Creating Chrome driver...
[PASS] Chrome driver created successfully on attempt 1
[INFO] Attempt 1/3: Opening https://bmkenya.itserver.biz/admin/?r=user/user/login&_lang=en
[PASS] Page loaded successfully on attempt 1
[PASS] Opened URL: https://bmkenya.itserver.biz/admin/?r=user/user/login&_lang=en
[INFO] Testing refresh function for dashboard elements...
[PASS] Login successful - dashboard loaded with refresh function
[PASS] Login successful - dashboard loaded with fallback method
[INFO] Login completed. Page Load: 10.0s, Login: 23.7s
[INFO] Login successful for domain: bmkenya.itserver.biz
[INFO] Starting feature: Add Account Voucher
Feature: Add Account Voucher # features/bmkenya.itserver.biz/AccV.feature:4

  @critical
  Scenario: Visit Account Voucher Page and click on Edit btn  # features/bmkenya.itserver.biz/AccV.feature:7
    Given we visit "accounts2"                                # features/steps/form_actions.py:36
    When we edit the top row                                  # features/steps/cartzlink_form.py:155
[INFO] Completed feature: Add Account Voucher
DEBUG: context.domain = bmkenya.itserver.biz
DEBUG: timing_summary = {'bmkenya.itserver.biz': {'Server': 'bmkenya', 'Page Load': 10.0, 'Login': 23.7, 'Features': {'Add Account Voucher': {'Feature': None, 'Scenario Timings': [{'name': 'Visit Account Voucher Page and click on Edit btn', 'duration': 12.6, 'status': 'passed', 'failed_steps': []}], 'Failed Steps': []}}}}
PASS Feature: Add Account Voucher (12.6s)
[DEBUG] Writing timing summary for bmkenya.itserver.biz to E:\shayan\tests\timing_results\bmkenya.itserver.biz_timing.json

[INFO] Starting feature: Sales Order
Feature: Sales Order # features/bmkenya.itserver.biz/SO.feature:4

  @critical
  Scenario: Visit Sales order page     # features/bmkenya.itserver.biz/SO.feature:7
    Given we visit "orders/salesOrder" # features/steps/form_actions.py:36
[INFO] Completed feature: Sales Order
DEBUG: context.domain = bmkenya.itserver.biz
DEBUG: timing_summary = {'bmkenya.itserver.biz': {'Server': 'bmkenya', 'Page Load': 10.0, 'Login': 23.7, 'Features': {'Add Account Voucher': {'Feature': 12.6, 'Scenario Timings': [{'name': 'Visit Account Voucher Page and click on Edit btn', 'duration': 12.6, 'status': 'passed', 'failed_steps': []}], 'Failed Steps': []}, 'Sales Order': {'Feature': None, 'Scenario Timings': [{'name': 'Visit Sales order page', 'duration': 5.4, 'status': 'passed', 'failed_steps': []}], 'Failed Steps': []}}}}
PASS Feature: Sales Order (5.5s)
[DEBUG] Writing timing summary for bmkenya.itserver.biz to E:\shayan\tests\timing_results\bmkenya.itserver.biz_timing.json

[INFO] Closing browser for domain: bmkenya.itserver.biz
[INFO] Browser closed successfully for domain: bmkenya.itserver.biz
[INFO] Browser instance cleared for domain: bmkenya.itserver.biz
[SUMMARY] Timing for bmkenya.itserver.biz:
{
  "page_load": {
    "current": 10.0,
    "average": 10.2,
    "values": [
      10.0,
      3.0,
      11.4,
      16.4
    ],
    "is_high": false
  },
  "login": {
    "current": 23.7,
    "average": 21.675,
    "values": [
      23.7,
      21.6,
      20.9,
      20.5
    ],
    "is_high": true
  },
  "features": {
    "Add Account Voucher": {
      "current": 12.6,
      "average": 10.375,
      "values": [
        12.6,
        13.2,
        12.7,
        3.0
      ],
      "is_high": true
    },
    "Sales Order": {
      "current": 5.5,
      "average": 4.6,
      "values": [
        5.5,
        3.5,
        4.6,
        4.8
      ],
      "is_high": true
    }
  },
  "scenario": {
    "current": 9.0,
    "average": 7.4624999999999995,
    "values": [
      9.0,
      8.3,
      8.649999999999999,
      3.9
    ],
    "is_high": true
  }
}

[INFO] Server: bmkenya | Domain: bmkenya.itserver.biz
==================================================
[PASS] Add Account Voucher
[PASS] Sales Order

============================================================
COMPLETED DOMAIN: bmkenya.itserver.biz
============================================================

============================================================
STARTING DOMAIN: crm.cartzlink.com (Server: s15)
============================================================
[INFO] Running 1 feature files for domain 'crm.cartzlink.com':
    E:\shayan\tests\features\crm.cartzlink.com\dashboard.feature
[INFO] Domain = crm.cartzlink.com
[INFO] Starting browser and logging in for domain: crm.cartzlink.com
[INFO] Creating fresh browser instance for domain: crm.cartzlink.com
[INFO] Attempt 1/3: Creating Chrome driver...
[PASS] Chrome driver created successfully on attempt 1
[INFO] Attempt 1/3: Opening https://crm.cartzlink.com/admin/?r=user/user/login&_lang=en
[PASS] Page loaded successfully on attempt 1
[PASS] Opened URL: https://crm.cartzlink.com/admin/?r=user/user/login&_lang=en
[INFO] Testing refresh function for dashboard elements...
[PASS] Login successful - dashboard loaded with refresh function
[PASS] Login successful - dashboard loaded with fallback method
[INFO] Login completed. Page Load: 4.1s, Login: 18.0s
[INFO] Login successful for domain: crm.cartzlink.com
[INFO] Starting feature: Dash board
Feature: Dash board # features/crm.cartzlink.com/dashboard.feature:4
[INFO] Completed feature: Dash board
DEBUG: context.domain = crm.cartzlink.com
DEBUG: timing_summary = {'crm.cartzlink.com': {'Server': 's15', 'Page Load': 4.1, 'Login': 18.0, 'Features': {'Dash board': {'Feature': None, 'Scenario Timings': [{'name': 'Visit Dash board page', 'duration': 0.0, 'status': 'passed', 'failed_steps': []}], 'Failed Steps': []}}}}
PASS Feature: Dash board (0.0s)
[DEBUG] Writing timing summary for crm.cartzlink.com to E:\shayan\tests\timing_results\crm.cartzlink.com_timing.json

  @critical
  Scenario: Visit Dash board page  # features/crm.cartzlink.com/dashboard.feature:7

[INFO] Closing browser for domain: crm.cartzlink.com
[INFO] Browser closed successfully for domain: crm.cartzlink.com
[INFO] Browser instance cleared for domain: crm.cartzlink.com
[SUMMARY] Timing for crm.cartzlink.com:
{
  "page_load": {
    "current": 4.1,
    "average": 2.275,
    "values": [
      4.1,
      2.1,
      1.3,
      1.6
    ],
    "is_high": true
  },
  "login": {
    "current": 18.0,
    "average": 19.575,
    "values": [
      18.0,
      20.8,
      19.4,
      20.1
    ],
    "is_high": false
  },
  "features": {
    "Dash board": {
      "current": 0.0,
      "average": 0.0,
      "values": [
        0.0,
        0.0,
        0.0,
        0.0
      ],
      "is_high": 0.0
    }
  },
  "scenario": {
    "current": 0.0,
    "average": 0.0,
    "values": [
      0.0,
      0.0,
      0.0,
      0.0
    ],
    "is_high": 0.0
  }
}

[INFO] Server: s15 | Domain: crm.cartzlink.com
==================================================
[PASS] Dash board

============================================================
COMPLETED DOMAIN: crm.cartzlink.com
============================================================

============================================================
STARTING DOMAIN: crm.tabrospharma.com (Server: TP)
============================================================
[INFO] Running 2 feature files for domain 'crm.tabrospharma.com':
    E:\shayan\tests\features\crm.tabrospharma.com\AccV.feature
    E:\shayan\tests\features\crm.tabrospharma.com\SO.feature
[INFO] Domain = crm.tabrospharma.com
[INFO] Starting browser and logging in for domain: crm.tabrospharma.com
[INFO] Creating fresh browser instance for domain: crm.tabrospharma.com
[INFO] Attempt 1/3: Creating Chrome driver...
[PASS] Chrome driver created successfully on attempt 1
[INFO] Attempt 1/3: Opening https://crm.tabrospharma.com/admin/?r=user/user/login&_lang=en
[PASS] Page loaded successfully on attempt 1
[PASS] Opened URL: https://crm.tabrospharma.com/admin/?r=user/user/login&_lang=en
[INFO] Testing refresh function for dashboard elements...
[PASS] Login successful - dashboard loaded with refresh function
[PASS] Login successful - dashboard loaded with fallback method
[INFO] Login completed. Page Load: 5.5s, Login: 26.1s
[INFO] Login successful for domain: crm.tabrospharma.com
[INFO] Starting feature: Add Account Voucher
Feature: Add Account Voucher # features/crm.tabrospharma.com/AccV.feature:4

  @critical
  Scenario: Visit Account Voucher Page and click on Edit btn  # features/crm.tabrospharma.com/AccV.feature:7
    Given we visit "accounts2"                                # features/steps/form_actions.py:36
    When we edit the top row                                  # features/steps/cartzlink_form.py:155
[INFO] Completed feature: Add Account Voucher
DEBUG: context.domain = crm.tabrospharma.com
DEBUG: timing_summary = {'crm.tabrospharma.com': {'Server': 'TP', 'Page Load': 5.5, 'Login': 26.1, 'Features': {'Add Account Voucher': {'Feature': None, 'Scenario Timings': [{'name': 'Visit Account Voucher Page and click on Edit btn', 'duration': 6.9, 'status': 'passed', 'failed_steps': []}], 'Failed Steps': []}}}}
PASS Feature: Add Account Voucher (6.9s)
[DEBUG] Writing timing summary for crm.tabrospharma.com to E:\shayan\tests\timing_results\crm.tabrospharma.com_timing.json

[INFO] Starting feature: Sales Order
Feature: Sales Order # features/crm.tabrospharma.com/SO.feature:4

  @critical
  Scenario: Visit Sales Order Page and click on Edit btn  # features/crm.tabrospharma.com/SO.feature:7
    Given we visit "orders/salesOrder"                    # features/steps/form_actions.py:36
    When we edit the top row                              # features/steps/cartzlink_form.py:155
[INFO] Completed feature: Sales Order
DEBUG: context.domain = crm.tabrospharma.com
DEBUG: timing_summary = {'crm.tabrospharma.com': {'Server': 'TP', 'Page Load': 5.5, 'Login': 26.1, 'Features': {'Add Account Voucher': {'Feature': 6.9, 'Scenario Timings': [{'name': 'Visit Account Voucher Page and click on Edit btn', 'duration': 6.9, 'status': 'passed', 'failed_steps': []}], 'Failed Steps': []}, 'Sales Order': {'Feature': None, 'Scenario Timings': [{'name': 'Visit Sales Order Page and click on Edit btn', 'duration': 7.0, 'status': 'passed', 'failed_steps': []}], 'Failed Steps': []}}}}
PASS Feature: Sales Order (7.0s)
[DEBUG] Writing timing summary for crm.tabrospharma.com to E:\shayan\tests\timing_results\crm.tabrospharma.com_timing.json

[INFO] Closing browser for domain: crm.tabrospharma.com
[INFO] Browser closed successfully for domain: crm.tabrospharma.com
[INFO] Browser instance cleared for domain: crm.tabrospharma.com
[SUMMARY] Timing for crm.tabrospharma.com:
{
  "page_load": {
    "current": 5.5,
    "average": 3.075,
    "values": [
      5.5,
      1.9,
      1.6,
      3.3
    ],
    "is_high": true
  },
  "login": {
    "current": 26.1,
    "average": 27.45,
    "values": [
      26.1,
      27.5,
      27.4,
      28.8
    ],
    "is_high": false
  },
  "features": {
    "Add Account Voucher": {
      "current": 6.9,
      "average": 9.025,
      "values": [
        6.9,
        9.3,
        9.0,
        10.9
      ],
      "is_high": false
    },
    "Sales Order": {
      "current": 7.0,
      "average": 9.575,
      "values": [
        7.0,
        9.8,
        10.0,
        11.5
      ],
      "is_high": false
    }
  },
  "scenario": {
    "current": 6.95,
    "average": 9.3,
    "values": [
      6.95,
      9.55,
      9.5,
      11.2
    ],
    "is_high": false
  }
}

[INFO] Server: TP | Domain: crm.tabrospharma.com
==================================================
[PASS] Add Account Voucher
[PASS] Sales Order

============================================================
COMPLETED DOMAIN: crm.tabrospharma.com
============================================================

==================================================
[SUMMARY] FINAL TEST SUMMARY
==================================================

================================================================================
[CRITICAL] FAILURES AND PERFORMANCE ISSUES SUMMARY
================================================================================

SLOW TESTS (15 total):
--------------------------------------------------
[SLOW] Page Load SLOW | metro crm | mt.itserver.biz
   Time: 7.20s | Above 7-day average (6.9s)
[SLOW] Login SLOW | metro crm | mt.itserver.biz
   Time: 28.20s | Above 7-day average (26.1s)
[SLOW] Page Load SLOW | s13 | gta.cartzlink.com
   Time: 10.60s | Above 7-day average (4.6s)
[SLOW] Page Load SLOW | FST | fst.itserver.biz
   Time: 6.20s | Above 7-day average (5.2s)
[SLOW] Login SLOW | FST | fst.itserver.biz
   Time: 201.10s | Above 7-day average (57.2s)
[SLOW] Page Load SLOW | metro cam | cam.itserver.biz
   Time: 13.80s | Above 7-day average (6.2s)
[SLOW] Login SLOW | metro cam | cam.itserver.biz
   Time: 34.00s | Above 7-day average (25.6s)
[SLOW] Feature SLOW | metro cam | cam.itserver.biz
   Feature: Add Account Voucher
   Time: 17.50s | Above 7-day average (11.8s)
[SLOW] Feature SLOW | metro cam | cam.itserver.biz
   Feature: Gatepass
   Time: 117.40s | Above 7-day average (67.1s)
[SLOW] Feature SLOW | metro cam | cam.itserver.biz
   Feature: Purchase Invoice
   Time: 63.20s | Above 7-day average (58.5s)
[SLOW] Login SLOW | bmkenya | bmkenya.itserver.biz
   Time: 23.70s | Above 7-day average (21.7s)
[SLOW] Feature SLOW | bmkenya | bmkenya.itserver.biz
   Feature: Add Account Voucher
   Time: 12.60s | Above 7-day average (10.4s)
[SLOW] Feature SLOW | bmkenya | bmkenya.itserver.biz
   Feature: Sales Order
   Time: 5.50s | Above 7-day average (4.6s)
[SLOW] Page Load SLOW | s15 | crm.cartzlink.com
   Time: 4.10s | Above 7-day average (2.3s)
[SLOW] Page Load SLOW | TP | crm.tabrospharma.com
   Time: 5.50s | Above 7-day average (3.1s)
================================================================================

[DEBUG] Getting 7-day data for domain: mt.itserver.biz
[DEBUG] Page load data: {'current': 7.2, 'average': 6.949999999999999, 'values': [7.2, 1.8, 1.9, 16.9], 'is_high': True}
[DEBUG] Formatted summary: 
Times (Last 4 Days): 7.2, 1.8, 1.9, 16.9
4-Day Avg: 6.9
Today: 7.2  Above 4-Day Avg
[DEBUG] Getting 7-day login data for domain: mt.itserver.biz
[DEBUG] Login data: {'current': 28.2, 'average': 26.1, 'values': [28.2, 25.4, 25.1, 25.7], 'is_high': True}
[DEBUG] Formatted login summary: 
Times (Last 4 Days): 28.2, 25.4, 25.1, 25.7
4-Day Avg: 26.1
Today: 28.2  Above 4-Day Avg
[DEBUG] Getting 7-day data for domain: gta.cartzlink.com
[DEBUG] Page load data: {'current': 10.6, 'average': 4.6, 'values': [10.6, 2.3, 2.6, 2.9], 'is_high': True}
[DEBUG] Formatted summary: 
Times (Last 4 Days): 10.6, 2.3, 2.6, 2.9
4-Day Avg: 4.6
Today: 10.6  Above 4-Day Avg
[DEBUG] Getting 7-day login data for domain: gta.cartzlink.com
[DEBUG] Login data: {'current': 28.3, 'average': 29.05, 'values': [28.3, 29.0, 29.7, 29.2], 'is_high': False}
[DEBUG] Formatted login summary: 
Times (Last 4 Days): 28.3, 29.0, 29.7, 29.2
4-Day Avg: 29.1
Today: 28.3
[DEBUG] Getting 7-day data for domain: fst.itserver.biz
[DEBUG] Page load data: {'current': 6.2, 'average': 5.2, 'values': [6.2, 2.3, 2.8, 4.6, 10.1], 'is_high': True}
[DEBUG] Formatted summary: 
Times (Last 5 Days): 6.2, 2.3, 2.8, 4.6, 10.1
5-Day Avg: 5.2
Today: 6.2  Above 5-Day Avg
[DEBUG] Getting 7-day login data for domain: fst.itserver.biz
[DEBUG] Login data: {'current': 201.1, 'average': 57.17999999999999, 'values': [201.1, 19.4, 22.5, 22.1, 20.8], 'is_high': True}
[DEBUG] Formatted login summary: 
Times (Last 5 Days): 201.1, 19.4, 22.5, 22.1, 20.8
5-Day Avg: 57.2
Today: 201.1  Above 5-Day Avg
[DEBUG] Getting 7-day data for domain: cam.itserver.biz
[DEBUG] Page load data: {'current': 13.8, 'average': 6.175, 'values': [13.8, 4.1, 3.3, 3.5], 'is_high': True}
[DEBUG] Formatted summary: 
Times (Last 4 Days): 13.8, 4.1, 3.3, 3.5
4-Day Avg: 6.2
Today: 13.8  Above 4-Day Avg
[DEBUG] Getting 7-day login data for domain: cam.itserver.biz
[DEBUG] Login data: {'current': 34.0, 'average': 25.575, 'values': [34.0, 21.2, 21.0, 26.1], 'is_high': True}
[DEBUG] Formatted login summary: 
Times (Last 4 Days): 34.0, 21.2, 21.0, 26.1
4-Day Avg: 25.6
Today: 34.0  Above 4-Day Avg
[DEBUG] Getting 7-day data for domain: bmkenya.itserver.biz
[DEBUG] Page load data: {'current': 10.0, 'average': 10.2, 'values': [10.0, 3.0, 11.4, 16.4], 'is_high': False}
[DEBUG] Formatted summary: 
Times (Last 4 Days): 10.0, 3.0, 11.4, 16.4
4-Day Avg: 10.2
Today: 10.0
[DEBUG] Getting 7-day login data for domain: bmkenya.itserver.biz
[DEBUG] Login data: {'current': 23.7, 'average': 21.675, 'values': [23.7, 21.6, 20.9, 20.5], 'is_high': True}
[DEBUG] Formatted login summary: 
Times (Last 4 Days): 23.7, 21.6, 20.9, 20.5
4-Day Avg: 21.7
Today: 23.7  Above 4-Day Avg
[DEBUG] Getting 7-day data for domain: crm.cartzlink.com
[DEBUG] Page load data: {'current': 4.1, 'average': 2.275, 'values': [4.1, 2.1, 1.3, 1.6], 'is_high': True}
[DEBUG] Formatted summary: 
Times (Last 4 Days): 4.1, 2.1, 1.3, 1.6
4-Day Avg: 2.3
Today: 4.1  Above 4-Day Avg
[DEBUG] Getting 7-day login data for domain: crm.cartzlink.com
[DEBUG] Login data: {'current': 18.0, 'average': 19.575, 'values': [18.0, 20.8, 19.4, 20.1], 'is_high': False}
[DEBUG] Formatted login summary: 
Times (Last 4 Days): 18.0, 20.8, 19.4, 20.1
4-Day Avg: 19.6
Today: 18.0
[DEBUG] Getting 7-day data for domain: crm.tabrospharma.com
[DEBUG] Page load data: {'current': 5.5, 'average': 3.075, 'values': [5.5, 1.9, 1.6, 3.3], 'is_high': True}
[DEBUG] Formatted summary: 
Times (Last 4 Days): 5.5, 1.9, 1.6, 3.3
4-Day Avg: 3.1
Today: 5.5  Above 4-Day Avg
[DEBUG] Getting 7-day login data for domain: crm.tabrospharma.com
[DEBUG] Login data: {'current': 26.1, 'average': 27.45, 'values': [26.1, 27.5, 27.4, 28.8], 'is_high': False}
[DEBUG] Formatted login summary: 
Times (Last 4 Days): 26.1, 27.5, 27.4, 28.8
4-Day Avg: 27.4
Today: 26.1

[INFO] Server: metro crm | Domain: mt.itserver.biz
[INFO] Features executed:
    Sales Order
==================================================
[PASS] Page Load (7.20s)  Above 7-Day Avg

Times (Last 4 Days): 7.2, 1.8, 1.9, 16.9
4-Day Avg: 6.9
Today: 7.2  Above 4-Day Avg
[PASS] Login (28.20s)  Above 7-Day Avg

Times (Last 4 Days): 28.2, 25.4, 25.1, 25.7
4-Day Avg: 26.1
Today: 28.2  Above 4-Day Avg

[INFO] Feature: Sales Order
[PASS] Feature: Sales Order (10.40s)

Times (Last 4 Days): 10.4, 23.5, 23.8, 24.2
4-Day Avg: 20.5
Today: 10.4
[PASS] Scenario: Visit Sales order page and click on edit btn (10.40s)

[INFO] Server: s13 | Domain: gta.cartzlink.com
[INFO] Features executed:
    Add Account Voucher
    Sales Invoice
==================================================
[PASS] Page Load (10.60s)  Above 7-Day Avg

Times (Last 4 Days): 10.6, 2.3, 2.6, 2.9
4-Day Avg: 4.6
Today: 10.6  Above 4-Day Avg
[PASS] Login (28.30s)

Times (Last 4 Days): 28.3, 29.0, 29.7, 29.2
4-Day Avg: 29.1
Today: 28.3

[INFO] Feature: Add Account Voucher
[PASS] Feature: Add Account Voucher (13.20s)

Times (Last 4 Days): 13.2, 17.0, 16.9, 18.8
4-Day Avg: 16.5
Today: 13.2
[PASS] Scenario: Visit Account Voucher Page and click on Edit btn (13.20s)
[INFO] Feature: Sales Invoice
[PASS] Feature: Sales Invoice (15.10s)

Times (Last 4 Days): 15.1, 37.0, 37.3, 40.2
4-Day Avg: 32.4
Today: 15.1
[PASS] Scenario: Sales Invoice page (15.10s)

[INFO] Server: FST | Domain: fst.itserver.biz
[INFO] Features executed:
    Sales Order
==================================================
[PASS] Page Load (6.20s)  Above 7-Day Avg

Times (Last 5 Days): 6.2, 2.3, 2.8, 4.6, 10.1
5-Day Avg: 5.2
Today: 6.2  Above 5-Day Avg
[PASS] Login (201.10s)  Above 7-Day Avg

Times (Last 5 Days): 201.1, 19.4, 22.5, 22.1, 20.8
5-Day Avg: 57.2
Today: 201.1  Above 5-Day Avg

[INFO] Feature: Sales Order
[PASS] Feature: Sales Order (19.30s)

Times (Last 5 Days): 19.3, 50.9, 53.1, 51.1, 74.7
5-Day Avg: 49.8
Today: 19.3
[PASS] Scenario: Visit Sales order page and click on Edit btn (19.30s)

[INFO] Server: metro cam | Domain: cam.itserver.biz
[INFO] Features executed:
    Add Account Voucher
    Gatepass
    Purchase Invoice
    Production Order FSTUser
==================================================
[PASS] Page Load (13.80s)  Above 7-Day Avg

Times (Last 4 Days): 13.8, 4.1, 3.3, 3.5
4-Day Avg: 6.2
Today: 13.8  Above 4-Day Avg
[PASS] Login (34.00s)  Above 7-Day Avg

Times (Last 4 Days): 34.0, 21.2, 21.0, 26.1
4-Day Avg: 25.6
Today: 34.0  Above 4-Day Avg

[INFO] Feature: Add Account Voucher
[PASS] Feature: Add Account Voucher (17.50s)  Above 7-Day Avg

Times (Last 4 Days): 17.5, 9.4, 9.4, 10.9
4-Day Avg: 11.8
Today: 17.5  Above 4-Day Avg
[PASS] Scenario: Visit Account Voucher Page and click on Edit btn (17.50s)
[INFO] Feature: Gatepass
[PASS] Feature: Gatepass (117.40s)  Above 7-Day Avg

Times (Last 4 Days): 117.4, 49.6, 48.6, 52.7
4-Day Avg: 67.1
Today: 117.4  Above 4-Day Avg
[PASS] Scenario: Visit Gate pass Page and click on Edit btn (117.40s)
[INFO] Feature: Purchase Invoice
[PASS] Feature: Purchase Invoice (63.20s)  Above 7-Day Avg

Times (Last 4 Days): 63.2, 54.7, 57.0, 58.9
4-Day Avg: 58.5
Today: 63.2  Above 4-Day Avg
[PASS] Scenario: Visit Purchase invoice Page and click on Edit btn (63.20s)
[INFO] Feature: Production Order FSTUser
[PASS] Feature: Production Order FSTUser (14.50s)

Times (Last 4 Days): 14.5, 15.1, 15.8, 16.9
4-Day Avg: 15.6
Today: 14.5
[PASS] Scenario: Visit Production order page and click on Edit btn (14.50s)

[INFO] Server: bmkenya | Domain: bmkenya.itserver.biz
[INFO] Features executed:
    Add Account Voucher
    Sales Order
==================================================
[PASS] Page Load (10.00s)

Times (Last 4 Days): 10.0, 3.0, 11.4, 16.4
4-Day Avg: 10.2
Today: 10.0
[PASS] Login (23.70s)  Above 7-Day Avg

Times (Last 4 Days): 23.7, 21.6, 20.9, 20.5
4-Day Avg: 21.7
Today: 23.7  Above 4-Day Avg

[INFO] Feature: Add Account Voucher
[PASS] Feature: Add Account Voucher (12.60s)  Above 7-Day Avg

Times (Last 4 Days): 12.6, 13.2, 12.7, 3.0
4-Day Avg: 10.4
Today: 12.6  Above 4-Day Avg
[PASS] Scenario: Visit Account Voucher Page and click on Edit btn (12.60s)
[INFO] Feature: Sales Order
[PASS] Feature: Sales Order (5.50s)  Above 7-Day Avg

Times (Last 4 Days): 5.5, 3.5, 4.6, 4.8
4-Day Avg: 4.6
Today: 5.5  Above 4-Day Avg
[PASS] Scenario: Visit Sales order page (5.40s)

[INFO] Server: s15 | Domain: crm.cartzlink.com
[INFO] Features executed:
    Dash board
==================================================
[PASS] Page Load (4.10s)  Above 7-Day Avg

Times (Last 4 Days): 4.1, 2.1, 1.3, 1.6
4-Day Avg: 2.3
Today: 4.1  Above 4-Day Avg
[PASS] Login (18.00s)

Times (Last 4 Days): 18.0, 20.8, 19.4, 20.1
4-Day Avg: 19.6
Today: 18.0

[INFO] Feature: Dash board
[PASS] Feature: Dash board (0.00s)

Times (Last 4 Days): 0.0, 0.0, 0.0, 0.0
4-Day Avg: 0.0
Today: 0.0
[PASS] Scenario: Visit Dash board page (0.00s)

[INFO] Server: TP | Domain: crm.tabrospharma.com
[INFO] Features executed:
    Add Account Voucher
    Sales Order
==================================================
[PASS] Page Load (5.50s)  Above 7-Day Avg

Times (Last 4 Days): 5.5, 1.9, 1.6, 3.3
4-Day Avg: 3.1
Today: 5.5  Above 4-Day Avg
[PASS] Login (26.10s)

Times (Last 4 Days): 26.1, 27.5, 27.4, 28.8
4-Day Avg: 27.4
Today: 26.1

[INFO] Feature: Add Account Voucher
[PASS] Feature: Add Account Voucher (6.90s)

Times (Last 4 Days): 6.9, 9.3, 9.0, 10.9
4-Day Avg: 9.0
Today: 6.9
[PASS] Scenario: Visit Account Voucher Page and click on Edit btn (6.90s)
[INFO] Feature: Sales Order
[PASS] Feature: Sales Order (7.00s)

Times (Last 4 Days): 7.0, 9.8, 10.0, 11.5
4-Day Avg: 9.6
Today: 7.0
[PASS] Scenario: Visit Sales Order Page and click on Edit btn (7.00s)
[PASS] Test summary email sent successfully.
Finished at Mon 09/29/2025 17:56:56.60 
========================================= 
