========================================= 
Behave Run Started at Thu 09/25/2025 11:03:12.02 
========================================= 

============================================================
STARTING DOMAIN: mt2.itserver.biz (Server: metro crm)
============================================================
[INFO] Running 2 feature files for domain 'mt2.itserver.biz':
    C:\tests\features\mt2.itserver.biz\AccV.feature
    C:\tests\features\mt2.itserver.biz\SO.feature
[INFO] Domain = mt2.itserver.biz
[INFO] Starting browser and logging in for domain: mt2.itserver.biz
[INFO] Creating fresh browser instance for domain: mt2.itserver.biz
[INFO] Attempt 1/5: Creating Chrome driver...
[INFO] Applying performance optimizations for problematic domain: mt2.itserver.biz
[PASS] Chrome driver created successfully on attempt 1
[INFO] Attempt 1/5: Opening https://mt2.itserver.biz/admin/?r=user/user/login&_lang=en
[PASS] Page loaded successfully on attempt 1
[PASS] Opened URL: https://mt2.itserver.biz/admin/?r=user/user/login&_lang=en
[INFO] Testing refresh function for dashboard elements...
[PASS] Login successful - dashboard loaded with refresh function
[PASS] Login successful - dashboard loaded with fallback method
[INFO] Login completed. Page Load: 2.3s, Login: 26.2s
[INFO] Login successful for domain: mt2.itserver.biz
Feature: Add Account Voucher # ../../tests/features/mt2.itserver.biz/AccV.feature:4

  @critical
  Scenario: Visit Account Voucher Page and click on Edit btn  # ../../tests/features/mt2.itserver.biz/AccV.feature:7
    Given we visit "accounts2"                                # ../../tests/features/steps/form_actions.py:36
      ASSERT FAILED: Page at 'accounts2' returned error: ERROR 404

    When we edit the top row                                  # None
----
CAPTURED STDOUT: scenario
Page at 'accounts2' returned error: ERROR 404

[Screenshot Saved] C:\Windows\system32\screenshots\we visit "accounts2"_20250925_110346.png
---- CAPTURED_SCENARIO_OUTPUT_END ----

Feature: Sales invoice MT # ../../tests/features/mt2.itserver.biz/SO.feature:4

  @critical
  Scenario: Visit Sales invoice page        # ../../tests/features/mt2.itserver.biz/SO.feature:7
    Given we visit "orders/salesInvoice_MT" # ../../tests/features/steps/form_actions.py:36
    When we clear the from date and search  # ../../tests/features/steps/form_actions.py:82


[INFO] Server: metro crm | Domain: mt2.itserver.biz
==================================================
[FAIL] Add Account Voucher
[PASS] Sales invoice MT

============================================================
COMPLETED DOMAIN: mt2.itserver.biz
============================================================

============================================================
STARTING DOMAIN: fst.itserver.biz (Server: FST)
============================================================
[INFO] Running 1 feature files for domain 'fst.itserver.biz':
    C:\tests\features\fst.itserver.biz\SO.feature
[INFO] Domain = fst.itserver.biz
[INFO] Starting browser and logging in for domain: fst.itserver.biz
[INFO] Creating fresh browser instance for domain: fst.itserver.biz
[INFO] Attempt 1/3: Creating Chrome driver...
[PASS] Chrome driver created successfully on attempt 1
[INFO] Attempt 1/3: Opening https://fst.itserver.biz/admin/?r=user/user/login&_lang=en
[PASS] Page loaded successfully on attempt 1
[PASS] Opened URL: https://fst.itserver.biz/admin/?r=user/user/login&_lang=en
[INFO] Testing refresh function for dashboard elements...
[PASS] Login successful - dashboard loaded with refresh function
[PASS] Login successful - dashboard loaded with fallback method
[INFO] Login completed. Page Load: 31.6s, Login: 20.4s
[INFO] Login successful for domain: fst.itserver.biz
Feature: Sales Order # ../../tests/features/fst.itserver.biz/SO.feature:4

  @critical
  Scenario: Visit Sales order page and click on Edit btn  # ../../tests/features/fst.itserver.biz/SO.feature:7
    Given we visit "orders/salesOrder"                    # ../../tests/features/steps/form_actions.py:36
    When we clear the from date and search                # ../../tests/features/steps/form_actions.py:82


[INFO] Server: FST | Domain: fst.itserver.biz
==================================================
[PASS] Sales Order

============================================================
COMPLETED DOMAIN: fst.itserver.biz
============================================================

==================================================
[SUMMARY] FINAL TEST SUMMARY
==================================================

================================================================================
[CRITICAL] FAILURES AND PERFORMANCE ISSUES SUMMARY
================================================================================

FAILURES (1 total):
--------------------------------------------------
[FAIL] Scenario FAILED | metro crm | mt2.itserver.biz
   Feature: Add Account Voucher
   Scenario: Visit Account Voucher Page and click on Edit btn
   Details: Scenario failed in 3.70s


SLOW TESTS (2 total):
--------------------------------------------------
[SLOW] Login SLOW | metro crm | mt2.itserver.biz
   Time: 26.20s | Above 7-day average (26.0s)
[SLOW] Page Load SLOW | FST | fst.itserver.biz
   Time: 31.60s | Above 7-day average (20.9s)
================================================================================

[DEBUG] Getting 7-day data for domain: mt2.itserver.biz
[DEBUG] Page load data: {'current': 2.3, 'average': 5.65, 'values': [2.3, 9.0], 'is_high': False}
[DEBUG] Formatted summary: 
Times (Last 2 Days): 2.3, 9.0
2-Day Avg: 5.7
Today: 2.3
[DEBUG] Getting 7-day login data for domain: mt2.itserver.biz
[DEBUG] Login data: {'current': 26.2, 'average': 26.049999999999997, 'values': [26.2, 25.9], 'is_high': True}
[DEBUG] Formatted login summary: 
Times (Last 2 Days): 26.2, 25.9
2-Day Avg: 26.0
Today: 26.2  Above 2-Day Avg
[DEBUG] Getting 7-day data for domain: fst.itserver.biz
[DEBUG] Page load data: {'current': 31.6, 'average': 20.85, 'values': [31.6, 10.1], 'is_high': True}
[DEBUG] Formatted summary: 
Times (Last 2 Days): 31.6, 10.1
2-Day Avg: 20.9
Today: 31.6  Above 2-Day Avg
[DEBUG] Getting 7-day login data for domain: fst.itserver.biz
[DEBUG] Login data: {'current': 20.4, 'average': 20.6, 'values': [20.4, 20.8], 'is_high': False}
[DEBUG] Formatted login summary: 
Times (Last 2 Days): 20.4, 20.8
2-Day Avg: 20.6
Today: 20.4

[INFO] Server: metro crm | Domain: mt2.itserver.biz
[INFO] Features executed:
    Add Account Voucher
    Sales invoice MT
==================================================
[PASS] Page Load (2.30s)

Times (Last 2 Days): 2.3, 9.0
2-Day Avg: 5.7
Today: 2.3
[PASS] Login (26.20s)  Above 7-Day Avg

Times (Last 2 Days): 26.2, 25.9
2-Day Avg: 26.0
Today: 26.2  Above 2-Day Avg

[INFO] Feature: Add Account Voucher
[PASS] Feature: Add Account Voucher (3.70s)

Times (Last 2 Days): 3.7, 35.6
2-Day Avg: 19.7
Today: 3.7
[FAIL] Scenario: Visit Account Voucher Page and click on Edit btn (3.70s)
[INFO] Feature: Sales invoice MT
[PASS] Feature: Sales invoice MT (107.70s)

Times (Last 2 Days): 107.7, 110.1
2-Day Avg: 108.9
Today: 107.7
[PASS] Scenario: Visit Sales invoice page (107.70s)

[INFO] Server: FST | Domain: fst.itserver.biz
[INFO] Features executed:
    Sales Order
==================================================
[PASS] Page Load (31.60s)  Above 7-Day Avg

Times (Last 2 Days): 31.6, 10.1
2-Day Avg: 20.9
Today: 31.6  Above 2-Day Avg
[PASS] Login (20.40s)

Times (Last 2 Days): 20.4, 20.8
2-Day Avg: 20.6
Today: 20.4

[INFO] Feature: Sales Order
[PASS] Feature: Sales Order (54.50s)

Times (Last 2 Days): 54.5, 74.7
2-Day Avg: 64.6
Today: 54.5
[PASS] Scenario: Visit Sales order page and click on Edit btn (54.50s)
[PASS] Test summary email sent successfully.
Finished at Thu 09/25/2025 11:07:35.36 
========================================= 
