========================================= 
Behave Run Started at Sun 01/25/2026 11:00:01.32 
========================================= 
[INFO] Cleaned up 1 old/excess timing history entries. Remaining: 2 entries.

============================================================
STARTING DOMAIN: mt.itserver.biz (Server: metro crm)
============================================================
[INFO] Running 1 feature files for domain 'mt.itserver.biz':
    E:\shayan\tests\features\mt.itserver.biz\SO.feature
[INFO] Domain = mt.itserver.biz
[INFO] Starting browser and logging in for domain: mt.itserver.biz
[INFO] Creating fresh browser instance for domain: mt.itserver.biz
[INFO] Attempt 1/5: Creating Chrome driver...
[INFO] Applying performance optimizations for problematic domain: mt.itserver.biz
[PASS] Chrome driver created successfully on attempt 1
[INFO] Attempt 1/5: Opening https://mt.itserver.biz/admin/?r=user/user/login&_lang=en
[PASS] Page loaded successfully on attempt 1
[PASS] Opened URL: https://mt.itserver.biz/admin/?r=user/user/login&_lang=en
[INFO] Testing refresh function for dashboard elements...
[PASS] Login successful - dashboard loaded with refresh function
[PASS] Login successful - dashboard loaded with fallback method
[INFO] Login completed. Page Load: 2.5s, Login: 24.5s
[INFO] Login successful for domain: mt.itserver.biz
[INFO] Starting feature: Sales Order
Feature: Sales Order # features/mt.itserver.biz/SO.feature:4

  @critical
  Scenario: Visit Sales order page and click on edit btn  # features/mt.itserver.biz/SO.feature:7
    Given we visit "orders/SO2"                           # features/steps/form_actions.py:36
    When we edit the top row                              # features/steps/cartzlink_form.py:155
[INFO] Completed feature: Sales Order
DEBUG: context.domain = mt.itserver.biz
DEBUG: timing_summary = {'mt.itserver.biz': {'Server': 'metro crm', 'Page Load': 2.5, 'Login': 24.5, 'Features': {'Sales Order': {'Feature': None, 'Scenario Timings': [{'name': 'Visit Sales order page and click on edit btn', 'duration': 8.6, 'status': 'passed', 'failed_steps': []}], 'Failed Steps': []}}}}
PASS Feature: Sales Order (8.6s)
[DEBUG] Writing timing summary for mt.itserver.biz to E:\shayan\tests\timing_results\mt.itserver.biz_timing.json

[INFO] Closing browser for domain: mt.itserver.biz
[INFO] Browser closed successfully for domain: mt.itserver.biz
[INFO] Browser instance cleared for domain: mt.itserver.biz
[SUMMARY] Timing for mt.itserver.biz:
{
  "page_load": {
    "current": 2.5,
    "average": 2.5,
    "values": [
      2.5,
      2.7,
      2.3
    ],
    "is_high": false
  },
  "login": {
    "current": 24.5,
    "average": 24.266666666666666,
    "values": [
      24.5,
      24.1,
      24.2
    ],
    "is_high": true
  },
  "features": {
    "Sales Order": {
      "current": 8.6,
      "average": 8.6,
      "values": [
        8.6,
        8.5,
        8.7
      ],
      "is_high": false
    }
  },
  "scenario": {
    "current": 8.6,
    "average": 8.6,
    "values": [
      8.6,
      8.5,
      8.7
    ],
    "is_high": false
  }
}

[INFO] Server: metro crm | Domain: mt.itserver.biz
==================================================
[PASS] Sales Order

============================================================
COMPLETED DOMAIN: mt.itserver.biz
============================================================

============================================================
STARTING DOMAIN: gta.cartzlink.com (Server: s13)
============================================================
[INFO] Running 2 feature files for domain 'gta.cartzlink.com':
    E:\shayan\tests\features\gta.cartzlink.com\AccV.feature
    E:\shayan\tests\features\gta.cartzlink.com\SI.feature
[INFO] Domain = gta.cartzlink.com
[INFO] Starting browser and logging in for domain: gta.cartzlink.com
[INFO] Creating fresh browser instance for domain: gta.cartzlink.com
[INFO] Attempt 1/3: Creating Chrome driver...
[PASS] Chrome driver created successfully on attempt 1
[INFO] Attempt 1/3: Opening https://gta.cartzlink.com/admin/?r=user/user/login&_lang=en
[PASS] Page loaded successfully on attempt 1
[PASS] Opened URL: https://gta.cartzlink.com/admin/?r=user/user/login&_lang=en
[INFO] Testing refresh function for dashboard elements...
[PASS] Login successful - dashboard loaded with refresh function
[PASS] Login successful - dashboard loaded with fallback method
[INFO] Login completed. Page Load: 3.1s, Login: 21.3s
[INFO] Login successful for domain: gta.cartzlink.com
[INFO] Starting feature: Add Account Voucher
Feature: Add Account Voucher # features/gta.cartzlink.com/AccV.feature:4

  @critical
  Scenario: Visit Account Voucher Page and click on Edit btn  # features/gta.cartzlink.com/AccV.feature:7
    Given we visit "accounts2"                                # features/steps/form_actions.py:36
    When we edit the top row                                  # features/steps/cartzlink_form.py:155
[INFO] Completed feature: Add Account Voucher
DEBUG: context.domain = gta.cartzlink.com
DEBUG: timing_summary = {'gta.cartzlink.com': {'Server': 's13', 'Page Load': 3.1, 'Login': 21.3, 'Features': {'Add Account Voucher': {'Feature': None, 'Scenario Timings': [{'name': 'Visit Account Voucher Page and click on Edit btn', 'duration': 16.8, 'status': 'passed', 'failed_steps': []}], 'Failed Steps': []}}}}
PASS Feature: Add Account Voucher (16.8s)
[DEBUG] Writing timing summary for gta.cartzlink.com to E:\shayan\tests\timing_results\gta.cartzlink.com_timing.json

[INFO] Starting feature: Sales Invoice
Feature: Sales Invoice # features/gta.cartzlink.com/SI.feature:1

  @critical
  Scenario: Sales Invoice page           # features/gta.cartzlink.com/SI.feature:4
    Given we visit "orders/salesInvoice" # features/steps/form_actions.py:36
    When we edit the top row             # features/steps/cartzlink_form.py:155
[INFO] Completed feature: Sales Invoice
DEBUG: context.domain = gta.cartzlink.com
DEBUG: timing_summary = {'gta.cartzlink.com': {'Server': 's13', 'Page Load': 3.1, 'Login': 21.3, 'Features': {'Add Account Voucher': {'Feature': 16.8, 'Scenario Timings': [{'name': 'Visit Account Voucher Page and click on Edit btn', 'duration': 16.8, 'status': 'passed', 'failed_steps': []}], 'Failed Steps': []}, 'Sales Invoice': {'Feature': None, 'Scenario Timings': [{'name': 'Sales Invoice page', 'duration': 28.8, 'status': 'passed', 'failed_steps': []}], 'Failed Steps': []}}}}
PASS Feature: Sales Invoice (28.8s)
[DEBUG] Writing timing summary for gta.cartzlink.com to E:\shayan\tests\timing_results\gta.cartzlink.com_timing.json

[INFO] Closing browser for domain: gta.cartzlink.com
[INFO] Browser closed successfully for domain: gta.cartzlink.com
[INFO] Browser instance cleared for domain: gta.cartzlink.com
[SUMMARY] Timing for gta.cartzlink.com:
{
  "page_load": {
    "current": 3.1,
    "average": 3.266666666666667,
    "values": [
      3.1,
      3.6,
      3.1
    ],
    "is_high": false
  },
  "login": {
    "current": 21.3,
    "average": 21.2,
    "values": [
      21.3,
      20.6,
      21.7
    ],
    "is_high": true
  },
  "features": {
    "Add Account Voucher": {
      "current": 16.8,
      "average": 14.700000000000001,
      "values": [
        16.8,
        14.3,
        13.0
      ],
      "is_high": true
    },
    "Sales Invoice": {
      "current": 28.8,
      "average": 22.566666666666666,
      "values": [
        28.8,
        17.1,
        21.8
      ],
      "is_high": true
    }
  },
  "scenario": {
    "current": 22.8,
    "average": 18.633333333333333,
    "values": [
      22.8,
      15.700000000000001,
      17.4
    ],
    "is_high": true
  }
}

[INFO] Server: s13 | Domain: gta.cartzlink.com
==================================================
[PASS] Add Account Voucher
[PASS] Sales Invoice

============================================================
COMPLETED DOMAIN: gta.cartzlink.com
============================================================

============================================================
STARTING DOMAIN: fst.itserver.biz (Server: FST)
============================================================
[INFO] Running 1 feature files for domain 'fst.itserver.biz':
    E:\shayan\tests\features\fst.itserver.biz\SO.feature
[INFO] Domain = fst.itserver.biz
[INFO] Starting browser and logging in for domain: fst.itserver.biz
[INFO] Creating fresh browser instance for domain: fst.itserver.biz
[INFO] Attempt 1/3: Creating Chrome driver...
[PASS] Chrome driver created successfully on attempt 1
[INFO] Attempt 1/3: Opening https://fst.itserver.biz/admin/?r=user/user/login&_lang=en
[PASS] Page loaded successfully on attempt 1
[PASS] Opened URL: https://fst.itserver.biz/admin/?r=user/user/login&_lang=en
[INFO] Testing refresh function for dashboard elements...
[PASS] Login successful - dashboard loaded with refresh function
[PASS] Login successful - dashboard loaded with fallback method
[INFO] Login completed. Page Load: 3.8s, Login: 19.7s
[INFO] Login successful for domain: fst.itserver.biz
[INFO] Starting feature: Sales Order
Feature: Sales Order # features/fst.itserver.biz/SO.feature:4

  @critical
  Scenario: Visit Sales order page and click on Edit btn  # features/fst.itserver.biz/SO.feature:7
    Given we visit "orders/salesOrder"                    # features/steps/form_actions.py:36
    When we clear the from date and search                # features/steps/form_actions.py:82
[INFO] Completed feature: Sales Order
DEBUG: context.domain = fst.itserver.biz
DEBUG: timing_summary = {'fst.itserver.biz': {'Server': 'FST', 'Page Load': 3.8, 'Login': 19.7, 'Features': {'Sales Order': {'Feature': None, 'Scenario Timings': [{'name': 'Visit Sales order page and click on Edit btn', 'duration': 10.7, 'status': 'passed', 'failed_steps': []}], 'Failed Steps': []}}}}
PASS Feature: Sales Order (10.7s)
[DEBUG] Writing timing summary for fst.itserver.biz to E:\shayan\tests\timing_results\fst.itserver.biz_timing.json

[INFO] Closing browser for domain: fst.itserver.biz
[INFO] Browser closed successfully for domain: fst.itserver.biz
[INFO] Browser instance cleared for domain: fst.itserver.biz
[SUMMARY] Timing for fst.itserver.biz:
{
  "page_load": {
    "current": 3.8,
    "average": 3.766666666666667,
    "values": [
      3.8,
      3.9,
      3.6
    ],
    "is_high": true
  },
  "login": {
    "current": 19.7,
    "average": 19.900000000000002,
    "values": [
      19.7,
      20.1,
      19.9
    ],
    "is_high": false
  },
  "features": {
    "Sales Order": {
      "current": 10.7,
      "average": 12.566666666666668,
      "values": [
        10.7,
        15.3,
        11.7
      ],
      "is_high": false
    }
  },
  "scenario": {
    "current": 10.7,
    "average": 12.566666666666668,
    "values": [
      10.7,
      15.3,
      11.7
    ],
    "is_high": false
  }
}

[INFO] Server: FST | Domain: fst.itserver.biz
==================================================
[PASS] Sales Order

============================================================
COMPLETED DOMAIN: fst.itserver.biz
============================================================

============================================================
STARTING DOMAIN: cam.itserver.biz (Server: metro cam)
============================================================
[INFO] Running 4 feature files for domain 'cam.itserver.biz':
    E:\shayan\tests\features\cam.itserver.biz\AccV.feature
    E:\shayan\tests\features\cam.itserver.biz\GP.feature
    E:\shayan\tests\features\cam.itserver.biz\PI.feature
    E:\shayan\tests\features\cam.itserver.biz\SO.feature
[INFO] Domain = cam.itserver.biz
[INFO] Starting browser and logging in for domain: cam.itserver.biz
[INFO] Creating fresh browser instance for domain: cam.itserver.biz
[INFO] Attempt 1/3: Creating Chrome driver...
[PASS] Chrome driver created successfully on attempt 1
[INFO] Attempt 1/3: Opening https://cam.itserver.biz/admin/?r=user/user/login&_lang=en
[PASS] Page loaded successfully on attempt 1
[PASS] Opened URL: https://cam.itserver.biz/admin/?r=user/user/login&_lang=en
[INFO] Testing refresh function for dashboard elements...
[PASS] Login successful - dashboard loaded with refresh function
[PASS] Login successful - dashboard loaded with fallback method
[INFO] Login completed. Page Load: 3.6s, Login: 19.4s
[INFO] Login successful for domain: cam.itserver.biz
[INFO] Starting feature: Add Account Voucher
Feature: Add Account Voucher # features/cam.itserver.biz/AccV.feature:4

  @critical
  Scenario: Visit Account Voucher Page and click on Edit btn  # features/cam.itserver.biz/AccV.feature:7
    Given we visit "accounts2"                                # features/steps/form_actions.py:36
    When we edit the top row                                  # features/steps/cartzlink_form.py:155
[INFO] Completed feature: Add Account Voucher
DEBUG: context.domain = cam.itserver.biz
DEBUG: timing_summary = {'cam.itserver.biz': {'Server': 'metro cam', 'Page Load': 3.6, 'Login': 19.4, 'Features': {'Add Account Voucher': {'Feature': None, 'Scenario Timings': [{'name': 'Visit Account Voucher Page and click on Edit btn', 'duration': 7.5, 'status': 'passed', 'failed_steps': []}], 'Failed Steps': []}}}}
PASS Feature: Add Account Voucher (7.5s)
[DEBUG] Writing timing summary for cam.itserver.biz to E:\shayan\tests\timing_results\cam.itserver.biz_timing.json

[INFO] Starting feature: Gatepass
Feature: Gatepass # features/cam.itserver.biz/GP.feature:1

  @critical
  Scenario: Visit Gate pass Page and click on Edit btn  # features/cam.itserver.biz/GP.feature:4
    Given we visit "orders/deliveryChallanCAM"          # features/steps/form_actions.py:36
    When we edit the top row                            # features/steps/cartzlink_form.py:155
[INFO] Completed feature: Gatepass
DEBUG: context.domain = cam.itserver.biz
DEBUG: timing_summary = {'cam.itserver.biz': {'Server': 'metro cam', 'Page Load': 3.6, 'Login': 19.4, 'Features': {'Add Account Voucher': {'Feature': 7.5, 'Scenario Timings': [{'name': 'Visit Account Voucher Page and click on Edit btn', 'duration': 7.5, 'status': 'passed', 'failed_steps': []}], 'Failed Steps': []}, 'Gatepass': {'Feature': None, 'Scenario Timings': [{'name': 'Visit Gate pass Page and click on Edit btn', 'duration': 11.5, 'status': 'passed', 'failed_steps': []}], 'Failed Steps': []}}}}
PASS Feature: Gatepass (11.5s)
[DEBUG] Writing timing summary for cam.itserver.biz to E:\shayan\tests\timing_results\cam.itserver.biz_timing.json

[INFO] Starting feature: Purchase Invoice
Feature: Purchase Invoice # features/cam.itserver.biz/PI.feature:3

  @critical
  Scenario: Visit Purchase invoice Page and click on Edit btn  # features/cam.itserver.biz/PI.feature:6
    Given we visit "orders/purchaseInvoice"                    # features/steps/form_actions.py:36
    When we edit the top row                                   # features/steps/cartzlink_form.py:155
[INFO] Completed feature: Purchase Invoice
DEBUG: context.domain = cam.itserver.biz
DEBUG: timing_summary = {'cam.itserver.biz': {'Server': 'metro cam', 'Page Load': 3.6, 'Login': 19.4, 'Features': {'Add Account Voucher': {'Feature': 7.5, 'Scenario Timings': [{'name': 'Visit Account Voucher Page and click on Edit btn', 'duration': 7.5, 'status': 'passed', 'failed_steps': []}], 'Failed Steps': []}, 'Gatepass': {'Feature': 11.5, 'Scenario Timings': [{'name': 'Visit Gate pass Page and click on Edit btn', 'duration': 11.5, 'status': 'passed', 'failed_steps': []}], 'Failed Steps': []}, 'Purchase Invoice': {'Feature': None, 'Scenario Timings': [{'name': 'Visit Purchase invoice Page and click on Edit btn', 'duration': 12.3, 'status': 'passed', 'failed_steps': []}], 'Failed Steps': []}}}}
PASS Feature: Purchase Invoice (12.3s)
[DEBUG] Writing timing summary for cam.itserver.biz to E:\shayan\tests\timing_results\cam.itserver.biz_timing.json

[INFO] Starting feature: Production Order FSTUser
Feature: Production Order FSTUser # features/cam.itserver.biz/SO.feature:4

  @critical
  Scenario: Visit Production order page and click on Edit btn  # features/cam.itserver.biz/SO.feature:7
    Given we visit "orders/SalesOrderFSTUser"                  # features/steps/form_actions.py:36
    When we edit the top row                                   # features/steps/cartzlink_form.py:155
[INFO] Completed feature: Production Order FSTUser
DEBUG: context.domain = cam.itserver.biz
DEBUG: timing_summary = {'cam.itserver.biz': {'Server': 'metro cam', 'Page Load': 3.6, 'Login': 19.4, 'Features': {'Add Account Voucher': {'Feature': 7.5, 'Scenario Timings': [{'name': 'Visit Account Voucher Page and click on Edit btn', 'duration': 7.5, 'status': 'passed', 'failed_steps': []}], 'Failed Steps': []}, 'Gatepass': {'Feature': 11.5, 'Scenario Timings': [{'name': 'Visit Gate pass Page and click on Edit btn', 'duration': 11.5, 'status': 'passed', 'failed_steps': []}], 'Failed Steps': []}, 'Purchase Invoice': {'Feature': 12.3, 'Scenario Timings': [{'name': 'Visit Purchase invoice Page and click on Edit btn', 'duration': 12.3, 'status': 'passed', 'failed_steps': []}], 'Failed Steps': []}, 'Production Order FSTUser': {'Feature': None, 'Scenario Timings': [{'name': 'Visit Production order page and click on Edit btn', 'duration': 7.8, 'status': 'passed', 'failed_steps': []}], 'Failed Steps': []}}}}
PASS Feature: Production Order FSTUser (7.8s)
[DEBUG] Writing timing summary for cam.itserver.biz to E:\shayan\tests\timing_results\cam.itserver.biz_timing.json

[INFO] Closing browser for domain: cam.itserver.biz
[INFO] Browser closed successfully for domain: cam.itserver.biz
[INFO] Browser instance cleared for domain: cam.itserver.biz
[SUMMARY] Timing for cam.itserver.biz:
{
  "page_load": {
    "current": 3.6,
    "average": 3.8000000000000003,
    "values": [
      3.6,
      3.7,
      4.1
    ],
    "is_high": false
  },
  "login": {
    "current": 19.4,
    "average": 19.466666666666665,
    "values": [
      19.4,
      19.3,
      19.7
    ],
    "is_high": false
  },
  "features": {
    "Add Account Voucher": {
      "current": 7.5,
      "average": 8.533333333333333,
      "values": [
        7.5,
        9.3,
        8.8
      ],
      "is_high": false
    },
    "Gatepass": {
      "current": 11.5,
      "average": 11.733333333333334,
      "values": [
        11.5,
        11.7,
        12.0
      ],
      "is_high": false
    },
    "Purchase Invoice": {
      "current": 12.3,
      "average": 12.700000000000001,
      "values": [
        12.3,
        12.8,
        13.0
      ],
      "is_high": false
    },
    "Production Order FSTUser": {
      "current": 7.8,
      "average": 7.766666666666667,
      "values": [
        7.8,
        7.7,
        7.8
      ],
      "is_high": true
    }
  },
  "scenario": {
    "current": 9.775,
    "average": 10.174999999999999,
    "values": [
      9.775,
      10.35,
      10.4
    ],
    "is_high": false
  }
}

[INFO] Server: metro cam | Domain: cam.itserver.biz
==================================================
[PASS] Add Account Voucher
[PASS] Gatepass
[PASS] Purchase Invoice
[PASS] Production Order FSTUser

============================================================
COMPLETED DOMAIN: cam.itserver.biz
============================================================

============================================================
STARTING DOMAIN: bmkenya.itserver.biz (Server: bmkenya)
============================================================
[INFO] Running 2 feature files for domain 'bmkenya.itserver.biz':
    E:\shayan\tests\features\bmkenya.itserver.biz\AccV.feature
    E:\shayan\tests\features\bmkenya.itserver.biz\SO.feature
[INFO] Domain = bmkenya.itserver.biz
[INFO] Starting browser and logging in for domain: bmkenya.itserver.biz
[INFO] Creating fresh browser instance for domain: bmkenya.itserver.biz
[INFO] Attempt 1/3: Creating Chrome driver...
[PASS] Chrome driver created successfully on attempt 1
[INFO] Attempt 1/3: Opening https://bmkenya.itserver.biz/admin/?r=user/user/login&_lang=en
[PASS] Page loaded successfully on attempt 1
[PASS] Opened URL: https://bmkenya.itserver.biz/admin/?r=user/user/login&_lang=en
[INFO] Testing refresh function for dashboard elements...
[PASS] Login successful - dashboard loaded with refresh function
[PASS] Login successful - dashboard loaded with fallback method
[INFO] Login completed. Page Load: 3.9s, Login: 19.9s
[INFO] Login successful for domain: bmkenya.itserver.biz
[INFO] Starting feature: Add Account Voucher
Feature: Add Account Voucher # features/bmkenya.itserver.biz/AccV.feature:4

  @critical
  Scenario: Visit Account Voucher Page and click on Edit btn  # features/bmkenya.itserver.biz/AccV.feature:7
    Given we visit "accounts2"                                # features/steps/form_actions.py:36
    When we edit the top row                                  # features/steps/cartzlink_form.py:155
[INFO] Completed feature: Add Account Voucher
DEBUG: context.domain = bmkenya.itserver.biz
DEBUG: timing_summary = {'bmkenya.itserver.biz': {'Server': 'bmkenya', 'Page Load': 3.9, 'Login': 19.9, 'Features': {'Add Account Voucher': {'Feature': None, 'Scenario Timings': [{'name': 'Visit Account Voucher Page and click on Edit btn', 'duration': 9.5, 'status': 'passed', 'failed_steps': []}], 'Failed Steps': []}}}}
PASS Feature: Add Account Voucher (9.5s)
[DEBUG] Writing timing summary for bmkenya.itserver.biz to E:\shayan\tests\timing_results\bmkenya.itserver.biz_timing.json

[INFO] Starting feature: Sales Order
Feature: Sales Order # features/bmkenya.itserver.biz/SO.feature:4

  @critical
  Scenario: Visit Sales order page     # features/bmkenya.itserver.biz/SO.feature:7
    Given we visit "orders/salesOrder" # features/steps/form_actions.py:36
[INFO] Completed feature: Sales Order
DEBUG: context.domain = bmkenya.itserver.biz
DEBUG: timing_summary = {'bmkenya.itserver.biz': {'Server': 'bmkenya', 'Page Load': 3.9, 'Login': 19.9, 'Features': {'Add Account Voucher': {'Feature': 9.5, 'Scenario Timings': [{'name': 'Visit Account Voucher Page and click on Edit btn', 'duration': 9.5, 'status': 'passed', 'failed_steps': []}], 'Failed Steps': []}, 'Sales Order': {'Feature': None, 'Scenario Timings': [{'name': 'Visit Sales order page', 'duration': 1.2, 'status': 'passed', 'failed_steps': []}], 'Failed Steps': []}}}}
PASS Feature: Sales Order (1.2s)
[DEBUG] Writing timing summary for bmkenya.itserver.biz to E:\shayan\tests\timing_results\bmkenya.itserver.biz_timing.json

[INFO] Closing browser for domain: bmkenya.itserver.biz
[INFO] Browser closed successfully for domain: bmkenya.itserver.biz
[INFO] Browser instance cleared for domain: bmkenya.itserver.biz
[SUMMARY] Timing for bmkenya.itserver.biz:
{
  "page_load": {
    "current": 3.9,
    "average": 3.9333333333333336,
    "values": [
      3.9,
      3.9,
      4.0
    ],
    "is_high": false
  },
  "login": {
    "current": 19.9,
    "average": 20.0,
    "values": [
      19.9,
      19.9,
      20.2
    ],
    "is_high": false
  },
  "features": {
    "Add Account Voucher": {
      "current": 9.5,
      "average": 9.666666666666666,
      "values": [
        9.5,
        9.4,
        10.1
      ],
      "is_high": false
    },
    "Sales Order": {
      "current": 1.2,
      "average": 1.1666666666666667,
      "values": [
        1.2,
        1.2,
        1.1
      ],
      "is_high": true
    }
  },
  "scenario": {
    "current": 5.35,
    "average": 5.416666666666667,
    "values": [
      5.35,
      5.3,
      5.6
    ],
    "is_high": false
  }
}

[INFO] Server: bmkenya | Domain: bmkenya.itserver.biz
==================================================
[PASS] Add Account Voucher
[PASS] Sales Order

============================================================
COMPLETED DOMAIN: bmkenya.itserver.biz
============================================================

============================================================
STARTING DOMAIN: crm.cartzlink.com (Server: s15)
============================================================
[INFO] Running 1 feature files for domain 'crm.cartzlink.com':
    E:\shayan\tests\features\crm.cartzlink.com\dashboard.feature
[INFO] Domain = crm.cartzlink.com
[INFO] Starting browser and logging in for domain: crm.cartzlink.com
[INFO] Creating fresh browser instance for domain: crm.cartzlink.com
[INFO] Attempt 1/3: Creating Chrome driver...
[PASS] Chrome driver created successfully on attempt 1
[INFO] Attempt 1/3: Opening https://crm.cartzlink.com/admin/?r=user/user/login&_lang=en
[PASS] Page loaded successfully on attempt 1
[PASS] Opened URL: https://crm.cartzlink.com/admin/?r=user/user/login&_lang=en
[INFO] Testing refresh function for dashboard elements...
[PASS] Login successful - dashboard loaded with refresh function
[PASS] Login successful - dashboard loaded with fallback method
[INFO] Login completed. Page Load: 1.1s, Login: 18.6s
[INFO] Login successful for domain: crm.cartzlink.com
[INFO] Starting feature: Dash board
Feature: Dash board # features/crm.cartzlink.com/dashboard.feature:4
[INFO] Completed feature: Dash board
DEBUG: context.domain = crm.cartzlink.com
DEBUG: timing_summary = {'crm.cartzlink.com': {'Server': 's15', 'Page Load': 1.1, 'Login': 18.6, 'Features': {'Dash board': {'Feature': None, 'Scenario Timings': [{'name': 'Visit Dash board page', 'duration': 0.0, 'status': 'passed', 'failed_steps': []}], 'Failed Steps': []}}}}
PASS Feature: Dash board (0.0s)
[DEBUG] Writing timing summary for crm.cartzlink.com to E:\shayan\tests\timing_results\crm.cartzlink.com_timing.json

  @critical
  Scenario: Visit Dash board page  # features/crm.cartzlink.com/dashboard.feature:7

[INFO] Closing browser for domain: crm.cartzlink.com
[INFO] Browser closed successfully for domain: crm.cartzlink.com
[INFO] Browser instance cleared for domain: crm.cartzlink.com
[SUMMARY] Timing for crm.cartzlink.com:
{
  "page_load": {
    "current": 1.1,
    "average": 0.9,
    "values": [
      1.1,
      0.8,
      0.8
    ],
    "is_high": true
  },
  "login": {
    "current": 18.6,
    "average": 18.6,
    "values": [
      18.6,
      18.1,
      19.1
    ],
    "is_high": false
  },
  "features": {
    "Dash board": {
      "current": 0.0,
      "average": 0.0,
      "values": [
        0.0,
        0.0,
        0.0
      ],
      "is_high": 0.0
    }
  },
  "scenario": {
    "current": 0.0,
    "average": 0.0,
    "values": [
      0.0,
      0.0,
      0.0
    ],
    "is_high": 0.0
  }
}

[INFO] Server: s15 | Domain: crm.cartzlink.com
==================================================
[PASS] Dash board

============================================================
COMPLETED DOMAIN: crm.cartzlink.com
============================================================

============================================================
STARTING DOMAIN: crm.tabrospharma.com (Server: TP)
============================================================
[INFO] Running 2 feature files for domain 'crm.tabrospharma.com':
    E:\shayan\tests\features\crm.tabrospharma.com\AccV.feature
    E:\shayan\tests\features\crm.tabrospharma.com\SO.feature
[INFO] Domain = crm.tabrospharma.com
[INFO] Starting browser and logging in for domain: crm.tabrospharma.com
[INFO] Creating fresh browser instance for domain: crm.tabrospharma.com
[INFO] Attempt 1/3: Creating Chrome driver...
[PASS] Chrome driver created successfully on attempt 1
[INFO] Attempt 1/3: Opening https://crm.tabrospharma.com/admin/?r=user/user/login&_lang=en
[PASS] Page loaded successfully on attempt 1
[PASS] Opened URL: https://crm.tabrospharma.com/admin/?r=user/user/login&_lang=en
[INFO] Testing refresh function for dashboard elements...
[PASS] Login successful - dashboard loaded with refresh function
[PASS] Login successful - dashboard loaded with fallback method
[INFO] Login completed. Page Load: 1.5s, Login: 26.2s
[INFO] Login successful for domain: crm.tabrospharma.com
[INFO] Starting feature: Add Account Voucher
Feature: Add Account Voucher # features/crm.tabrospharma.com/AccV.feature:4

  @critical
  Scenario: Visit Account Voucher Page and click on Edit btn  # features/crm.tabrospharma.com/AccV.feature:7
    Given we visit "accounts2"                                # features/steps/form_actions.py:36
    When we edit the top row                                  # features/steps/cartzlink_form.py:155
[INFO] Completed feature: Add Account Voucher
DEBUG: context.domain = crm.tabrospharma.com
DEBUG: timing_summary = {'crm.tabrospharma.com': {'Server': 'TP', 'Page Load': 1.5, 'Login': 26.2, 'Features': {'Add Account Voucher': {'Feature': None, 'Scenario Timings': [{'name': 'Visit Account Voucher Page and click on Edit btn', 'duration': 6.8, 'status': 'passed', 'failed_steps': []}], 'Failed Steps': []}}}}
PASS Feature: Add Account Voucher (6.8s)
[DEBUG] Writing timing summary for crm.tabrospharma.com to E:\shayan\tests\timing_results\crm.tabrospharma.com_timing.json

[INFO] Starting feature: Sales Order
Feature: Sales Order # features/crm.tabrospharma.com/SO.feature:4

  @critical
  Scenario: Visit Sales Order Page and click on Edit btn  # features/crm.tabrospharma.com/SO.feature:7
    Given we visit "orders/salesOrder"                    # features/steps/form_actions.py:36
    When we edit the top row                              # features/steps/cartzlink_form.py:155
[INFO] Completed feature: Sales Order
DEBUG: context.domain = crm.tabrospharma.com
DEBUG: timing_summary = {'crm.tabrospharma.com': {'Server': 'TP', 'Page Load': 1.5, 'Login': 26.2, 'Features': {'Add Account Voucher': {'Feature': 6.8, 'Scenario Timings': [{'name': 'Visit Account Voucher Page and click on Edit btn', 'duration': 6.8, 'status': 'passed', 'failed_steps': []}], 'Failed Steps': []}, 'Sales Order': {'Feature': None, 'Scenario Timings': [{'name': 'Visit Sales Order Page and click on Edit btn', 'duration': 6.8, 'status': 'passed', 'failed_steps': []}], 'Failed Steps': []}}}}
PASS Feature: Sales Order (6.8s)
[DEBUG] Writing timing summary for crm.tabrospharma.com to E:\shayan\tests\timing_results\crm.tabrospharma.com_timing.json

[INFO] Closing browser for domain: crm.tabrospharma.com
[INFO] Browser closed successfully for domain: crm.tabrospharma.com
[INFO] Browser instance cleared for domain: crm.tabrospharma.com
[SUMMARY] Timing for crm.tabrospharma.com:
{
  "page_load": {
    "current": 1.5,
    "average": 1.4666666666666668,
    "values": [
      1.5,
      1.4,
      1.5
    ],
    "is_high": true
  },
  "login": {
    "current": 26.2,
    "average": 26.133333333333336,
    "values": [
      26.2,
      26.2,
      26.0
    ],
    "is_high": true
  },
  "features": {
    "Add Account Voucher": {
      "current": 6.8,
      "average": 6.966666666666666,
      "values": [
        6.8,
        7.1,
        7.0
      ],
      "is_high": false
    },
    "Sales Order": {
      "current": 6.8,
      "average": 6.766666666666667,
      "values": [
        6.8,
        6.7,
        6.8
      ],
      "is_high": true
    }
  },
  "scenario": {
    "current": 6.8,
    "average": 6.866666666666667,
    "values": [
      6.8,
      6.9,
      6.9
    ],
    "is_high": false
  }
}

[INFO] Server: TP | Domain: crm.tabrospharma.com
==================================================
[PASS] Add Account Voucher
[PASS] Sales Order

============================================================
COMPLETED DOMAIN: crm.tabrospharma.com
============================================================

==================================================
[SUMMARY] FINAL TEST SUMMARY
==================================================

================================================================================
[CRITICAL] FAILURES AND PERFORMANCE ISSUES SUMMARY
================================================================================

SLOW TESTS (11 total):
--------------------------------------------------
[SLOW] Login SLOW | metro crm | mt.itserver.biz
   Time: 24.50s | Above 7-day average (24.3s)
[SLOW] Login SLOW | s13 | gta.cartzlink.com
   Time: 21.30s | Above 7-day average (21.2s)
[SLOW] Feature SLOW | s13 | gta.cartzlink.com
   Feature: Add Account Voucher
   Time: 16.80s | Above 7-day average (14.7s)
[SLOW] Feature SLOW | s13 | gta.cartzlink.com
   Feature: Sales Invoice
   Time: 28.80s | Above 7-day average (22.6s)
[SLOW] Page Load SLOW | FST | fst.itserver.biz
   Time: 3.80s | Above 7-day average (3.8s)
[SLOW] Feature SLOW | metro cam | cam.itserver.biz
   Feature: Production Order FSTUser
   Time: 7.80s | Above 7-day average (7.8s)
[SLOW] Feature SLOW | bmkenya | bmkenya.itserver.biz
   Feature: Sales Order
   Time: 1.20s | Above 7-day average (1.2s)
[SLOW] Page Load SLOW | s15 | crm.cartzlink.com
   Time: 1.10s | Above 7-day average (0.9s)
[SLOW] Page Load SLOW | TP | crm.tabrospharma.com
   Time: 1.50s | Above 7-day average (1.5s)
[SLOW] Login SLOW | TP | crm.tabrospharma.com
   Time: 26.20s | Above 7-day average (26.1s)
[SLOW] Feature SLOW | TP | crm.tabrospharma.com
   Feature: Sales Order
   Time: 6.80s | Above 7-day average (6.8s)
================================================================================

[DEBUG] Getting 7-day data for domain: mt.itserver.biz
[DEBUG] Page load data: {'current': 2.5, 'average': 2.5, 'values': [2.5, 2.7, 2.3], 'is_high': False}
[DEBUG] Formatted summary: 
Times (Last 3 Days): 2.5, 2.7, 2.3
3-Day Avg: 2.5
Today: 2.5
[DEBUG] Getting 7-day login data for domain: mt.itserver.biz
[DEBUG] Login data: {'current': 24.5, 'average': 24.266666666666666, 'values': [24.5, 24.1, 24.2], 'is_high': True}
[DEBUG] Formatted login summary: 
Times (Last 3 Days): 24.5, 24.1, 24.2
3-Day Avg: 24.3
Today: 24.5  Above 3-Day Avg
[DEBUG] Getting 7-day data for domain: gta.cartzlink.com
[DEBUG] Page load data: {'current': 3.1, 'average': 3.266666666666667, 'values': [3.1, 3.6, 3.1], 'is_high': False}
[DEBUG] Formatted summary: 
Times (Last 3 Days): 3.1, 3.6, 3.1
3-Day Avg: 3.3
Today: 3.1
[DEBUG] Getting 7-day login data for domain: gta.cartzlink.com
[DEBUG] Login data: {'current': 21.3, 'average': 21.2, 'values': [21.3, 20.6, 21.7], 'is_high': True}
[DEBUG] Formatted login summary: 
Times (Last 3 Days): 21.3, 20.6, 21.7
3-Day Avg: 21.2
Today: 21.3  Above 3-Day Avg
[DEBUG] Getting 7-day data for domain: fst.itserver.biz
[DEBUG] Page load data: {'current': 3.8, 'average': 3.766666666666667, 'values': [3.8, 3.9, 3.6], 'is_high': True}
[DEBUG] Formatted summary: 
Times (Last 3 Days): 3.8, 3.9, 3.6
3-Day Avg: 3.8
Today: 3.8  Above 3-Day Avg
[DEBUG] Getting 7-day login data for domain: fst.itserver.biz
[DEBUG] Login data: {'current': 19.7, 'average': 19.900000000000002, 'values': [19.7, 20.1, 19.9], 'is_high': False}
[DEBUG] Formatted login summary: 
Times (Last 3 Days): 19.7, 20.1, 19.9
3-Day Avg: 19.9
Today: 19.7
[DEBUG] Getting 7-day data for domain: cam.itserver.biz
[DEBUG] Page load data: {'current': 3.6, 'average': 3.8000000000000003, 'values': [3.6, 3.7, 4.1], 'is_high': False}
[DEBUG] Formatted summary: 
Times (Last 3 Days): 3.6, 3.7, 4.1
3-Day Avg: 3.8
Today: 3.6
[DEBUG] Getting 7-day login data for domain: cam.itserver.biz
[DEBUG] Login data: {'current': 19.4, 'average': 19.466666666666665, 'values': [19.4, 19.3, 19.7], 'is_high': False}
[DEBUG] Formatted login summary: 
Times (Last 3 Days): 19.4, 19.3, 19.7
3-Day Avg: 19.5
Today: 19.4
[DEBUG] Getting 7-day data for domain: bmkenya.itserver.biz
[DEBUG] Page load data: {'current': 3.9, 'average': 3.9333333333333336, 'values': [3.9, 3.9, 4.0], 'is_high': False}
[DEBUG] Formatted summary: 
Times (Last 3 Days): 3.9, 3.9, 4.0
3-Day Avg: 3.9
Today: 3.9
[DEBUG] Getting 7-day login data for domain: bmkenya.itserver.biz
[DEBUG] Login data: {'current': 19.9, 'average': 20.0, 'values': [19.9, 19.9, 20.2], 'is_high': False}
[DEBUG] Formatted login summary: 
Times (Last 3 Days): 19.9, 19.9, 20.2
3-Day Avg: 20.0
Today: 19.9
[DEBUG] Getting 7-day data for domain: crm.cartzlink.com
[DEBUG] Page load data: {'current': 1.1, 'average': 0.9, 'values': [1.1, 0.8, 0.8], 'is_high': True}
[DEBUG] Formatted summary: 
Times (Last 3 Days): 1.1, 0.8, 0.8
3-Day Avg: 0.9
Today: 1.1  Above 3-Day Avg
[DEBUG] Getting 7-day login data for domain: crm.cartzlink.com
[DEBUG] Login data: {'current': 18.6, 'average': 18.6, 'values': [18.6, 18.1, 19.1], 'is_high': False}
[DEBUG] Formatted login summary: 
Times (Last 3 Days): 18.6, 18.1, 19.1
3-Day Avg: 18.6
Today: 18.6
[DEBUG] Getting 7-day data for domain: crm.tabrospharma.com
[DEBUG] Page load data: {'current': 1.5, 'average': 1.4666666666666668, 'values': [1.5, 1.4, 1.5], 'is_high': True}
[DEBUG] Formatted summary: 
Times (Last 3 Days): 1.5, 1.4, 1.5
3-Day Avg: 1.5
Today: 1.5  Above 3-Day Avg
[DEBUG] Getting 7-day login data for domain: crm.tabrospharma.com
[DEBUG] Login data: {'current': 26.2, 'average': 26.133333333333336, 'values': [26.2, 26.2, 26.0], 'is_high': True}
[DEBUG] Formatted login summary: 
Times (Last 3 Days): 26.2, 26.2, 26.0
3-Day Avg: 26.1
Today: 26.2  Above 3-Day Avg

[INFO] Server: metro crm | Domain: mt.itserver.biz
[INFO] Features executed:
    Sales Order
==================================================
[PASS] Page Load (2.50s)

Times (Last 3 Days): 2.5, 2.7, 2.3
3-Day Avg: 2.5
Today: 2.5
[PASS] Login (24.50s)  Above 7-Day Avg

Times (Last 3 Days): 24.5, 24.1, 24.2
3-Day Avg: 24.3
Today: 24.5  Above 3-Day Avg

[INFO] Feature: Sales Order
[PASS] Feature: Sales Order (8.60s)

Times (Last 3 Days): 8.6, 8.5, 8.7
3-Day Avg: 8.6
Today: 8.6
[PASS] Scenario: Visit Sales order page and click on edit btn (8.60s)

[INFO] Server: s13 | Domain: gta.cartzlink.com
[INFO] Features executed:
    Add Account Voucher
    Sales Invoice
==================================================
[PASS] Page Load (3.10s)

Times (Last 3 Days): 3.1, 3.6, 3.1
3-Day Avg: 3.3
Today: 3.1
[PASS] Login (21.30s)  Above 7-Day Avg

Times (Last 3 Days): 21.3, 20.6, 21.7
3-Day Avg: 21.2
Today: 21.3  Above 3-Day Avg

[INFO] Feature: Add Account Voucher
[PASS] Feature: Add Account Voucher (16.80s)  Above 7-Day Avg

Times (Last 3 Days): 16.8, 14.3, 13.0
3-Day Avg: 14.7
Today: 16.8  Above 3-Day Avg
[PASS] Scenario: Visit Account Voucher Page and click on Edit btn (16.80s)
[INFO] Feature: Sales Invoice
[PASS] Feature: Sales Invoice (28.80s)  Above 7-Day Avg

Times (Last 3 Days): 28.8, 17.1, 21.8
3-Day Avg: 22.6
Today: 28.8  Above 3-Day Avg
[PASS] Scenario: Sales Invoice page (28.80s)

[INFO] Server: FST | Domain: fst.itserver.biz
[INFO] Features executed:
    Sales Order
==================================================
[PASS] Page Load (3.80s)  Above 7-Day Avg

Times (Last 3 Days): 3.8, 3.9, 3.6
3-Day Avg: 3.8
Today: 3.8  Above 3-Day Avg
[PASS] Login (19.70s)

Times (Last 3 Days): 19.7, 20.1, 19.9
3-Day Avg: 19.9
Today: 19.7

[INFO] Feature: Sales Order
[PASS] Feature: Sales Order (10.70s)

Times (Last 3 Days): 10.7, 15.3, 11.7
3-Day Avg: 12.6
Today: 10.7
[PASS] Scenario: Visit Sales order page and click on Edit btn (10.70s)

[INFO] Server: metro cam | Domain: cam.itserver.biz
[INFO] Features executed:
    Add Account Voucher
    Gatepass
    Purchase Invoice
    Production Order FSTUser
==================================================
[PASS] Page Load (3.60s)

Times (Last 3 Days): 3.6, 3.7, 4.1
3-Day Avg: 3.8
Today: 3.6
[PASS] Login (19.40s)

Times (Last 3 Days): 19.4, 19.3, 19.7
3-Day Avg: 19.5
Today: 19.4

[INFO] Feature: Add Account Voucher
[PASS] Feature: Add Account Voucher (7.50s)

Times (Last 3 Days): 7.5, 9.3, 8.8
3-Day Avg: 8.5
Today: 7.5
[PASS] Scenario: Visit Account Voucher Page and click on Edit btn (7.50s)
[INFO] Feature: Gatepass
[PASS] Feature: Gatepass (11.50s)

Times (Last 3 Days): 11.5, 11.7, 12.0
3-Day Avg: 11.7
Today: 11.5
[PASS] Scenario: Visit Gate pass Page and click on Edit btn (11.50s)
[INFO] Feature: Purchase Invoice
[PASS] Feature: Purchase Invoice (12.30s)

Times (Last 3 Days): 12.3, 12.8, 13.0
3-Day Avg: 12.7
Today: 12.3
[PASS] Scenario: Visit Purchase invoice Page and click on Edit btn (12.30s)
[INFO] Feature: Production Order FSTUser
[PASS] Feature: Production Order FSTUser (7.80s)  Above 7-Day Avg

Times (Last 3 Days): 7.8, 7.7, 7.8
3-Day Avg: 7.8
Today: 7.8  Above 3-Day Avg
[PASS] Scenario: Visit Production order page and click on Edit btn (7.80s)

[INFO] Server: bmkenya | Domain: bmkenya.itserver.biz
[INFO] Features executed:
    Add Account Voucher
    Sales Order
==================================================
[PASS] Page Load (3.90s)

Times (Last 3 Days): 3.9, 3.9, 4.0
3-Day Avg: 3.9
Today: 3.9
[PASS] Login (19.90s)

Times (Last 3 Days): 19.9, 19.9, 20.2
3-Day Avg: 20.0
Today: 19.9

[INFO] Feature: Add Account Voucher
[PASS] Feature: Add Account Voucher (9.50s)

Times (Last 3 Days): 9.5, 9.4, 10.1
3-Day Avg: 9.7
Today: 9.5
[PASS] Scenario: Visit Account Voucher Page and click on Edit btn (9.50s)
[INFO] Feature: Sales Order
[PASS] Feature: Sales Order (1.20s)  Above 7-Day Avg

Times (Last 3 Days): 1.2, 1.2, 1.1
3-Day Avg: 1.2
Today: 1.2  Above 3-Day Avg
[PASS] Scenario: Visit Sales order page (1.20s)

[INFO] Server: s15 | Domain: crm.cartzlink.com
[INFO] Features executed:
    Dash board
==================================================
[PASS] Page Load (1.10s)  Above 7-Day Avg

Times (Last 3 Days): 1.1, 0.8, 0.8
3-Day Avg: 0.9
Today: 1.1  Above 3-Day Avg
[PASS] Login (18.60s)

Times (Last 3 Days): 18.6, 18.1, 19.1
3-Day Avg: 18.6
Today: 18.6

[INFO] Feature: Dash board
[PASS] Feature: Dash board (0.00s)

Times (Last 3 Days): 0.0, 0.0, 0.0
3-Day Avg: 0.0
Today: 0.0
[PASS] Scenario: Visit Dash board page (0.00s)

[INFO] Server: TP | Domain: crm.tabrospharma.com
[INFO] Features executed:
    Add Account Voucher
    Sales Order
==================================================
[PASS] Page Load (1.50s)  Above 7-Day Avg

Times (Last 3 Days): 1.5, 1.4, 1.5
3-Day Avg: 1.5
Today: 1.5  Above 3-Day Avg
[PASS] Login (26.20s)  Above 7-Day Avg

Times (Last 3 Days): 26.2, 26.2, 26.0
3-Day Avg: 26.1
Today: 26.2  Above 3-Day Avg

[INFO] Feature: Add Account Voucher
[PASS] Feature: Add Account Voucher (6.80s)

Times (Last 3 Days): 6.8, 7.1, 7.0
3-Day Avg: 7.0
Today: 6.8
[PASS] Scenario: Visit Account Voucher Page and click on Edit btn (6.80s)
[INFO] Feature: Sales Order
[PASS] Feature: Sales Order (6.80s)  Above 7-Day Avg

Times (Last 3 Days): 6.8, 6.7, 6.8
3-Day Avg: 6.8
Today: 6.8  Above 3-Day Avg
[PASS] Scenario: Visit Sales Order Page and click on Edit btn (6.80s)
[PASS] Test summary email sent successfully.
Finished at Sun 01/25/2026 11:06:09.55 
========================================= 
