========================================= 
Behave Run Started at Thu 09/25/2025 11:34:56.88 
========================================= 
[INFO] Cleaned up 1 old/excess timing history entries. Remaining: 2 entries.

============================================================
STARTING DOMAIN: mt2.itserver.biz (Server: metro crm)
============================================================
[INFO] Running 2 feature files for domain 'mt2.itserver.biz':
    C:\tests\features\mt2.itserver.biz\AccV.feature
    C:\tests\features\mt2.itserver.biz\SO.feature
[INFO] Domain = mt2.itserver.biz
[INFO] Starting browser and logging in for domain: mt2.itserver.biz
[INFO] Creating fresh browser instance for domain: mt2.itserver.biz
[INFO] Attempt 1/5: Creating Chrome driver...
[INFO] Applying performance optimizations for problematic domain: mt2.itserver.biz
[PASS] Chrome driver created successfully on attempt 1
[INFO] Attempt 1/5: Opening https://mt2.itserver.biz/admin/?r=user/user/login&_lang=en
[PASS] Page loaded successfully on attempt 1
[PASS] Opened URL: https://mt2.itserver.biz/admin/?r=user/user/login&_lang=en
[INFO] Testing refresh function for dashboard elements...
[PASS] Login successful - dashboard loaded with refresh function
[PASS] Login successful - dashboard loaded with fallback method
[INFO] Login completed. Page Load: 21.9s, Login: 33.2s
[INFO] Login successful for domain: mt2.itserver.biz
Feature: Add Account Voucher # features/mt2.itserver.biz/AccV.feature:4

  @critical
  Scenario: Visit Account Voucher Page and click on Edit btn  # features/mt2.itserver.biz/AccV.feature:7
    Given we visit "accounts2"                                # features/steps/form_actions.py:36
      ASSERT FAILED: Page at 'accounts2' returned error: ERROR 404

    When we edit the top row                                  # None
----
CAPTURED STDOUT: scenario
Page at 'accounts2' returned error: ERROR 404

[Screenshot Saved] C:\tests\screenshots\we visit "accounts2"_20250925_113605.png
---- CAPTURED_SCENARIO_OUTPUT_END ----

Feature: Sales invoice MT # features/mt2.itserver.biz/SO.feature:4

  @critical
  Scenario: Visit Sales invoice page        # features/mt2.itserver.biz/SO.feature:7
    Given we visit "orders/salesInvoice_MT" # features/steps/form_actions.py:36
    When we clear the from date and search  # features/steps/form_actions.py:82


[INFO] Server: metro crm | Domain: mt2.itserver.biz
==================================================
[FAIL] Add Account Voucher
[PASS] Sales invoice MT

============================================================
COMPLETED DOMAIN: mt2.itserver.biz
============================================================

============================================================
STARTING DOMAIN: fst.itserver.biz (Server: FST)
============================================================
[INFO] Running 1 feature files for domain 'fst.itserver.biz':
    C:\tests\features\fst.itserver.biz\SO.feature
[INFO] Domain = fst.itserver.biz
[INFO] Starting browser and logging in for domain: fst.itserver.biz
[INFO] Creating fresh browser instance for domain: fst.itserver.biz
[INFO] Attempt 1/3: Creating Chrome driver...
[PASS] Chrome driver created successfully on attempt 1
[INFO] Attempt 1/3: Opening https://fst.itserver.biz/admin/?r=user/user/login&_lang=en
[PASS] Page loaded successfully on attempt 1
[PASS] Opened URL: https://fst.itserver.biz/admin/?r=user/user/login&_lang=en
[INFO] Testing refresh function for dashboard elements...
[PASS] Login successful - dashboard loaded with refresh function
[PASS] Login successful - dashboard loaded with fallback method
[INFO] Login completed. Page Load: 12.4s, Login: 36.7s
[INFO] Login successful for domain: fst.itserver.biz
Feature: Sales Order # features/fst.itserver.biz/SO.feature:4

  @critical
  Scenario: Visit Sales order page and click on Edit btn  # features/fst.itserver.biz/SO.feature:7
    Given we visit "orders/salesOrder"                    # features/steps/form_actions.py:36
    When we clear the from date and search                # features/steps/form_actions.py:82


[INFO] Server: FST | Domain: fst.itserver.biz
==================================================
[PASS] Sales Order

============================================================
COMPLETED DOMAIN: fst.itserver.biz
============================================================

==================================================
[SUMMARY] FINAL TEST SUMMARY
==================================================

================================================================================
[CRITICAL] FAILURES AND PERFORMANCE ISSUES SUMMARY
================================================================================

FAILURES (1 total):
--------------------------------------------------
[FAIL] Scenario FAILED | metro crm | mt2.itserver.biz
   Feature: Add Account Voucher
   Scenario: Visit Account Voucher Page and click on Edit btn
   Details: Scenario failed in 2.80s


SLOW TESTS (6 total):
--------------------------------------------------
[SLOW] Page Load SLOW | metro crm | mt2.itserver.biz
   Time: 21.90s | Above 7-day average (10.9s)
[SLOW] Login SLOW | metro crm | mt2.itserver.biz
   Time: 33.20s | Above 7-day average (28.1s)
[SLOW] Feature SLOW | metro crm | mt2.itserver.biz
   Feature: Sales invoice MT
   Time: 133.00s | Above 7-day average (125.9s)
[SLOW] Page Load SLOW | FST | fst.itserver.biz
   Time: 12.40s | Above 7-day average (10.9s)
[SLOW] Login SLOW | FST | fst.itserver.biz
   Time: 36.70s | Above 7-day average (26.1s)
[SLOW] Feature SLOW | FST | fst.itserver.biz
   Feature: Sales Order
   Time: 93.90s | Above 7-day average (81.1s)
================================================================================

[DEBUG] Getting 7-day data for domain: mt2.itserver.biz
[DEBUG] Page load data: {'current': 21.9, 'average': 10.933333333333332, 'values': [21.9, 9.0, 1.9], 'is_high': True}
[DEBUG] Formatted summary: 
Times (Last 3 Days): 21.9, 9.0, 1.9
3-Day Avg: 10.9
Today: 21.9  Above 3-Day Avg
[DEBUG] Getting 7-day login data for domain: mt2.itserver.biz
[DEBUG] Login data: {'current': 33.2, 'average': 28.133333333333336, 'values': [33.2, 25.9, 25.3], 'is_high': True}
[DEBUG] Formatted login summary: 
Times (Last 3 Days): 33.2, 25.9, 25.3
3-Day Avg: 28.1
Today: 33.2  Above 3-Day Avg
[DEBUG] Getting 7-day data for domain: fst.itserver.biz
[DEBUG] Page load data: {'current': 12.4, 'average': 10.866666666666667, 'values': [12.4, 10.1, 10.1], 'is_high': True}
[DEBUG] Formatted summary: 
Times (Last 3 Days): 12.4, 10.1, 10.1
3-Day Avg: 10.9
Today: 12.4  Above 3-Day Avg
[DEBUG] Getting 7-day login data for domain: fst.itserver.biz
[DEBUG] Login data: {'current': 36.7, 'average': 26.100000000000005, 'values': [36.7, 20.8, 20.8], 'is_high': True}
[DEBUG] Formatted login summary: 
Times (Last 3 Days): 36.7, 20.8, 20.8
3-Day Avg: 26.1
Today: 36.7  Above 3-Day Avg

[INFO] Server: metro crm | Domain: mt2.itserver.biz
[INFO] Features executed:
    Add Account Voucher
    Sales invoice MT
==================================================
[PASS] Page Load (21.90s)  Above 7-Day Avg

Times (Last 3 Days): 21.9, 9.0, 1.9
3-Day Avg: 10.9
Today: 21.9  Above 3-Day Avg
[PASS] Login (33.20s)  Above 7-Day Avg

Times (Last 3 Days): 33.2, 25.9, 25.3
3-Day Avg: 28.1
Today: 33.2  Above 3-Day Avg

[INFO] Feature: Add Account Voucher
[PASS] Feature: Add Account Voucher (2.80s)

Times (Last 3 Days): 2.8, 35.6, 29.1
3-Day Avg: 22.5
Today: 2.8
[FAIL] Scenario: Visit Account Voucher Page and click on Edit btn (2.80s)
[INFO] Feature: Sales invoice MT
[PASS] Feature: Sales invoice MT (133.00s)  Above 7-Day Avg

Times (Last 3 Days): 133.0, 110.1, 134.6
3-Day Avg: 125.9
Today: 133.0  Above 3-Day Avg
[PASS] Scenario: Visit Sales invoice page (133.00s)

[INFO] Server: FST | Domain: fst.itserver.biz
[INFO] Features executed:
    Sales Order
==================================================
[PASS] Page Load (12.40s)  Above 7-Day Avg

Times (Last 3 Days): 12.4, 10.1, 10.1
3-Day Avg: 10.9
Today: 12.4  Above 3-Day Avg
[PASS] Login (36.70s)  Above 7-Day Avg

Times (Last 3 Days): 36.7, 20.8, 20.8
3-Day Avg: 26.1
Today: 36.7  Above 3-Day Avg

[INFO] Feature: Sales Order
[PASS] Feature: Sales Order (93.90s)  Above 7-Day Avg

Times (Last 3 Days): 93.9, 74.7, 74.7
3-Day Avg: 81.1
Today: 93.9  Above 3-Day Avg
[PASS] Scenario: Visit Sales order page and click on Edit btn (93.90s)
[PASS] Test summary email sent successfully.
Finished at Thu 09/25/2025 11:40:59.81 
========================================= 
