========================================= 
Behave Run Started at Sat 10/04/2025 20:00:02.11 
========================================= 

============================================================
STARTING DOMAIN: mt.itserver.biz (Server: metro crm)
============================================================
[INFO] Running 1 feature files for domain 'mt.itserver.biz':
    E:\shayan\tests\features\mt.itserver.biz\SO.feature
[INFO] Domain = mt.itserver.biz
[INFO] Starting browser and logging in for domain: mt.itserver.biz
[INFO] Creating fresh browser instance for domain: mt.itserver.biz
[INFO] Attempt 1/5: Creating Chrome driver...
[INFO] Applying performance optimizations for problematic domain: mt.itserver.biz
[PASS] Chrome driver created successfully on attempt 1
[INFO] Attempt 1/5: Opening https://mt.itserver.biz/admin/?r=user/user/login&_lang=en
[PASS] Page loaded successfully on attempt 1
[PASS] Opened URL: https://mt.itserver.biz/admin/?r=user/user/login&_lang=en
[INFO] Testing refresh function for dashboard elements...
[PASS] Login successful - dashboard loaded with refresh function
[PASS] Login successful - dashboard loaded with fallback method
[INFO] Login completed. Page Load: 31.7s, Login: 26.9s
[INFO] Login successful for domain: mt.itserver.biz
[INFO] Starting feature: Sales Order
Feature: Sales Order # features/mt.itserver.biz/SO.feature:4

  @critical
  Scenario: Visit Sales order page and click on edit btn  # features/mt.itserver.biz/SO.feature:7
    Given we visit "orders/SO2"                           # features/steps/form_actions.py:36
    When we edit the top row                              # features/steps/cartzlink_form.py:155
[INFO] Completed feature: Sales Order
DEBUG: context.domain = mt.itserver.biz
DEBUG: timing_summary = {'mt.itserver.biz': {'Server': 'metro crm', 'Page Load': 31.7, 'Login': 26.9, 'Features': {'Sales Order': {'Feature': None, 'Scenario Timings': [{'name': 'Visit Sales order page and click on edit btn', 'duration': 10.2, 'status': 'passed', 'failed_steps': []}], 'Failed Steps': []}}}}
PASS Feature: Sales Order (10.2s)
[DEBUG] Writing timing summary for mt.itserver.biz to E:\shayan\tests\timing_results\mt.itserver.biz_timing.json

[INFO] Closing browser for domain: mt.itserver.biz
[INFO] Browser closed successfully for domain: mt.itserver.biz
[INFO] Browser instance cleared for domain: mt.itserver.biz
[SUMMARY] Timing for mt.itserver.biz:
{
  "page_load": {
    "current": 31.7,
    "average": 12.450000000000001,
    "values": [
      31.7,
      10.3,
      20.8,
      2.9,
      7.2,
      1.8
    ],
    "is_high": true
  },
  "login": {
    "current": 26.9,
    "average": 27.683333333333334,
    "values": [
      26.9,
      26.4,
      29.7,
      29.5,
      28.2,
      25.4
    ],
    "is_high": false
  },
  "features": {
    "Sales Order": {
      "current": 10.2,
      "average": 12.700000000000001,
      "values": [
        10.2,
        10.1,
        11.3,
        10.7,
        10.4,
        23.5
      ],
      "is_high": false
    }
  },
  "scenario": {
    "current": 10.2,
    "average": 12.700000000000001,
    "values": [
      10.2,
      10.1,
      11.3,
      10.7,
      10.4,
      23.5
    ],
    "is_high": false
  }
}

[INFO] Server: metro crm | Domain: mt.itserver.biz
==================================================
[PASS] Sales Order

============================================================
COMPLETED DOMAIN: mt.itserver.biz
============================================================

============================================================
STARTING DOMAIN: gta.cartzlink.com (Server: s13)
============================================================
[INFO] Running 2 feature files for domain 'gta.cartzlink.com':
    E:\shayan\tests\features\gta.cartzlink.com\AccV.feature
    E:\shayan\tests\features\gta.cartzlink.com\SI.feature
[INFO] Domain = gta.cartzlink.com
[INFO] Starting browser and logging in for domain: gta.cartzlink.com
[INFO] Creating fresh browser instance for domain: gta.cartzlink.com
[INFO] Attempt 1/3: Creating Chrome driver...
[PASS] Chrome driver created successfully on attempt 1
[INFO] Attempt 1/3: Opening https://gta.cartzlink.com/admin/?r=user/user/login&_lang=en
[PASS] Page loaded successfully on attempt 1
[PASS] Opened URL: https://gta.cartzlink.com/admin/?r=user/user/login&_lang=en
[INFO] Testing refresh function for dashboard elements...
[PASS] Login successful - dashboard loaded with refresh function
[PASS] Login successful - dashboard loaded with fallback method
[INFO] Login completed. Page Load: 3.6s, Login: 19.2s
[INFO] Login successful for domain: gta.cartzlink.com
[INFO] Starting feature: Add Account Voucher
Feature: Add Account Voucher # features/gta.cartzlink.com/AccV.feature:4

  @critical
  Scenario: Visit Account Voucher Page and click on Edit btn  # features/gta.cartzlink.com/AccV.feature:7
    Given we visit "accounts2"                                # features/steps/form_actions.py:36
    When we edit the top row                                  # features/steps/cartzlink_form.py:155
[INFO] Completed feature: Add Account Voucher
DEBUG: context.domain = gta.cartzlink.com
DEBUG: timing_summary = {'gta.cartzlink.com': {'Server': 's13', 'Page Load': 3.6, 'Login': 19.2, 'Features': {'Add Account Voucher': {'Feature': None, 'Scenario Timings': [{'name': 'Visit Account Voucher Page and click on Edit btn', 'duration': 13.3, 'status': 'passed', 'failed_steps': []}], 'Failed Steps': []}}}}
PASS Feature: Add Account Voucher (13.3s)
[DEBUG] Writing timing summary for gta.cartzlink.com to E:\shayan\tests\timing_results\gta.cartzlink.com_timing.json

[INFO] Starting feature: Sales Invoice
Feature: Sales Invoice # features/gta.cartzlink.com/SI.feature:1

  @critical
  Scenario: Sales Invoice page           # features/gta.cartzlink.com/SI.feature:4
    Given we visit "orders/salesInvoice" # features/steps/form_actions.py:36
    When we edit the top row             # features/steps/cartzlink_form.py:155
[INFO] Completed feature: Sales Invoice
DEBUG: context.domain = gta.cartzlink.com
DEBUG: timing_summary = {'gta.cartzlink.com': {'Server': 's13', 'Page Load': 3.6, 'Login': 19.2, 'Features': {'Add Account Voucher': {'Feature': 13.3, 'Scenario Timings': [{'name': 'Visit Account Voucher Page and click on Edit btn', 'duration': 13.3, 'status': 'passed', 'failed_steps': []}], 'Failed Steps': []}, 'Sales Invoice': {'Feature': None, 'Scenario Timings': [{'name': 'Sales Invoice page', 'duration': 32.3, 'status': 'passed', 'failed_steps': []}], 'Failed Steps': []}}}}
PASS Feature: Sales Invoice (32.3s)
[DEBUG] Writing timing summary for gta.cartzlink.com to E:\shayan\tests\timing_results\gta.cartzlink.com_timing.json

[INFO] Closing browser for domain: gta.cartzlink.com
[INFO] Browser closed successfully for domain: gta.cartzlink.com
[INFO] Browser instance cleared for domain: gta.cartzlink.com
[SUMMARY] Timing for gta.cartzlink.com:
{
  "page_load": {
    "current": 3.6,
    "average": 6.8,
    "values": [
      3.6,
      14.7,
      5.4,
      4.2,
      10.6,
      2.3
    ],
    "is_high": false
  },
  "login": {
    "current": 19.2,
    "average": 27.78333333333333,
    "values": [
      19.2,
      31.9,
      30.2,
      28.1,
      28.3,
      29.0
    ],
    "is_high": false
  },
  "features": {
    "Add Account Voucher": {
      "current": 13.3,
      "average": 14.133333333333333,
      "values": [
        13.3,
        14.4,
        13.9,
        13.0,
        13.2,
        17.0
      ],
      "is_high": false
    },
    "Sales Invoice": {
      "current": 32.3,
      "average": 24.150000000000002,
      "values": [
        32.3,
        21.2,
        21.6,
        17.7,
        15.1,
        37.0
      ],
      "is_high": true
    }
  },
  "scenario": {
    "current": 22.799999999999997,
    "average": 19.141666666666666,
    "values": [
      22.799999999999997,
      17.8,
      17.75,
      15.35,
      14.149999999999999,
      27.0
    ],
    "is_high": true
  }
}

[INFO] Server: s13 | Domain: gta.cartzlink.com
==================================================
[PASS] Add Account Voucher
[PASS] Sales Invoice

============================================================
COMPLETED DOMAIN: gta.cartzlink.com
============================================================

============================================================
STARTING DOMAIN: fst.itserver.biz (Server: FST)
============================================================
[INFO] Running 1 feature files for domain 'fst.itserver.biz':
    E:\shayan\tests\features\fst.itserver.biz\SO.feature
[INFO] Domain = fst.itserver.biz
[INFO] Starting browser and logging in for domain: fst.itserver.biz
[INFO] Creating fresh browser instance for domain: fst.itserver.biz
[INFO] Attempt 1/3: Creating Chrome driver...
[PASS] Chrome driver created successfully on attempt 1
[INFO] Attempt 1/3: Opening https://fst.itserver.biz/admin/?r=user/user/login&_lang=en
[PASS] Page loaded successfully on attempt 1
[PASS] Opened URL: https://fst.itserver.biz/admin/?r=user/user/login&_lang=en
[INFO] Testing refresh function for dashboard elements...
[PASS] Login successful - dashboard loaded with refresh function
[PASS] Login successful - dashboard loaded with fallback method
[INFO] Login completed. Page Load: 4.5s, Login: 23.6s
[INFO] Login successful for domain: fst.itserver.biz
[INFO] Starting feature: Sales Order
Feature: Sales Order # features/fst.itserver.biz/SO.feature:4

  @critical
  Scenario: Visit Sales order page and click on Edit btn  # features/fst.itserver.biz/SO.feature:7
    Given we visit "orders/salesOrder"                    # features/steps/form_actions.py:36
    When we clear the from date and search                # features/steps/form_actions.py:82
[INFO] Completed feature: Sales Order
DEBUG: context.domain = fst.itserver.biz
DEBUG: timing_summary = {'fst.itserver.biz': {'Server': 'FST', 'Page Load': 4.5, 'Login': 23.6, 'Features': {'Sales Order': {'Feature': None, 'Scenario Timings': [{'name': 'Visit Sales order page and click on Edit btn', 'duration': 13.7, 'status': 'passed', 'failed_steps': []}], 'Failed Steps': []}}}}
PASS Feature: Sales Order (13.7s)
[DEBUG] Writing timing summary for fst.itserver.biz to E:\shayan\tests\timing_results\fst.itserver.biz_timing.json

[INFO] Closing browser for domain: fst.itserver.biz
[INFO] Browser closed successfully for domain: fst.itserver.biz
[INFO] Browser instance cleared for domain: fst.itserver.biz
[SUMMARY] Timing for fst.itserver.biz:
{
  "page_load": {
    "current": 4.5,
    "average": 4.233333333333333,
    "values": [
      4.5,
      3.5,
      6.0,
      2.9,
      6.2,
      2.3
    ],
    "is_high": true
  },
  "login": {
    "current": 23.6,
    "average": 51.56666666666666,
    "values": [
      23.6,
      21.3,
      23.0,
      21.0,
      201.1,
      19.4
    ],
    "is_high": false
  },
  "features": {
    "Sales Order": {
      "current": 13.7,
      "average": 20.816666666666666,
      "values": [
        13.7,
        13.5,
        13.9,
        13.6,
        19.3,
        50.9
      ],
      "is_high": false
    }
  },
  "scenario": {
    "current": 13.7,
    "average": 20.816666666666666,
    "values": [
      13.7,
      13.5,
      13.9,
      13.6,
      19.3,
      50.9
    ],
    "is_high": false
  }
}

[INFO] Server: FST | Domain: fst.itserver.biz
==================================================
[PASS] Sales Order

============================================================
COMPLETED DOMAIN: fst.itserver.biz
============================================================

============================================================
STARTING DOMAIN: cam.itserver.biz (Server: metro cam)
============================================================
[INFO] Running 4 feature files for domain 'cam.itserver.biz':
    E:\shayan\tests\features\cam.itserver.biz\AccV.feature
    E:\shayan\tests\features\cam.itserver.biz\GP.feature
    E:\shayan\tests\features\cam.itserver.biz\PI.feature
    E:\shayan\tests\features\cam.itserver.biz\SO.feature
[INFO] Domain = cam.itserver.biz
[INFO] Starting browser and logging in for domain: cam.itserver.biz
[INFO] Creating fresh browser instance for domain: cam.itserver.biz
[INFO] Attempt 1/3: Creating Chrome driver...
[PASS] Chrome driver created successfully on attempt 1
[INFO] Attempt 1/3: Opening https://cam.itserver.biz/admin/?r=user/user/login&_lang=en
[PASS] Page loaded successfully on attempt 1
[PASS] Opened URL: https://cam.itserver.biz/admin/?r=user/user/login&_lang=en
[INFO] Testing refresh function for dashboard elements...
[PASS] Login successful - dashboard loaded with refresh function
[PASS] Login successful - dashboard loaded with fallback method
[INFO] Login completed. Page Load: 3.8s, Login: 19.5s
[INFO] Login successful for domain: cam.itserver.biz
[INFO] Starting feature: Add Account Voucher
Feature: Add Account Voucher # features/cam.itserver.biz/AccV.feature:4

  @critical
  Scenario: Visit Account Voucher Page and click on Edit btn  # features/cam.itserver.biz/AccV.feature:7
    Given we visit "accounts2"                                # features/steps/form_actions.py:36
    When we edit the top row                                  # features/steps/cartzlink_form.py:155
[INFO] Completed feature: Add Account Voucher
DEBUG: context.domain = cam.itserver.biz
DEBUG: timing_summary = {'cam.itserver.biz': {'Server': 'metro cam', 'Page Load': 3.8, 'Login': 19.5, 'Features': {'Add Account Voucher': {'Feature': None, 'Scenario Timings': [{'name': 'Visit Account Voucher Page and click on Edit btn', 'duration': 8.0, 'status': 'passed', 'failed_steps': []}], 'Failed Steps': []}}}}
PASS Feature: Add Account Voucher (8.0s)
[DEBUG] Writing timing summary for cam.itserver.biz to E:\shayan\tests\timing_results\cam.itserver.biz_timing.json

[INFO] Starting feature: Gatepass
Feature: Gatepass # features/cam.itserver.biz/GP.feature:1

  @critical
  Scenario: Visit Gate pass Page and click on Edit btn  # features/cam.itserver.biz/GP.feature:4
    Given we visit "orders/deliveryChallanCAM"          # features/steps/form_actions.py:36
    When we edit the top row                            # features/steps/cartzlink_form.py:155
[INFO] Completed feature: Gatepass
DEBUG: context.domain = cam.itserver.biz
DEBUG: timing_summary = {'cam.itserver.biz': {'Server': 'metro cam', 'Page Load': 3.8, 'Login': 19.5, 'Features': {'Add Account Voucher': {'Feature': 8.0, 'Scenario Timings': [{'name': 'Visit Account Voucher Page and click on Edit btn', 'duration': 8.0, 'status': 'passed', 'failed_steps': []}], 'Failed Steps': []}, 'Gatepass': {'Feature': None, 'Scenario Timings': [{'name': 'Visit Gate pass Page and click on Edit btn', 'duration': 13.2, 'status': 'passed', 'failed_steps': []}], 'Failed Steps': []}}}}
PASS Feature: Gatepass (13.2s)
[DEBUG] Writing timing summary for cam.itserver.biz to E:\shayan\tests\timing_results\cam.itserver.biz_timing.json

[INFO] Starting feature: Purchase Invoice
Feature: Purchase Invoice # features/cam.itserver.biz/PI.feature:3

  @critical
  Scenario: Visit Purchase invoice Page and click on Edit btn  # features/cam.itserver.biz/PI.feature:6
    Given we visit "orders/purchaseInvoice"                    # features/steps/form_actions.py:36
    When we edit the top row                                   # features/steps/cartzlink_form.py:155
[INFO] Completed feature: Purchase Invoice
DEBUG: context.domain = cam.itserver.biz
DEBUG: timing_summary = {'cam.itserver.biz': {'Server': 'metro cam', 'Page Load': 3.8, 'Login': 19.5, 'Features': {'Add Account Voucher': {'Feature': 8.0, 'Scenario Timings': [{'name': 'Visit Account Voucher Page and click on Edit btn', 'duration': 8.0, 'status': 'passed', 'failed_steps': []}], 'Failed Steps': []}, 'Gatepass': {'Feature': 13.2, 'Scenario Timings': [{'name': 'Visit Gate pass Page and click on Edit btn', 'duration': 13.2, 'status': 'passed', 'failed_steps': []}], 'Failed Steps': []}, 'Purchase Invoice': {'Feature': None, 'Scenario Timings': [{'name': 'Visit Purchase invoice Page and click on Edit btn', 'duration': 14.0, 'status': 'passed', 'failed_steps': []}], 'Failed Steps': []}}}}
PASS Feature: Purchase Invoice (14.0s)
[DEBUG] Writing timing summary for cam.itserver.biz to E:\shayan\tests\timing_results\cam.itserver.biz_timing.json

[INFO] Starting feature: Production Order FSTUser
Feature: Production Order FSTUser # features/cam.itserver.biz/SO.feature:4

  @critical
  Scenario: Visit Production order page and click on Edit btn  # features/cam.itserver.biz/SO.feature:7
    Given we visit "orders/SalesOrderFSTUser"                  # features/steps/form_actions.py:36
    When we edit the top row                                   # features/steps/cartzlink_form.py:155
[INFO] Completed feature: Production Order FSTUser
DEBUG: context.domain = cam.itserver.biz
DEBUG: timing_summary = {'cam.itserver.biz': {'Server': 'metro cam', 'Page Load': 3.8, 'Login': 19.5, 'Features': {'Add Account Voucher': {'Feature': 8.0, 'Scenario Timings': [{'name': 'Visit Account Voucher Page and click on Edit btn', 'duration': 8.0, 'status': 'passed', 'failed_steps': []}], 'Failed Steps': []}, 'Gatepass': {'Feature': 13.2, 'Scenario Timings': [{'name': 'Visit Gate pass Page and click on Edit btn', 'duration': 13.2, 'status': 'passed', 'failed_steps': []}], 'Failed Steps': []}, 'Purchase Invoice': {'Feature': 14.0, 'Scenario Timings': [{'name': 'Visit Purchase invoice Page and click on Edit btn', 'duration': 14.0, 'status': 'passed', 'failed_steps': []}], 'Failed Steps': []}, 'Production Order FSTUser': {'Feature': None, 'Scenario Timings': [{'name': 'Visit Production order page and click on Edit btn', 'duration': 8.9, 'status': 'passed', 'failed_steps': []}], 'Failed Steps': []}}}}
PASS Feature: Production Order FSTUser (8.9s)
[DEBUG] Writing timing summary for cam.itserver.biz to E:\shayan\tests\timing_results\cam.itserver.biz_timing.json

[INFO] Closing browser for domain: cam.itserver.biz
[INFO] Browser closed successfully for domain: cam.itserver.biz
[INFO] Browser instance cleared for domain: cam.itserver.biz
[SUMMARY] Timing for cam.itserver.biz:
{
  "page_load": {
    "current": 3.8,
    "average": 6.8500000000000005,
    "values": [
      3.8,
      4.8,
      4.0,
      10.6,
      13.8,
      4.1
    ],
    "is_high": false
  },
  "login": {
    "current": 19.5,
    "average": 23.849999999999998,
    "values": [
      19.5,
      19.9,
      22.6,
      25.9,
      34.0,
      21.2
    ],
    "is_high": false
  },
  "features": {
    "Add Account Voucher": {
      "current": 8.0,
      "average": 10.4,
      "values": [
        8.0,
        8.1,
        10.0,
        9.4,
        17.5,
        9.4
      ],
      "is_high": false
    },
    "Gatepass": {
      "current": 13.2,
      "average": 38.416666666666664,
      "values": [
        13.2,
        14.5,
        15.3,
        20.5,
        117.4,
        49.6
      ],
      "is_high": false
    },
    "Purchase Invoice": {
      "current": 14.0,
      "average": 31.033333333333335,
      "values": [
        14.0,
        14.6,
        21.1,
        18.6,
        63.2,
        54.7
      ],
      "is_high": false
    },
    "Production Order FSTUser": {
      "current": 8.9,
      "average": 11.633333333333333,
      "values": [
        8.9,
        8.8,
        8.3,
        14.2,
        14.5,
        15.1
      ],
      "is_high": false
    }
  },
  "scenario": {
    "current": 11.025,
    "average": 22.870833333333337,
    "values": [
      11.025,
      11.5,
      13.675,
      15.675,
      53.150000000000006,
      32.2
    ],
    "is_high": false
  }
}

[INFO] Server: metro cam | Domain: cam.itserver.biz
==================================================
[PASS] Add Account Voucher
[PASS] Gatepass
[PASS] Purchase Invoice
[PASS] Production Order FSTUser

============================================================
COMPLETED DOMAIN: cam.itserver.biz
============================================================

============================================================
STARTING DOMAIN: bmkenya.itserver.biz (Server: bmkenya)
============================================================
[INFO] Running 2 feature files for domain 'bmkenya.itserver.biz':
    E:\shayan\tests\features\bmkenya.itserver.biz\AccV.feature
    E:\shayan\tests\features\bmkenya.itserver.biz\SO.feature
[INFO] Domain = bmkenya.itserver.biz
[INFO] Starting browser and logging in for domain: bmkenya.itserver.biz
[INFO] Creating fresh browser instance for domain: bmkenya.itserver.biz
[INFO] Attempt 1/3: Creating Chrome driver...
[PASS] Chrome driver created successfully on attempt 1
[INFO] Attempt 1/3: Opening https://bmkenya.itserver.biz/admin/?r=user/user/login&_lang=en
[PASS] Page loaded successfully on attempt 1
[PASS] Opened URL: https://bmkenya.itserver.biz/admin/?r=user/user/login&_lang=en
[INFO] Testing refresh function for dashboard elements...
[PASS] Login successful - dashboard loaded with refresh function
[PASS] Login successful - dashboard loaded with fallback method
[INFO] Login completed. Page Load: 3.7s, Login: 21.6s
[INFO] Login successful for domain: bmkenya.itserver.biz
[INFO] Starting feature: Add Account Voucher
Feature: Add Account Voucher # features/bmkenya.itserver.biz/AccV.feature:4

  @critical
  Scenario: Visit Account Voucher Page and click on Edit btn  # features/bmkenya.itserver.biz/AccV.feature:7
    Given we visit "accounts2"                                # features/steps/form_actions.py:36
    When we edit the top row                                  # features/steps/cartzlink_form.py:155
[INFO] Completed feature: Add Account Voucher
DEBUG: context.domain = bmkenya.itserver.biz
DEBUG: timing_summary = {'bmkenya.itserver.biz': {'Server': 'bmkenya', 'Page Load': 3.7, 'Login': 21.6, 'Features': {'Add Account Voucher': {'Feature': None, 'Scenario Timings': [{'name': 'Visit Account Voucher Page and click on Edit btn', 'duration': 19.6, 'status': 'passed', 'failed_steps': []}], 'Failed Steps': []}}}}
PASS Feature: Add Account Voucher (19.6s)
[DEBUG] Writing timing summary for bmkenya.itserver.biz to E:\shayan\tests\timing_results\bmkenya.itserver.biz_timing.json

[INFO] Starting feature: Sales Order
Feature: Sales Order # features/bmkenya.itserver.biz/SO.feature:4

  @critical
  Scenario: Visit Sales order page     # features/bmkenya.itserver.biz/SO.feature:7
    Given we visit "orders/salesOrder" # features/steps/form_actions.py:36
[INFO] Completed feature: Sales Order
DEBUG: context.domain = bmkenya.itserver.biz
DEBUG: timing_summary = {'bmkenya.itserver.biz': {'Server': 'bmkenya', 'Page Load': 3.7, 'Login': 21.6, 'Features': {'Add Account Voucher': {'Feature': 19.6, 'Scenario Timings': [{'name': 'Visit Account Voucher Page and click on Edit btn', 'duration': 19.6, 'status': 'passed', 'failed_steps': []}], 'Failed Steps': []}, 'Sales Order': {'Feature': None, 'Scenario Timings': [{'name': 'Visit Sales order page', 'duration': 8.2, 'status': 'passed', 'failed_steps': []}], 'Failed Steps': []}}}}
PASS Feature: Sales Order (8.2s)
[DEBUG] Writing timing summary for bmkenya.itserver.biz to E:\shayan\tests\timing_results\bmkenya.itserver.biz_timing.json

[INFO] Closing browser for domain: bmkenya.itserver.biz
[INFO] Browser closed successfully for domain: bmkenya.itserver.biz
[INFO] Browser instance cleared for domain: bmkenya.itserver.biz
[SUMMARY] Timing for bmkenya.itserver.biz:
{
  "page_load": {
    "current": 3.7,
    "average": 11.799999999999999,
    "values": [
      3.7,
      15.9,
      26.3,
      11.9,
      10.0,
      3.0
    ],
    "is_high": false
  },
  "login": {
    "current": 21.6,
    "average": 25.45,
    "values": [
      21.6,
      21.8,
      43.1,
      20.9,
      23.7,
      21.6
    ],
    "is_high": false
  },
  "features": {
    "Add Account Voucher": {
      "current": 19.6,
      "average": 14.0,
      "values": [
        19.6,
        10.8,
        16.7,
        11.1,
        12.6,
        13.2
      ],
      "is_high": true
    },
    "Sales Order": {
      "current": 8.2,
      "average": 4.566666666666666,
      "values": [
        8.2,
        4.0,
        4.4,
        1.8,
        5.5,
        3.5
      ],
      "is_high": true
    }
  },
  "scenario": {
    "current": 13.9,
    "average": 9.266666666666667,
    "values": [
      13.9,
      7.4,
      10.55,
      6.45,
      9.0,
      8.3
    ],
    "is_high": true
  }
}

[INFO] Server: bmkenya | Domain: bmkenya.itserver.biz
==================================================
[PASS] Add Account Voucher
[PASS] Sales Order

============================================================
COMPLETED DOMAIN: bmkenya.itserver.biz
============================================================

============================================================
STARTING DOMAIN: crm.cartzlink.com (Server: s15)
============================================================
[INFO] Running 1 feature files for domain 'crm.cartzlink.com':
    E:\shayan\tests\features\crm.cartzlink.com\dashboard.feature
[INFO] Domain = crm.cartzlink.com
[INFO] Starting browser and logging in for domain: crm.cartzlink.com
[INFO] Creating fresh browser instance for domain: crm.cartzlink.com
[INFO] Attempt 1/3: Creating Chrome driver...
[PASS] Chrome driver created successfully on attempt 1
[INFO] Attempt 1/3: Opening https://crm.cartzlink.com/admin/?r=user/user/login&_lang=en
[PASS] Page loaded successfully on attempt 1
[PASS] Opened URL: https://crm.cartzlink.com/admin/?r=user/user/login&_lang=en
[INFO] Testing refresh function for dashboard elements...
[PASS] Login successful - dashboard loaded with refresh function
[PASS] Login successful - dashboard loaded with fallback method
[INFO] Login completed. Page Load: 1.8s, Login: 18.5s
[INFO] Login successful for domain: crm.cartzlink.com
[INFO] Starting feature: Dash board
Feature: Dash board # features/crm.cartzlink.com/dashboard.feature:4
[INFO] Completed feature: Dash board
DEBUG: context.domain = crm.cartzlink.com
DEBUG: timing_summary = {'crm.cartzlink.com': {'Server': 's15', 'Page Load': 1.8, 'Login': 18.5, 'Features': {'Dash board': {'Feature': None, 'Scenario Timings': [{'name': 'Visit Dash board page', 'duration': 0.0, 'status': 'passed', 'failed_steps': []}], 'Failed Steps': []}}}}
PASS Feature: Dash board (0.0s)
[DEBUG] Writing timing summary for crm.cartzlink.com to E:\shayan\tests\timing_results\crm.cartzlink.com_timing.json

  @critical
  Scenario: Visit Dash board page  # features/crm.cartzlink.com/dashboard.feature:7

[INFO] Closing browser for domain: crm.cartzlink.com
[INFO] Browser closed successfully for domain: crm.cartzlink.com
[INFO] Browser instance cleared for domain: crm.cartzlink.com
[SUMMARY] Timing for crm.cartzlink.com:
{
  "page_load": {
    "current": 1.8,
    "average": 1.8833333333333335,
    "values": [
      1.8,
      0.9,
      1.1,
      1.3,
      4.1,
      2.1
    ],
    "is_high": false
  },
  "login": {
    "current": 18.5,
    "average": 19.016666666666666,
    "values": [
      18.5,
      18.3,
      20.4,
      18.1,
      18.0,
      20.8
    ],
    "is_high": false
  },
  "features": {
    "Dash board": {
      "current": 0.0,
      "average": 0.0,
      "values": [
        0.0,
        0.0,
        0.0,
        0.0,
        0.0,
        0.0
      ],
      "is_high": 0.0
    }
  },
  "scenario": {
    "current": 0.0,
    "average": 0.0,
    "values": [
      0.0,
      0.0,
      0.0,
      0.0,
      0.0,
      0.0
    ],
    "is_high": 0.0
  }
}

[INFO] Server: s15 | Domain: crm.cartzlink.com
==================================================
[PASS] Dash board

============================================================
COMPLETED DOMAIN: crm.cartzlink.com
============================================================

============================================================
STARTING DOMAIN: crm.tabrospharma.com (Server: TP)
============================================================
[INFO] Running 2 feature files for domain 'crm.tabrospharma.com':
    E:\shayan\tests\features\crm.tabrospharma.com\AccV.feature
    E:\shayan\tests\features\crm.tabrospharma.com\SO.feature
[INFO] Domain = crm.tabrospharma.com
[INFO] Starting browser and logging in for domain: crm.tabrospharma.com
[INFO] Creating fresh browser instance for domain: crm.tabrospharma.com
[INFO] Attempt 1/3: Creating Chrome driver...
[PASS] Chrome driver created successfully on attempt 1
[INFO] Attempt 1/3: Opening https://crm.tabrospharma.com/admin/?r=user/user/login&_lang=en
[PASS] Page loaded successfully on attempt 1
[PASS] Opened URL: https://crm.tabrospharma.com/admin/?r=user/user/login&_lang=en
[INFO] Testing refresh function for dashboard elements...
[PASS] Login successful - dashboard loaded with refresh function
[PASS] Login successful - dashboard loaded with fallback method
[INFO] Login completed. Page Load: 1.6s, Login: 26.5s
[INFO] Login successful for domain: crm.tabrospharma.com
[INFO] Starting feature: Add Account Voucher
Feature: Add Account Voucher # features/crm.tabrospharma.com/AccV.feature:4

  @critical
  Scenario: Visit Account Voucher Page and click on Edit btn  # features/crm.tabrospharma.com/AccV.feature:7
    Given we visit "accounts2"                                # features/steps/form_actions.py:36
    When we edit the top row                                  # features/steps/cartzlink_form.py:155
[INFO] Completed feature: Add Account Voucher
DEBUG: context.domain = crm.tabrospharma.com
DEBUG: timing_summary = {'crm.tabrospharma.com': {'Server': 'TP', 'Page Load': 1.6, 'Login': 26.5, 'Features': {'Add Account Voucher': {'Feature': None, 'Scenario Timings': [{'name': 'Visit Account Voucher Page and click on Edit btn', 'duration': 6.8, 'status': 'passed', 'failed_steps': []}], 'Failed Steps': []}}}}
PASS Feature: Add Account Voucher (6.8s)
[DEBUG] Writing timing summary for crm.tabrospharma.com to E:\shayan\tests\timing_results\crm.tabrospharma.com_timing.json

[INFO] Starting feature: Sales Order
Feature: Sales Order # features/crm.tabrospharma.com/SO.feature:4

  @critical
  Scenario: Visit Sales Order Page and click on Edit btn  # features/crm.tabrospharma.com/SO.feature:7
    Given we visit "orders/salesOrder"                    # features/steps/form_actions.py:36
    When we edit the top row                              # features/steps/cartzlink_form.py:155
[INFO] Completed feature: Sales Order
DEBUG: context.domain = crm.tabrospharma.com
DEBUG: timing_summary = {'crm.tabrospharma.com': {'Server': 'TP', 'Page Load': 1.6, 'Login': 26.5, 'Features': {'Add Account Voucher': {'Feature': 6.8, 'Scenario Timings': [{'name': 'Visit Account Voucher Page and click on Edit btn', 'duration': 6.8, 'status': 'passed', 'failed_steps': []}], 'Failed Steps': []}, 'Sales Order': {'Feature': None, 'Scenario Timings': [{'name': 'Visit Sales Order Page and click on Edit btn', 'duration': 6.9, 'status': 'passed', 'failed_steps': []}], 'Failed Steps': []}}}}
PASS Feature: Sales Order (6.9s)
[DEBUG] Writing timing summary for crm.tabrospharma.com to E:\shayan\tests\timing_results\crm.tabrospharma.com_timing.json

[INFO] Closing browser for domain: crm.tabrospharma.com
[INFO] Browser closed successfully for domain: crm.tabrospharma.com
[INFO] Browser instance cleared for domain: crm.tabrospharma.com
[SUMMARY] Timing for crm.tabrospharma.com:
{
  "page_load": {
    "current": 1.6,
    "average": 2.35,
    "values": [
      1.6,
      1.8,
      1.9,
      1.4,
      5.5,
      1.9
    ],
    "is_high": false
  },
  "login": {
    "current": 26.5,
    "average": 26.766666666666666,
    "values": [
      26.5,
      26.5,
      26.6,
      27.4,
      26.1,
      27.5
    ],
    "is_high": false
  },
  "features": {
    "Add Account Voucher": {
      "current": 6.8,
      "average": 7.466666666666668,
      "values": [
        6.8,
        6.9,
        7.5,
        7.4,
        6.9,
        9.3
      ],
      "is_high": false
    },
    "Sales Order": {
      "current": 6.9,
      "average": 7.6000000000000005,
      "values": [
        6.9,
        7.1,
        7.5,
        7.3,
        7.0,
        9.8
      ],
      "is_high": false
    }
  },
  "scenario": {
    "current": 6.85,
    "average": 7.533333333333334,
    "values": [
      6.85,
      7.0,
      7.5,
      7.35,
      6.95,
      9.55
    ],
    "is_high": false
  }
}

[INFO] Server: TP | Domain: crm.tabrospharma.com
==================================================
[PASS] Add Account Voucher
[PASS] Sales Order

============================================================
COMPLETED DOMAIN: crm.tabrospharma.com
============================================================

==================================================
[SUMMARY] FINAL TEST SUMMARY
==================================================

================================================================================
[CRITICAL] FAILURES AND PERFORMANCE ISSUES SUMMARY
================================================================================

SLOW TESTS (5 total):
--------------------------------------------------
[SLOW] Page Load SLOW | metro crm | mt.itserver.biz
   Time: 31.70s | Above 7-day average (12.5s)
[SLOW] Feature SLOW | s13 | gta.cartzlink.com
   Feature: Sales Invoice
   Time: 32.30s | Above 7-day average (24.2s)
[SLOW] Page Load SLOW | FST | fst.itserver.biz
   Time: 4.50s | Above 7-day average (4.2s)
[SLOW] Feature SLOW | bmkenya | bmkenya.itserver.biz
   Feature: Add Account Voucher
   Time: 19.60s | Above 7-day average (14.0s)
[SLOW] Feature SLOW | bmkenya | bmkenya.itserver.biz
   Feature: Sales Order
   Time: 8.20s | Above 7-day average (4.6s)
================================================================================

[DEBUG] Getting 7-day data for domain: mt.itserver.biz
[DEBUG] Page load data: {'current': 31.7, 'average': 12.450000000000001, 'values': [31.7, 10.3, 20.8, 2.9, 7.2, 1.8], 'is_high': True}
[DEBUG] Formatted summary: 
Times (Last 6 Days): 31.7, 10.3, 20.8, 2.9, 7.2, 1.8
6-Day Avg: 12.5
Today: 31.7  Above 6-Day Avg
[DEBUG] Getting 7-day login data for domain: mt.itserver.biz
[DEBUG] Login data: {'current': 26.9, 'average': 27.683333333333334, 'values': [26.9, 26.4, 29.7, 29.5, 28.2, 25.4], 'is_high': False}
[DEBUG] Formatted login summary: 
Times (Last 6 Days): 26.9, 26.4, 29.7, 29.5, 28.2, 25.4
6-Day Avg: 27.7
Today: 26.9
[DEBUG] Getting 7-day data for domain: gta.cartzlink.com
[DEBUG] Page load data: {'current': 3.6, 'average': 6.8, 'values': [3.6, 14.7, 5.4, 4.2, 10.6, 2.3], 'is_high': False}
[DEBUG] Formatted summary: 
Times (Last 6 Days): 3.6, 14.7, 5.4, 4.2, 10.6, 2.3
6-Day Avg: 6.8
Today: 3.6
[DEBUG] Getting 7-day login data for domain: gta.cartzlink.com
[DEBUG] Login data: {'current': 19.2, 'average': 27.78333333333333, 'values': [19.2, 31.9, 30.2, 28.1, 28.3, 29.0], 'is_high': False}
[DEBUG] Formatted login summary: 
Times (Last 6 Days): 19.2, 31.9, 30.2, 28.1, 28.3, 29.0
6-Day Avg: 27.8
Today: 19.2
[DEBUG] Getting 7-day data for domain: fst.itserver.biz
[DEBUG] Page load data: {'current': 4.5, 'average': 4.233333333333333, 'values': [4.5, 3.5, 6.0, 2.9, 6.2, 2.3], 'is_high': True}
[DEBUG] Formatted summary: 
Times (Last 6 Days): 4.5, 3.5, 6.0, 2.9, 6.2, 2.3
6-Day Avg: 4.2
Today: 4.5  Above 6-Day Avg
[DEBUG] Getting 7-day login data for domain: fst.itserver.biz
[DEBUG] Login data: {'current': 23.6, 'average': 51.56666666666666, 'values': [23.6, 21.3, 23.0, 21.0, 201.1, 19.4], 'is_high': False}
[DEBUG] Formatted login summary: 
Times (Last 6 Days): 23.6, 21.3, 23.0, 21.0, 201.1, 19.4
6-Day Avg: 51.6
Today: 23.6
[DEBUG] Getting 7-day data for domain: cam.itserver.biz
[DEBUG] Page load data: {'current': 3.8, 'average': 6.8500000000000005, 'values': [3.8, 4.8, 4.0, 10.6, 13.8, 4.1], 'is_high': False}
[DEBUG] Formatted summary: 
Times (Last 6 Days): 3.8, 4.8, 4.0, 10.6, 13.8, 4.1
6-Day Avg: 6.9
Today: 3.8
[DEBUG] Getting 7-day login data for domain: cam.itserver.biz
[DEBUG] Login data: {'current': 19.5, 'average': 23.849999999999998, 'values': [19.5, 19.9, 22.6, 25.9, 34.0, 21.2], 'is_high': False}
[DEBUG] Formatted login summary: 
Times (Last 6 Days): 19.5, 19.9, 22.6, 25.9, 34.0, 21.2
6-Day Avg: 23.8
Today: 19.5
[DEBUG] Getting 7-day data for domain: bmkenya.itserver.biz
[DEBUG] Page load data: {'current': 3.7, 'average': 11.799999999999999, 'values': [3.7, 15.9, 26.3, 11.9, 10.0, 3.0], 'is_high': False}
[DEBUG] Formatted summary: 
Times (Last 6 Days): 3.7, 15.9, 26.3, 11.9, 10.0, 3.0
6-Day Avg: 11.8
Today: 3.7
[DEBUG] Getting 7-day login data for domain: bmkenya.itserver.biz
[DEBUG] Login data: {'current': 21.6, 'average': 25.45, 'values': [21.6, 21.8, 43.1, 20.9, 23.7, 21.6], 'is_high': False}
[DEBUG] Formatted login summary: 
Times (Last 6 Days): 21.6, 21.8, 43.1, 20.9, 23.7, 21.6
6-Day Avg: 25.4
Today: 21.6
[DEBUG] Getting 7-day data for domain: crm.cartzlink.com
[DEBUG] Page load data: {'current': 1.8, 'average': 1.8833333333333335, 'values': [1.8, 0.9, 1.1, 1.3, 4.1, 2.1], 'is_high': False}
[DEBUG] Formatted summary: 
Times (Last 6 Days): 1.8, 0.9, 1.1, 1.3, 4.1, 2.1
6-Day Avg: 1.9
Today: 1.8
[DEBUG] Getting 7-day login data for domain: crm.cartzlink.com
[DEBUG] Login data: {'current': 18.5, 'average': 19.016666666666666, 'values': [18.5, 18.3, 20.4, 18.1, 18.0, 20.8], 'is_high': False}
[DEBUG] Formatted login summary: 
Times (Last 6 Days): 18.5, 18.3, 20.4, 18.1, 18.0, 20.8
6-Day Avg: 19.0
Today: 18.5
[DEBUG] Getting 7-day data for domain: crm.tabrospharma.com
[DEBUG] Page load data: {'current': 1.6, 'average': 2.35, 'values': [1.6, 1.8, 1.9, 1.4, 5.5, 1.9], 'is_high': False}
[DEBUG] Formatted summary: 
Times (Last 6 Days): 1.6, 1.8, 1.9, 1.4, 5.5, 1.9
6-Day Avg: 2.4
Today: 1.6
[DEBUG] Getting 7-day login data for domain: crm.tabrospharma.com
[DEBUG] Login data: {'current': 26.5, 'average': 26.766666666666666, 'values': [26.5, 26.5, 26.6, 27.4, 26.1, 27.5], 'is_high': False}
[DEBUG] Formatted login summary: 
Times (Last 6 Days): 26.5, 26.5, 26.6, 27.4, 26.1, 27.5
6-Day Avg: 26.8
Today: 26.5

[INFO] Server: metro crm | Domain: mt.itserver.biz
[INFO] Features executed:
    Sales Order
==================================================
[PASS] Page Load (31.70s)  Above 7-Day Avg

Times (Last 6 Days): 31.7, 10.3, 20.8, 2.9, 7.2, 1.8
6-Day Avg: 12.5
Today: 31.7  Above 6-Day Avg
[PASS] Login (26.90s)

Times (Last 6 Days): 26.9, 26.4, 29.7, 29.5, 28.2, 25.4
6-Day Avg: 27.7
Today: 26.9

[INFO] Feature: Sales Order
[PASS] Feature: Sales Order (10.20s)

Times (Last 6 Days): 10.2, 10.1, 11.3, 10.7, 10.4, 23.5
6-Day Avg: 12.7
Today: 10.2
[PASS] Scenario: Visit Sales order page and click on edit btn (10.20s)

[INFO] Server: s13 | Domain: gta.cartzlink.com
[INFO] Features executed:
    Add Account Voucher
    Sales Invoice
==================================================
[PASS] Page Load (3.60s)

Times (Last 6 Days): 3.6, 14.7, 5.4, 4.2, 10.6, 2.3
6-Day Avg: 6.8
Today: 3.6
[PASS] Login (19.20s)

Times (Last 6 Days): 19.2, 31.9, 30.2, 28.1, 28.3, 29.0
6-Day Avg: 27.8
Today: 19.2

[INFO] Feature: Add Account Voucher
[PASS] Feature: Add Account Voucher (13.30s)

Times (Last 6 Days): 13.3, 14.4, 13.9, 13.0, 13.2, 17.0
6-Day Avg: 14.1
Today: 13.3
[PASS] Scenario: Visit Account Voucher Page and click on Edit btn (13.30s)
[INFO] Feature: Sales Invoice
[PASS] Feature: Sales Invoice (32.30s)  Above 7-Day Avg

Times (Last 6 Days): 32.3, 21.2, 21.6, 17.7, 15.1, 37.0
6-Day Avg: 24.2
Today: 32.3  Above 6-Day Avg
[PASS] Scenario: Sales Invoice page (32.30s)

[INFO] Server: FST | Domain: fst.itserver.biz
[INFO] Features executed:
    Sales Order
==================================================
[PASS] Page Load (4.50s)  Above 7-Day Avg

Times (Last 6 Days): 4.5, 3.5, 6.0, 2.9, 6.2, 2.3
6-Day Avg: 4.2
Today: 4.5  Above 6-Day Avg
[PASS] Login (23.60s)

Times (Last 6 Days): 23.6, 21.3, 23.0, 21.0, 201.1, 19.4
6-Day Avg: 51.6
Today: 23.6

[INFO] Feature: Sales Order
[PASS] Feature: Sales Order (13.70s)

Times (Last 6 Days): 13.7, 13.5, 13.9, 13.6, 19.3, 50.9
6-Day Avg: 20.8
Today: 13.7
[PASS] Scenario: Visit Sales order page and click on Edit btn (13.70s)

[INFO] Server: metro cam | Domain: cam.itserver.biz
[INFO] Features executed:
    Add Account Voucher
    Gatepass
    Purchase Invoice
    Production Order FSTUser
==================================================
[PASS] Page Load (3.80s)

Times (Last 6 Days): 3.8, 4.8, 4.0, 10.6, 13.8, 4.1
6-Day Avg: 6.9
Today: 3.8
[PASS] Login (19.50s)

Times (Last 6 Days): 19.5, 19.9, 22.6, 25.9, 34.0, 21.2
6-Day Avg: 23.8
Today: 19.5

[INFO] Feature: Add Account Voucher
[PASS] Feature: Add Account Voucher (8.00s)

Times (Last 6 Days): 8.0, 8.1, 10.0, 9.4, 17.5, 9.4
6-Day Avg: 10.4
Today: 8.0
[PASS] Scenario: Visit Account Voucher Page and click on Edit btn (8.00s)
[INFO] Feature: Gatepass
[PASS] Feature: Gatepass (13.20s)

Times (Last 6 Days): 13.2, 14.5, 15.3, 20.5, 117.4, 49.6
6-Day Avg: 38.4
Today: 13.2
[PASS] Scenario: Visit Gate pass Page and click on Edit btn (13.20s)
[INFO] Feature: Purchase Invoice
[PASS] Feature: Purchase Invoice (14.00s)

Times (Last 6 Days): 14.0, 14.6, 21.1, 18.6, 63.2, 54.7
6-Day Avg: 31.0
Today: 14.0
[PASS] Scenario: Visit Purchase invoice Page and click on Edit btn (14.00s)
[INFO] Feature: Production Order FSTUser
[PASS] Feature: Production Order FSTUser (8.90s)

Times (Last 6 Days): 8.9, 8.8, 8.3, 14.2, 14.5, 15.1
6-Day Avg: 11.6
Today: 8.9
[PASS] Scenario: Visit Production order page and click on Edit btn (8.90s)

[INFO] Server: bmkenya | Domain: bmkenya.itserver.biz
[INFO] Features executed:
    Add Account Voucher
    Sales Order
==================================================
[PASS] Page Load (3.70s)

Times (Last 6 Days): 3.7, 15.9, 26.3, 11.9, 10.0, 3.0
6-Day Avg: 11.8
Today: 3.7
[PASS] Login (21.60s)

Times (Last 6 Days): 21.6, 21.8, 43.1, 20.9, 23.7, 21.6
6-Day Avg: 25.4
Today: 21.6

[INFO] Feature: Add Account Voucher
[PASS] Feature: Add Account Voucher (19.60s)  Above 7-Day Avg

Times (Last 6 Days): 19.6, 10.8, 16.7, 11.1, 12.6, 13.2
6-Day Avg: 14.0
Today: 19.6  Above 6-Day Avg
[PASS] Scenario: Visit Account Voucher Page and click on Edit btn (19.60s)
[INFO] Feature: Sales Order
[PASS] Feature: Sales Order (8.20s)  Above 7-Day Avg

Times (Last 6 Days): 8.2, 4.0, 4.4, 1.8, 5.5, 3.5
6-Day Avg: 4.6
Today: 8.2  Above 6-Day Avg
[PASS] Scenario: Visit Sales order page (8.20s)

[INFO] Server: s15 | Domain: crm.cartzlink.com
[INFO] Features executed:
    Dash board
==================================================
[PASS] Page Load (1.80s)

Times (Last 6 Days): 1.8, 0.9, 1.1, 1.3, 4.1, 2.1
6-Day Avg: 1.9
Today: 1.8
[PASS] Login (18.50s)

Times (Last 6 Days): 18.5, 18.3, 20.4, 18.1, 18.0, 20.8
6-Day Avg: 19.0
Today: 18.5

[INFO] Feature: Dash board
[PASS] Feature: Dash board (0.00s)

Times (Last 6 Days): 0.0, 0.0, 0.0, 0.0, 0.0, 0.0
6-Day Avg: 0.0
Today: 0.0
[PASS] Scenario: Visit Dash board page (0.00s)

[INFO] Server: TP | Domain: crm.tabrospharma.com
[INFO] Features executed:
    Add Account Voucher
    Sales Order
==================================================
[PASS] Page Load (1.60s)

Times (Last 6 Days): 1.6, 1.8, 1.9, 1.4, 5.5, 1.9
6-Day Avg: 2.4
Today: 1.6
[PASS] Login (26.50s)

Times (Last 6 Days): 26.5, 26.5, 26.6, 27.4, 26.1, 27.5
6-Day Avg: 26.8
Today: 26.5

[INFO] Feature: Add Account Voucher
[PASS] Feature: Add Account Voucher (6.80s)

Times (Last 6 Days): 6.8, 6.9, 7.5, 7.4, 6.9, 9.3
6-Day Avg: 7.5
Today: 6.8
[PASS] Scenario: Visit Account Voucher Page and click on Edit btn (6.80s)
[INFO] Feature: Sales Order
[PASS] Feature: Sales Order (6.90s)

Times (Last 6 Days): 6.9, 7.1, 7.5, 7.3, 7.0, 9.8
6-Day Avg: 7.6
Today: 6.9
[PASS] Scenario: Visit Sales Order Page and click on Edit btn (6.90s)
[PASS] Test summary email sent successfully.
Finished at Sat 10/04/2025 20:07:17.40 
========================================= 
