========================================= 
Behave Run Started at Tue 09/30/2025 11:00:00.23 
========================================= 

============================================================
STARTING DOMAIN: mt.itserver.biz (Server: metro crm)
============================================================
[INFO] Running 1 feature files for domain 'mt.itserver.biz':
    E:\shayan\tests\features\mt.itserver.biz\SO.feature
[INFO] Domain = mt.itserver.biz
[INFO] Starting browser and logging in for domain: mt.itserver.biz
[INFO] Creating fresh browser instance for domain: mt.itserver.biz
[INFO] Attempt 1/5: Creating Chrome driver...
[INFO] Applying performance optimizations for problematic domain: mt.itserver.biz
[PASS] Chrome driver created successfully on attempt 1
[INFO] Attempt 1/5: Opening https://mt.itserver.biz/admin/?r=user/user/login&_lang=en
[PASS] Page loaded successfully on attempt 1
[PASS] Opened URL: https://mt.itserver.biz/admin/?r=user/user/login&_lang=en
[INFO] Testing refresh function for dashboard elements...
[PASS] Login successful - dashboard loaded with refresh function
[PASS] Login successful - dashboard loaded with fallback method
[INFO] Login completed. Page Load: 2.9s, Login: 29.5s
[INFO] Login successful for domain: mt.itserver.biz
[INFO] Starting feature: Sales Order
Feature: Sales Order # features/mt.itserver.biz/SO.feature:4

  @critical
  Scenario: Visit Sales order page and click on edit btn  # features/mt.itserver.biz/SO.feature:7
    Given we visit "orders/SO2"                           # features/steps/form_actions.py:36
    When we edit the top row                              # features/steps/cartzlink_form.py:155
[INFO] Completed feature: Sales Order
DEBUG: context.domain = mt.itserver.biz
DEBUG: timing_summary = {'mt.itserver.biz': {'Server': 'metro crm', 'Page Load': 2.9, 'Login': 29.5, 'Features': {'Sales Order': {'Feature': None, 'Scenario Timings': [{'name': 'Visit Sales order page and click on edit btn', 'duration': 10.7, 'status': 'passed', 'failed_steps': []}], 'Failed Steps': []}}}}
PASS Feature: Sales Order (10.7s)
[DEBUG] Writing timing summary for mt.itserver.biz to E:\shayan\tests\timing_results\mt.itserver.biz_timing.json

[INFO] Closing browser for domain: mt.itserver.biz
[INFO] Browser closed successfully for domain: mt.itserver.biz
[INFO] Browser instance cleared for domain: mt.itserver.biz
[SUMMARY] Timing for mt.itserver.biz:
{
  "page_load": {
    "current": 2.9,
    "average": 6.14,
    "values": [
      2.9,
      7.2,
      1.8,
      1.9,
      16.9
    ],
    "is_high": false
  },
  "login": {
    "current": 29.5,
    "average": 26.78,
    "values": [
      29.5,
      28.2,
      25.4,
      25.1,
      25.7
    ],
    "is_high": true
  },
  "features": {
    "Sales Order": {
      "current": 10.7,
      "average": 18.52,
      "values": [
        10.7,
        10.4,
        23.5,
        23.8,
        24.2
      ],
      "is_high": false
    }
  },
  "scenario": {
    "current": 10.7,
    "average": 18.52,
    "values": [
      10.7,
      10.4,
      23.5,
      23.8,
      24.2
    ],
    "is_high": false
  }
}

[INFO] Server: metro crm | Domain: mt.itserver.biz
==================================================
[PASS] Sales Order

============================================================
COMPLETED DOMAIN: mt.itserver.biz
============================================================

============================================================
STARTING DOMAIN: gta.cartzlink.com (Server: s13)
============================================================
[INFO] Running 2 feature files for domain 'gta.cartzlink.com':
    E:\shayan\tests\features\gta.cartzlink.com\AccV.feature
    E:\shayan\tests\features\gta.cartzlink.com\SI.feature
[INFO] Domain = gta.cartzlink.com
[INFO] Starting browser and logging in for domain: gta.cartzlink.com
[INFO] Creating fresh browser instance for domain: gta.cartzlink.com
[INFO] Attempt 1/3: Creating Chrome driver...
[PASS] Chrome driver created successfully on attempt 1
[INFO] Attempt 1/3: Opening https://gta.cartzlink.com/admin/?r=user/user/login&_lang=en
[PASS] Page loaded successfully on attempt 1
[PASS] Opened URL: https://gta.cartzlink.com/admin/?r=user/user/login&_lang=en
[INFO] Testing refresh function for dashboard elements...
[PASS] Login successful - dashboard loaded with refresh function
[PASS] Login successful - dashboard loaded with fallback method
[INFO] Login completed. Page Load: 4.2s, Login: 28.1s
[INFO] Login successful for domain: gta.cartzlink.com
[INFO] Starting feature: Add Account Voucher
Feature: Add Account Voucher # features/gta.cartzlink.com/AccV.feature:4

  @critical
  Scenario: Visit Account Voucher Page and click on Edit btn  # features/gta.cartzlink.com/AccV.feature:7
    Given we visit "accounts2"                                # features/steps/form_actions.py:36
    When we edit the top row                                  # features/steps/cartzlink_form.py:155
[INFO] Completed feature: Add Account Voucher
DEBUG: context.domain = gta.cartzlink.com
DEBUG: timing_summary = {'gta.cartzlink.com': {'Server': 's13', 'Page Load': 4.2, 'Login': 28.1, 'Features': {'Add Account Voucher': {'Feature': None, 'Scenario Timings': [{'name': 'Visit Account Voucher Page and click on Edit btn', 'duration': 13.0, 'status': 'passed', 'failed_steps': []}], 'Failed Steps': []}}}}
PASS Feature: Add Account Voucher (13.0s)
[DEBUG] Writing timing summary for gta.cartzlink.com to E:\shayan\tests\timing_results\gta.cartzlink.com_timing.json

[INFO] Starting feature: Sales Invoice
Feature: Sales Invoice # features/gta.cartzlink.com/SI.feature:1

  @critical
  Scenario: Sales Invoice page           # features/gta.cartzlink.com/SI.feature:4
    Given we visit "orders/salesInvoice" # features/steps/form_actions.py:36
    When we edit the top row             # features/steps/cartzlink_form.py:155
[INFO] Completed feature: Sales Invoice
DEBUG: context.domain = gta.cartzlink.com
DEBUG: timing_summary = {'gta.cartzlink.com': {'Server': 's13', 'Page Load': 4.2, 'Login': 28.1, 'Features': {'Add Account Voucher': {'Feature': 13.0, 'Scenario Timings': [{'name': 'Visit Account Voucher Page and click on Edit btn', 'duration': 13.0, 'status': 'passed', 'failed_steps': []}], 'Failed Steps': []}, 'Sales Invoice': {'Feature': None, 'Scenario Timings': [{'name': 'Sales Invoice page', 'duration': 17.7, 'status': 'passed', 'failed_steps': []}], 'Failed Steps': []}}}}
PASS Feature: Sales Invoice (17.7s)
[DEBUG] Writing timing summary for gta.cartzlink.com to E:\shayan\tests\timing_results\gta.cartzlink.com_timing.json

[INFO] Closing browser for domain: gta.cartzlink.com
[INFO] Browser closed successfully for domain: gta.cartzlink.com
[INFO] Browser instance cleared for domain: gta.cartzlink.com
[SUMMARY] Timing for gta.cartzlink.com:
{
  "page_load": {
    "current": 4.2,
    "average": 4.5200000000000005,
    "values": [
      4.2,
      10.6,
      2.3,
      2.6,
      2.9
    ],
    "is_high": false
  },
  "login": {
    "current": 28.1,
    "average": 28.860000000000003,
    "values": [
      28.1,
      28.3,
      29.0,
      29.7,
      29.2
    ],
    "is_high": false
  },
  "features": {
    "Add Account Voucher": {
      "current": 13.0,
      "average": 15.780000000000001,
      "values": [
        13.0,
        13.2,
        17.0,
        16.9,
        18.8
      ],
      "is_high": false
    },
    "Sales Invoice": {
      "current": 17.7,
      "average": 29.46,
      "values": [
        17.7,
        15.1,
        37.0,
        37.3,
        40.2
      ],
      "is_high": false
    }
  },
  "scenario": {
    "current": 15.35,
    "average": 22.619999999999997,
    "values": [
      15.35,
      14.149999999999999,
      27.0,
      27.099999999999998,
      29.5
    ],
    "is_high": false
  }
}

[INFO] Server: s13 | Domain: gta.cartzlink.com
==================================================
[PASS] Add Account Voucher
[PASS] Sales Invoice

============================================================
COMPLETED DOMAIN: gta.cartzlink.com
============================================================

============================================================
STARTING DOMAIN: fst.itserver.biz (Server: FST)
============================================================
[INFO] Running 1 feature files for domain 'fst.itserver.biz':
    E:\shayan\tests\features\fst.itserver.biz\SO.feature
[INFO] Domain = fst.itserver.biz
[INFO] Starting browser and logging in for domain: fst.itserver.biz
[INFO] Creating fresh browser instance for domain: fst.itserver.biz
[INFO] Attempt 1/3: Creating Chrome driver...
[PASS] Chrome driver created successfully on attempt 1
[INFO] Attempt 1/3: Opening https://fst.itserver.biz/admin/?r=user/user/login&_lang=en
[PASS] Page loaded successfully on attempt 1
[PASS] Opened URL: https://fst.itserver.biz/admin/?r=user/user/login&_lang=en
[INFO] Testing refresh function for dashboard elements...
[PASS] Login successful - dashboard loaded with refresh function
[PASS] Login successful - dashboard loaded with fallback method
[INFO] Login completed. Page Load: 2.9s, Login: 21.0s
[INFO] Login successful for domain: fst.itserver.biz
[INFO] Starting feature: Sales Order
Feature: Sales Order # features/fst.itserver.biz/SO.feature:4

  @critical
  Scenario: Visit Sales order page and click on Edit btn  # features/fst.itserver.biz/SO.feature:7
    Given we visit "orders/salesOrder"                    # features/steps/form_actions.py:36
    When we clear the from date and search                # features/steps/form_actions.py:82
[INFO] Completed feature: Sales Order
DEBUG: context.domain = fst.itserver.biz
DEBUG: timing_summary = {'fst.itserver.biz': {'Server': 'FST', 'Page Load': 2.9, 'Login': 21.0, 'Features': {'Sales Order': {'Feature': None, 'Scenario Timings': [{'name': 'Visit Sales order page and click on Edit btn', 'duration': 13.6, 'status': 'passed', 'failed_steps': []}], 'Failed Steps': []}}}}
PASS Feature: Sales Order (13.6s)
[DEBUG] Writing timing summary for fst.itserver.biz to E:\shayan\tests\timing_results\fst.itserver.biz_timing.json

[INFO] Closing browser for domain: fst.itserver.biz
[INFO] Browser closed successfully for domain: fst.itserver.biz
[INFO] Browser instance cleared for domain: fst.itserver.biz
[SUMMARY] Timing for fst.itserver.biz:
{
  "page_load": {
    "current": 2.9,
    "average": 4.816666666666666,
    "values": [
      2.9,
      6.2,
      2.3,
      2.8,
      4.6,
      10.1
    ],
    "is_high": false
  },
  "login": {
    "current": 21.0,
    "average": 51.15,
    "values": [
      21.0,
      201.1,
      19.4,
      22.5,
      22.1,
      20.8
    ],
    "is_high": false
  },
  "features": {
    "Sales Order": {
      "current": 13.6,
      "average": 43.78333333333333,
      "values": [
        13.6,
        19.3,
        50.9,
        53.1,
        51.1,
        74.7
      ],
      "is_high": false
    }
  },
  "scenario": {
    "current": 13.6,
    "average": 43.78333333333333,
    "values": [
      13.6,
      19.3,
      50.9,
      53.1,
      51.1,
      74.7
    ],
    "is_high": false
  }
}

[INFO] Server: FST | Domain: fst.itserver.biz
==================================================
[PASS] Sales Order

============================================================
COMPLETED DOMAIN: fst.itserver.biz
============================================================

============================================================
STARTING DOMAIN: cam.itserver.biz (Server: metro cam)
============================================================
[INFO] Running 4 feature files for domain 'cam.itserver.biz':
    E:\shayan\tests\features\cam.itserver.biz\AccV.feature
    E:\shayan\tests\features\cam.itserver.biz\GP.feature
    E:\shayan\tests\features\cam.itserver.biz\PI.feature
    E:\shayan\tests\features\cam.itserver.biz\SO.feature
[INFO] Domain = cam.itserver.biz
[INFO] Starting browser and logging in for domain: cam.itserver.biz
[INFO] Creating fresh browser instance for domain: cam.itserver.biz
[INFO] Attempt 1/3: Creating Chrome driver...
[PASS] Chrome driver created successfully on attempt 1
[INFO] Attempt 1/3: Opening https://cam.itserver.biz/admin/?r=user/user/login&_lang=en
[PASS] Page loaded successfully on attempt 1
[PASS] Opened URL: https://cam.itserver.biz/admin/?r=user/user/login&_lang=en
[INFO] Testing refresh function for dashboard elements...
[PASS] Login successful - dashboard loaded with refresh function
[PASS] Login successful - dashboard loaded with fallback method
[INFO] Login completed. Page Load: 10.6s, Login: 25.9s
[INFO] Login successful for domain: cam.itserver.biz
[INFO] Starting feature: Add Account Voucher
Feature: Add Account Voucher # features/cam.itserver.biz/AccV.feature:4

  @critical
  Scenario: Visit Account Voucher Page and click on Edit btn  # features/cam.itserver.biz/AccV.feature:7
    Given we visit "accounts2"                                # features/steps/form_actions.py:36
    When we edit the top row                                  # features/steps/cartzlink_form.py:155
[INFO] Completed feature: Add Account Voucher
DEBUG: context.domain = cam.itserver.biz
DEBUG: timing_summary = {'cam.itserver.biz': {'Server': 'metro cam', 'Page Load': 10.6, 'Login': 25.9, 'Features': {'Add Account Voucher': {'Feature': None, 'Scenario Timings': [{'name': 'Visit Account Voucher Page and click on Edit btn', 'duration': 9.4, 'status': 'passed', 'failed_steps': []}], 'Failed Steps': []}}}}
PASS Feature: Add Account Voucher (9.4s)
[DEBUG] Writing timing summary for cam.itserver.biz to E:\shayan\tests\timing_results\cam.itserver.biz_timing.json

[INFO] Starting feature: Gatepass
Feature: Gatepass # features/cam.itserver.biz/GP.feature:1

  @critical
  Scenario: Visit Gate pass Page and click on Edit btn  # features/cam.itserver.biz/GP.feature:4
    Given we visit "orders/deliveryChallanCAM"          # features/steps/form_actions.py:36
    When we edit the top row                            # features/steps/cartzlink_form.py:155
[INFO] Completed feature: Gatepass
DEBUG: context.domain = cam.itserver.biz
DEBUG: timing_summary = {'cam.itserver.biz': {'Server': 'metro cam', 'Page Load': 10.6, 'Login': 25.9, 'Features': {'Add Account Voucher': {'Feature': 9.4, 'Scenario Timings': [{'name': 'Visit Account Voucher Page and click on Edit btn', 'duration': 9.4, 'status': 'passed', 'failed_steps': []}], 'Failed Steps': []}, 'Gatepass': {'Feature': None, 'Scenario Timings': [{'name': 'Visit Gate pass Page and click on Edit btn', 'duration': 20.5, 'status': 'passed', 'failed_steps': []}], 'Failed Steps': []}}}}
PASS Feature: Gatepass (20.5s)
[DEBUG] Writing timing summary for cam.itserver.biz to E:\shayan\tests\timing_results\cam.itserver.biz_timing.json

[INFO] Starting feature: Purchase Invoice
Feature: Purchase Invoice # features/cam.itserver.biz/PI.feature:3

  @critical
  Scenario: Visit Purchase invoice Page and click on Edit btn  # features/cam.itserver.biz/PI.feature:6
    Given we visit "orders/purchaseInvoice"                    # features/steps/form_actions.py:36
    When we edit the top row                                   # features/steps/cartzlink_form.py:155
[INFO] Completed feature: Purchase Invoice
DEBUG: context.domain = cam.itserver.biz
DEBUG: timing_summary = {'cam.itserver.biz': {'Server': 'metro cam', 'Page Load': 10.6, 'Login': 25.9, 'Features': {'Add Account Voucher': {'Feature': 9.4, 'Scenario Timings': [{'name': 'Visit Account Voucher Page and click on Edit btn', 'duration': 9.4, 'status': 'passed', 'failed_steps': []}], 'Failed Steps': []}, 'Gatepass': {'Feature': 20.5, 'Scenario Timings': [{'name': 'Visit Gate pass Page and click on Edit btn', 'duration': 20.5, 'status': 'passed', 'failed_steps': []}], 'Failed Steps': []}, 'Purchase Invoice': {'Feature': None, 'Scenario Timings': [{'name': 'Visit Purchase invoice Page and click on Edit btn', 'duration': 18.6, 'status': 'passed', 'failed_steps': []}], 'Failed Steps': []}}}}
PASS Feature: Purchase Invoice (18.6s)
[DEBUG] Writing timing summary for cam.itserver.biz to E:\shayan\tests\timing_results\cam.itserver.biz_timing.json

[INFO] Starting feature: Production Order FSTUser
Feature: Production Order FSTUser # features/cam.itserver.biz/SO.feature:4

  @critical
  Scenario: Visit Production order page and click on Edit btn  # features/cam.itserver.biz/SO.feature:7
    Given we visit "orders/SalesOrderFSTUser"                  # features/steps/form_actions.py:36
    When we edit the top row                                   # features/steps/cartzlink_form.py:155
[INFO] Completed feature: Production Order FSTUser
DEBUG: context.domain = cam.itserver.biz
DEBUG: timing_summary = {'cam.itserver.biz': {'Server': 'metro cam', 'Page Load': 10.6, 'Login': 25.9, 'Features': {'Add Account Voucher': {'Feature': 9.4, 'Scenario Timings': [{'name': 'Visit Account Voucher Page and click on Edit btn', 'duration': 9.4, 'status': 'passed', 'failed_steps': []}], 'Failed Steps': []}, 'Gatepass': {'Feature': 20.5, 'Scenario Timings': [{'name': 'Visit Gate pass Page and click on Edit btn', 'duration': 20.5, 'status': 'passed', 'failed_steps': []}], 'Failed Steps': []}, 'Purchase Invoice': {'Feature': 18.6, 'Scenario Timings': [{'name': 'Visit Purchase invoice Page and click on Edit btn', 'duration': 18.6, 'status': 'passed', 'failed_steps': []}], 'Failed Steps': []}, 'Production Order FSTUser': {'Feature': None, 'Scenario Timings': [{'name': 'Visit Production order page and click on Edit btn', 'duration': 14.2, 'status': 'passed', 'failed_steps': []}], 'Failed Steps': []}}}}
PASS Feature: Production Order FSTUser (14.2s)
[DEBUG] Writing timing summary for cam.itserver.biz to E:\shayan\tests\timing_results\cam.itserver.biz_timing.json

[INFO] Closing browser for domain: cam.itserver.biz
[INFO] Browser closed successfully for domain: cam.itserver.biz
[INFO] Browser instance cleared for domain: cam.itserver.biz
[SUMMARY] Timing for cam.itserver.biz:
{
  "page_load": {
    "current": 10.6,
    "average": 7.06,
    "values": [
      10.6,
      13.8,
      4.1,
      3.3,
      3.5
    ],
    "is_high": true
  },
  "login": {
    "current": 25.9,
    "average": 25.639999999999997,
    "values": [
      25.9,
      34.0,
      21.2,
      21.0,
      26.1
    ],
    "is_high": true
  },
  "features": {
    "Add Account Voucher": {
      "current": 9.4,
      "average": 11.32,
      "values": [
        9.4,
        17.5,
        9.4,
        9.4,
        10.9
      ],
      "is_high": false
    },
    "Gatepass": {
      "current": 20.5,
      "average": 57.760000000000005,
      "values": [
        20.5,
        117.4,
        49.6,
        48.6,
        52.7
      ],
      "is_high": false
    },
    "Purchase Invoice": {
      "current": 18.6,
      "average": 50.480000000000004,
      "values": [
        18.6,
        63.2,
        54.7,
        57.0,
        58.9
      ],
      "is_high": false
    },
    "Production Order FSTUser": {
      "current": 14.2,
      "average": 15.3,
      "values": [
        14.2,
        14.5,
        15.1,
        15.8,
        16.9
      ],
      "is_high": false
    }
  },
  "scenario": {
    "current": 15.675,
    "average": 33.71,
    "values": [
      15.675,
      53.150000000000006,
      32.2,
      32.675,
      34.85
    ],
    "is_high": false
  }
}

[INFO] Server: metro cam | Domain: cam.itserver.biz
==================================================
[PASS] Add Account Voucher
[PASS] Gatepass
[PASS] Purchase Invoice
[PASS] Production Order FSTUser

============================================================
COMPLETED DOMAIN: cam.itserver.biz
============================================================

============================================================
STARTING DOMAIN: bmkenya.itserver.biz (Server: bmkenya)
============================================================
[INFO] Running 2 feature files for domain 'bmkenya.itserver.biz':
    E:\shayan\tests\features\bmkenya.itserver.biz\AccV.feature
    E:\shayan\tests\features\bmkenya.itserver.biz\SO.feature
[INFO] Domain = bmkenya.itserver.biz
[INFO] Starting browser and logging in for domain: bmkenya.itserver.biz
[INFO] Creating fresh browser instance for domain: bmkenya.itserver.biz
[INFO] Attempt 1/3: Creating Chrome driver...
[PASS] Chrome driver created successfully on attempt 1
[INFO] Attempt 1/3: Opening https://bmkenya.itserver.biz/admin/?r=user/user/login&_lang=en
[PASS] Page loaded successfully on attempt 1
[PASS] Opened URL: https://bmkenya.itserver.biz/admin/?r=user/user/login&_lang=en
[INFO] Testing refresh function for dashboard elements...
[PASS] Login successful - dashboard loaded with refresh function
[PASS] Login successful - dashboard loaded with fallback method
[INFO] Login completed. Page Load: 11.9s, Login: 20.9s
[INFO] Login successful for domain: bmkenya.itserver.biz
[INFO] Starting feature: Add Account Voucher
Feature: Add Account Voucher # features/bmkenya.itserver.biz/AccV.feature:4

  @critical
  Scenario: Visit Account Voucher Page and click on Edit btn  # features/bmkenya.itserver.biz/AccV.feature:7
    Given we visit "accounts2"                                # features/steps/form_actions.py:36
    When we edit the top row                                  # features/steps/cartzlink_form.py:155
[INFO] Completed feature: Add Account Voucher
DEBUG: context.domain = bmkenya.itserver.biz
DEBUG: timing_summary = {'bmkenya.itserver.biz': {'Server': 'bmkenya', 'Page Load': 11.9, 'Login': 20.9, 'Features': {'Add Account Voucher': {'Feature': None, 'Scenario Timings': [{'name': 'Visit Account Voucher Page and click on Edit btn', 'duration': 11.1, 'status': 'passed', 'failed_steps': []}], 'Failed Steps': []}}}}
PASS Feature: Add Account Voucher (11.1s)
[DEBUG] Writing timing summary for bmkenya.itserver.biz to E:\shayan\tests\timing_results\bmkenya.itserver.biz_timing.json

[INFO] Starting feature: Sales Order
Feature: Sales Order # features/bmkenya.itserver.biz/SO.feature:4

  @critical
  Scenario: Visit Sales order page     # features/bmkenya.itserver.biz/SO.feature:7
    Given we visit "orders/salesOrder" # features/steps/form_actions.py:36
[INFO] Completed feature: Sales Order
DEBUG: context.domain = bmkenya.itserver.biz
DEBUG: timing_summary = {'bmkenya.itserver.biz': {'Server': 'bmkenya', 'Page Load': 11.9, 'Login': 20.9, 'Features': {'Add Account Voucher': {'Feature': 11.1, 'Scenario Timings': [{'name': 'Visit Account Voucher Page and click on Edit btn', 'duration': 11.1, 'status': 'passed', 'failed_steps': []}], 'Failed Steps': []}, 'Sales Order': {'Feature': None, 'Scenario Timings': [{'name': 'Visit Sales order page', 'duration': 1.8, 'status': 'passed', 'failed_steps': []}], 'Failed Steps': []}}}}
PASS Feature: Sales Order (1.8s)
[DEBUG] Writing timing summary for bmkenya.itserver.biz to E:\shayan\tests\timing_results\bmkenya.itserver.biz_timing.json

[INFO] Closing browser for domain: bmkenya.itserver.biz
[INFO] Browser closed successfully for domain: bmkenya.itserver.biz
[INFO] Browser instance cleared for domain: bmkenya.itserver.biz
[SUMMARY] Timing for bmkenya.itserver.biz:
{
  "page_load": {
    "current": 11.9,
    "average": 10.540000000000001,
    "values": [
      11.9,
      10.0,
      3.0,
      11.4,
      16.4
    ],
    "is_high": true
  },
  "login": {
    "current": 20.9,
    "average": 21.52,
    "values": [
      20.9,
      23.7,
      21.6,
      20.9,
      20.5
    ],
    "is_high": false
  },
  "features": {
    "Add Account Voucher": {
      "current": 11.1,
      "average": 10.52,
      "values": [
        11.1,
        12.6,
        13.2,
        12.7,
        3.0
      ],
      "is_high": true
    },
    "Sales Order": {
      "current": 1.8,
      "average": 4.04,
      "values": [
        1.8,
        5.5,
        3.5,
        4.6,
        4.8
      ],
      "is_high": false
    }
  },
  "scenario": {
    "current": 6.45,
    "average": 7.26,
    "values": [
      6.45,
      9.0,
      8.3,
      8.649999999999999,
      3.9
    ],
    "is_high": false
  }
}

[INFO] Server: bmkenya | Domain: bmkenya.itserver.biz
==================================================
[PASS] Add Account Voucher
[PASS] Sales Order

============================================================
COMPLETED DOMAIN: bmkenya.itserver.biz
============================================================

============================================================
STARTING DOMAIN: crm.cartzlink.com (Server: s15)
============================================================
[INFO] Running 1 feature files for domain 'crm.cartzlink.com':
    E:\shayan\tests\features\crm.cartzlink.com\dashboard.feature
[INFO] Domain = crm.cartzlink.com
[INFO] Starting browser and logging in for domain: crm.cartzlink.com
[INFO] Creating fresh browser instance for domain: crm.cartzlink.com
[INFO] Attempt 1/3: Creating Chrome driver...
[PASS] Chrome driver created successfully on attempt 1
[INFO] Attempt 1/3: Opening https://crm.cartzlink.com/admin/?r=user/user/login&_lang=en
[PASS] Page loaded successfully on attempt 1
[PASS] Opened URL: https://crm.cartzlink.com/admin/?r=user/user/login&_lang=en
[INFO] Testing refresh function for dashboard elements...
[PASS] Login successful - dashboard loaded with refresh function
[PASS] Login successful - dashboard loaded with fallback method
[INFO] Login completed. Page Load: 1.3s, Login: 18.1s
[INFO] Login successful for domain: crm.cartzlink.com
[INFO] Starting feature: Dash board
Feature: Dash board # features/crm.cartzlink.com/dashboard.feature:4
[INFO] Completed feature: Dash board
DEBUG: context.domain = crm.cartzlink.com
DEBUG: timing_summary = {'crm.cartzlink.com': {'Server': 's15', 'Page Load': 1.3, 'Login': 18.1, 'Features': {'Dash board': {'Feature': None, 'Scenario Timings': [{'name': 'Visit Dash board page', 'duration': 0.0, 'status': 'passed', 'failed_steps': []}], 'Failed Steps': []}}}}
PASS Feature: Dash board (0.0s)
[DEBUG] Writing timing summary for crm.cartzlink.com to E:\shayan\tests\timing_results\crm.cartzlink.com_timing.json

  @critical
  Scenario: Visit Dash board page  # features/crm.cartzlink.com/dashboard.feature:7

[INFO] Closing browser for domain: crm.cartzlink.com
[INFO] Browser closed successfully for domain: crm.cartzlink.com
[INFO] Browser instance cleared for domain: crm.cartzlink.com
[SUMMARY] Timing for crm.cartzlink.com:
{
  "page_load": {
    "current": 1.3,
    "average": 2.08,
    "values": [
      1.3,
      4.1,
      2.1,
      1.3,
      1.6
    ],
    "is_high": false
  },
  "login": {
    "current": 18.1,
    "average": 19.28,
    "values": [
      18.1,
      18.0,
      20.8,
      19.4,
      20.1
    ],
    "is_high": false
  },
  "features": {
    "Dash board": {
      "current": 0.0,
      "average": 0.0,
      "values": [
        0.0,
        0.0,
        0.0,
        0.0,
        0.0
      ],
      "is_high": 0.0
    }
  },
  "scenario": {
    "current": 0.0,
    "average": 0.0,
    "values": [
      0.0,
      0.0,
      0.0,
      0.0,
      0.0
    ],
    "is_high": 0.0
  }
}

[INFO] Server: s15 | Domain: crm.cartzlink.com
==================================================
[PASS] Dash board

============================================================
COMPLETED DOMAIN: crm.cartzlink.com
============================================================

============================================================
STARTING DOMAIN: crm.tabrospharma.com (Server: TP)
============================================================
[INFO] Running 2 feature files for domain 'crm.tabrospharma.com':
    E:\shayan\tests\features\crm.tabrospharma.com\AccV.feature
    E:\shayan\tests\features\crm.tabrospharma.com\SO.feature
[INFO] Domain = crm.tabrospharma.com
[INFO] Starting browser and logging in for domain: crm.tabrospharma.com
[INFO] Creating fresh browser instance for domain: crm.tabrospharma.com
[INFO] Attempt 1/3: Creating Chrome driver...
[PASS] Chrome driver created successfully on attempt 1
[INFO] Attempt 1/3: Opening https://crm.tabrospharma.com/admin/?r=user/user/login&_lang=en
[PASS] Page loaded successfully on attempt 1
[PASS] Opened URL: https://crm.tabrospharma.com/admin/?r=user/user/login&_lang=en
[INFO] Testing refresh function for dashboard elements...
[PASS] Login successful - dashboard loaded with refresh function
[PASS] Login successful - dashboard loaded with fallback method
[INFO] Login completed. Page Load: 1.4s, Login: 27.4s
[INFO] Login successful for domain: crm.tabrospharma.com
[INFO] Starting feature: Add Account Voucher
Feature: Add Account Voucher # features/crm.tabrospharma.com/AccV.feature:4

  @critical
  Scenario: Visit Account Voucher Page and click on Edit btn  # features/crm.tabrospharma.com/AccV.feature:7
    Given we visit "accounts2"                                # features/steps/form_actions.py:36
    When we edit the top row                                  # features/steps/cartzlink_form.py:155
[INFO] Completed feature: Add Account Voucher
DEBUG: context.domain = crm.tabrospharma.com
DEBUG: timing_summary = {'crm.tabrospharma.com': {'Server': 'TP', 'Page Load': 1.4, 'Login': 27.4, 'Features': {'Add Account Voucher': {'Feature': None, 'Scenario Timings': [{'name': 'Visit Account Voucher Page and click on Edit btn', 'duration': 7.4, 'status': 'passed', 'failed_steps': []}], 'Failed Steps': []}}}}
PASS Feature: Add Account Voucher (7.4s)
[DEBUG] Writing timing summary for crm.tabrospharma.com to E:\shayan\tests\timing_results\crm.tabrospharma.com_timing.json

[INFO] Starting feature: Sales Order
Feature: Sales Order # features/crm.tabrospharma.com/SO.feature:4

  @critical
  Scenario: Visit Sales Order Page and click on Edit btn  # features/crm.tabrospharma.com/SO.feature:7
    Given we visit "orders/salesOrder"                    # features/steps/form_actions.py:36
    When we edit the top row                              # features/steps/cartzlink_form.py:155
[INFO] Completed feature: Sales Order
DEBUG: context.domain = crm.tabrospharma.com
DEBUG: timing_summary = {'crm.tabrospharma.com': {'Server': 'TP', 'Page Load': 1.4, 'Login': 27.4, 'Features': {'Add Account Voucher': {'Feature': 7.4, 'Scenario Timings': [{'name': 'Visit Account Voucher Page and click on Edit btn', 'duration': 7.4, 'status': 'passed', 'failed_steps': []}], 'Failed Steps': []}, 'Sales Order': {'Feature': None, 'Scenario Timings': [{'name': 'Visit Sales Order Page and click on Edit btn', 'duration': 7.3, 'status': 'passed', 'failed_steps': []}], 'Failed Steps': []}}}}
PASS Feature: Sales Order (7.3s)
[DEBUG] Writing timing summary for crm.tabrospharma.com to E:\shayan\tests\timing_results\crm.tabrospharma.com_timing.json

[INFO] Closing browser for domain: crm.tabrospharma.com
[INFO] Browser closed successfully for domain: crm.tabrospharma.com
[INFO] Browser instance cleared for domain: crm.tabrospharma.com
[SUMMARY] Timing for crm.tabrospharma.com:
{
  "page_load": {
    "current": 1.4,
    "average": 2.7399999999999998,
    "values": [
      1.4,
      5.5,
      1.9,
      1.6,
      3.3
    ],
    "is_high": false
  },
  "login": {
    "current": 27.4,
    "average": 27.439999999999998,
    "values": [
      27.4,
      26.1,
      27.5,
      27.4,
      28.8
    ],
    "is_high": false
  },
  "features": {
    "Add Account Voucher": {
      "current": 7.4,
      "average": 8.7,
      "values": [
        7.4,
        6.9,
        9.3,
        9.0,
        10.9
      ],
      "is_high": false
    },
    "Sales Order": {
      "current": 7.3,
      "average": 9.120000000000001,
      "values": [
        7.3,
        7.0,
        9.8,
        10.0,
        11.5
      ],
      "is_high": false
    }
  },
  "scenario": {
    "current": 7.35,
    "average": 8.91,
    "values": [
      7.35,
      6.95,
      9.55,
      9.5,
      11.2
    ],
    "is_high": false
  }
}

[INFO] Server: TP | Domain: crm.tabrospharma.com
==================================================
[PASS] Add Account Voucher
[PASS] Sales Order

============================================================
COMPLETED DOMAIN: crm.tabrospharma.com
============================================================

==================================================
[SUMMARY] FINAL TEST SUMMARY
==================================================

================================================================================
[CRITICAL] FAILURES AND PERFORMANCE ISSUES SUMMARY
================================================================================

SLOW TESTS (5 total):
--------------------------------------------------
[SLOW] Login SLOW | metro crm | mt.itserver.biz
   Time: 29.50s | Above 7-day average (26.8s)
[SLOW] Page Load SLOW | metro cam | cam.itserver.biz
   Time: 10.60s | Above 7-day average (7.1s)
[SLOW] Login SLOW | metro cam | cam.itserver.biz
   Time: 25.90s | Above 7-day average (25.6s)
[SLOW] Page Load SLOW | bmkenya | bmkenya.itserver.biz
   Time: 11.90s | Above 7-day average (10.5s)
[SLOW] Feature SLOW | bmkenya | bmkenya.itserver.biz
   Feature: Add Account Voucher
   Time: 11.10s | Above 7-day average (10.5s)
================================================================================

[DEBUG] Getting 7-day data for domain: mt.itserver.biz
[DEBUG] Page load data: {'current': 2.9, 'average': 6.14, 'values': [2.9, 7.2, 1.8, 1.9, 16.9], 'is_high': False}
[DEBUG] Formatted summary: 
Times (Last 5 Days): 2.9, 7.2, 1.8, 1.9, 16.9
5-Day Avg: 6.1
Today: 2.9
[DEBUG] Getting 7-day login data for domain: mt.itserver.biz
[DEBUG] Login data: {'current': 29.5, 'average': 26.78, 'values': [29.5, 28.2, 25.4, 25.1, 25.7], 'is_high': True}
[DEBUG] Formatted login summary: 
Times (Last 5 Days): 29.5, 28.2, 25.4, 25.1, 25.7
5-Day Avg: 26.8
Today: 29.5  Above 5-Day Avg
[DEBUG] Getting 7-day data for domain: gta.cartzlink.com
[DEBUG] Page load data: {'current': 4.2, 'average': 4.5200000000000005, 'values': [4.2, 10.6, 2.3, 2.6, 2.9], 'is_high': False}
[DEBUG] Formatted summary: 
Times (Last 5 Days): 4.2, 10.6, 2.3, 2.6, 2.9
5-Day Avg: 4.5
Today: 4.2
[DEBUG] Getting 7-day login data for domain: gta.cartzlink.com
[DEBUG] Login data: {'current': 28.1, 'average': 28.860000000000003, 'values': [28.1, 28.3, 29.0, 29.7, 29.2], 'is_high': False}
[DEBUG] Formatted login summary: 
Times (Last 5 Days): 28.1, 28.3, 29.0, 29.7, 29.2
5-Day Avg: 28.9
Today: 28.1
[DEBUG] Getting 7-day data for domain: fst.itserver.biz
[DEBUG] Page load data: {'current': 2.9, 'average': 4.816666666666666, 'values': [2.9, 6.2, 2.3, 2.8, 4.6, 10.1], 'is_high': False}
[DEBUG] Formatted summary: 
Times (Last 6 Days): 2.9, 6.2, 2.3, 2.8, 4.6, 10.1
6-Day Avg: 4.8
Today: 2.9
[DEBUG] Getting 7-day login data for domain: fst.itserver.biz
[DEBUG] Login data: {'current': 21.0, 'average': 51.15, 'values': [21.0, 201.1, 19.4, 22.5, 22.1, 20.8], 'is_high': False}
[DEBUG] Formatted login summary: 
Times (Last 6 Days): 21.0, 201.1, 19.4, 22.5, 22.1, 20.8
6-Day Avg: 51.1
Today: 21.0
[DEBUG] Getting 7-day data for domain: cam.itserver.biz
[DEBUG] Page load data: {'current': 10.6, 'average': 7.06, 'values': [10.6, 13.8, 4.1, 3.3, 3.5], 'is_high': True}
[DEBUG] Formatted summary: 
Times (Last 5 Days): 10.6, 13.8, 4.1, 3.3, 3.5
5-Day Avg: 7.1
Today: 10.6  Above 5-Day Avg
[DEBUG] Getting 7-day login data for domain: cam.itserver.biz
[DEBUG] Login data: {'current': 25.9, 'average': 25.639999999999997, 'values': [25.9, 34.0, 21.2, 21.0, 26.1], 'is_high': True}
[DEBUG] Formatted login summary: 
Times (Last 5 Days): 25.9, 34.0, 21.2, 21.0, 26.1
5-Day Avg: 25.6
Today: 25.9  Above 5-Day Avg
[DEBUG] Getting 7-day data for domain: bmkenya.itserver.biz
[DEBUG] Page load data: {'current': 11.9, 'average': 10.540000000000001, 'values': [11.9, 10.0, 3.0, 11.4, 16.4], 'is_high': True}
[DEBUG] Formatted summary: 
Times (Last 5 Days): 11.9, 10.0, 3.0, 11.4, 16.4
5-Day Avg: 10.5
Today: 11.9  Above 5-Day Avg
[DEBUG] Getting 7-day login data for domain: bmkenya.itserver.biz
[DEBUG] Login data: {'current': 20.9, 'average': 21.52, 'values': [20.9, 23.7, 21.6, 20.9, 20.5], 'is_high': False}
[DEBUG] Formatted login summary: 
Times (Last 5 Days): 20.9, 23.7, 21.6, 20.9, 20.5
5-Day Avg: 21.5
Today: 20.9
[DEBUG] Getting 7-day data for domain: crm.cartzlink.com
[DEBUG] Page load data: {'current': 1.3, 'average': 2.08, 'values': [1.3, 4.1, 2.1, 1.3, 1.6], 'is_high': False}
[DEBUG] Formatted summary: 
Times (Last 5 Days): 1.3, 4.1, 2.1, 1.3, 1.6
5-Day Avg: 2.1
Today: 1.3
[DEBUG] Getting 7-day login data for domain: crm.cartzlink.com
[DEBUG] Login data: {'current': 18.1, 'average': 19.28, 'values': [18.1, 18.0, 20.8, 19.4, 20.1], 'is_high': False}
[DEBUG] Formatted login summary: 
Times (Last 5 Days): 18.1, 18.0, 20.8, 19.4, 20.1
5-Day Avg: 19.3
Today: 18.1
[DEBUG] Getting 7-day data for domain: crm.tabrospharma.com
[DEBUG] Page load data: {'current': 1.4, 'average': 2.7399999999999998, 'values': [1.4, 5.5, 1.9, 1.6, 3.3], 'is_high': False}
[DEBUG] Formatted summary: 
Times (Last 5 Days): 1.4, 5.5, 1.9, 1.6, 3.3
5-Day Avg: 2.7
Today: 1.4
[DEBUG] Getting 7-day login data for domain: crm.tabrospharma.com
[DEBUG] Login data: {'current': 27.4, 'average': 27.439999999999998, 'values': [27.4, 26.1, 27.5, 27.4, 28.8], 'is_high': False}
[DEBUG] Formatted login summary: 
Times (Last 5 Days): 27.4, 26.1, 27.5, 27.4, 28.8
5-Day Avg: 27.4
Today: 27.4

[INFO] Server: metro crm | Domain: mt.itserver.biz
[INFO] Features executed:
    Sales Order
==================================================
[PASS] Page Load (2.90s)

Times (Last 5 Days): 2.9, 7.2, 1.8, 1.9, 16.9
5-Day Avg: 6.1
Today: 2.9
[PASS] Login (29.50s)  Above 7-Day Avg

Times (Last 5 Days): 29.5, 28.2, 25.4, 25.1, 25.7
5-Day Avg: 26.8
Today: 29.5  Above 5-Day Avg

[INFO] Feature: Sales Order
[PASS] Feature: Sales Order (10.70s)

Times (Last 5 Days): 10.7, 10.4, 23.5, 23.8, 24.2
5-Day Avg: 18.5
Today: 10.7
[PASS] Scenario: Visit Sales order page and click on edit btn (10.70s)

[INFO] Server: s13 | Domain: gta.cartzlink.com
[INFO] Features executed:
    Add Account Voucher
    Sales Invoice
==================================================
[PASS] Page Load (4.20s)

Times (Last 5 Days): 4.2, 10.6, 2.3, 2.6, 2.9
5-Day Avg: 4.5
Today: 4.2
[PASS] Login (28.10s)

Times (Last 5 Days): 28.1, 28.3, 29.0, 29.7, 29.2
5-Day Avg: 28.9
Today: 28.1

[INFO] Feature: Add Account Voucher
[PASS] Feature: Add Account Voucher (13.00s)

Times (Last 5 Days): 13.0, 13.2, 17.0, 16.9, 18.8
5-Day Avg: 15.8
Today: 13.0
[PASS] Scenario: Visit Account Voucher Page and click on Edit btn (13.00s)
[INFO] Feature: Sales Invoice
[PASS] Feature: Sales Invoice (17.70s)

Times (Last 5 Days): 17.7, 15.1, 37.0, 37.3, 40.2
5-Day Avg: 29.5
Today: 17.7
[PASS] Scenario: Sales Invoice page (17.70s)

[INFO] Server: FST | Domain: fst.itserver.biz
[INFO] Features executed:
    Sales Order
==================================================
[PASS] Page Load (2.90s)

Times (Last 6 Days): 2.9, 6.2, 2.3, 2.8, 4.6, 10.1
6-Day Avg: 4.8
Today: 2.9
[PASS] Login (21.00s)

Times (Last 6 Days): 21.0, 201.1, 19.4, 22.5, 22.1, 20.8
6-Day Avg: 51.1
Today: 21.0

[INFO] Feature: Sales Order
[PASS] Feature: Sales Order (13.60s)

Times (Last 6 Days): 13.6, 19.3, 50.9, 53.1, 51.1, 74.7
6-Day Avg: 43.8
Today: 13.6
[PASS] Scenario: Visit Sales order page and click on Edit btn (13.60s)

[INFO] Server: metro cam | Domain: cam.itserver.biz
[INFO] Features executed:
    Add Account Voucher
    Gatepass
    Purchase Invoice
    Production Order FSTUser
==================================================
[PASS] Page Load (10.60s)  Above 7-Day Avg

Times (Last 5 Days): 10.6, 13.8, 4.1, 3.3, 3.5
5-Day Avg: 7.1
Today: 10.6  Above 5-Day Avg
[PASS] Login (25.90s)  Above 7-Day Avg

Times (Last 5 Days): 25.9, 34.0, 21.2, 21.0, 26.1
5-Day Avg: 25.6
Today: 25.9  Above 5-Day Avg

[INFO] Feature: Add Account Voucher
[PASS] Feature: Add Account Voucher (9.40s)

Times (Last 5 Days): 9.4, 17.5, 9.4, 9.4, 10.9
5-Day Avg: 11.3
Today: 9.4
[PASS] Scenario: Visit Account Voucher Page and click on Edit btn (9.40s)
[INFO] Feature: Gatepass
[PASS] Feature: Gatepass (20.50s)

Times (Last 5 Days): 20.5, 117.4, 49.6, 48.6, 52.7
5-Day Avg: 57.8
Today: 20.5
[PASS] Scenario: Visit Gate pass Page and click on Edit btn (20.50s)
[INFO] Feature: Purchase Invoice
[PASS] Feature: Purchase Invoice (18.60s)

Times (Last 5 Days): 18.6, 63.2, 54.7, 57.0, 58.9
5-Day Avg: 50.5
Today: 18.6
[PASS] Scenario: Visit Purchase invoice Page and click on Edit btn (18.60s)
[INFO] Feature: Production Order FSTUser
[PASS] Feature: Production Order FSTUser (14.20s)

Times (Last 5 Days): 14.2, 14.5, 15.1, 15.8, 16.9
5-Day Avg: 15.3
Today: 14.2
[PASS] Scenario: Visit Production order page and click on Edit btn (14.20s)

[INFO] Server: bmkenya | Domain: bmkenya.itserver.biz
[INFO] Features executed:
    Add Account Voucher
    Sales Order
==================================================
[PASS] Page Load (11.90s)  Above 7-Day Avg

Times (Last 5 Days): 11.9, 10.0, 3.0, 11.4, 16.4
5-Day Avg: 10.5
Today: 11.9  Above 5-Day Avg
[PASS] Login (20.90s)

Times (Last 5 Days): 20.9, 23.7, 21.6, 20.9, 20.5
5-Day Avg: 21.5
Today: 20.9

[INFO] Feature: Add Account Voucher
[PASS] Feature: Add Account Voucher (11.10s)  Above 7-Day Avg

Times (Last 5 Days): 11.1, 12.6, 13.2, 12.7, 3.0
5-Day Avg: 10.5
Today: 11.1  Above 5-Day Avg
[PASS] Scenario: Visit Account Voucher Page and click on Edit btn (11.10s)
[INFO] Feature: Sales Order
[PASS] Feature: Sales Order (1.80s)

Times (Last 5 Days): 1.8, 5.5, 3.5, 4.6, 4.8
5-Day Avg: 4.0
Today: 1.8
[PASS] Scenario: Visit Sales order page (1.80s)

[INFO] Server: s15 | Domain: crm.cartzlink.com
[INFO] Features executed:
    Dash board
==================================================
[PASS] Page Load (1.30s)

Times (Last 5 Days): 1.3, 4.1, 2.1, 1.3, 1.6
5-Day Avg: 2.1
Today: 1.3
[PASS] Login (18.10s)

Times (Last 5 Days): 18.1, 18.0, 20.8, 19.4, 20.1
5-Day Avg: 19.3
Today: 18.1

[INFO] Feature: Dash board
[PASS] Feature: Dash board (0.00s)

Times (Last 5 Days): 0.0, 0.0, 0.0, 0.0, 0.0
5-Day Avg: 0.0
Today: 0.0
[PASS] Scenario: Visit Dash board page (0.00s)

[INFO] Server: TP | Domain: crm.tabrospharma.com
[INFO] Features executed:
    Add Account Voucher
    Sales Order
==================================================
[PASS] Page Load (1.40s)

Times (Last 5 Days): 1.4, 5.5, 1.9, 1.6, 3.3
5-Day Avg: 2.7
Today: 1.4
[PASS] Login (27.40s)

Times (Last 5 Days): 27.4, 26.1, 27.5, 27.4, 28.8
5-Day Avg: 27.4
Today: 27.4

[INFO] Feature: Add Account Voucher
[PASS] Feature: Add Account Voucher (7.40s)

Times (Last 5 Days): 7.4, 6.9, 9.3, 9.0, 10.9
5-Day Avg: 8.7
Today: 7.4
[PASS] Scenario: Visit Account Voucher Page and click on Edit btn (7.40s)
[INFO] Feature: Sales Order
[PASS] Feature: Sales Order (7.30s)

Times (Last 5 Days): 7.3, 7.0, 9.8, 10.0, 11.5
5-Day Avg: 9.1
Today: 7.3
[PASS] Scenario: Visit Sales Order Page and click on Edit btn (7.30s)
[PASS] Test summary email sent successfully.
Finished at Tue 09/30/2025 11:07:04.54 
========================================= 
