========================================= 
Behave Run Started at Thu 09/25/2025 12:13:18.99 
========================================= 

============================================================
STARTING DOMAIN: mt2.itserver.biz (Server: metro crm)
============================================================

============================================================
STARTING DOMAIN: fst.itserver.biz (Server: FST)
============================================================
[INFO] Running 1 feature files for domain 'fst.itserver.biz':
    C:\tests\features\fst.itserver.biz\SO.feature
[INFO] Domain = fst.itserver.biz
[INFO] Starting browser and logging in for domain: fst.itserver.biz
[INFO] Creating fresh browser instance for domain: fst.itserver.biz
[INFO] Attempt 1/3: Creating Chrome driver...
[PASS] Chrome driver created successfully on attempt 1
[INFO] Attempt 1/3: Opening https://fst.itserver.biz/admin/?r=user/user/login&_lang=en
[PASS] Page loaded successfully on attempt 1
[PASS] Opened URL: https://fst.itserver.biz/admin/?r=user/user/login&_lang=en
[INFO] Testing refresh function for dashboard elements...
[PASS] Login successful - dashboard loaded with refresh function
[PASS] Login successful - dashboard loaded with fallback method
[INFO] Login completed. Page Load: 2.0s, Login: 20.7s
[INFO] Login successful for domain: fst.itserver.biz
Feature: Sales Order # features/fst.itserver.biz/SO.feature:4

  @critical
  Scenario: Visit Sales order page and click on Edit btn  # features/fst.itserver.biz/SO.feature:7
    Given we visit "orders/salesOrder"                    # features/steps/form_actions.py:36
    When we clear the from date and search                # features/steps/form_actions.py:82


[INFO] Server: FST | Domain: fst.itserver.biz
==================================================
[PASS] Sales Order

============================================================
COMPLETED DOMAIN: fst.itserver.biz
============================================================

==================================================
[SUMMARY] FINAL TEST SUMMARY
==================================================
[DEBUG] Getting 7-day data for domain: fst.itserver.biz
[DEBUG] Page load data: {'current': 2.0, 'average': 7.3999999999999995, 'values': [2.0, 10.1, 10.1], 'is_high': False}
[DEBUG] Formatted summary: 
Times (Last 3 Days): 2.0, 10.1, 10.1
3-Day Avg: 7.4
Today: 2.0
[DEBUG] Getting 7-day login data for domain: fst.itserver.biz
[DEBUG] Login data: {'current': 20.7, 'average': 20.766666666666666, 'values': [20.7, 20.8, 20.8], 'is_high': False}
[DEBUG] Formatted login summary: 
Times (Last 3 Days): 20.7, 20.8, 20.8
3-Day Avg: 20.8
Today: 20.7

[INFO] Server: FST | Domain: fst.itserver.biz
[INFO] Features executed:
    Sales Order
==================================================
[PASS] Page Load (2.00s)

Times (Last 3 Days): 2.0, 10.1, 10.1
3-Day Avg: 7.4
Today: 2.0
[PASS] Login (20.70s)

Times (Last 3 Days): 20.7, 20.8, 20.8
3-Day Avg: 20.8
Today: 20.7

[INFO] Feature: Sales Order
[PASS] Feature: Sales Order (49.70s)

Times (Last 3 Days): 49.7, 74.7, 74.7
3-Day Avg: 66.4
Today: 49.7
[PASS] Scenario: Visit Sales order page and click on Edit btn (49.70s)
[PASS] Test summary email sent successfully.
Finished at Thu 09/25/2025 12:14:42.35 
========================================= 
