========================================= 
Behave Run Started at Thu 09/25/2025 10:41:59.64 
========================================= 

============================================================
STARTING DOMAIN: mt2.itserver.biz (Server: metro crm)
============================================================
[INFO] Running 2 feature files for domain 'mt2.itserver.biz':
    C:\tests\features\mt2.itserver.biz\AccV.feature
    C:\tests\features\mt2.itserver.biz\SO.feature
[INFO] Domain = mt2.itserver.biz
[INFO] Starting browser and logging in for domain: mt2.itserver.biz
[INFO] Creating fresh browser instance for domain: mt2.itserver.biz
[INFO] Attempt 1/5: Creating Chrome driver...
[INFO] Applying performance optimizations for problematic domain: mt2.itserver.biz
[PASS] Chrome driver created successfully on attempt 1
[INFO] Attempt 1/5: Opening https://mt2.itserver.biz/admin/?r=user/user/login&_lang=en
[PASS] Page loaded successfully on attempt 1
[PASS] Opened URL: https://mt2.itserver.biz/admin/?r=user/user/login&_lang=en
[INFO] Testing refresh function for dashboard elements...
[PASS] Login successful - dashboard loaded with refresh function
[PASS] Login successful - dashboard loaded with fallback method
[INFO] Login completed. Page Load: 2.2s, Login: 28.3s
[INFO] Login successful for domain: mt2.itserver.biz
Feature: Add Account Voucher # ../../tests/features/mt2.itserver.biz/AccV.feature:4

  @critical
  Scenario: Visit Account Voucher Page and click on Edit btn  # ../../tests/features/mt2.itserver.biz/AccV.feature:7
    Given we visit "accounts2"                                # ../../tests/features/steps/form_actions.py:36
      ASSERT FAILED: Page at 'accounts2' returned error: ERROR 404

    When we edit the top row                                  # None
----
CAPTURED STDOUT: scenario
Page at 'accounts2' returned error: ERROR 404

[Screenshot Saved] C:\Windows\system32\screenshots\we visit "accounts2"_20250925_104240.png
---- CAPTURED_SCENARIO_OUTPUT_END ----

Feature: Sales invoice MT # ../../tests/features/mt2.itserver.biz/SO.feature:4

  @critical
  Scenario: Visit Sales invoice page        # ../../tests/features/mt2.itserver.biz/SO.feature:7
    Given we visit "orders/salesInvoice_MT" # ../../tests/features/steps/form_actions.py:36
    When we clear the from date and search  # ../../tests/features/steps/form_actions.py:82


[INFO] Server: metro crm | Domain: mt2.itserver.biz
==================================================
[FAIL] Add Account Voucher
[PASS] Sales invoice MT

============================================================
COMPLETED DOMAIN: mt2.itserver.biz
============================================================

============================================================
STARTING DOMAIN: fst.itserver.biz (Server: FST)
============================================================
[INFO] Running 1 feature files for domain 'fst.itserver.biz':
    C:\tests\features\fst.itserver.biz\SO.feature
[INFO] Domain = fst.itserver.biz
[INFO] Starting browser and logging in for domain: fst.itserver.biz
[INFO] Creating fresh browser instance for domain: fst.itserver.biz
[INFO] Attempt 1/3: Creating Chrome driver...
[PASS] Chrome driver created successfully on attempt 1
[INFO] Attempt 1/3: Opening https://fst.itserver.biz/admin/?r=user/user/login&_lang=en
[PASS] Page loaded successfully on attempt 1
[PASS] Opened URL: https://fst.itserver.biz/admin/?r=user/user/login&_lang=en
[INFO] Testing refresh function for dashboard elements...
[PASS] Login successful - dashboard loaded with refresh function
[PASS] Login successful - dashboard loaded with fallback method
[INFO] Login completed. Page Load: 11.3s, Login: 22.4s
[INFO] Login successful for domain: fst.itserver.biz
Feature: Sales Order # ../../tests/features/fst.itserver.biz/SO.feature:4

  @critical
  Scenario: Visit Sales order page and click on Edit btn  # ../../tests/features/fst.itserver.biz/SO.feature:7
    Given we visit "orders/salesOrder"                    # ../../tests/features/steps/form_actions.py:36
    When we clear the from date and search                # ../../tests/features/steps/form_actions.py:82


[INFO] Server: FST | Domain: fst.itserver.biz
==================================================
[PASS] Sales Order

============================================================
COMPLETED DOMAIN: fst.itserver.biz
============================================================

==================================================
[SUMMARY] FINAL TEST SUMMARY
==================================================

================================================================================
[CRITICAL] FAILURES AND PERFORMANCE ISSUES SUMMARY
================================================================================

FAILURES (1 total):
--------------------------------------------------
[FAIL] Scenario FAILED | metro crm | mt2.itserver.biz
   Feature: Add Account Voucher
   Scenario: Visit Account Voucher Page and click on Edit btn
   Details: Scenario failed in 4.10s


SLOW TESTS (4 total):
--------------------------------------------------
[SLOW] Login SLOW | metro crm | mt2.itserver.biz
   Time: 28.30s | Above 7-day average (27.1s)
[SLOW] Feature SLOW | metro crm | mt2.itserver.biz
   Feature: Sales invoice MT
   Time: 125.80s | Above 7-day average (117.9s)
[SLOW] Page Load SLOW | FST | fst.itserver.biz
   Time: 11.30s | Above 7-day average (10.7s)
[SLOW] Login SLOW | FST | fst.itserver.biz
   Time: 22.40s | Above 7-day average (21.6s)
================================================================================

[DEBUG] Getting 7-day data for domain: mt2.itserver.biz
[DEBUG] Page load data: {'current': 2.2, 'average': 5.6, 'values': [2.2, 9.0], 'is_high': False}
[DEBUG] Formatted summary: 
Times (Last 2 Days): 2.2, 9.0
2-Day Avg: 5.6
Today: 2.2
[DEBUG] Getting 7-day login data for domain: mt2.itserver.biz
[DEBUG] Login data: {'current': 28.3, 'average': 27.1, 'values': [28.3, 25.9], 'is_high': True}
[DEBUG] Formatted login summary: 
Times (Last 2 Days): 28.3, 25.9
2-Day Avg: 27.1
Today: 28.3  Above 2-Day Avg
[DEBUG] Getting 7-day data for domain: fst.itserver.biz
[DEBUG] Page load data: {'current': 11.3, 'average': 10.7, 'values': [11.3, 10.1], 'is_high': True}
[DEBUG] Formatted summary: 
Times (Last 2 Days): 11.3, 10.1
2-Day Avg: 10.7
Today: 11.3  Above 2-Day Avg
[DEBUG] Getting 7-day login data for domain: fst.itserver.biz
[DEBUG] Login data: {'current': 22.4, 'average': 21.6, 'values': [22.4, 20.8], 'is_high': True}
[DEBUG] Formatted login summary: 
Times (Last 2 Days): 22.4, 20.8
2-Day Avg: 21.6
Today: 22.4  Above 2-Day Avg

[INFO] Server: metro crm | Domain: mt2.itserver.biz
[INFO] Features executed:
    Add Account Voucher
    Sales invoice MT
==================================================
[PASS] Page Load (2.20s)

Times (Last 2 Days): 2.2, 9.0
2-Day Avg: 5.6
Today: 2.2
[PASS] Login (28.30s)  Above 7-Day Avg

Times (Last 2 Days): 28.3, 25.9
2-Day Avg: 27.1
Today: 28.3  Above 2-Day Avg

[INFO] Feature: Add Account Voucher
[PASS] Feature: Add Account Voucher (4.10s)

Times (Last 2 Days): 4.1, 35.6
2-Day Avg: 19.9
Today: 4.1
[FAIL] Scenario: Visit Account Voucher Page and click on Edit btn (4.10s)
[INFO] Feature: Sales invoice MT
[PASS] Feature: Sales invoice MT (125.80s)  Above 7-Day Avg

Times (Last 2 Days): 125.8, 110.1
2-Day Avg: 117.9
Today: 125.8  Above 2-Day Avg
[PASS] Scenario: Visit Sales invoice page (125.80s)

[INFO] Server: FST | Domain: fst.itserver.biz
[INFO] Features executed:
    Sales Order
==================================================
[PASS] Page Load (11.30s)  Above 7-Day Avg

Times (Last 2 Days): 11.3, 10.1
2-Day Avg: 10.7
Today: 11.3  Above 2-Day Avg
[PASS] Login (22.40s)  Above 7-Day Avg

Times (Last 2 Days): 22.4, 20.8
2-Day Avg: 21.6
Today: 22.4  Above 2-Day Avg

[INFO] Feature: Sales Order
[PASS] Feature: Sales Order (69.20s)

Times (Last 2 Days): 69.2, 74.7
2-Day Avg: 72.0
Today: 69.2
[PASS] Scenario: Visit Sales order page and click on Edit btn (69.20s)
[PASS] Test summary email sent successfully.
Finished at Thu 09/25/2025 10:46:50.70 
========================================= 
