========================================= 
Behave Run Started at Sat 01/24/2026 20:00:02.08 
========================================= 
[INFO] Cleaned up 1 old/excess timing history entries. Remaining: 2 entries.

============================================================
STARTING DOMAIN: mt.itserver.biz (Server: metro crm)
============================================================
[INFO] Running 1 feature files for domain 'mt.itserver.biz':
    E:\shayan\tests\features\mt.itserver.biz\SO.feature
[INFO] Domain = mt.itserver.biz
[INFO] Starting browser and logging in for domain: mt.itserver.biz
[INFO] Creating fresh browser instance for domain: mt.itserver.biz
[INFO] Attempt 1/5: Creating Chrome driver...
[INFO] Applying performance optimizations for problematic domain: mt.itserver.biz
[PASS] Chrome driver created successfully on attempt 1
[INFO] Attempt 1/5: Opening https://mt.itserver.biz/admin/?r=user/user/login&_lang=en
[PASS] Page loaded successfully on attempt 1
[PASS] Opened URL: https://mt.itserver.biz/admin/?r=user/user/login&_lang=en
[INFO] Testing refresh function for dashboard elements...
[PASS] Login successful - dashboard loaded with refresh function
[PASS] Login successful - dashboard loaded with fallback method
[INFO] Login completed. Page Load: 2.7s, Login: 24.1s
[INFO] Login successful for domain: mt.itserver.biz
[INFO] Starting feature: Sales Order
Feature: Sales Order # features/mt.itserver.biz/SO.feature:4

  @critical
  Scenario: Visit Sales order page and click on edit btn  # features/mt.itserver.biz/SO.feature:7
    Given we visit "orders/SO2"                           # features/steps/form_actions.py:36
    When we edit the top row                              # features/steps/cartzlink_form.py:155
[INFO] Completed feature: Sales Order
DEBUG: context.domain = mt.itserver.biz
DEBUG: timing_summary = {'mt.itserver.biz': {'Server': 'metro crm', 'Page Load': 2.7, 'Login': 24.1, 'Features': {'Sales Order': {'Feature': None, 'Scenario Timings': [{'name': 'Visit Sales order page and click on edit btn', 'duration': 8.5, 'status': 'passed', 'failed_steps': []}], 'Failed Steps': []}}}}
PASS Feature: Sales Order (8.5s)
[DEBUG] Writing timing summary for mt.itserver.biz to E:\shayan\tests\timing_results\mt.itserver.biz_timing.json

[INFO] Closing browser for domain: mt.itserver.biz
[INFO] Browser closed successfully for domain: mt.itserver.biz
[INFO] Browser instance cleared for domain: mt.itserver.biz
[SUMMARY] Timing for mt.itserver.biz:
{
  "page_load": {
    "current": 2.7,
    "average": 2.4,
    "values": [
      2.7,
      2.3,
      2.2
    ],
    "is_high": true
  },
  "login": {
    "current": 24.1,
    "average": 24.166666666666668,
    "values": [
      24.1,
      24.2,
      24.2
    ],
    "is_high": false
  },
  "features": {
    "Sales Order": {
      "current": 8.5,
      "average": 8.6,
      "values": [
        8.5,
        8.7,
        8.6
      ],
      "is_high": false
    }
  },
  "scenario": {
    "current": 8.5,
    "average": 8.6,
    "values": [
      8.5,
      8.7,
      8.6
    ],
    "is_high": false
  }
}

[INFO] Server: metro crm | Domain: mt.itserver.biz
==================================================
[PASS] Sales Order

============================================================
COMPLETED DOMAIN: mt.itserver.biz
============================================================

============================================================
STARTING DOMAIN: gta.cartzlink.com (Server: s13)
============================================================
[INFO] Running 2 feature files for domain 'gta.cartzlink.com':
    E:\shayan\tests\features\gta.cartzlink.com\AccV.feature
    E:\shayan\tests\features\gta.cartzlink.com\SI.feature
[INFO] Domain = gta.cartzlink.com
[INFO] Starting browser and logging in for domain: gta.cartzlink.com
[INFO] Creating fresh browser instance for domain: gta.cartzlink.com
[INFO] Attempt 1/3: Creating Chrome driver...
[PASS] Chrome driver created successfully on attempt 1
[INFO] Attempt 1/3: Opening https://gta.cartzlink.com/admin/?r=user/user/login&_lang=en
[PASS] Page loaded successfully on attempt 1
[PASS] Opened URL: https://gta.cartzlink.com/admin/?r=user/user/login&_lang=en
[INFO] Testing refresh function for dashboard elements...
[PASS] Login successful - dashboard loaded with refresh function
[PASS] Login successful - dashboard loaded with fallback method
[INFO] Login completed. Page Load: 3.6s, Login: 20.6s
[INFO] Login successful for domain: gta.cartzlink.com
[INFO] Starting feature: Add Account Voucher
Feature: Add Account Voucher # features/gta.cartzlink.com/AccV.feature:4

  @critical
  Scenario: Visit Account Voucher Page and click on Edit btn  # features/gta.cartzlink.com/AccV.feature:7
    Given we visit "accounts2"                                # features/steps/form_actions.py:36
    When we edit the top row                                  # features/steps/cartzlink_form.py:155
[INFO] Completed feature: Add Account Voucher
DEBUG: context.domain = gta.cartzlink.com
DEBUG: timing_summary = {'gta.cartzlink.com': {'Server': 's13', 'Page Load': 3.6, 'Login': 20.6, 'Features': {'Add Account Voucher': {'Feature': None, 'Scenario Timings': [{'name': 'Visit Account Voucher Page and click on Edit btn', 'duration': 14.3, 'status': 'passed', 'failed_steps': []}], 'Failed Steps': []}}}}
PASS Feature: Add Account Voucher (14.3s)
[DEBUG] Writing timing summary for gta.cartzlink.com to E:\shayan\tests\timing_results\gta.cartzlink.com_timing.json

[INFO] Starting feature: Sales Invoice
Feature: Sales Invoice # features/gta.cartzlink.com/SI.feature:1

  @critical
  Scenario: Sales Invoice page           # features/gta.cartzlink.com/SI.feature:4
    Given we visit "orders/salesInvoice" # features/steps/form_actions.py:36
    When we edit the top row             # features/steps/cartzlink_form.py:155
[INFO] Completed feature: Sales Invoice
DEBUG: context.domain = gta.cartzlink.com
DEBUG: timing_summary = {'gta.cartzlink.com': {'Server': 's13', 'Page Load': 3.6, 'Login': 20.6, 'Features': {'Add Account Voucher': {'Feature': 14.3, 'Scenario Timings': [{'name': 'Visit Account Voucher Page and click on Edit btn', 'duration': 14.3, 'status': 'passed', 'failed_steps': []}], 'Failed Steps': []}, 'Sales Invoice': {'Feature': None, 'Scenario Timings': [{'name': 'Sales Invoice page', 'duration': 17.1, 'status': 'passed', 'failed_steps': []}], 'Failed Steps': []}}}}
PASS Feature: Sales Invoice (17.1s)
[DEBUG] Writing timing summary for gta.cartzlink.com to E:\shayan\tests\timing_results\gta.cartzlink.com_timing.json

[INFO] Closing browser for domain: gta.cartzlink.com
[INFO] Browser closed successfully for domain: gta.cartzlink.com
[INFO] Browser instance cleared for domain: gta.cartzlink.com
[SUMMARY] Timing for gta.cartzlink.com:
{
  "page_load": {
    "current": 3.6,
    "average": 4.066666666666666,
    "values": [
      3.6,
      3.1,
      5.5
    ],
    "is_high": false
  },
  "login": {
    "current": 20.6,
    "average": 21.733333333333334,
    "values": [
      20.6,
      21.7,
      22.9
    ],
    "is_high": false
  },
  "features": {
    "Add Account Voucher": {
      "current": 14.3,
      "average": 13.666666666666666,
      "values": [
        14.3,
        13.0,
        13.7
      ],
      "is_high": true
    },
    "Sales Invoice": {
      "current": 17.1,
      "average": 19.866666666666667,
      "values": [
        17.1,
        21.8,
        20.7
      ],
      "is_high": false
    }
  },
  "scenario": {
    "current": 15.700000000000001,
    "average": 16.766666666666666,
    "values": [
      15.700000000000001,
      17.4,
      17.2
    ],
    "is_high": false
  }
}

[INFO] Server: s13 | Domain: gta.cartzlink.com
==================================================
[PASS] Add Account Voucher
[PASS] Sales Invoice

============================================================
COMPLETED DOMAIN: gta.cartzlink.com
============================================================

============================================================
STARTING DOMAIN: fst.itserver.biz (Server: FST)
============================================================
[INFO] Running 1 feature files for domain 'fst.itserver.biz':
    E:\shayan\tests\features\fst.itserver.biz\SO.feature
[INFO] Domain = fst.itserver.biz
[INFO] Starting browser and logging in for domain: fst.itserver.biz
[INFO] Creating fresh browser instance for domain: fst.itserver.biz
[INFO] Attempt 1/3: Creating Chrome driver...
[PASS] Chrome driver created successfully on attempt 1
[INFO] Attempt 1/3: Opening https://fst.itserver.biz/admin/?r=user/user/login&_lang=en
[PASS] Page loaded successfully on attempt 1
[PASS] Opened URL: https://fst.itserver.biz/admin/?r=user/user/login&_lang=en
[INFO] Testing refresh function for dashboard elements...
[PASS] Login successful - dashboard loaded with refresh function
[PASS] Login successful - dashboard loaded with fallback method
[INFO] Login completed. Page Load: 3.9s, Login: 20.1s
[INFO] Login successful for domain: fst.itserver.biz
[INFO] Starting feature: Sales Order
Feature: Sales Order # features/fst.itserver.biz/SO.feature:4

  @critical
  Scenario: Visit Sales order page and click on Edit btn  # features/fst.itserver.biz/SO.feature:7
    Given we visit "orders/salesOrder"                    # features/steps/form_actions.py:36
    When we clear the from date and search                # features/steps/form_actions.py:82
[INFO] Completed feature: Sales Order
DEBUG: context.domain = fst.itserver.biz
DEBUG: timing_summary = {'fst.itserver.biz': {'Server': 'FST', 'Page Load': 3.9, 'Login': 20.1, 'Features': {'Sales Order': {'Feature': None, 'Scenario Timings': [{'name': 'Visit Sales order page and click on Edit btn', 'duration': 15.3, 'status': 'passed', 'failed_steps': []}], 'Failed Steps': []}}}}
PASS Feature: Sales Order (15.3s)
[DEBUG] Writing timing summary for fst.itserver.biz to E:\shayan\tests\timing_results\fst.itserver.biz_timing.json

[INFO] Closing browser for domain: fst.itserver.biz
[INFO] Browser closed successfully for domain: fst.itserver.biz
[INFO] Browser instance cleared for domain: fst.itserver.biz
[SUMMARY] Timing for fst.itserver.biz:
{
  "page_load": {
    "current": 3.9,
    "average": 3.766666666666667,
    "values": [
      3.9,
      3.6,
      3.8
    ],
    "is_high": true
  },
  "login": {
    "current": 20.1,
    "average": 20.033333333333335,
    "values": [
      20.1,
      19.9,
      20.1
    ],
    "is_high": true
  },
  "features": {
    "Sales Order": {
      "current": 15.3,
      "average": 14.166666666666666,
      "values": [
        15.3,
        11.7,
        15.5
      ],
      "is_high": true
    }
  },
  "scenario": {
    "current": 15.3,
    "average": 14.166666666666666,
    "values": [
      15.3,
      11.7,
      15.5
    ],
    "is_high": true
  }
}

[INFO] Server: FST | Domain: fst.itserver.biz
==================================================
[PASS] Sales Order

============================================================
COMPLETED DOMAIN: fst.itserver.biz
============================================================

============================================================
STARTING DOMAIN: cam.itserver.biz (Server: metro cam)
============================================================
[INFO] Running 4 feature files for domain 'cam.itserver.biz':
    E:\shayan\tests\features\cam.itserver.biz\AccV.feature
    E:\shayan\tests\features\cam.itserver.biz\GP.feature
    E:\shayan\tests\features\cam.itserver.biz\PI.feature
    E:\shayan\tests\features\cam.itserver.biz\SO.feature
[INFO] Domain = cam.itserver.biz
[INFO] Starting browser and logging in for domain: cam.itserver.biz
[INFO] Creating fresh browser instance for domain: cam.itserver.biz
[INFO] Attempt 1/3: Creating Chrome driver...
[PASS] Chrome driver created successfully on attempt 1
[INFO] Attempt 1/3: Opening https://cam.itserver.biz/admin/?r=user/user/login&_lang=en
[PASS] Page loaded successfully on attempt 1
[PASS] Opened URL: https://cam.itserver.biz/admin/?r=user/user/login&_lang=en
[INFO] Testing refresh function for dashboard elements...
[PASS] Login successful - dashboard loaded with refresh function
[PASS] Login successful - dashboard loaded with fallback method
[INFO] Login completed. Page Load: 3.7s, Login: 19.3s
[INFO] Login successful for domain: cam.itserver.biz
[INFO] Starting feature: Add Account Voucher
Feature: Add Account Voucher # features/cam.itserver.biz/AccV.feature:4

  @critical
  Scenario: Visit Account Voucher Page and click on Edit btn  # features/cam.itserver.biz/AccV.feature:7
    Given we visit "accounts2"                                # features/steps/form_actions.py:36
    When we edit the top row                                  # features/steps/cartzlink_form.py:155
[INFO] Completed feature: Add Account Voucher
DEBUG: context.domain = cam.itserver.biz
DEBUG: timing_summary = {'cam.itserver.biz': {'Server': 'metro cam', 'Page Load': 3.7, 'Login': 19.3, 'Features': {'Add Account Voucher': {'Feature': None, 'Scenario Timings': [{'name': 'Visit Account Voucher Page and click on Edit btn', 'duration': 9.3, 'status': 'passed', 'failed_steps': []}], 'Failed Steps': []}}}}
PASS Feature: Add Account Voucher (9.3s)
[DEBUG] Writing timing summary for cam.itserver.biz to E:\shayan\tests\timing_results\cam.itserver.biz_timing.json

[INFO] Starting feature: Gatepass
Feature: Gatepass # features/cam.itserver.biz/GP.feature:1

  @critical
  Scenario: Visit Gate pass Page and click on Edit btn  # features/cam.itserver.biz/GP.feature:4
    Given we visit "orders/deliveryChallanCAM"          # features/steps/form_actions.py:36
    When we edit the top row                            # features/steps/cartzlink_form.py:155
[INFO] Completed feature: Gatepass
DEBUG: context.domain = cam.itserver.biz
DEBUG: timing_summary = {'cam.itserver.biz': {'Server': 'metro cam', 'Page Load': 3.7, 'Login': 19.3, 'Features': {'Add Account Voucher': {'Feature': 9.3, 'Scenario Timings': [{'name': 'Visit Account Voucher Page and click on Edit btn', 'duration': 9.3, 'status': 'passed', 'failed_steps': []}], 'Failed Steps': []}, 'Gatepass': {'Feature': None, 'Scenario Timings': [{'name': 'Visit Gate pass Page and click on Edit btn', 'duration': 11.7, 'status': 'passed', 'failed_steps': []}], 'Failed Steps': []}}}}
PASS Feature: Gatepass (11.7s)
[DEBUG] Writing timing summary for cam.itserver.biz to E:\shayan\tests\timing_results\cam.itserver.biz_timing.json

[INFO] Starting feature: Purchase Invoice
Feature: Purchase Invoice # features/cam.itserver.biz/PI.feature:3

  @critical
  Scenario: Visit Purchase invoice Page and click on Edit btn  # features/cam.itserver.biz/PI.feature:6
    Given we visit "orders/purchaseInvoice"                    # features/steps/form_actions.py:36
    When we edit the top row                                   # features/steps/cartzlink_form.py:155
[INFO] Completed feature: Purchase Invoice
DEBUG: context.domain = cam.itserver.biz
DEBUG: timing_summary = {'cam.itserver.biz': {'Server': 'metro cam', 'Page Load': 3.7, 'Login': 19.3, 'Features': {'Add Account Voucher': {'Feature': 9.3, 'Scenario Timings': [{'name': 'Visit Account Voucher Page and click on Edit btn', 'duration': 9.3, 'status': 'passed', 'failed_steps': []}], 'Failed Steps': []}, 'Gatepass': {'Feature': 11.7, 'Scenario Timings': [{'name': 'Visit Gate pass Page and click on Edit btn', 'duration': 11.7, 'status': 'passed', 'failed_steps': []}], 'Failed Steps': []}, 'Purchase Invoice': {'Feature': None, 'Scenario Timings': [{'name': 'Visit Purchase invoice Page and click on Edit btn', 'duration': 12.7, 'status': 'passed', 'failed_steps': []}], 'Failed Steps': []}}}}
PASS Feature: Purchase Invoice (12.8s)
[DEBUG] Writing timing summary for cam.itserver.biz to E:\shayan\tests\timing_results\cam.itserver.biz_timing.json

[INFO] Starting feature: Production Order FSTUser
Feature: Production Order FSTUser # features/cam.itserver.biz/SO.feature:4

  @critical
  Scenario: Visit Production order page and click on Edit btn  # features/cam.itserver.biz/SO.feature:7
    Given we visit "orders/SalesOrderFSTUser"                  # features/steps/form_actions.py:36
    When we edit the top row                                   # features/steps/cartzlink_form.py:155
[INFO] Completed feature: Production Order FSTUser
DEBUG: context.domain = cam.itserver.biz
DEBUG: timing_summary = {'cam.itserver.biz': {'Server': 'metro cam', 'Page Load': 3.7, 'Login': 19.3, 'Features': {'Add Account Voucher': {'Feature': 9.3, 'Scenario Timings': [{'name': 'Visit Account Voucher Page and click on Edit btn', 'duration': 9.3, 'status': 'passed', 'failed_steps': []}], 'Failed Steps': []}, 'Gatepass': {'Feature': 11.7, 'Scenario Timings': [{'name': 'Visit Gate pass Page and click on Edit btn', 'duration': 11.7, 'status': 'passed', 'failed_steps': []}], 'Failed Steps': []}, 'Purchase Invoice': {'Feature': 12.8, 'Scenario Timings': [{'name': 'Visit Purchase invoice Page and click on Edit btn', 'duration': 12.7, 'status': 'passed', 'failed_steps': []}], 'Failed Steps': []}, 'Production Order FSTUser': {'Feature': None, 'Scenario Timings': [{'name': 'Visit Production order page and click on Edit btn', 'duration': 7.7, 'status': 'passed', 'failed_steps': []}], 'Failed Steps': []}}}}
PASS Feature: Production Order FSTUser (7.7s)
[DEBUG] Writing timing summary for cam.itserver.biz to E:\shayan\tests\timing_results\cam.itserver.biz_timing.json

[INFO] Closing browser for domain: cam.itserver.biz
[INFO] Browser closed successfully for domain: cam.itserver.biz
[INFO] Browser instance cleared for domain: cam.itserver.biz
[SUMMARY] Timing for cam.itserver.biz:
{
  "page_load": {
    "current": 3.7,
    "average": 3.766666666666667,
    "values": [
      3.7,
      4.1,
      3.5
    ],
    "is_high": false
  },
  "login": {
    "current": 19.3,
    "average": 19.366666666666667,
    "values": [
      19.3,
      19.7,
      19.1
    ],
    "is_high": false
  },
  "features": {
    "Add Account Voucher": {
      "current": 9.3,
      "average": 8.5,
      "values": [
        9.3,
        8.8,
        7.4
      ],
      "is_high": true
    },
    "Gatepass": {
      "current": 11.7,
      "average": 11.833333333333334,
      "values": [
        11.7,
        12.0,
        11.8
      ],
      "is_high": false
    },
    "Purchase Invoice": {
      "current": 12.8,
      "average": 12.833333333333334,
      "values": [
        12.8,
        13.0,
        12.7
      ],
      "is_high": false
    },
    "Production Order FSTUser": {
      "current": 7.7,
      "average": 7.733333333333333,
      "values": [
        7.7,
        7.8,
        7.7
      ],
      "is_high": false
    }
  },
  "scenario": {
    "current": 10.35,
    "average": 10.216666666666667,
    "values": [
      10.35,
      10.4,
      9.9
    ],
    "is_high": true
  }
}

[INFO] Server: metro cam | Domain: cam.itserver.biz
==================================================
[PASS] Add Account Voucher
[PASS] Gatepass
[PASS] Purchase Invoice
[PASS] Production Order FSTUser

============================================================
COMPLETED DOMAIN: cam.itserver.biz
============================================================

============================================================
STARTING DOMAIN: bmkenya.itserver.biz (Server: bmkenya)
============================================================
[INFO] Running 2 feature files for domain 'bmkenya.itserver.biz':
    E:\shayan\tests\features\bmkenya.itserver.biz\AccV.feature
    E:\shayan\tests\features\bmkenya.itserver.biz\SO.feature
[INFO] Domain = bmkenya.itserver.biz
[INFO] Starting browser and logging in for domain: bmkenya.itserver.biz
[INFO] Creating fresh browser instance for domain: bmkenya.itserver.biz
[INFO] Attempt 1/3: Creating Chrome driver...
[PASS] Chrome driver created successfully on attempt 1
[INFO] Attempt 1/3: Opening https://bmkenya.itserver.biz/admin/?r=user/user/login&_lang=en
[PASS] Page loaded successfully on attempt 1
[PASS] Opened URL: https://bmkenya.itserver.biz/admin/?r=user/user/login&_lang=en
[INFO] Testing refresh function for dashboard elements...
[PASS] Login successful - dashboard loaded with refresh function
[PASS] Login successful - dashboard loaded with fallback method
[INFO] Login completed. Page Load: 3.9s, Login: 19.9s
[INFO] Login successful for domain: bmkenya.itserver.biz
[INFO] Starting feature: Add Account Voucher
Feature: Add Account Voucher # features/bmkenya.itserver.biz/AccV.feature:4

  @critical
  Scenario: Visit Account Voucher Page and click on Edit btn  # features/bmkenya.itserver.biz/AccV.feature:7
    Given we visit "accounts2"                                # features/steps/form_actions.py:36
    When we edit the top row                                  # features/steps/cartzlink_form.py:155
[INFO] Completed feature: Add Account Voucher
DEBUG: context.domain = bmkenya.itserver.biz
DEBUG: timing_summary = {'bmkenya.itserver.biz': {'Server': 'bmkenya', 'Page Load': 3.9, 'Login': 19.9, 'Features': {'Add Account Voucher': {'Feature': None, 'Scenario Timings': [{'name': 'Visit Account Voucher Page and click on Edit btn', 'duration': 9.4, 'status': 'passed', 'failed_steps': []}], 'Failed Steps': []}}}}
PASS Feature: Add Account Voucher (9.4s)
[DEBUG] Writing timing summary for bmkenya.itserver.biz to E:\shayan\tests\timing_results\bmkenya.itserver.biz_timing.json

[INFO] Starting feature: Sales Order
Feature: Sales Order # features/bmkenya.itserver.biz/SO.feature:4

  @critical
  Scenario: Visit Sales order page     # features/bmkenya.itserver.biz/SO.feature:7
    Given we visit "orders/salesOrder" # features/steps/form_actions.py:36
[INFO] Completed feature: Sales Order
DEBUG: context.domain = bmkenya.itserver.biz
DEBUG: timing_summary = {'bmkenya.itserver.biz': {'Server': 'bmkenya', 'Page Load': 3.9, 'Login': 19.9, 'Features': {'Add Account Voucher': {'Feature': 9.4, 'Scenario Timings': [{'name': 'Visit Account Voucher Page and click on Edit btn', 'duration': 9.4, 'status': 'passed', 'failed_steps': []}], 'Failed Steps': []}, 'Sales Order': {'Feature': None, 'Scenario Timings': [{'name': 'Visit Sales order page', 'duration': 1.2, 'status': 'passed', 'failed_steps': []}], 'Failed Steps': []}}}}
PASS Feature: Sales Order (1.2s)
[DEBUG] Writing timing summary for bmkenya.itserver.biz to E:\shayan\tests\timing_results\bmkenya.itserver.biz_timing.json

[INFO] Closing browser for domain: bmkenya.itserver.biz
[INFO] Browser closed successfully for domain: bmkenya.itserver.biz
[INFO] Browser instance cleared for domain: bmkenya.itserver.biz
[SUMMARY] Timing for bmkenya.itserver.biz:
{
  "page_load": {
    "current": 3.9,
    "average": 3.8666666666666667,
    "values": [
      3.9,
      4.0,
      3.7
    ],
    "is_high": true
  },
  "login": {
    "current": 19.9,
    "average": 20.0,
    "values": [
      19.9,
      20.2,
      19.9
    ],
    "is_high": false
  },
  "features": {
    "Add Account Voucher": {
      "current": 9.4,
      "average": 9.700000000000001,
      "values": [
        9.4,
        10.1,
        9.6
      ],
      "is_high": false
    },
    "Sales Order": {
      "current": 1.2,
      "average": 1.0666666666666667,
      "values": [
        1.2,
        1.1,
        0.9
      ],
      "is_high": true
    }
  },
  "scenario": {
    "current": 5.3,
    "average": 5.383333333333333,
    "values": [
      5.3,
      5.6,
      5.25
    ],
    "is_high": false
  }
}

[INFO] Server: bmkenya | Domain: bmkenya.itserver.biz
==================================================
[PASS] Add Account Voucher
[PASS] Sales Order

============================================================
COMPLETED DOMAIN: bmkenya.itserver.biz
============================================================

============================================================
STARTING DOMAIN: crm.cartzlink.com (Server: s15)
============================================================
[INFO] Running 1 feature files for domain 'crm.cartzlink.com':
    E:\shayan\tests\features\crm.cartzlink.com\dashboard.feature
[INFO] Domain = crm.cartzlink.com
[INFO] Starting browser and logging in for domain: crm.cartzlink.com
[INFO] Creating fresh browser instance for domain: crm.cartzlink.com
[INFO] Attempt 1/3: Creating Chrome driver...
[PASS] Chrome driver created successfully on attempt 1
[INFO] Attempt 1/3: Opening https://crm.cartzlink.com/admin/?r=user/user/login&_lang=en
[PASS] Page loaded successfully on attempt 1
[PASS] Opened URL: https://crm.cartzlink.com/admin/?r=user/user/login&_lang=en
[INFO] Testing refresh function for dashboard elements...
[PASS] Login successful - dashboard loaded with refresh function
[PASS] Login successful - dashboard loaded with fallback method
[INFO] Login completed. Page Load: 0.8s, Login: 18.1s
[INFO] Login successful for domain: crm.cartzlink.com
[INFO] Starting feature: Dash board
Feature: Dash board # features/crm.cartzlink.com/dashboard.feature:4
[INFO] Completed feature: Dash board
DEBUG: context.domain = crm.cartzlink.com
DEBUG: timing_summary = {'crm.cartzlink.com': {'Server': 's15', 'Page Load': 0.8, 'Login': 18.1, 'Features': {'Dash board': {'Feature': None, 'Scenario Timings': [{'name': 'Visit Dash board page', 'duration': 0.0, 'status': 'passed', 'failed_steps': []}], 'Failed Steps': []}}}}
PASS Feature: Dash board (0.0s)
[DEBUG] Writing timing summary for crm.cartzlink.com to E:\shayan\tests\timing_results\crm.cartzlink.com_timing.json

  @critical
  Scenario: Visit Dash board page  # features/crm.cartzlink.com/dashboard.feature:7

[INFO] Closing browser for domain: crm.cartzlink.com
[INFO] Browser closed successfully for domain: crm.cartzlink.com
[INFO] Browser instance cleared for domain: crm.cartzlink.com
[SUMMARY] Timing for crm.cartzlink.com:
{
  "page_load": {
    "current": 0.8,
    "average": 0.7666666666666666,
    "values": [
      0.8,
      0.8,
      0.7
    ],
    "is_high": true
  },
  "login": {
    "current": 18.1,
    "average": 18.533333333333335,
    "values": [
      18.1,
      19.1,
      18.4
    ],
    "is_high": false
  },
  "features": {
    "Dash board": {
      "current": 0.0,
      "average": 0.0,
      "values": [
        0.0,
        0.0,
        0.0
      ],
      "is_high": 0.0
    }
  },
  "scenario": {
    "current": 0.0,
    "average": 0.0,
    "values": [
      0.0,
      0.0,
      0.0
    ],
    "is_high": 0.0
  }
}

[INFO] Server: s15 | Domain: crm.cartzlink.com
==================================================
[PASS] Dash board

============================================================
COMPLETED DOMAIN: crm.cartzlink.com
============================================================

============================================================
STARTING DOMAIN: crm.tabrospharma.com (Server: TP)
============================================================
[INFO] Running 2 feature files for domain 'crm.tabrospharma.com':
    E:\shayan\tests\features\crm.tabrospharma.com\AccV.feature
    E:\shayan\tests\features\crm.tabrospharma.com\SO.feature
[INFO] Domain = crm.tabrospharma.com
[INFO] Starting browser and logging in for domain: crm.tabrospharma.com
[INFO] Creating fresh browser instance for domain: crm.tabrospharma.com
[INFO] Attempt 1/3: Creating Chrome driver...
[PASS] Chrome driver created successfully on attempt 1
[INFO] Attempt 1/3: Opening https://crm.tabrospharma.com/admin/?r=user/user/login&_lang=en
[PASS] Page loaded successfully on attempt 1
[PASS] Opened URL: https://crm.tabrospharma.com/admin/?r=user/user/login&_lang=en
[INFO] Testing refresh function for dashboard elements...
[PASS] Login successful - dashboard loaded with refresh function
[PASS] Login successful - dashboard loaded with fallback method
[INFO] Login completed. Page Load: 1.4s, Login: 26.2s
[INFO] Login successful for domain: crm.tabrospharma.com
[INFO] Starting feature: Add Account Voucher
Feature: Add Account Voucher # features/crm.tabrospharma.com/AccV.feature:4

  @critical
  Scenario: Visit Account Voucher Page and click on Edit btn  # features/crm.tabrospharma.com/AccV.feature:7
    Given we visit "accounts2"                                # features/steps/form_actions.py:36
    When we edit the top row                                  # features/steps/cartzlink_form.py:155
[INFO] Completed feature: Add Account Voucher
DEBUG: context.domain = crm.tabrospharma.com
DEBUG: timing_summary = {'crm.tabrospharma.com': {'Server': 'TP', 'Page Load': 1.4, 'Login': 26.2, 'Features': {'Add Account Voucher': {'Feature': None, 'Scenario Timings': [{'name': 'Visit Account Voucher Page and click on Edit btn', 'duration': 7.1, 'status': 'passed', 'failed_steps': []}], 'Failed Steps': []}}}}
PASS Feature: Add Account Voucher (7.1s)
[DEBUG] Writing timing summary for crm.tabrospharma.com to E:\shayan\tests\timing_results\crm.tabrospharma.com_timing.json

[INFO] Starting feature: Sales Order
Feature: Sales Order # features/crm.tabrospharma.com/SO.feature:4

  @critical
  Scenario: Visit Sales Order Page and click on Edit btn  # features/crm.tabrospharma.com/SO.feature:7
    Given we visit "orders/salesOrder"                    # features/steps/form_actions.py:36
    When we edit the top row                              # features/steps/cartzlink_form.py:155
[INFO] Completed feature: Sales Order
DEBUG: context.domain = crm.tabrospharma.com
DEBUG: timing_summary = {'crm.tabrospharma.com': {'Server': 'TP', 'Page Load': 1.4, 'Login': 26.2, 'Features': {'Add Account Voucher': {'Feature': 7.1, 'Scenario Timings': [{'name': 'Visit Account Voucher Page and click on Edit btn', 'duration': 7.1, 'status': 'passed', 'failed_steps': []}], 'Failed Steps': []}, 'Sales Order': {'Feature': None, 'Scenario Timings': [{'name': 'Visit Sales Order Page and click on Edit btn', 'duration': 6.7, 'status': 'passed', 'failed_steps': []}], 'Failed Steps': []}}}}
PASS Feature: Sales Order (6.7s)
[DEBUG] Writing timing summary for crm.tabrospharma.com to E:\shayan\tests\timing_results\crm.tabrospharma.com_timing.json

[INFO] Closing browser for domain: crm.tabrospharma.com
[INFO] Browser closed successfully for domain: crm.tabrospharma.com
[INFO] Browser instance cleared for domain: crm.tabrospharma.com
[SUMMARY] Timing for crm.tabrospharma.com:
{
  "page_load": {
    "current": 1.4,
    "average": 1.4666666666666668,
    "values": [
      1.4,
      1.5,
      1.5
    ],
    "is_high": false
  },
  "login": {
    "current": 26.2,
    "average": 26.2,
    "values": [
      26.2,
      26.0,
      26.4
    ],
    "is_high": false
  },
  "features": {
    "Add Account Voucher": {
      "current": 7.1,
      "average": 7.066666666666666,
      "values": [
        7.1,
        7.0,
        7.1
      ],
      "is_high": true
    },
    "Sales Order": {
      "current": 6.7,
      "average": 6.866666666666667,
      "values": [
        6.7,
        6.8,
        7.1
      ],
      "is_high": false
    }
  },
  "scenario": {
    "current": 6.9,
    "average": 6.966666666666666,
    "values": [
      6.9,
      6.9,
      7.1
    ],
    "is_high": false
  }
}

[INFO] Server: TP | Domain: crm.tabrospharma.com
==================================================
[PASS] Add Account Voucher
[PASS] Sales Order

============================================================
COMPLETED DOMAIN: crm.tabrospharma.com
============================================================

==================================================
[SUMMARY] FINAL TEST SUMMARY
==================================================

================================================================================
[CRITICAL] FAILURES AND PERFORMANCE ISSUES SUMMARY
================================================================================

SLOW TESTS (10 total):
--------------------------------------------------
[SLOW] Page Load SLOW | metro crm | mt.itserver.biz
   Time: 2.70s | Above 7-day average (2.4s)
[SLOW] Feature SLOW | s13 | gta.cartzlink.com
   Feature: Add Account Voucher
   Time: 14.30s | Above 7-day average (13.7s)
[SLOW] Page Load SLOW | FST | fst.itserver.biz
   Time: 3.90s | Above 7-day average (3.8s)
[SLOW] Login SLOW | FST | fst.itserver.biz
   Time: 20.10s | Above 7-day average (20.0s)
[SLOW] Feature SLOW | FST | fst.itserver.biz
   Feature: Sales Order
   Time: 15.30s | Above 7-day average (14.2s)
[SLOW] Feature SLOW | metro cam | cam.itserver.biz
   Feature: Add Account Voucher
   Time: 9.30s | Above 7-day average (8.5s)
[SLOW] Page Load SLOW | bmkenya | bmkenya.itserver.biz
   Time: 3.90s | Above 7-day average (3.9s)
[SLOW] Feature SLOW | bmkenya | bmkenya.itserver.biz
   Feature: Sales Order
   Time: 1.20s | Above 7-day average (1.1s)
[SLOW] Page Load SLOW | s15 | crm.cartzlink.com
   Time: 0.80s | Above 7-day average (0.8s)
[SLOW] Feature SLOW | TP | crm.tabrospharma.com
   Feature: Add Account Voucher
   Time: 7.10s | Above 7-day average (7.1s)
================================================================================

[DEBUG] Getting 7-day data for domain: mt.itserver.biz
[DEBUG] Page load data: {'current': 2.7, 'average': 2.4, 'values': [2.7, 2.3, 2.2], 'is_high': True}
[DEBUG] Formatted summary: 
Times (Last 3 Days): 2.7, 2.3, 2.2
3-Day Avg: 2.4
Today: 2.7  Above 3-Day Avg
[DEBUG] Getting 7-day login data for domain: mt.itserver.biz
[DEBUG] Login data: {'current': 24.1, 'average': 24.166666666666668, 'values': [24.1, 24.2, 24.2], 'is_high': False}
[DEBUG] Formatted login summary: 
Times (Last 3 Days): 24.1, 24.2, 24.2
3-Day Avg: 24.2
Today: 24.1
[DEBUG] Getting 7-day data for domain: gta.cartzlink.com
[DEBUG] Page load data: {'current': 3.6, 'average': 4.066666666666666, 'values': [3.6, 3.1, 5.5], 'is_high': False}
[DEBUG] Formatted summary: 
Times (Last 3 Days): 3.6, 3.1, 5.5
3-Day Avg: 4.1
Today: 3.6
[DEBUG] Getting 7-day login data for domain: gta.cartzlink.com
[DEBUG] Login data: {'current': 20.6, 'average': 21.733333333333334, 'values': [20.6, 21.7, 22.9], 'is_high': False}
[DEBUG] Formatted login summary: 
Times (Last 3 Days): 20.6, 21.7, 22.9
3-Day Avg: 21.7
Today: 20.6
[DEBUG] Getting 7-day data for domain: fst.itserver.biz
[DEBUG] Page load data: {'current': 3.9, 'average': 3.766666666666667, 'values': [3.9, 3.6, 3.8], 'is_high': True}
[DEBUG] Formatted summary: 
Times (Last 3 Days): 3.9, 3.6, 3.8
3-Day Avg: 3.8
Today: 3.9  Above 3-Day Avg
[DEBUG] Getting 7-day login data for domain: fst.itserver.biz
[DEBUG] Login data: {'current': 20.1, 'average': 20.033333333333335, 'values': [20.1, 19.9, 20.1], 'is_high': True}
[DEBUG] Formatted login summary: 
Times (Last 3 Days): 20.1, 19.9, 20.1
3-Day Avg: 20.0
Today: 20.1  Above 3-Day Avg
[DEBUG] Getting 7-day data for domain: cam.itserver.biz
[DEBUG] Page load data: {'current': 3.7, 'average': 3.766666666666667, 'values': [3.7, 4.1, 3.5], 'is_high': False}
[DEBUG] Formatted summary: 
Times (Last 3 Days): 3.7, 4.1, 3.5
3-Day Avg: 3.8
Today: 3.7
[DEBUG] Getting 7-day login data for domain: cam.itserver.biz
[DEBUG] Login data: {'current': 19.3, 'average': 19.366666666666667, 'values': [19.3, 19.7, 19.1], 'is_high': False}
[DEBUG] Formatted login summary: 
Times (Last 3 Days): 19.3, 19.7, 19.1
3-Day Avg: 19.4
Today: 19.3
[DEBUG] Getting 7-day data for domain: bmkenya.itserver.biz
[DEBUG] Page load data: {'current': 3.9, 'average': 3.8666666666666667, 'values': [3.9, 4.0, 3.7], 'is_high': True}
[DEBUG] Formatted summary: 
Times (Last 3 Days): 3.9, 4.0, 3.7
3-Day Avg: 3.9
Today: 3.9  Above 3-Day Avg
[DEBUG] Getting 7-day login data for domain: bmkenya.itserver.biz
[DEBUG] Login data: {'current': 19.9, 'average': 20.0, 'values': [19.9, 20.2, 19.9], 'is_high': False}
[DEBUG] Formatted login summary: 
Times (Last 3 Days): 19.9, 20.2, 19.9
3-Day Avg: 20.0
Today: 19.9
[DEBUG] Getting 7-day data for domain: crm.cartzlink.com
[DEBUG] Page load data: {'current': 0.8, 'average': 0.7666666666666666, 'values': [0.8, 0.8, 0.7], 'is_high': True}
[DEBUG] Formatted summary: 
Times (Last 3 Days): 0.8, 0.8, 0.7
3-Day Avg: 0.8
Today: 0.8  Above 3-Day Avg
[DEBUG] Getting 7-day login data for domain: crm.cartzlink.com
[DEBUG] Login data: {'current': 18.1, 'average': 18.533333333333335, 'values': [18.1, 19.1, 18.4], 'is_high': False}
[DEBUG] Formatted login summary: 
Times (Last 3 Days): 18.1, 19.1, 18.4
3-Day Avg: 18.5
Today: 18.1
[DEBUG] Getting 7-day data for domain: crm.tabrospharma.com
[DEBUG] Page load data: {'current': 1.4, 'average': 1.4666666666666668, 'values': [1.4, 1.5, 1.5], 'is_high': False}
[DEBUG] Formatted summary: 
Times (Last 3 Days): 1.4, 1.5, 1.5
3-Day Avg: 1.5
Today: 1.4
[DEBUG] Getting 7-day login data for domain: crm.tabrospharma.com
[DEBUG] Login data: {'current': 26.2, 'average': 26.2, 'values': [26.2, 26.0, 26.4], 'is_high': False}
[DEBUG] Formatted login summary: 
Times (Last 3 Days): 26.2, 26.0, 26.4
3-Day Avg: 26.2
Today: 26.2

[INFO] Server: metro crm | Domain: mt.itserver.biz
[INFO] Features executed:
    Sales Order
==================================================
[PASS] Page Load (2.70s)  Above 7-Day Avg

Times (Last 3 Days): 2.7, 2.3, 2.2
3-Day Avg: 2.4
Today: 2.7  Above 3-Day Avg
[PASS] Login (24.10s)

Times (Last 3 Days): 24.1, 24.2, 24.2
3-Day Avg: 24.2
Today: 24.1

[INFO] Feature: Sales Order
[PASS] Feature: Sales Order (8.50s)

Times (Last 3 Days): 8.5, 8.7, 8.6
3-Day Avg: 8.6
Today: 8.5
[PASS] Scenario: Visit Sales order page and click on edit btn (8.50s)

[INFO] Server: s13 | Domain: gta.cartzlink.com
[INFO] Features executed:
    Add Account Voucher
    Sales Invoice
==================================================
[PASS] Page Load (3.60s)

Times (Last 3 Days): 3.6, 3.1, 5.5
3-Day Avg: 4.1
Today: 3.6
[PASS] Login (20.60s)

Times (Last 3 Days): 20.6, 21.7, 22.9
3-Day Avg: 21.7
Today: 20.6

[INFO] Feature: Add Account Voucher
[PASS] Feature: Add Account Voucher (14.30s)  Above 7-Day Avg

Times (Last 3 Days): 14.3, 13.0, 13.7
3-Day Avg: 13.7
Today: 14.3  Above 3-Day Avg
[PASS] Scenario: Visit Account Voucher Page and click on Edit btn (14.30s)
[INFO] Feature: Sales Invoice
[PASS] Feature: Sales Invoice (17.10s)

Times (Last 3 Days): 17.1, 21.8, 20.7
3-Day Avg: 19.9
Today: 17.1
[PASS] Scenario: Sales Invoice page (17.10s)

[INFO] Server: FST | Domain: fst.itserver.biz
[INFO] Features executed:
    Sales Order
==================================================
[PASS] Page Load (3.90s)  Above 7-Day Avg

Times (Last 3 Days): 3.9, 3.6, 3.8
3-Day Avg: 3.8
Today: 3.9  Above 3-Day Avg
[PASS] Login (20.10s)  Above 7-Day Avg

Times (Last 3 Days): 20.1, 19.9, 20.1
3-Day Avg: 20.0
Today: 20.1  Above 3-Day Avg

[INFO] Feature: Sales Order
[PASS] Feature: Sales Order (15.30s)  Above 7-Day Avg

Times (Last 3 Days): 15.3, 11.7, 15.5
3-Day Avg: 14.2
Today: 15.3  Above 3-Day Avg
[PASS] Scenario: Visit Sales order page and click on Edit btn (15.30s)

[INFO] Server: metro cam | Domain: cam.itserver.biz
[INFO] Features executed:
    Add Account Voucher
    Gatepass
    Purchase Invoice
    Production Order FSTUser
==================================================
[PASS] Page Load (3.70s)

Times (Last 3 Days): 3.7, 4.1, 3.5
3-Day Avg: 3.8
Today: 3.7
[PASS] Login (19.30s)

Times (Last 3 Days): 19.3, 19.7, 19.1
3-Day Avg: 19.4
Today: 19.3

[INFO] Feature: Add Account Voucher
[PASS] Feature: Add Account Voucher (9.30s)  Above 7-Day Avg

Times (Last 3 Days): 9.3, 8.8, 7.4
3-Day Avg: 8.5
Today: 9.3  Above 3-Day Avg
[PASS] Scenario: Visit Account Voucher Page and click on Edit btn (9.30s)
[INFO] Feature: Gatepass
[PASS] Feature: Gatepass (11.70s)

Times (Last 3 Days): 11.7, 12.0, 11.8
3-Day Avg: 11.8
Today: 11.7
[PASS] Scenario: Visit Gate pass Page and click on Edit btn (11.70s)
[INFO] Feature: Purchase Invoice
[PASS] Feature: Purchase Invoice (12.80s)

Times (Last 3 Days): 12.8, 13.0, 12.7
3-Day Avg: 12.8
Today: 12.8
[PASS] Scenario: Visit Purchase invoice Page and click on Edit btn (12.70s)
[INFO] Feature: Production Order FSTUser
[PASS] Feature: Production Order FSTUser (7.70s)

Times (Last 3 Days): 7.7, 7.8, 7.7
3-Day Avg: 7.7
Today: 7.7
[PASS] Scenario: Visit Production order page and click on Edit btn (7.70s)

[INFO] Server: bmkenya | Domain: bmkenya.itserver.biz
[INFO] Features executed:
    Add Account Voucher
    Sales Order
==================================================
[PASS] Page Load (3.90s)  Above 7-Day Avg

Times (Last 3 Days): 3.9, 4.0, 3.7
3-Day Avg: 3.9
Today: 3.9  Above 3-Day Avg
[PASS] Login (19.90s)

Times (Last 3 Days): 19.9, 20.2, 19.9
3-Day Avg: 20.0
Today: 19.9

[INFO] Feature: Add Account Voucher
[PASS] Feature: Add Account Voucher (9.40s)

Times (Last 3 Days): 9.4, 10.1, 9.6
3-Day Avg: 9.7
Today: 9.4
[PASS] Scenario: Visit Account Voucher Page and click on Edit btn (9.40s)
[INFO] Feature: Sales Order
[PASS] Feature: Sales Order (1.20s)  Above 7-Day Avg

Times (Last 3 Days): 1.2, 1.1, 0.9
3-Day Avg: 1.1
Today: 1.2  Above 3-Day Avg
[PASS] Scenario: Visit Sales order page (1.20s)

[INFO] Server: s15 | Domain: crm.cartzlink.com
[INFO] Features executed:
    Dash board
==================================================
[PASS] Page Load (0.80s)  Above 7-Day Avg

Times (Last 3 Days): 0.8, 0.8, 0.7
3-Day Avg: 0.8
Today: 0.8  Above 3-Day Avg
[PASS] Login (18.10s)

Times (Last 3 Days): 18.1, 19.1, 18.4
3-Day Avg: 18.5
Today: 18.1

[INFO] Feature: Dash board
[PASS] Feature: Dash board (0.00s)

Times (Last 3 Days): 0.0, 0.0, 0.0
3-Day Avg: 0.0
Today: 0.0
[PASS] Scenario: Visit Dash board page (0.00s)

[INFO] Server: TP | Domain: crm.tabrospharma.com
[INFO] Features executed:
    Add Account Voucher
    Sales Order
==================================================
[PASS] Page Load (1.40s)

Times (Last 3 Days): 1.4, 1.5, 1.5
3-Day Avg: 1.5
Today: 1.4
[PASS] Login (26.20s)

Times (Last 3 Days): 26.2, 26.0, 26.4
3-Day Avg: 26.2
Today: 26.2

[INFO] Feature: Add Account Voucher
[PASS] Feature: Add Account Voucher (7.10s)  Above 7-Day Avg

Times (Last 3 Days): 7.1, 7.0, 7.1
3-Day Avg: 7.1
Today: 7.1  Above 3-Day Avg
[PASS] Scenario: Visit Account Voucher Page and click on Edit btn (7.10s)
[INFO] Feature: Sales Order
[PASS] Feature: Sales Order (6.70s)

Times (Last 3 Days): 6.7, 6.8, 7.1
3-Day Avg: 6.9
Today: 6.7
[PASS] Scenario: Visit Sales Order Page and click on Edit btn (6.70s)
[PASS] Test summary email sent successfully.
Finished at Sat 01/24/2026 20:06:03.11 
========================================= 
