========================================= 
Behave Run Started at Wed 09/24/2025 17:36:49.14 
========================================= 
ABORTED: HOOK-ERROR in before_all: SystemExit

============================================================
STARTING DOMAIN: mt2.itserver.biz (Server: metro crm)
============================================================
[INFO] Running 2 feature files for domain 'mt2.itserver.biz':
    C:\tests\features\mt2.itserver.biz\AccV.feature
    C:\tests\features\mt2.itserver.biz\SO.feature
[INFO] Domain = mt2.itserver.biz
[INFO] Starting browser and logging in for domain: mt2.itserver.biz
[INFO] Creating fresh browser instance for domain: mt2.itserver.biz
[INFO] Attempt 1/5: Creating Chrome driver...
[INFO] Applying performance optimizations for problematic domain: mt2.itserver.biz
[PASS] Chrome driver created successfully on attempt 1
[INFO] Attempt 1/5: Opening https://mt2.itserver.biz/admin/?r=user/user/login&_lang=en
[WARN] Error on attempt 1: Message: unknown error: net::ERR_NAME_NOT_RESOLVED
  (Session info: chrome=140.0.7339.128)
Stacktrace:
	GetHandleVerifier [0x0x7ff6e6901eb5+80197]
	GetHandleVerifier [0x0x7ff6e6901f10+80288]
	(No symbol) [0x0x7ff6e66802fa]
	(No symbol) [0x0x7ff6e667d001]
	(No symbol) [0x0x7ff6e666da49]
	(No symbol) [0x0x7ff6e666f821]
	(No symbol) [0x0x7ff6e666dd66]
	(No symbol) [0x0x7ff6e666d7b7]
	(No symbol) [0x0x7ff6e666d47b]
	(No symbol) [0x0x7ff6e666afec]
	(No symbol) [0x0x7ff6e666b87c]
	(No symbol) [0x0x7ff6e66843ca]
	(No symbol) [0x0x7ff6e67295de]
	(No symbol) [0x0x7ff6e670037a]
	(No symbol) [0x0x7ff6e67287fb]
	(No symbol) [0x0x7ff6e6700153]
	(No symbol) [0x0x7ff6e66c8b02]
	(No symbol) [0x0x7ff6e66c98d3]
	GetHandleVerifier [0x0x7ff6e6bbe83d+2949837]
	GetHandleVerifier [0x0x7ff6e6bb8c6a+2926330]
	GetHandleVerifier [0x0x7ff6e6bd86c7+3055959]
	GetHandleVerifier [0x0x7ff6e691cfee+191102]
	GetHandleVerifier [0x0x7ff6e69250af+224063]
	GetHandleVerifier [0x0x7ff6e690af64+117236]
	GetHandleVerifier [0x0x7ff6e690b119+117673]
	GetHandleVerifier [0x0x7ff6e68f10a8+11064]
	BaseThreadInitThunk [0x0x7ff8e80d7374+20]
	RtlUserThreadStart [0x0x7ff8e92dcc91+33]

[INFO] Waiting 10 seconds before retry...
[INFO] Attempt 2/5: Opening https://mt2.itserver.biz/admin/?r=user/user/login&_lang=en
[WARN] Error on attempt 2: Message: unknown error: net::ERR_NAME_NOT_RESOLVED
  (Session info: chrome=140.0.7339.128)
Stacktrace:
	GetHandleVerifier [0x0x7ff6e6901eb5+80197]
	GetHandleVerifier [0x0x7ff6e6901f10+80288]
	(No symbol) [0x0x7ff6e66802fa]
	(No symbol) [0x0x7ff6e667d001]
	(No symbol) [0x0x7ff6e666da49]
	(No symbol) [0x0x7ff6e666f821]
	(No symbol) [0x0x7ff6e666dd66]
	(No symbol) [0x0x7ff6e666d7b7]
	(No symbol) [0x0x7ff6e666d47b]
	(No symbol) [0x0x7ff6e666afec]
	(No symbol) [0x0x7ff6e666b87c]
	(No symbol) [0x0x7ff6e66843ca]
	(No symbol) [0x0x7ff6e67295de]
	(No symbol) [0x0x7ff6e670037a]
	(No symbol) [0x0x7ff6e67287fb]
	(No symbol) [0x0x7ff6e6700153]
	(No symbol) [0x0x7ff6e66c8b02]
	(No symbol) [0x0x7ff6e66c98d3]
	GetHandleVerifier [0x0x7ff6e6bbe83d+2949837]
	GetHandleVerifier [0x0x7ff6e6bb8c6a+2926330]
	GetHandleVerifier [0x0x7ff6e6bd86c7+3055959]
	GetHandleVerifier [0x0x7ff6e691cfee+191102]
	GetHandleVerifier [0x0x7ff6e69250af+224063]
	GetHandleVerifier [0x0x7ff6e690af64+117236]
	GetHandleVerifier [0x0x7ff6e690b119+117673]
	GetHandleVerifier [0x0x7ff6e68f10a8+11064]
	BaseThreadInitThunk [0x0x7ff8e80d7374+20]
	RtlUserThreadStart [0x0x7ff8e92dcc91+33]

[INFO] Waiting 20 seconds before retry...
[INFO] Attempt 3/5: Opening https://mt2.itserver.biz/admin/?r=user/user/login&_lang=en
[WARN] Error on attempt 3: Message: unknown error: net::ERR_NAME_NOT_RESOLVED
  (Session info: chrome=140.0.7339.128)
Stacktrace:
	GetHandleVerifier [0x0x7ff6e6901eb5+80197]
	GetHandleVerifier [0x0x7ff6e6901f10+80288]
	(No symbol) [0x0x7ff6e66802fa]
	(No symbol) [0x0x7ff6e667d001]
	(No symbol) [0x0x7ff6e666da49]
	(No symbol) [0x0x7ff6e666f821]
	(No symbol) [0x0x7ff6e666dd66]
	(No symbol) [0x0x7ff6e666d7b7]
	(No symbol) [0x0x7ff6e666d47b]
	(No symbol) [0x0x7ff6e666afec]
	(No symbol) [0x0x7ff6e666b87c]
	(No symbol) [0x0x7ff6e66843ca]
	(No symbol) [0x0x7ff6e67295de]
	(No symbol) [0x0x7ff6e670037a]
	(No symbol) [0x0x7ff6e67287fb]
	(No symbol) [0x0x7ff6e6700153]
	(No symbol) [0x0x7ff6e66c8b02]
	(No symbol) [0x0x7ff6e66c98d3]
	GetHandleVerifier [0x0x7ff6e6bbe83d+2949837]
	GetHandleVerifier [0x0x7ff6e6bb8c6a+2926330]
	GetHandleVerifier [0x0x7ff6e6bd86c7+3055959]
	GetHandleVerifier [0x0x7ff6e691cfee+191102]
	GetHandleVerifier [0x0x7ff6e69250af+224063]
	GetHandleVerifier [0x0x7ff6e690af64+117236]
	GetHandleVerifier [0x0x7ff6e690b119+117673]
	GetHandleVerifier [0x0x7ff6e68f10a8+11064]
	BaseThreadInitThunk [0x0x7ff8e80d7374+20]
	RtlUserThreadStart [0x0x7ff8e92dcc91+33]

[INFO] Waiting 20 seconds before retry...
[INFO] Attempt 4/5: Opening https://mt2.itserver.biz/admin/?r=user/user/login&_lang=en
[WARN] Error on attempt 4: Message: unknown error: net::ERR_NAME_NOT_RESOLVED
  (Session info: chrome=140.0.7339.128)
Stacktrace:
	GetHandleVerifier [0x0x7ff6e6901eb5+80197]
	GetHandleVerifier [0x0x7ff6e6901f10+80288]
	(No symbol) [0x0x7ff6e66802fa]
	(No symbol) [0x0x7ff6e667d001]
	(No symbol) [0x0x7ff6e666da49]
	(No symbol) [0x0x7ff6e666f821]
	(No symbol) [0x0x7ff6e666dd66]
	(No symbol) [0x0x7ff6e666d7b7]
	(No symbol) [0x0x7ff6e666d47b]
	(No symbol) [0x0x7ff6e666afec]
	(No symbol) [0x0x7ff6e666b87c]
	(No symbol) [0x0x7ff6e66843ca]
	(No symbol) [0x0x7ff6e67295de]
	(No symbol) [0x0x7ff6e670037a]
	(No symbol) [0x0x7ff6e67287fb]
	(No symbol) [0x0x7ff6e6700153]
	(No symbol) [0x0x7ff6e66c8b02]
	(No symbol) [0x0x7ff6e66c98d3]
	GetHandleVerifier [0x0x7ff6e6bbe83d+2949837]
	GetHandleVerifier [0x0x7ff6e6bb8c6a+2926330]
	GetHandleVerifier [0x0x7ff6e6bd86c7+3055959]
	GetHandleVerifier [0x0x7ff6e691cfee+191102]
	GetHandleVerifier [0x0x7ff6e69250af+224063]
	GetHandleVerifier [0x0x7ff6e690af64+117236]
	GetHandleVerifier [0x0x7ff6e690b119+117673]
	GetHandleVerifier [0x0x7ff6e68f10a8+11064]
	BaseThreadInitThunk [0x0x7ff8e80d7374+20]
	RtlUserThreadStart [0x0x7ff8e92dcc91+33]

[INFO] Waiting 20 seconds before retry...
[INFO] Attempt 5/5: Opening https://mt2.itserver.biz/admin/?r=user/user/login&_lang=en
[WARN] Error on attempt 5: Message: invalid session id: session deleted as the browser has closed the connection
from disconnected: not connected to DevTools
  (Session info: chrome=140.0.7339.128); For documentation on this error, please visit: https://www.selenium.dev/documentation/webdriver/troubleshooting/errors#invalidsessionidexception
Stacktrace:
	GetHandleVerifier [0x0x7ff6e6901eb5+80197]
	GetHandleVerifier [0x0x7ff6e6901f10+80288]
	(No symbol) [0x0x7ff6e66802fa]
	(No symbol) [0x0x7ff6e666c0a5]
	(No symbol) [0x0x7ff6e669144a]
	(No symbol) [0x0x7ff6e6707be6]
	(No symbol) [0x0x7ff6e6728132]
	(No symbol) [0x0x7ff6e6700153]
	(No symbol) [0x0x7ff6e66c8b02]
	(No symbol) [0x0x7ff6e66c98d3]
	GetHandleVerifier [0x0x7ff6e6bbe83d+2949837]
	GetHandleVerifier [0x0x7ff6e6bb8c6a+2926330]
	GetHandleVerifier [0x0x7ff6e6bd86c7+3055959]
	GetHandleVerifier [0x0x7ff6e691cfee+191102]
	GetHandleVerifier [0x0x7ff6e69250af+224063]
	GetHandleVerifier [0x0x7ff6e690af64+117236]
	GetHandleVerifier [0x0x7ff6e690b119+117673]
	GetHandleVerifier [0x0x7ff6e68f10a8+11064]
	BaseThreadInitThunk [0x0x7ff8e80d7374+20]
	RtlUserThreadStart [0x0x7ff8e92dcc91+33]

[FAIL] All 5 attempts failed due to errors
[FAIL] Page Load Failed: Failed to load login page after all retries
[FAIL] Login failed for domain mt2.itserver.biz. Aborting all features.

ABORTED: By user.

[INFO] Server: metro crm | Domain: mt2.itserver.biz
==================================================
[FAIL] Add Account Voucher
[FAIL] Sales invoice MT

============================================================
COMPLETED DOMAIN: mt2.itserver.biz
============================================================

============================================================
STARTING DOMAIN: fst.itserver.biz (Server: FST)
============================================================
[INFO] Running 1 feature files for domain 'fst.itserver.biz':
    C:\tests\features\fst.itserver.biz\SO.feature
[INFO] Domain = fst.itserver.biz
[INFO] Starting browser and logging in for domain: fst.itserver.bizABORTED: HOOK-ERROR in before_all: SystemExit

[INFO] Creating fresh browser instance for domain: fst.itserver.biz
[INFO] Attempt 1/3: Creating Chrome driver...
[PASS] Chrome driver created successfully on attempt 1
[INFO] Attempt 1/3: Opening https://fst.itserver.biz/admin/?r=user/user/login&_lang=en
[WARN] Error on attempt 1: Message: unknown error: net::ERR_NAME_NOT_RESOLVED
  (Session info: chrome=140.0.7339.128)
Stacktrace:
	GetHandleVerifier [0x0x7ff6e6901eb5+80197]
	GetHandleVerifier [0x0x7ff6e6901f10+80288]
	(No symbol) [0x0x7ff6e66802fa]
	(No symbol) [0x0x7ff6e667d001]
	(No symbol) [0x0x7ff6e666da49]
	(No symbol) [0x0x7ff6e666f821]
	(No symbol) [0x0x7ff6e666dd66]
	(No symbol) [0x0x7ff6e666d7b7]
	(No symbol) [0x0x7ff6e666d47b]
	(No symbol) [0x0x7ff6e666afec]
	(No symbol) [0x0x7ff6e666b87c]
	(No symbol) [0x0x7ff6e66843ca]
	(No symbol) [0x0x7ff6e67295de]
	(No symbol) [0x0x7ff6e670037a]
	(No symbol) [0x0x7ff6e67287fb]
	(No symbol) [0x0x7ff6e6700153]
	(No symbol) [0x0x7ff6e66c8b02]
	(No symbol) [0x0x7ff6e66c98d3]
	GetHandleVerifier [0x0x7ff6e6bbe83d+2949837]
	GetHandleVerifier [0x0x7ff6e6bb8c6a+2926330]
	GetHandleVerifier [0x0x7ff6e6bd86c7+3055959]
	GetHandleVerifier [0x0x7ff6e691cfee+191102]
	GetHandleVerifier [0x0x7ff6e69250af+224063]
	GetHandleVerifier [0x0x7ff6e690af64+117236]
	GetHandleVerifier [0x0x7ff6e690b119+117673]
	GetHandleVerifier [0x0x7ff6e68f10a8+11064]
	BaseThreadInitThunk [0x0x7ff8e80d7374+20]
	RtlUserThreadStart [0x0x7ff8e92dcc91+33]

[INFO] Waiting 5 seconds before retry...
[INFO] Attempt 2/3: Opening https://fst.itserver.biz/admin/?r=user/user/login&_lang=en
[PASS] Page loaded successfully on attempt 2
[PASS] Opened URL: https://fst.itserver.biz/admin/?r=user/user/login&_lang=en
[FAIL] Login Failed: ('Connection aborted.', ConnectionResetError(10054, 'An existing connection was forcibly closed by the remote host', None, 10054, None))
[FAIL] Login failed for domain fst.itserver.biz. Aborting all features.

ABORTED: By user.

[INFO] Server: FST | Domain: fst.itserver.biz
==================================================
[FAIL] Sales Order

============================================================
COMPLETED DOMAIN: fst.itserver.biz
============================================================

==================================================
[SUMMARY] FINAL TEST SUMMARY
==================================================
[DEBUG] Getting 7-day data for domain: mt2.itserver.biz
[DEBUG] Page load data: {'current': 9.0, 'average': 9.0, 'values': [9.0], 'is_high': False}
[DEBUG] Formatted summary: 
Times (Today): 9.0
Today: 9.0
[DEBUG] Getting 7-day login data for domain: mt2.itserver.biz
[DEBUG] Login data: {'current': 25.9, 'average': 25.9, 'values': [25.9], 'is_high': False}
[DEBUG] Formatted login summary: 
Times (Today): 25.9
Today: 25.9
[DEBUG] Getting 7-day data for domain: fst.itserver.biz
[DEBUG] Page load data: {'current': 10.1, 'average': 10.1, 'values': [10.1], 'is_high': False}
[DEBUG] Formatted summary: 
Times (Today): 10.1
Today: 10.1
[DEBUG] Getting 7-day login data for domain: fst.itserver.biz
[DEBUG] Login data: {'current': 20.8, 'average': 20.8, 'values': [20.8], 'is_high': False}
[DEBUG] Formatted login summary: 
Times (Today): 20.8
Today: 20.8

[INFO] Server: metro crm | Domain: mt2.itserver.biz
[INFO] Features executed:
    Add Account Voucher
    Sales invoice MT
==================================================
[PASS] Page Load (9.00s)

Times (Today): 9.0
Today: 9.0
[PASS] Login (25.90s)

Times (Today): 25.9
Today: 25.9

[INFO] Feature: Add Account Voucher
[PASS] Feature: Add Account Voucher (35.60s)

Times (Today): 35.6
Today: 35.6
[PASS] Scenario: Visit Account Voucher Page and click on Edit btn (35.60s)
[INFO] Feature: Sales invoice MT
[PASS] Feature: Sales invoice MT (110.10s)

Times (Today): 110.1
Today: 110.1
[PASS] Scenario: Visit Sales invoice page (110.00s)

[INFO] Server: FST | Domain: fst.itserver.biz
[INFO] Features executed:
    Sales Order
==================================================
[PASS] Page Load (10.10s)

Times (Today): 10.1
Today: 10.1
[PASS] Login (20.80s)

Times (Today): 20.8
Today: 20.8

[INFO] Feature: Sales Order
[PASS] Feature: Sales Order (74.70s)

Times (Today): 74.7
Today: 74.7
[PASS] Scenario: Visit Sales order page and click on Edit btn (74.70s)
[FAIL] Failed to send email: [Errno 11001] getaddrinfo failed
Finished at Wed 09/24/2025 17:41:05.04 
========================================= 
