========================================= 
Behave Run Started at Sat 10/11/2025 20:00:01.99 
========================================= 
[INFO] Cleaned up 1 old/excess timing history entries. Remaining: 6 entries.

============================================================
STARTING DOMAIN: mt.itserver.biz (Server: metro crm)
============================================================
[INFO] Running 1 feature files for domain 'mt.itserver.biz':
    E:\shayan\tests\features\mt.itserver.biz\SO.feature
[INFO] Domain = mt.itserver.biz
[INFO] Starting browser and logging in for domain: mt.itserver.biz
[INFO] Creating fresh browser instance for domain: mt.itserver.biz
[INFO] Attempt 1/5: Creating Chrome driver...
[INFO] Applying performance optimizations for problematic domain: mt.itserver.biz
[PASS] Chrome driver created successfully on attempt 1
[INFO] Attempt 1/5: Opening https://mt.itserver.biz/admin/?r=user/user/login&_lang=en
[PASS] Page loaded successfully on attempt 1
[PASS] Opened URL: https://mt.itserver.biz/admin/?r=user/user/login&_lang=en
[INFO] Testing refresh function for dashboard elements...
[PASS] Login successful - dashboard loaded with refresh function
[PASS] Login successful - dashboard loaded with fallback method
[INFO] Login completed. Page Load: 31.6s, Login: 29.8s
[INFO] Login successful for domain: mt.itserver.biz
[INFO] Starting feature: Sales Order
Feature: Sales Order # features/mt.itserver.biz/SO.feature:4

  @critical
  Scenario: Visit Sales order page and click on edit btn  # features/mt.itserver.biz/SO.feature:7
    Given we visit "orders/SO2"                           # features/steps/form_actions.py:36
    When we edit the top row                              # features/steps/cartzlink_form.py:155
[INFO] Completed feature: Sales Order
DEBUG: context.domain = mt.itserver.biz
DEBUG: timing_summary = {'mt.itserver.biz': {'Server': 'metro crm', 'Page Load': 31.6, 'Login': 29.8, 'Features': {'Sales Order': {'Feature': None, 'Scenario Timings': [{'name': 'Visit Sales order page and click on edit btn', 'duration': 11.3, 'status': 'passed', 'failed_steps': []}], 'Failed Steps': []}}}}
PASS Feature: Sales Order (11.3s)
[DEBUG] Writing timing summary for mt.itserver.biz to E:\shayan\tests\timing_results\mt.itserver.biz_timing.json

[INFO] Closing browser for domain: mt.itserver.biz
[INFO] Browser closed successfully for domain: mt.itserver.biz
[INFO] Browser instance cleared for domain: mt.itserver.biz
[SUMMARY] Timing for mt.itserver.biz:
{
  "page_load": {
    "current": 31.6,
    "average": 13.471428571428572,
    "values": [
      31.6,
      14.0,
      3.2,
      2.2,
      2.4,
      9.2,
      31.7
    ],
    "is_high": true
  },
  "login": {
    "current": 29.8,
    "average": 26.87142857142857,
    "values": [
      29.8,
      24.7,
      27.5,
      29.1,
      25.5,
      24.6,
      26.9
    ],
    "is_high": true
  },
  "features": {
    "Sales Order": {
      "current": 11.3,
      "average": 10.571428571428571,
      "values": [
        11.3,
        9.8,
        11.5,
        11.2,
        10.2,
        9.8,
        10.2
      ],
      "is_high": true
    }
  },
  "scenario": {
    "current": 11.3,
    "average": 10.571428571428571,
    "values": [
      11.3,
      9.8,
      11.5,
      11.2,
      10.2,
      9.8,
      10.2
    ],
    "is_high": true
  }
}

[INFO] Server: metro crm | Domain: mt.itserver.biz
==================================================
[PASS] Sales Order

============================================================
COMPLETED DOMAIN: mt.itserver.biz
============================================================

============================================================
STARTING DOMAIN: gta.cartzlink.com (Server: s13)
============================================================
[INFO] Running 2 feature files for domain 'gta.cartzlink.com':
    E:\shayan\tests\features\gta.cartzlink.com\AccV.feature
    E:\shayan\tests\features\gta.cartzlink.com\SI.feature
[INFO] Domain = gta.cartzlink.com
[INFO] Starting browser and logging in for domain: gta.cartzlink.com
[INFO] Creating fresh browser instance for domain: gta.cartzlink.com
[INFO] Attempt 1/3: Creating Chrome driver...
[PASS] Chrome driver created successfully on attempt 1
[INFO] Attempt 1/3: Opening https://gta.cartzlink.com/admin/?r=user/user/login&_lang=en
[PASS] Page loaded successfully on attempt 1
[PASS] Opened URL: https://gta.cartzlink.com/admin/?r=user/user/login&_lang=en
[INFO] Testing refresh function for dashboard elements...
[PASS] Login successful - dashboard loaded with refresh function
[PASS] Login successful - dashboard loaded with fallback method
[INFO] Login completed. Page Load: 3.6s, Login: 20.2s
[INFO] Login successful for domain: gta.cartzlink.com
[INFO] Starting feature: Add Account Voucher
Feature: Add Account Voucher # features/gta.cartzlink.com/AccV.feature:4

  @critical
  Scenario: Visit Account Voucher Page and click on Edit btn  # features/gta.cartzlink.com/AccV.feature:7
    Given we visit "accounts2"                                # features/steps/form_actions.py:36
    When we edit the top row                                  # features/steps/cartzlink_form.py:155
[INFO] Completed feature: Add Account Voucher
DEBUG: context.domain = gta.cartzlink.com
DEBUG: timing_summary = {'gta.cartzlink.com': {'Server': 's13', 'Page Load': 3.6, 'Login': 20.2, 'Features': {'Add Account Voucher': {'Feature': None, 'Scenario Timings': [{'name': 'Visit Account Voucher Page and click on Edit btn', 'duration': 13.4, 'status': 'passed', 'failed_steps': []}], 'Failed Steps': []}}}}
PASS Feature: Add Account Voucher (13.4s)
[DEBUG] Writing timing summary for gta.cartzlink.com to E:\shayan\tests\timing_results\gta.cartzlink.com_timing.json

[INFO] Starting feature: Sales Invoice
Feature: Sales Invoice # features/gta.cartzlink.com/SI.feature:1

  @critical
  Scenario: Sales Invoice page           # features/gta.cartzlink.com/SI.feature:4
    Given we visit "orders/salesInvoice" # features/steps/form_actions.py:36
    When we edit the top row             # features/steps/cartzlink_form.py:155
[INFO] Completed feature: Sales Invoice
DEBUG: context.domain = gta.cartzlink.com
DEBUG: timing_summary = {'gta.cartzlink.com': {'Server': 's13', 'Page Load': 3.6, 'Login': 20.2, 'Features': {'Add Account Voucher': {'Feature': 13.4, 'Scenario Timings': [{'name': 'Visit Account Voucher Page and click on Edit btn', 'duration': 13.4, 'status': 'passed', 'failed_steps': []}], 'Failed Steps': []}, 'Sales Invoice': {'Feature': None, 'Scenario Timings': [{'name': 'Sales Invoice page', 'duration': 24.7, 'status': 'passed', 'failed_steps': []}], 'Failed Steps': []}}}}
PASS Feature: Sales Invoice (24.7s)
[DEBUG] Writing timing summary for gta.cartzlink.com to E:\shayan\tests\timing_results\gta.cartzlink.com_timing.json

[INFO] Closing browser for domain: gta.cartzlink.com
[INFO] Browser closed successfully for domain: gta.cartzlink.com
[INFO] Browser instance cleared for domain: gta.cartzlink.com
[SUMMARY] Timing for gta.cartzlink.com:
{
  "page_load": {
    "current": 3.6,
    "average": 4.085714285714286,
    "values": [
      3.6,
      3.7,
      6.8,
      3.3,
      3.8,
      3.8,
      3.6
    ],
    "is_high": false
  },
  "login": {
    "current": 20.2,
    "average": 27.685714285714287,
    "values": [
      20.2,
      20.3,
      73.3,
      20.3,
      19.7,
      20.8,
      19.2
    ],
    "is_high": false
  },
  "features": {
    "Add Account Voucher": {
      "current": 13.4,
      "average": 13.771428571428572,
      "values": [
        13.4,
        13.1,
        13.3,
        13.2,
        13.2,
        16.9,
        13.3
      ],
      "is_high": false
    },
    "Sales Invoice": {
      "current": 24.7,
      "average": 24.0,
      "values": [
        24.7,
        23.8,
        19.3,
        18.0,
        21.8,
        28.1,
        32.3
      ],
      "is_high": true
    }
  },
  "scenario": {
    "current": 19.05,
    "average": 18.885714285714283,
    "values": [
      19.05,
      18.45,
      16.3,
      15.6,
      17.5,
      22.5,
      22.799999999999997
    ],
    "is_high": true
  }
}

[INFO] Server: s13 | Domain: gta.cartzlink.com
==================================================
[PASS] Add Account Voucher
[PASS] Sales Invoice

============================================================
COMPLETED DOMAIN: gta.cartzlink.com
============================================================

============================================================
STARTING DOMAIN: fst.itserver.biz (Server: FST)
============================================================
[INFO] Running 1 feature files for domain 'fst.itserver.biz':
    E:\shayan\tests\features\fst.itserver.biz\SO.feature
[INFO] Domain = fst.itserver.biz
[INFO] Starting browser and logging in for domain: fst.itserver.biz
[INFO] Creating fresh browser instance for domain: fst.itserver.biz
[INFO] Attempt 1/3: Creating Chrome driver...
[PASS] Chrome driver created successfully on attempt 1
[INFO] Attempt 1/3: Opening https://fst.itserver.biz/admin/?r=user/user/login&_lang=en
[PASS] Page loaded successfully on attempt 1
[PASS] Opened URL: https://fst.itserver.biz/admin/?r=user/user/login&_lang=en
[INFO] Testing refresh function for dashboard elements...
[PASS] Login successful - dashboard loaded with refresh function
[PASS] Login successful - dashboard loaded with fallback method
[INFO] Login completed. Page Load: 7.5s, Login: 26.5s
[INFO] Login successful for domain: fst.itserver.biz
[INFO] Starting feature: Sales Order
Feature: Sales Order # features/fst.itserver.biz/SO.feature:4

  @critical
  Scenario: Visit Sales order page and click on Edit btn  # features/fst.itserver.biz/SO.feature:7
    Given we visit "orders/salesOrder"                    # features/steps/form_actions.py:36
    When we clear the from date and search                # features/steps/form_actions.py:82
[INFO] Completed feature: Sales Order
DEBUG: context.domain = fst.itserver.biz
DEBUG: timing_summary = {'fst.itserver.biz': {'Server': 'FST', 'Page Load': 7.5, 'Login': 26.5, 'Features': {'Sales Order': {'Feature': None, 'Scenario Timings': [{'name': 'Visit Sales order page and click on Edit btn', 'duration': 16.5, 'status': 'passed', 'failed_steps': []}], 'Failed Steps': []}}}}
PASS Feature: Sales Order (16.5s)
[DEBUG] Writing timing summary for fst.itserver.biz to E:\shayan\tests\timing_results\fst.itserver.biz_timing.json

[INFO] Closing browser for domain: fst.itserver.biz
[INFO] Browser closed successfully for domain: fst.itserver.biz
[INFO] Browser instance cleared for domain: fst.itserver.biz
[SUMMARY] Timing for fst.itserver.biz:
{
  "page_load": {
    "current": 7.5,
    "average": 4.442857142857142,
    "values": [
      7.5,
      2.5,
      4.6,
      3.8,
      4.8,
      3.4,
      4.5
    ],
    "is_high": true
  },
  "login": {
    "current": 26.5,
    "average": 22.485714285714288,
    "values": [
      26.5,
      19.9,
      23.1,
      22.5,
      22.1,
      19.7,
      23.6
    ],
    "is_high": true
  },
  "features": {
    "Sales Order": {
      "current": 16.5,
      "average": 13.771428571428572,
      "values": [
        16.5,
        11.9,
        15.9,
        13.7,
        13.0,
        11.7,
        13.7
      ],
      "is_high": true
    }
  },
  "scenario": {
    "current": 16.5,
    "average": 13.771428571428572,
    "values": [
      16.5,
      11.9,
      15.9,
      13.7,
      13.0,
      11.7,
      13.7
    ],
    "is_high": true
  }
}

[INFO] Server: FST | Domain: fst.itserver.biz
==================================================
[PASS] Sales Order

============================================================
COMPLETED DOMAIN: fst.itserver.biz
============================================================

============================================================
STARTING DOMAIN: cam.itserver.biz (Server: metro cam)
============================================================
[INFO] Running 4 feature files for domain 'cam.itserver.biz':
    E:\shayan\tests\features\cam.itserver.biz\AccV.feature
    E:\shayan\tests\features\cam.itserver.biz\GP.feature
    E:\shayan\tests\features\cam.itserver.biz\PI.feature
    E:\shayan\tests\features\cam.itserver.biz\SO.feature
[INFO] Domain = cam.itserver.biz
[INFO] Starting browser and logging in for domain: cam.itserver.biz
[INFO] Creating fresh browser instance for domain: cam.itserver.biz
[INFO] Attempt 1/3: Creating Chrome driver...
[PASS] Chrome driver created successfully on attempt 1
[INFO] Attempt 1/3: Opening https://cam.itserver.biz/admin/?r=user/user/login&_lang=en
[PASS] Page loaded successfully on attempt 1
[PASS] Opened URL: https://cam.itserver.biz/admin/?r=user/user/login&_lang=en
[INFO] Testing refresh function for dashboard elements...
[PASS] Login successful - dashboard loaded with refresh function
[PASS] Login successful - dashboard loaded with fallback method
[INFO] Login completed. Page Load: 3.9s, Login: 19.4s
[INFO] Login successful for domain: cam.itserver.biz
[INFO] Starting feature: Add Account Voucher
Feature: Add Account Voucher # features/cam.itserver.biz/AccV.feature:4

  @critical
  Scenario: Visit Account Voucher Page and click on Edit btn  # features/cam.itserver.biz/AccV.feature:7
    Given we visit "accounts2"                                # features/steps/form_actions.py:36
    When we edit the top row                                  # features/steps/cartzlink_form.py:155
[INFO] Completed feature: Add Account Voucher
DEBUG: context.domain = cam.itserver.biz
DEBUG: timing_summary = {'cam.itserver.biz': {'Server': 'metro cam', 'Page Load': 3.9, 'Login': 19.4, 'Features': {'Add Account Voucher': {'Feature': None, 'Scenario Timings': [{'name': 'Visit Account Voucher Page and click on Edit btn', 'duration': 8.6, 'status': 'passed', 'failed_steps': []}], 'Failed Steps': []}}}}
PASS Feature: Add Account Voucher (8.6s)
[DEBUG] Writing timing summary for cam.itserver.biz to E:\shayan\tests\timing_results\cam.itserver.biz_timing.json

[INFO] Starting feature: Gatepass
Feature: Gatepass # features/cam.itserver.biz/GP.feature:1

  @critical
  Scenario: Visit Gate pass Page and click on Edit btn  # features/cam.itserver.biz/GP.feature:4
    Given we visit "orders/deliveryChallanCAM"          # features/steps/form_actions.py:36
    When we edit the top row                            # features/steps/cartzlink_form.py:155
[INFO] Completed feature: Gatepass
DEBUG: context.domain = cam.itserver.biz
DEBUG: timing_summary = {'cam.itserver.biz': {'Server': 'metro cam', 'Page Load': 3.9, 'Login': 19.4, 'Features': {'Add Account Voucher': {'Feature': 8.6, 'Scenario Timings': [{'name': 'Visit Account Voucher Page and click on Edit btn', 'duration': 8.6, 'status': 'passed', 'failed_steps': []}], 'Failed Steps': []}, 'Gatepass': {'Feature': None, 'Scenario Timings': [{'name': 'Visit Gate pass Page and click on Edit btn', 'duration': 13.7, 'status': 'passed', 'failed_steps': []}], 'Failed Steps': []}}}}
PASS Feature: Gatepass (13.7s)
[DEBUG] Writing timing summary for cam.itserver.biz to E:\shayan\tests\timing_results\cam.itserver.biz_timing.json

[INFO] Starting feature: Purchase Invoice
Feature: Purchase Invoice # features/cam.itserver.biz/PI.feature:3

  @critical
  Scenario: Visit Purchase invoice Page and click on Edit btn  # features/cam.itserver.biz/PI.feature:6
    Given we visit "orders/purchaseInvoice"                    # features/steps/form_actions.py:36
    When we edit the top row                                   # features/steps/cartzlink_form.py:155
[INFO] Completed feature: Purchase Invoice
DEBUG: context.domain = cam.itserver.biz
DEBUG: timing_summary = {'cam.itserver.biz': {'Server': 'metro cam', 'Page Load': 3.9, 'Login': 19.4, 'Features': {'Add Account Voucher': {'Feature': 8.6, 'Scenario Timings': [{'name': 'Visit Account Voucher Page and click on Edit btn', 'duration': 8.6, 'status': 'passed', 'failed_steps': []}], 'Failed Steps': []}, 'Gatepass': {'Feature': 13.7, 'Scenario Timings': [{'name': 'Visit Gate pass Page and click on Edit btn', 'duration': 13.7, 'status': 'passed', 'failed_steps': []}], 'Failed Steps': []}, 'Purchase Invoice': {'Feature': None, 'Scenario Timings': [{'name': 'Visit Purchase invoice Page and click on Edit btn', 'duration': 14.7, 'status': 'passed', 'failed_steps': []}], 'Failed Steps': []}}}}
PASS Feature: Purchase Invoice (14.7s)
[DEBUG] Writing timing summary for cam.itserver.biz to E:\shayan\tests\timing_results\cam.itserver.biz_timing.json

[INFO] Starting feature: Production Order FSTUser
Feature: Production Order FSTUser # features/cam.itserver.biz/SO.feature:4

  @critical
  Scenario: Visit Production order page and click on Edit btn  # features/cam.itserver.biz/SO.feature:7
    Given we visit "orders/SalesOrderFSTUser"                  # features/steps/form_actions.py:36
    When we edit the top row                                   # features/steps/cartzlink_form.py:155
[INFO] Completed feature: Production Order FSTUser
DEBUG: context.domain = cam.itserver.biz
DEBUG: timing_summary = {'cam.itserver.biz': {'Server': 'metro cam', 'Page Load': 3.9, 'Login': 19.4, 'Features': {'Add Account Voucher': {'Feature': 8.6, 'Scenario Timings': [{'name': 'Visit Account Voucher Page and click on Edit btn', 'duration': 8.6, 'status': 'passed', 'failed_steps': []}], 'Failed Steps': []}, 'Gatepass': {'Feature': 13.7, 'Scenario Timings': [{'name': 'Visit Gate pass Page and click on Edit btn', 'duration': 13.7, 'status': 'passed', 'failed_steps': []}], 'Failed Steps': []}, 'Purchase Invoice': {'Feature': 14.7, 'Scenario Timings': [{'name': 'Visit Purchase invoice Page and click on Edit btn', 'duration': 14.7, 'status': 'passed', 'failed_steps': []}], 'Failed Steps': []}, 'Production Order FSTUser': {'Feature': None, 'Scenario Timings': [{'name': 'Visit Production order page and click on Edit btn', 'duration': 8.8, 'status': 'passed', 'failed_steps': []}], 'Failed Steps': []}}}}
PASS Feature: Production Order FSTUser (8.8s)
[DEBUG] Writing timing summary for cam.itserver.biz to E:\shayan\tests\timing_results\cam.itserver.biz_timing.json

[INFO] Closing browser for domain: cam.itserver.biz
[INFO] Browser closed successfully for domain: cam.itserver.biz
[INFO] Browser instance cleared for domain: cam.itserver.biz
[SUMMARY] Timing for cam.itserver.biz:
{
  "page_load": {
    "current": 3.9,
    "average": 4.228571428571429,
    "values": [
      3.9,
      5.5,
      4.0,
      4.1,
      4.2,
      4.1,
      3.8
    ],
    "is_high": false
  },
  "login": {
    "current": 19.4,
    "average": 20.32857142857143,
    "values": [
      19.4,
      20.8,
      19.7,
      19.6,
      19.7,
      23.6,
      19.5
    ],
    "is_high": false
  },
  "features": {
    "Add Account Voucher": {
      "current": 8.6,
      "average": 8.614285714285714,
      "values": [
        8.6,
        9.5,
        8.5,
        8.3,
        8.2,
        9.2,
        8.0
      ],
      "is_high": false
    },
    "Gatepass": {
      "current": 13.7,
      "average": 14.314285714285715,
      "values": [
        13.7,
        15.4,
        15.8,
        14.4,
        13.8,
        13.9,
        13.2
      ],
      "is_high": false
    },
    "Purchase Invoice": {
      "current": 14.7,
      "average": 15.5,
      "values": [
        14.7,
        20.3,
        17.1,
        15.3,
        13.6,
        13.5,
        14.0
      ],
      "is_high": false
    },
    "Production Order FSTUser": {
      "current": 8.8,
      "average": 8.82857142857143,
      "values": [
        8.8,
        8.5,
        9.2,
        8.8,
        8.8,
        8.8,
        8.9
      ],
      "is_high": false
    }
  },
  "scenario": {
    "current": 11.45,
    "average": 11.814285714285715,
    "values": [
      11.45,
      13.425,
      12.65,
      11.700000000000001,
      11.1,
      11.35,
      11.025
    ],
    "is_high": false
  }
}

[INFO] Server: metro cam | Domain: cam.itserver.biz
==================================================
[PASS] Add Account Voucher
[PASS] Gatepass
[PASS] Purchase Invoice
[PASS] Production Order FSTUser

============================================================
COMPLETED DOMAIN: cam.itserver.biz
============================================================

============================================================
STARTING DOMAIN: bmkenya.itserver.biz (Server: bmkenya)
============================================================
[INFO] Running 2 feature files for domain 'bmkenya.itserver.biz':
    E:\shayan\tests\features\bmkenya.itserver.biz\AccV.feature
    E:\shayan\tests\features\bmkenya.itserver.biz\SO.feature
[INFO] Domain = bmkenya.itserver.biz
[INFO] Starting browser and logging in for domain: bmkenya.itserver.biz
[INFO] Creating fresh browser instance for domain: bmkenya.itserver.biz
[INFO] Attempt 1/3: Creating Chrome driver...
[PASS] Chrome driver created successfully on attempt 1
[INFO] Attempt 1/3: Opening https://bmkenya.itserver.biz/admin/?r=user/user/login&_lang=en
[PASS] Page loaded successfully on attempt 1
[PASS] Opened URL: https://bmkenya.itserver.biz/admin/?r=user/user/login&_lang=en
[INFO] Testing refresh function for dashboard elements...
[PASS] Login successful - dashboard loaded with refresh function
[PASS] Login successful - dashboard loaded with fallback method
[INFO] Login completed. Page Load: 20.8s, Login: 28.8s
[INFO] Login successful for domain: bmkenya.itserver.biz
[INFO] Starting feature: Add Account Voucher
Feature: Add Account Voucher # features/bmkenya.itserver.biz/AccV.feature:4

  @critical
  Scenario: Visit Account Voucher Page and click on Edit btn  # features/bmkenya.itserver.biz/AccV.feature:7
    Given we visit "accounts2"                                # features/steps/form_actions.py:36
    When we edit the top row                                  # features/steps/cartzlink_form.py:155
[INFO] Completed feature: Add Account Voucher
DEBUG: context.domain = bmkenya.itserver.biz
DEBUG: timing_summary = {'bmkenya.itserver.biz': {'Server': 'bmkenya', 'Page Load': 20.8, 'Login': 28.8, 'Features': {'Add Account Voucher': {'Feature': None, 'Scenario Timings': [{'name': 'Visit Account Voucher Page and click on Edit btn', 'duration': 15.7, 'status': 'passed', 'failed_steps': []}], 'Failed Steps': []}}}}
PASS Feature: Add Account Voucher (15.7s)
[DEBUG] Writing timing summary for bmkenya.itserver.biz to E:\shayan\tests\timing_results\bmkenya.itserver.biz_timing.json

[INFO] Starting feature: Sales Order
Feature: Sales Order # features/bmkenya.itserver.biz/SO.feature:4

  @critical
  Scenario: Visit Sales order page     # features/bmkenya.itserver.biz/SO.feature:7
    Given we visit "orders/salesOrder" # features/steps/form_actions.py:36
[INFO] Completed feature: Sales Order
DEBUG: context.domain = bmkenya.itserver.biz
DEBUG: timing_summary = {'bmkenya.itserver.biz': {'Server': 'bmkenya', 'Page Load': 20.8, 'Login': 28.8, 'Features': {'Add Account Voucher': {'Feature': 15.7, 'Scenario Timings': [{'name': 'Visit Account Voucher Page and click on Edit btn', 'duration': 15.7, 'status': 'passed', 'failed_steps': []}], 'Failed Steps': []}, 'Sales Order': {'Feature': None, 'Scenario Timings': [{'name': 'Visit Sales order page', 'duration': 2.4, 'status': 'passed', 'failed_steps': []}], 'Failed Steps': []}}}}
PASS Feature: Sales Order (2.4s)
[DEBUG] Writing timing summary for bmkenya.itserver.biz to E:\shayan\tests\timing_results\bmkenya.itserver.biz_timing.json

[INFO] Closing browser for domain: bmkenya.itserver.biz
[INFO] Browser closed successfully for domain: bmkenya.itserver.biz
[INFO] Browser instance cleared for domain: bmkenya.itserver.biz
[SUMMARY] Timing for bmkenya.itserver.biz:
{
  "page_load": {
    "current": 20.8,
    "average": 12.757142857142856,
    "values": [
      20.8,
      33.3,
      17.0,
      5.0,
      5.6,
      3.9,
      3.7
    ],
    "is_high": true
  },
  "login": {
    "current": 28.8,
    "average": 23.214285714285715,
    "values": [
      28.8,
      20.3,
      26.1,
      23.1,
      21.5,
      21.1,
      21.6
    ],
    "is_high": true
  },
  "features": {
    "Add Account Voucher": {
      "current": 15.7,
      "average": 12.757142857142856,
      "values": [
        15.7,
        10.9,
        11.3,
        10.7,
        10.6,
        10.5,
        19.6
      ],
      "is_high": true
    },
    "Sales Order": {
      "current": 2.4,
      "average": 2.871428571428571,
      "values": [
        2.4,
        1.6,
        2.1,
        2.3,
        1.8,
        1.7,
        8.2
      ],
      "is_high": false
    }
  },
  "scenario": {
    "current": 9.049999999999999,
    "average": 7.814285714285715,
    "values": [
      9.049999999999999,
      6.25,
      6.7,
      6.5,
      6.2,
      6.1,
      13.9
    ],
    "is_high": true
  }
}

[INFO] Server: bmkenya | Domain: bmkenya.itserver.biz
==================================================
[PASS] Add Account Voucher
[PASS] Sales Order

============================================================
COMPLETED DOMAIN: bmkenya.itserver.biz
============================================================

============================================================
STARTING DOMAIN: crm.cartzlink.com (Server: s15)
============================================================
[INFO] Running 1 feature files for domain 'crm.cartzlink.com':
    E:\shayan\tests\features\crm.cartzlink.com\dashboard.feature
[INFO] Domain = crm.cartzlink.com
[INFO] Starting browser and logging in for domain: crm.cartzlink.com
[INFO] Creating fresh browser instance for domain: crm.cartzlink.com
[INFO] Attempt 1/3: Creating Chrome driver...
[PASS] Chrome driver created successfully on attempt 1
[INFO] Attempt 1/3: Opening https://crm.cartzlink.com/admin/?r=user/user/login&_lang=en
[PASS] Page loaded successfully on attempt 1
[PASS] Opened URL: https://crm.cartzlink.com/admin/?r=user/user/login&_lang=en
[INFO] Testing refresh function for dashboard elements...
[PASS] Login successful - dashboard loaded with refresh function
[PASS] Login successful - dashboard loaded with fallback method
[INFO] Login completed. Page Load: 0.9s, Login: 19.3s
[INFO] Login successful for domain: crm.cartzlink.com
[INFO] Starting feature: Dash board
Feature: Dash board # features/crm.cartzlink.com/dashboard.feature:4
[INFO] Completed feature: Dash board
DEBUG: context.domain = crm.cartzlink.com
DEBUG: timing_summary = {'crm.cartzlink.com': {'Server': 's15', 'Page Load': 0.9, 'Login': 19.3, 'Features': {'Dash board': {'Feature': None, 'Scenario Timings': [{'name': 'Visit Dash board page', 'duration': 0.0, 'status': 'passed', 'failed_steps': []}], 'Failed Steps': []}}}}
PASS Feature: Dash board (0.0s)
[DEBUG] Writing timing summary for crm.cartzlink.com to E:\shayan\tests\timing_results\crm.cartzlink.com_timing.json

  @critical
  Scenario: Visit Dash board page  # features/crm.cartzlink.com/dashboard.feature:7

[INFO] Closing browser for domain: crm.cartzlink.com
[INFO] Browser closed successfully for domain: crm.cartzlink.com
[INFO] Browser instance cleared for domain: crm.cartzlink.com
[SUMMARY] Timing for crm.cartzlink.com:
{
  "page_load": {
    "current": 0.9,
    "average": 1.1857142857142857,
    "values": [
      0.9,
      1.0,
      0.8,
      1.3,
      1.0,
      1.5,
      1.8
    ],
    "is_high": false
  },
  "login": {
    "current": 19.3,
    "average": 18.599999999999998,
    "values": [
      19.3,
      18.2,
      18.3,
      18.1,
      19.4,
      18.4,
      18.5
    ],
    "is_high": true
  },
  "features": {
    "Dash board": {
      "current": 0.0,
      "average": 0.0,
      "values": [
        0.0,
        0.0,
        0.0,
        0.0,
        0.0,
        0.0,
        0.0
      ],
      "is_high": 0.0
    }
  },
  "scenario": {
    "current": 0.0,
    "average": 0.0,
    "values": [
      0.0,
      0.0,
      0.0,
      0.0,
      0.0,
      0.0,
      0.0
    ],
    "is_high": 0.0
  }
}

[INFO] Server: s15 | Domain: crm.cartzlink.com
==================================================
[PASS] Dash board

============================================================
COMPLETED DOMAIN: crm.cartzlink.com
============================================================

============================================================
STARTING DOMAIN: crm.tabrospharma.com (Server: TP)
============================================================
[INFO] Running 2 feature files for domain 'crm.tabrospharma.com':
    E:\shayan\tests\features\crm.tabrospharma.com\AccV.feature
    E:\shayan\tests\features\crm.tabrospharma.com\SO.feature
[INFO] Domain = crm.tabrospharma.com
[INFO] Starting browser and logging in for domain: crm.tabrospharma.com
[INFO] Creating fresh browser instance for domain: crm.tabrospharma.com
[INFO] Attempt 1/3: Creating Chrome driver...
[PASS] Chrome driver created successfully on attempt 1
[INFO] Attempt 1/3: Opening https://crm.tabrospharma.com/admin/?r=user/user/login&_lang=en
[PASS] Page loaded successfully on attempt 1
[PASS] Opened URL: https://crm.tabrospharma.com/admin/?r=user/user/login&_lang=en
[INFO] Testing refresh function for dashboard elements...
[PASS] Login successful - dashboard loaded with refresh function
[PASS] Login successful - dashboard loaded with fallback method
[INFO] Login completed. Page Load: 1.7s, Login: 27.4s
[INFO] Login successful for domain: crm.tabrospharma.com
[INFO] Starting feature: Add Account Voucher
Feature: Add Account Voucher # features/crm.tabrospharma.com/AccV.feature:4

  @critical
  Scenario: Visit Account Voucher Page and click on Edit btn  # features/crm.tabrospharma.com/AccV.feature:7
    Given we visit "accounts2"                                # features/steps/form_actions.py:36
    When we edit the top row                                  # features/steps/cartzlink_form.py:155
[INFO] Completed feature: Add Account Voucher
DEBUG: context.domain = crm.tabrospharma.com
DEBUG: timing_summary = {'crm.tabrospharma.com': {'Server': 'TP', 'Page Load': 1.7, 'Login': 27.4, 'Features': {'Add Account Voucher': {'Feature': None, 'Scenario Timings': [{'name': 'Visit Account Voucher Page and click on Edit btn', 'duration': 7.2, 'status': 'passed', 'failed_steps': []}], 'Failed Steps': []}}}}
PASS Feature: Add Account Voucher (7.2s)
[DEBUG] Writing timing summary for crm.tabrospharma.com to E:\shayan\tests\timing_results\crm.tabrospharma.com_timing.json

[INFO] Starting feature: Sales Order
Feature: Sales Order # features/crm.tabrospharma.com/SO.feature:4

  @critical
  Scenario: Visit Sales Order Page and click on Edit btn  # features/crm.tabrospharma.com/SO.feature:7
    Given we visit "orders/salesOrder"                    # features/steps/form_actions.py:36
    When we edit the top row                              # features/steps/cartzlink_form.py:155
[INFO] Completed feature: Sales Order
DEBUG: context.domain = crm.tabrospharma.com
DEBUG: timing_summary = {'crm.tabrospharma.com': {'Server': 'TP', 'Page Load': 1.7, 'Login': 27.4, 'Features': {'Add Account Voucher': {'Feature': 7.2, 'Scenario Timings': [{'name': 'Visit Account Voucher Page and click on Edit btn', 'duration': 7.2, 'status': 'passed', 'failed_steps': []}], 'Failed Steps': []}, 'Sales Order': {'Feature': None, 'Scenario Timings': [{'name': 'Visit Sales Order Page and click on Edit btn', 'duration': 7.0, 'status': 'passed', 'failed_steps': []}], 'Failed Steps': []}}}}
PASS Feature: Sales Order (7.0s)
[DEBUG] Writing timing summary for crm.tabrospharma.com to E:\shayan\tests\timing_results\crm.tabrospharma.com_timing.json

[INFO] Closing browser for domain: crm.tabrospharma.com
[INFO] Browser closed successfully for domain: crm.tabrospharma.com
[INFO] Browser instance cleared for domain: crm.tabrospharma.com
[SUMMARY] Timing for crm.tabrospharma.com:
{
  "page_load": {
    "current": 1.7,
    "average": 1.7142857142857142,
    "values": [
      1.7,
      1.5,
      2.3,
      1.4,
      1.7,
      1.8,
      1.6
    ],
    "is_high": false
  },
  "login": {
    "current": 27.4,
    "average": 26.599999999999998,
    "values": [
      27.4,
      26.1,
      26.9,
      26.2,
      26.6,
      26.5,
      26.5
    ],
    "is_high": true
  },
  "features": {
    "Add Account Voucher": {
      "current": 7.2,
      "average": 7.014285714285714,
      "values": [
        7.2,
        6.9,
        7.2,
        7.2,
        6.9,
        6.9,
        6.8
      ],
      "is_high": true
    },
    "Sales Order": {
      "current": 7.0,
      "average": 6.985714285714286,
      "values": [
        7.0,
        6.8,
        7.4,
        6.9,
        6.9,
        7.0,
        6.9
      ],
      "is_high": true
    }
  },
  "scenario": {
    "current": 7.1,
    "average": 7.0,
    "values": [
      7.1,
      6.85,
      7.300000000000001,
      7.050000000000001,
      6.9,
      6.95,
      6.85
    ],
    "is_high": true
  }
}

[INFO] Server: TP | Domain: crm.tabrospharma.com
==================================================
[PASS] Add Account Voucher
[PASS] Sales Order

============================================================
COMPLETED DOMAIN: crm.tabrospharma.com
============================================================

==================================================
[SUMMARY] FINAL TEST SUMMARY
==================================================

================================================================================
[CRITICAL] FAILURES AND PERFORMANCE ISSUES SUMMARY
================================================================================

SLOW TESTS (14 total):
--------------------------------------------------
[SLOW] Page Load SLOW | metro crm | mt.itserver.biz
   Time: 31.60s | Above 7-day average (13.5s)
[SLOW] Login SLOW | metro crm | mt.itserver.biz
   Time: 29.80s | Above 7-day average (26.9s)
[SLOW] Feature SLOW | metro crm | mt.itserver.biz
   Feature: Sales Order
   Time: 11.30s | Above 7-day average (10.6s)
[SLOW] Feature SLOW | s13 | gta.cartzlink.com
   Feature: Sales Invoice
   Time: 24.70s | Above 7-day average (24.0s)
[SLOW] Page Load SLOW | FST | fst.itserver.biz
   Time: 7.50s | Above 7-day average (4.4s)
[SLOW] Login SLOW | FST | fst.itserver.biz
   Time: 26.50s | Above 7-day average (22.5s)
[SLOW] Feature SLOW | FST | fst.itserver.biz
   Feature: Sales Order
   Time: 16.50s | Above 7-day average (13.8s)
[SLOW] Page Load SLOW | bmkenya | bmkenya.itserver.biz
   Time: 20.80s | Above 7-day average (12.8s)
[SLOW] Login SLOW | bmkenya | bmkenya.itserver.biz
   Time: 28.80s | Above 7-day average (23.2s)
[SLOW] Feature SLOW | bmkenya | bmkenya.itserver.biz
   Feature: Add Account Voucher
   Time: 15.70s | Above 7-day average (12.8s)
[SLOW] Login SLOW | s15 | crm.cartzlink.com
   Time: 19.30s | Above 7-day average (18.6s)
[SLOW] Login SLOW | TP | crm.tabrospharma.com
   Time: 27.40s | Above 7-day average (26.6s)
[SLOW] Feature SLOW | TP | crm.tabrospharma.com
   Feature: Add Account Voucher
   Time: 7.20s | Above 7-day average (7.0s)
[SLOW] Feature SLOW | TP | crm.tabrospharma.com
   Feature: Sales Order
   Time: 7.00s | Above 7-day average (7.0s)
================================================================================

[DEBUG] Getting 7-day data for domain: mt.itserver.biz
[DEBUG] Page load data: {'current': 31.6, 'average': 13.471428571428572, 'values': [31.6, 14.0, 3.2, 2.2, 2.4, 9.2, 31.7], 'is_high': True}
[DEBUG] Formatted summary: 
Times (Last 7 Days): 31.6, 14.0, 3.2, 2.2, 2.4, 9.2, 31.7
7-Day Avg: 13.5
Today: 31.6  Above 7-Day Avg
[DEBUG] Getting 7-day login data for domain: mt.itserver.biz
[DEBUG] Login data: {'current': 29.8, 'average': 26.87142857142857, 'values': [29.8, 24.7, 27.5, 29.1, 25.5, 24.6, 26.9], 'is_high': True}
[DEBUG] Formatted login summary: 
Times (Last 7 Days): 29.8, 24.7, 27.5, 29.1, 25.5, 24.6, 26.9
7-Day Avg: 26.9
Today: 29.8  Above 7-Day Avg
[DEBUG] Getting 7-day data for domain: gta.cartzlink.com
[DEBUG] Page load data: {'current': 3.6, 'average': 4.085714285714286, 'values': [3.6, 3.7, 6.8, 3.3, 3.8, 3.8, 3.6], 'is_high': False}
[DEBUG] Formatted summary: 
Times (Last 7 Days): 3.6, 3.7, 6.8, 3.3, 3.8, 3.8, 3.6
7-Day Avg: 4.1
Today: 3.6
[DEBUG] Getting 7-day login data for domain: gta.cartzlink.com
[DEBUG] Login data: {'current': 20.2, 'average': 27.685714285714287, 'values': [20.2, 20.3, 73.3, 20.3, 19.7, 20.8, 19.2], 'is_high': False}
[DEBUG] Formatted login summary: 
Times (Last 7 Days): 20.2, 20.3, 73.3, 20.3, 19.7, 20.8, 19.2
7-Day Avg: 27.7
Today: 20.2
[DEBUG] Getting 7-day data for domain: fst.itserver.biz
[DEBUG] Page load data: {'current': 7.5, 'average': 4.442857142857142, 'values': [7.5, 2.5, 4.6, 3.8, 4.8, 3.4, 4.5], 'is_high': True}
[DEBUG] Formatted summary: 
Times (Last 7 Days): 7.5, 2.5, 4.6, 3.8, 4.8, 3.4, 4.5
7-Day Avg: 4.4
Today: 7.5  Above 7-Day Avg
[DEBUG] Getting 7-day login data for domain: fst.itserver.biz
[DEBUG] Login data: {'current': 26.5, 'average': 22.485714285714288, 'values': [26.5, 19.9, 23.1, 22.5, 22.1, 19.7, 23.6], 'is_high': True}
[DEBUG] Formatted login summary: 
Times (Last 7 Days): 26.5, 19.9, 23.1, 22.5, 22.1, 19.7, 23.6
7-Day Avg: 22.5
Today: 26.5  Above 7-Day Avg
[DEBUG] Getting 7-day data for domain: cam.itserver.biz
[DEBUG] Page load data: {'current': 3.9, 'average': 4.228571428571429, 'values': [3.9, 5.5, 4.0, 4.1, 4.2, 4.1, 3.8], 'is_high': False}
[DEBUG] Formatted summary: 
Times (Last 7 Days): 3.9, 5.5, 4.0, 4.1, 4.2, 4.1, 3.8
7-Day Avg: 4.2
Today: 3.9
[DEBUG] Getting 7-day login data for domain: cam.itserver.biz
[DEBUG] Login data: {'current': 19.4, 'average': 20.32857142857143, 'values': [19.4, 20.8, 19.7, 19.6, 19.7, 23.6, 19.5], 'is_high': False}
[DEBUG] Formatted login summary: 
Times (Last 7 Days): 19.4, 20.8, 19.7, 19.6, 19.7, 23.6, 19.5
7-Day Avg: 20.3
Today: 19.4
[DEBUG] Getting 7-day data for domain: bmkenya.itserver.biz
[DEBUG] Page load data: {'current': 20.8, 'average': 12.757142857142856, 'values': [20.8, 33.3, 17.0, 5.0, 5.6, 3.9, 3.7], 'is_high': True}
[DEBUG] Formatted summary: 
Times (Last 7 Days): 20.8, 33.3, 17.0, 5.0, 5.6, 3.9, 3.7
7-Day Avg: 12.8
Today: 20.8  Above 7-Day Avg
[DEBUG] Getting 7-day login data for domain: bmkenya.itserver.biz
[DEBUG] Login data: {'current': 28.8, 'average': 23.214285714285715, 'values': [28.8, 20.3, 26.1, 23.1, 21.5, 21.1, 21.6], 'is_high': True}
[DEBUG] Formatted login summary: 
Times (Last 7 Days): 28.8, 20.3, 26.1, 23.1, 21.5, 21.1, 21.6
7-Day Avg: 23.2
Today: 28.8  Above 7-Day Avg
[DEBUG] Getting 7-day data for domain: crm.cartzlink.com
[DEBUG] Page load data: {'current': 0.9, 'average': 1.1857142857142857, 'values': [0.9, 1.0, 0.8, 1.3, 1.0, 1.5, 1.8], 'is_high': False}
[DEBUG] Formatted summary: 
Times (Last 7 Days): 0.9, 1.0, 0.8, 1.3, 1.0, 1.5, 1.8
7-Day Avg: 1.2
Today: 0.9
[DEBUG] Getting 7-day login data for domain: crm.cartzlink.com
[DEBUG] Login data: {'current': 19.3, 'average': 18.599999999999998, 'values': [19.3, 18.2, 18.3, 18.1, 19.4, 18.4, 18.5], 'is_high': True}
[DEBUG] Formatted login summary: 
Times (Last 7 Days): 19.3, 18.2, 18.3, 18.1, 19.4, 18.4, 18.5
7-Day Avg: 18.6
Today: 19.3  Above 7-Day Avg
[DEBUG] Getting 7-day data for domain: crm.tabrospharma.com
[DEBUG] Page load data: {'current': 1.7, 'average': 1.7142857142857142, 'values': [1.7, 1.5, 2.3, 1.4, 1.7, 1.8, 1.6], 'is_high': False}
[DEBUG] Formatted summary: 
Times (Last 7 Days): 1.7, 1.5, 2.3, 1.4, 1.7, 1.8, 1.6
7-Day Avg: 1.7
Today: 1.7
[DEBUG] Getting 7-day login data for domain: crm.tabrospharma.com
[DEBUG] Login data: {'current': 27.4, 'average': 26.599999999999998, 'values': [27.4, 26.1, 26.9, 26.2, 26.6, 26.5, 26.5], 'is_high': True}
[DEBUG] Formatted login summary: 
Times (Last 7 Days): 27.4, 26.1, 26.9, 26.2, 26.6, 26.5, 26.5
7-Day Avg: 26.6
Today: 27.4  Above 7-Day Avg

[INFO] Server: metro crm | Domain: mt.itserver.biz
[INFO] Features executed:
    Sales Order
==================================================
[PASS] Page Load (31.60s)  Above 7-Day Avg

Times (Last 7 Days): 31.6, 14.0, 3.2, 2.2, 2.4, 9.2, 31.7
7-Day Avg: 13.5
Today: 31.6  Above 7-Day Avg
[PASS] Login (29.80s)  Above 7-Day Avg

Times (Last 7 Days): 29.8, 24.7, 27.5, 29.1, 25.5, 24.6, 26.9
7-Day Avg: 26.9
Today: 29.8  Above 7-Day Avg

[INFO] Feature: Sales Order
[PASS] Feature: Sales Order (11.30s)  Above 7-Day Avg

Times (Last 7 Days): 11.3, 9.8, 11.5, 11.2, 10.2, 9.8, 10.2
7-Day Avg: 10.6
Today: 11.3  Above 7-Day Avg
[PASS] Scenario: Visit Sales order page and click on edit btn (11.30s)

[INFO] Server: s13 | Domain: gta.cartzlink.com
[INFO] Features executed:
    Add Account Voucher
    Sales Invoice
==================================================
[PASS] Page Load (3.60s)

Times (Last 7 Days): 3.6, 3.7, 6.8, 3.3, 3.8, 3.8, 3.6
7-Day Avg: 4.1
Today: 3.6
[PASS] Login (20.20s)

Times (Last 7 Days): 20.2, 20.3, 73.3, 20.3, 19.7, 20.8, 19.2
7-Day Avg: 27.7
Today: 20.2

[INFO] Feature: Add Account Voucher
[PASS] Feature: Add Account Voucher (13.40s)

Times (Last 7 Days): 13.4, 13.1, 13.3, 13.2, 13.2, 16.9, 13.3
7-Day Avg: 13.8
Today: 13.4
[PASS] Scenario: Visit Account Voucher Page and click on Edit btn (13.40s)
[INFO] Feature: Sales Invoice
[PASS] Feature: Sales Invoice (24.70s)  Above 7-Day Avg

Times (Last 7 Days): 24.7, 23.8, 19.3, 18.0, 21.8, 28.1, 32.3
7-Day Avg: 24.0
Today: 24.7  Above 7-Day Avg
[PASS] Scenario: Sales Invoice page (24.70s)

[INFO] Server: FST | Domain: fst.itserver.biz
[INFO] Features executed:
    Sales Order
==================================================
[PASS] Page Load (7.50s)  Above 7-Day Avg

Times (Last 7 Days): 7.5, 2.5, 4.6, 3.8, 4.8, 3.4, 4.5
7-Day Avg: 4.4
Today: 7.5  Above 7-Day Avg
[PASS] Login (26.50s)  Above 7-Day Avg

Times (Last 7 Days): 26.5, 19.9, 23.1, 22.5, 22.1, 19.7, 23.6
7-Day Avg: 22.5
Today: 26.5  Above 7-Day Avg

[INFO] Feature: Sales Order
[PASS] Feature: Sales Order (16.50s)  Above 7-Day Avg

Times (Last 7 Days): 16.5, 11.9, 15.9, 13.7, 13.0, 11.7, 13.7
7-Day Avg: 13.8
Today: 16.5  Above 7-Day Avg
[PASS] Scenario: Visit Sales order page and click on Edit btn (16.50s)

[INFO] Server: metro cam | Domain: cam.itserver.biz
[INFO] Features executed:
    Add Account Voucher
    Gatepass
    Purchase Invoice
    Production Order FSTUser
==================================================
[PASS] Page Load (3.90s)

Times (Last 7 Days): 3.9, 5.5, 4.0, 4.1, 4.2, 4.1, 3.8
7-Day Avg: 4.2
Today: 3.9
[PASS] Login (19.40s)

Times (Last 7 Days): 19.4, 20.8, 19.7, 19.6, 19.7, 23.6, 19.5
7-Day Avg: 20.3
Today: 19.4

[INFO] Feature: Add Account Voucher
[PASS] Feature: Add Account Voucher (8.60s)

Times (Last 7 Days): 8.6, 9.5, 8.5, 8.3, 8.2, 9.2, 8.0
7-Day Avg: 8.6
Today: 8.6
[PASS] Scenario: Visit Account Voucher Page and click on Edit btn (8.60s)
[INFO] Feature: Gatepass
[PASS] Feature: Gatepass (13.70s)

Times (Last 7 Days): 13.7, 15.4, 15.8, 14.4, 13.8, 13.9, 13.2
7-Day Avg: 14.3
Today: 13.7
[PASS] Scenario: Visit Gate pass Page and click on Edit btn (13.70s)
[INFO] Feature: Purchase Invoice
[PASS] Feature: Purchase Invoice (14.70s)

Times (Last 7 Days): 14.7, 20.3, 17.1, 15.3, 13.6, 13.5, 14.0
7-Day Avg: 15.5
Today: 14.7
[PASS] Scenario: Visit Purchase invoice Page and click on Edit btn (14.70s)
[INFO] Feature: Production Order FSTUser
[PASS] Feature: Production Order FSTUser (8.80s)

Times (Last 7 Days): 8.8, 8.5, 9.2, 8.8, 8.8, 8.8, 8.9
7-Day Avg: 8.8
Today: 8.8
[PASS] Scenario: Visit Production order page and click on Edit btn (8.80s)

[INFO] Server: bmkenya | Domain: bmkenya.itserver.biz
[INFO] Features executed:
    Add Account Voucher
    Sales Order
==================================================
[PASS] Page Load (20.80s)  Above 7-Day Avg

Times (Last 7 Days): 20.8, 33.3, 17.0, 5.0, 5.6, 3.9, 3.7
7-Day Avg: 12.8
Today: 20.8  Above 7-Day Avg
[PASS] Login (28.80s)  Above 7-Day Avg

Times (Last 7 Days): 28.8, 20.3, 26.1, 23.1, 21.5, 21.1, 21.6
7-Day Avg: 23.2
Today: 28.8  Above 7-Day Avg

[INFO] Feature: Add Account Voucher
[PASS] Feature: Add Account Voucher (15.70s)  Above 7-Day Avg

Times (Last 7 Days): 15.7, 10.9, 11.3, 10.7, 10.6, 10.5, 19.6
7-Day Avg: 12.8
Today: 15.7  Above 7-Day Avg
[PASS] Scenario: Visit Account Voucher Page and click on Edit btn (15.70s)
[INFO] Feature: Sales Order
[PASS] Feature: Sales Order (2.40s)

Times (Last 7 Days): 2.4, 1.6, 2.1, 2.3, 1.8, 1.7, 8.2
7-Day Avg: 2.9
Today: 2.4
[PASS] Scenario: Visit Sales order page (2.40s)

[INFO] Server: s15 | Domain: crm.cartzlink.com
[INFO] Features executed:
    Dash board
==================================================
[PASS] Page Load (0.90s)

Times (Last 7 Days): 0.9, 1.0, 0.8, 1.3, 1.0, 1.5, 1.8
7-Day Avg: 1.2
Today: 0.9
[PASS] Login (19.30s)  Above 7-Day Avg

Times (Last 7 Days): 19.3, 18.2, 18.3, 18.1, 19.4, 18.4, 18.5
7-Day Avg: 18.6
Today: 19.3  Above 7-Day Avg

[INFO] Feature: Dash board
[PASS] Feature: Dash board (0.00s)

Times (Last 7 Days): 0.0, 0.0, 0.0, 0.0, 0.0, 0.0, 0.0
7-Day Avg: 0.0
Today: 0.0
[PASS] Scenario: Visit Dash board page (0.00s)

[INFO] Server: TP | Domain: crm.tabrospharma.com
[INFO] Features executed:
    Add Account Voucher
    Sales Order
==================================================
[PASS] Page Load (1.70s)

Times (Last 7 Days): 1.7, 1.5, 2.3, 1.4, 1.7, 1.8, 1.6
7-Day Avg: 1.7
Today: 1.7
[PASS] Login (27.40s)  Above 7-Day Avg

Times (Last 7 Days): 27.4, 26.1, 26.9, 26.2, 26.6, 26.5, 26.5
7-Day Avg: 26.6
Today: 27.4  Above 7-Day Avg

[INFO] Feature: Add Account Voucher
[PASS] Feature: Add Account Voucher (7.20s)  Above 7-Day Avg

Times (Last 7 Days): 7.2, 6.9, 7.2, 7.2, 6.9, 6.9, 6.8
7-Day Avg: 7.0
Today: 7.2  Above 7-Day Avg
[PASS] Scenario: Visit Account Voucher Page and click on Edit btn (7.20s)
[INFO] Feature: Sales Order
[PASS] Feature: Sales Order (7.00s)  Above 7-Day Avg

Times (Last 7 Days): 7.0, 6.8, 7.4, 6.9, 6.9, 7.0, 6.9
7-Day Avg: 7.0
Today: 7.0  Above 7-Day Avg
[PASS] Scenario: Visit Sales Order Page and click on Edit btn (7.00s)
[PASS] Test summary email sent successfully.
Finished at Sat 10/11/2025 20:07:44.11 
========================================= 
