========================================= 
Behave Run Started at Sat 10/18/2025 11:00:01.69 
========================================= 
[INFO] Cleaned up 3 old/excess timing history entries. Remaining: 3 entries.

============================================================
STARTING DOMAIN: mt.itserver.biz (Server: metro crm)
============================================================
[INFO] Running 1 feature files for domain 'mt.itserver.biz':
    E:\shayan\tests\features\mt.itserver.biz\SO.feature
[INFO] Domain = mt.itserver.biz
[INFO] Starting browser and logging in for domain: mt.itserver.biz
[INFO] Creating fresh browser instance for domain: mt.itserver.biz
[INFO] Attempt 1/5: Creating Chrome driver...
[INFO] Applying performance optimizations for problematic domain: mt.itserver.biz
[PASS] Chrome driver created successfully on attempt 1
[INFO] Attempt 1/5: Opening https://mt.itserver.biz/admin/?r=user/user/login&_lang=en
[PASS] Page loaded successfully on attempt 1
[PASS] Opened URL: https://mt.itserver.biz/admin/?r=user/user/login&_lang=en
[INFO] Testing refresh function for dashboard elements...
[PASS] Login successful - dashboard loaded with refresh function
[PASS] Login successful - dashboard loaded with fallback method
[INFO] Login completed. Page Load: 2.4s, Login: 39.9s
[INFO] Login successful for domain: mt.itserver.biz
[INFO] Starting feature: Sales Order
Feature: Sales Order # features/mt.itserver.biz/SO.feature:4

  @critical
  Scenario: Visit Sales order page and click on edit btn  # features/mt.itserver.biz/SO.feature:7
    Given we visit "orders/SO2"                           # features/steps/form_actions.py:36
    When we edit the top row                              # features/steps/cartzlink_form.py:155
      Assertion Failed:  Edit button could not be clicked or did not open the form
      Captured stdout:
       Successfully loaded orders/SO2
      
      [Screenshot Saved] E:\shayan\tests\screenshots\we edit the top row_20251018_110118.png

[INFO] Completed feature: Sales Order
DEBUG: context.domain = mt.itserver.biz
DEBUG: timing_summary = {'mt.itserver.biz': {'Server': 'metro crm', 'Page Load': 2.4, 'Login': 39.9, 'Features': {'Sales Order': {'Feature': None, 'Scenario Timings': [{'name': 'Visit Sales order page and click on edit btn', 'duration': 25.9, 'status': 'failed', 'failed_steps': []}], 'Failed Steps': []}}}}
PASS Feature: Sales Order (25.9s)
[DEBUG] Writing timing summary for mt.itserver.biz to E:\shayan\tests\timing_results\mt.itserver.biz_timing.json

[INFO] Closing browser for domain: mt.itserver.biz
[INFO] Browser closed successfully for domain: mt.itserver.biz
[INFO] Browser instance cleared for domain: mt.itserver.biz
[SUMMARY] Timing for mt.itserver.biz:
{
  "page_load": {
    "current": 2.4,
    "average": 10.325000000000001,
    "values": [
      2.4,
      3.8,
      3.5,
      31.6
    ],
    "is_high": false
  },
  "login": {
    "current": 39.9,
    "average": 36.625,
    "values": [
      39.9,
      43.5,
      33.3,
      29.8
    ],
    "is_high": true
  },
  "features": {
    "Sales Order": {
      "current": 25.9,
      "average": 20.0,
      "values": [
        25.9,
        30.4,
        12.4,
        11.3
      ],
      "is_high": true
    }
  },
  "scenario": {
    "current": 25.9,
    "average": 20.0,
    "values": [
      25.9,
      30.4,
      12.4,
      11.3
    ],
    "is_high": true
  }
}

[INFO] Server: metro crm | Domain: mt.itserver.biz
==================================================
[FAIL] Sales Order

============================================================
COMPLETED DOMAIN: mt.itserver.biz
============================================================

============================================================
STARTING DOMAIN: gta.cartzlink.com (Server: s13)
============================================================
[INFO] Running 2 feature files for domain 'gta.cartzlink.com':
    E:\shayan\tests\features\gta.cartzlink.com\AccV.feature
    E:\shayan\tests\features\gta.cartzlink.com\SI.feature
[INFO] Domain = gta.cartzlink.com
[INFO] Starting browser and logging in for domain: gta.cartzlink.com
[INFO] Creating fresh browser instance for domain: gta.cartzlink.com
[INFO] Attempt 1/3: Creating Chrome driver...
[PASS] Chrome driver created successfully on attempt 1
[INFO] Attempt 1/3: Opening https://gta.cartzlink.com/admin/?r=user/user/login&_lang=en
[PASS] Page loaded successfully on attempt 1
[PASS] Opened URL: https://gta.cartzlink.com/admin/?r=user/user/login&_lang=en
[INFO] Testing refresh function for dashboard elements...
[PASS] Login successful - dashboard loaded with refresh function
[PASS] Login successful - dashboard loaded with fallback method
[INFO] Login completed. Page Load: 4.4s, Login: 30.2s
[INFO] Login successful for domain: gta.cartzlink.com
[INFO] Starting feature: Add Account Voucher
Feature: Add Account Voucher # features/gta.cartzlink.com/AccV.feature:4

  @critical
  Scenario: Visit Account Voucher Page and click on Edit btn  # features/gta.cartzlink.com/AccV.feature:7
    Given we visit "accounts2"                                # features/steps/form_actions.py:36
    When we edit the top row                                  # features/steps/cartzlink_form.py:155
[INFO] Completed feature: Add Account Voucher
DEBUG: context.domain = gta.cartzlink.com
DEBUG: timing_summary = {'gta.cartzlink.com': {'Server': 's13', 'Page Load': 4.4, 'Login': 30.2, 'Features': {'Add Account Voucher': {'Feature': None, 'Scenario Timings': [{'name': 'Visit Account Voucher Page and click on Edit btn', 'duration': 13.6, 'status': 'passed', 'failed_steps': []}], 'Failed Steps': []}}}}
PASS Feature: Add Account Voucher (13.6s)
[DEBUG] Writing timing summary for gta.cartzlink.com to E:\shayan\tests\timing_results\gta.cartzlink.com_timing.json

[INFO] Starting feature: Sales Invoice
Feature: Sales Invoice # features/gta.cartzlink.com/SI.feature:1

  @critical
  Scenario: Sales Invoice page           # features/gta.cartzlink.com/SI.feature:4
    Given we visit "orders/salesInvoice" # features/steps/form_actions.py:36
    When we edit the top row             # features/steps/cartzlink_form.py:155
[INFO] Completed feature: Sales Invoice
DEBUG: context.domain = gta.cartzlink.com
DEBUG: timing_summary = {'gta.cartzlink.com': {'Server': 's13', 'Page Load': 4.4, 'Login': 30.2, 'Features': {'Add Account Voucher': {'Feature': 13.6, 'Scenario Timings': [{'name': 'Visit Account Voucher Page and click on Edit btn', 'duration': 13.6, 'status': 'passed', 'failed_steps': []}], 'Failed Steps': []}, 'Sales Invoice': {'Feature': None, 'Scenario Timings': [{'name': 'Sales Invoice page', 'duration': 22.1, 'status': 'passed', 'failed_steps': []}], 'Failed Steps': []}}}}
PASS Feature: Sales Invoice (22.1s)
[DEBUG] Writing timing summary for gta.cartzlink.com to E:\shayan\tests\timing_results\gta.cartzlink.com_timing.json

[INFO] Closing browser for domain: gta.cartzlink.com
[INFO] Browser closed successfully for domain: gta.cartzlink.com
[INFO] Browser instance cleared for domain: gta.cartzlink.com
[SUMMARY] Timing for gta.cartzlink.com:
{
  "page_load": {
    "current": 4.4,
    "average": 6.225,
    "values": [
      4.4,
      10.6,
      6.3,
      3.6
    ],
    "is_high": false
  },
  "login": {
    "current": 30.2,
    "average": 27.525,
    "values": [
      30.2,
      35.8,
      23.9,
      20.2
    ],
    "is_high": true
  },
  "features": {
    "Add Account Voucher": {
      "current": 13.6,
      "average": 17.525,
      "values": [
        13.6,
        28.0,
        15.1,
        13.4
      ],
      "is_high": false
    },
    "Sales Invoice": {
      "current": 22.1,
      "average": 24.225,
      "values": [
        22.1,
        27.4,
        22.7,
        24.7
      ],
      "is_high": false
    }
  },
  "scenario": {
    "current": 17.85,
    "average": 20.875,
    "values": [
      17.85,
      27.7,
      18.9,
      19.05
    ],
    "is_high": false
  }
}

[INFO] Server: s13 | Domain: gta.cartzlink.com
==================================================
[PASS] Add Account Voucher
[PASS] Sales Invoice

============================================================
COMPLETED DOMAIN: gta.cartzlink.com
============================================================

============================================================
STARTING DOMAIN: fst.itserver.biz (Server: FST)
============================================================
[INFO] Running 1 feature files for domain 'fst.itserver.biz':
    E:\shayan\tests\features\fst.itserver.biz\SO.feature
[INFO] Domain = fst.itserver.biz
[INFO] Starting browser and logging in for domain: fst.itserver.biz
[INFO] Creating fresh browser instance for domain: fst.itserver.biz
[INFO] Attempt 1/3: Creating Chrome driver...
[PASS] Chrome driver created successfully on attempt 1
[INFO] Attempt 1/3: Opening https://fst.itserver.biz/admin/?r=user/user/login&_lang=en
[PASS] Page loaded successfully on attempt 1
[PASS] Opened URL: https://fst.itserver.biz/admin/?r=user/user/login&_lang=en
[INFO] Testing refresh function for dashboard elements...
[PASS] Login successful - dashboard loaded with refresh function
[PASS] Login successful - dashboard loaded with fallback method
[INFO] Login completed. Page Load: 3.7s, Login: 21.1s
[INFO] Login successful for domain: fst.itserver.biz
[INFO] Starting feature: Sales Order
Feature: Sales Order # features/fst.itserver.biz/SO.feature:4

  @critical
  Scenario: Visit Sales order page and click on Edit btn  # features/fst.itserver.biz/SO.feature:7
    Given we visit "orders/salesOrder"                    # features/steps/form_actions.py:36
    When we clear the from date and search                # features/steps/form_actions.py:82
[INFO] Completed feature: Sales Order
DEBUG: context.domain = fst.itserver.biz
DEBUG: timing_summary = {'fst.itserver.biz': {'Server': 'FST', 'Page Load': 3.7, 'Login': 21.1, 'Features': {'Sales Order': {'Feature': None, 'Scenario Timings': [{'name': 'Visit Sales order page and click on Edit btn', 'duration': 16.0, 'status': 'passed', 'failed_steps': []}], 'Failed Steps': []}}}}
PASS Feature: Sales Order (16.0s)
[DEBUG] Writing timing summary for fst.itserver.biz to E:\shayan\tests\timing_results\fst.itserver.biz_timing.json

[INFO] Closing browser for domain: fst.itserver.biz
[INFO] Browser closed successfully for domain: fst.itserver.biz
[INFO] Browser instance cleared for domain: fst.itserver.biz
[SUMMARY] Timing for fst.itserver.biz:
{
  "page_load": {
    "current": 3.7,
    "average": 6.8500000000000005,
    "values": [
      3.7,
      9.8,
      6.4,
      7.5
    ],
    "is_high": false
  },
  "login": {
    "current": 21.1,
    "average": 27.825,
    "values": [
      21.1,
      39.0,
      24.7,
      26.5
    ],
    "is_high": false
  },
  "features": {
    "Sales Order": {
      "current": 16.0,
      "average": 20.349999999999998,
      "values": [
        16.0,
        33.3,
        15.6,
        16.5
      ],
      "is_high": false
    }
  },
  "scenario": {
    "current": 16.0,
    "average": 20.349999999999998,
    "values": [
      16.0,
      33.3,
      15.6,
      16.5
    ],
    "is_high": false
  }
}

[INFO] Server: FST | Domain: fst.itserver.biz
==================================================
[PASS] Sales Order

============================================================
COMPLETED DOMAIN: fst.itserver.biz
============================================================

============================================================
STARTING DOMAIN: cam.itserver.biz (Server: metro cam)
============================================================
[INFO] Running 4 feature files for domain 'cam.itserver.biz':
    E:\shayan\tests\features\cam.itserver.biz\AccV.feature
    E:\shayan\tests\features\cam.itserver.biz\GP.feature
    E:\shayan\tests\features\cam.itserver.biz\PI.feature
    E:\shayan\tests\features\cam.itserver.biz\SO.feature
[INFO] Domain = cam.itserver.biz
[INFO] Starting browser and logging in for domain: cam.itserver.biz
[INFO] Creating fresh browser instance for domain: cam.itserver.biz
[INFO] Attempt 1/3: Creating Chrome driver...
[PASS] Chrome driver created successfully on attempt 1
[INFO] Attempt 1/3: Opening https://cam.itserver.biz/admin/?r=user/user/login&_lang=en
[PASS] Page loaded successfully on attempt 1
[PASS] Opened URL: https://cam.itserver.biz/admin/?r=user/user/login&_lang=en
[INFO] Testing refresh function for dashboard elements...
[PASS] Login successful - dashboard loaded with refresh function
[PASS] Login successful - dashboard loaded with fallback method
[INFO] Login completed. Page Load: 3.3s, Login: 20.0s
[INFO] Login successful for domain: cam.itserver.biz
[INFO] Starting feature: Add Account Voucher
Feature: Add Account Voucher # features/cam.itserver.biz/AccV.feature:4

  @critical
  Scenario: Visit Account Voucher Page and click on Edit btn  # features/cam.itserver.biz/AccV.feature:7
    Given we visit "accounts2"                                # features/steps/form_actions.py:36
    When we edit the top row                                  # features/steps/cartzlink_form.py:155
[INFO] Completed feature: Add Account Voucher
DEBUG: context.domain = cam.itserver.biz
DEBUG: timing_summary = {'cam.itserver.biz': {'Server': 'metro cam', 'Page Load': 3.3, 'Login': 20.0, 'Features': {'Add Account Voucher': {'Feature': None, 'Scenario Timings': [{'name': 'Visit Account Voucher Page and click on Edit btn', 'duration': 8.9, 'status': 'passed', 'failed_steps': []}], 'Failed Steps': []}}}}
PASS Feature: Add Account Voucher (8.9s)
[DEBUG] Writing timing summary for cam.itserver.biz to E:\shayan\tests\timing_results\cam.itserver.biz_timing.json

[INFO] Starting feature: Gatepass
Feature: Gatepass # features/cam.itserver.biz/GP.feature:1

  @critical
  Scenario: Visit Gate pass Page and click on Edit btn  # features/cam.itserver.biz/GP.feature:4
    Given we visit "orders/deliveryChallanCAM"          # features/steps/form_actions.py:36
    When we edit the top row                            # features/steps/cartzlink_form.py:155
[INFO] Completed feature: Gatepass
DEBUG: context.domain = cam.itserver.biz
DEBUG: timing_summary = {'cam.itserver.biz': {'Server': 'metro cam', 'Page Load': 3.3, 'Login': 20.0, 'Features': {'Add Account Voucher': {'Feature': 8.9, 'Scenario Timings': [{'name': 'Visit Account Voucher Page and click on Edit btn', 'duration': 8.9, 'status': 'passed', 'failed_steps': []}], 'Failed Steps': []}, 'Gatepass': {'Feature': None, 'Scenario Timings': [{'name': 'Visit Gate pass Page and click on Edit btn', 'duration': 15.5, 'status': 'passed', 'failed_steps': []}], 'Failed Steps': []}}}}
PASS Feature: Gatepass (15.5s)
[DEBUG] Writing timing summary for cam.itserver.biz to E:\shayan\tests\timing_results\cam.itserver.biz_timing.json

[INFO] Starting feature: Purchase Invoice
Feature: Purchase Invoice # features/cam.itserver.biz/PI.feature:3

  @critical
  Scenario: Visit Purchase invoice Page and click on Edit btn  # features/cam.itserver.biz/PI.feature:6
    Given we visit "orders/purchaseInvoice"                    # features/steps/form_actions.py:36
    When we edit the top row                                   # features/steps/cartzlink_form.py:155
[INFO] Completed feature: Purchase Invoice
DEBUG: context.domain = cam.itserver.biz
DEBUG: timing_summary = {'cam.itserver.biz': {'Server': 'metro cam', 'Page Load': 3.3, 'Login': 20.0, 'Features': {'Add Account Voucher': {'Feature': 8.9, 'Scenario Timings': [{'name': 'Visit Account Voucher Page and click on Edit btn', 'duration': 8.9, 'status': 'passed', 'failed_steps': []}], 'Failed Steps': []}, 'Gatepass': {'Feature': 15.5, 'Scenario Timings': [{'name': 'Visit Gate pass Page and click on Edit btn', 'duration': 15.5, 'status': 'passed', 'failed_steps': []}], 'Failed Steps': []}, 'Purchase Invoice': {'Feature': None, 'Scenario Timings': [{'name': 'Visit Purchase invoice Page and click on Edit btn', 'duration': 18.3, 'status': 'passed', 'failed_steps': []}], 'Failed Steps': []}}}}
PASS Feature: Purchase Invoice (18.3s)
[DEBUG] Writing timing summary for cam.itserver.biz to E:\shayan\tests\timing_results\cam.itserver.biz_timing.json

[INFO] Starting feature: Production Order FSTUser
Feature: Production Order FSTUser # features/cam.itserver.biz/SO.feature:4

  @critical
  Scenario: Visit Production order page and click on Edit btn  # features/cam.itserver.biz/SO.feature:7
    Given we visit "orders/SalesOrderFSTUser"                  # features/steps/form_actions.py:36
    When we edit the top row                                   # features/steps/cartzlink_form.py:155
[INFO] Completed feature: Production Order FSTUser
DEBUG: context.domain = cam.itserver.biz
DEBUG: timing_summary = {'cam.itserver.biz': {'Server': 'metro cam', 'Page Load': 3.3, 'Login': 20.0, 'Features': {'Add Account Voucher': {'Feature': 8.9, 'Scenario Timings': [{'name': 'Visit Account Voucher Page and click on Edit btn', 'duration': 8.9, 'status': 'passed', 'failed_steps': []}], 'Failed Steps': []}, 'Gatepass': {'Feature': 15.5, 'Scenario Timings': [{'name': 'Visit Gate pass Page and click on Edit btn', 'duration': 15.5, 'status': 'passed', 'failed_steps': []}], 'Failed Steps': []}, 'Purchase Invoice': {'Feature': 18.3, 'Scenario Timings': [{'name': 'Visit Purchase invoice Page and click on Edit btn', 'duration': 18.3, 'status': 'passed', 'failed_steps': []}], 'Failed Steps': []}, 'Production Order FSTUser': {'Feature': None, 'Scenario Timings': [{'name': 'Visit Production order page and click on Edit btn', 'duration': 9.1, 'status': 'passed', 'failed_steps': []}], 'Failed Steps': []}}}}
PASS Feature: Production Order FSTUser (9.1s)
[DEBUG] Writing timing summary for cam.itserver.biz to E:\shayan\tests\timing_results\cam.itserver.biz_timing.json

[INFO] Closing browser for domain: cam.itserver.biz
[INFO] Browser closed successfully for domain: cam.itserver.biz
[INFO] Browser instance cleared for domain: cam.itserver.biz
[SUMMARY] Timing for cam.itserver.biz:
{
  "page_load": {
    "current": 3.3,
    "average": 5.15,
    "values": [
      3.3,
      8.5,
      4.9,
      3.9
    ],
    "is_high": false
  },
  "login": {
    "current": 20.0,
    "average": 21.65,
    "values": [
      20.0,
      22.8,
      24.4,
      19.4
    ],
    "is_high": false
  },
  "features": {
    "Add Account Voucher": {
      "current": 8.9,
      "average": 9.0,
      "values": [
        8.9,
        8.9,
        9.6,
        8.6
      ],
      "is_high": false
    },
    "Gatepass": {
      "current": 15.5,
      "average": 16.325,
      "values": [
        15.5,
        21.3,
        14.8,
        13.7
      ],
      "is_high": false
    },
    "Purchase Invoice": {
      "current": 18.3,
      "average": 16.475,
      "values": [
        18.3,
        14.7,
        18.2,
        14.7
      ],
      "is_high": true
    },
    "Production Order FSTUser": {
      "current": 9.1,
      "average": 9.125,
      "values": [
        9.1,
        9.3,
        9.3,
        8.8
      ],
      "is_high": false
    }
  },
  "scenario": {
    "current": 12.95,
    "average": 12.73125,
    "values": [
      12.95,
      13.55,
      12.975,
      11.45
    ],
    "is_high": true
  }
}

[INFO] Server: metro cam | Domain: cam.itserver.biz
==================================================
[PASS] Add Account Voucher
[PASS] Gatepass
[PASS] Purchase Invoice
[PASS] Production Order FSTUser

============================================================
COMPLETED DOMAIN: cam.itserver.biz
============================================================

============================================================
STARTING DOMAIN: bmkenya.itserver.biz (Server: bmkenya)
============================================================
[INFO] Running 2 feature files for domain 'bmkenya.itserver.biz':
    E:\shayan\tests\features\bmkenya.itserver.biz\AccV.feature
    E:\shayan\tests\features\bmkenya.itserver.biz\SO.feature
[INFO] Domain = bmkenya.itserver.biz
[INFO] Starting browser and logging in for domain: bmkenya.itserver.biz
[INFO] Creating fresh browser instance for domain: bmkenya.itserver.biz
[INFO] Attempt 1/3: Creating Chrome driver...
[PASS] Chrome driver created successfully on attempt 1
[INFO] Attempt 1/3: Opening https://bmkenya.itserver.biz/admin/?r=user/user/login&_lang=en
[PASS] Page loaded successfully on attempt 1
[PASS] Opened URL: https://bmkenya.itserver.biz/admin/?r=user/user/login&_lang=en
[INFO] Testing refresh function for dashboard elements...
[PASS] Login successful - dashboard loaded with refresh function
[PASS] Login successful - dashboard loaded with fallback method
[INFO] Login completed. Page Load: 6.8s, Login: 25.0s
[INFO] Login successful for domain: bmkenya.itserver.biz
[INFO] Starting feature: Add Account Voucher
Feature: Add Account Voucher # features/bmkenya.itserver.biz/AccV.feature:4

  @critical
  Scenario: Visit Account Voucher Page and click on Edit btn  # features/bmkenya.itserver.biz/AccV.feature:7
    Given we visit "accounts2"                                # features/steps/form_actions.py:36
    When we edit the top row                                  # features/steps/cartzlink_form.py:155
[INFO] Completed feature: Add Account Voucher
DEBUG: context.domain = bmkenya.itserver.biz
DEBUG: timing_summary = {'bmkenya.itserver.biz': {'Server': 'bmkenya', 'Page Load': 6.8, 'Login': 25.0, 'Features': {'Add Account Voucher': {'Feature': None, 'Scenario Timings': [{'name': 'Visit Account Voucher Page and click on Edit btn', 'duration': 12.3, 'status': 'passed', 'failed_steps': []}], 'Failed Steps': []}}}}
PASS Feature: Add Account Voucher (12.3s)
[DEBUG] Writing timing summary for bmkenya.itserver.biz to E:\shayan\tests\timing_results\bmkenya.itserver.biz_timing.json

[INFO] Starting feature: Sales Order
Feature: Sales Order # features/bmkenya.itserver.biz/SO.feature:4

  @critical
  Scenario: Visit Sales order page     # features/bmkenya.itserver.biz/SO.feature:7
    Given we visit "orders/salesOrder" # features/steps/form_actions.py:36
[INFO] Completed feature: Sales Order
DEBUG: context.domain = bmkenya.itserver.biz
DEBUG: timing_summary = {'bmkenya.itserver.biz': {'Server': 'bmkenya', 'Page Load': 6.8, 'Login': 25.0, 'Features': {'Add Account Voucher': {'Feature': 12.3, 'Scenario Timings': [{'name': 'Visit Account Voucher Page and click on Edit btn', 'duration': 12.3, 'status': 'passed', 'failed_steps': []}], 'Failed Steps': []}, 'Sales Order': {'Feature': None, 'Scenario Timings': [{'name': 'Visit Sales order page', 'duration': 2.0, 'status': 'passed', 'failed_steps': []}], 'Failed Steps': []}}}}
PASS Feature: Sales Order (2.0s)
[DEBUG] Writing timing summary for bmkenya.itserver.biz to E:\shayan\tests\timing_results\bmkenya.itserver.biz_timing.json

[INFO] Closing browser for domain: bmkenya.itserver.biz
[INFO] Browser closed successfully for domain: bmkenya.itserver.biz
[INFO] Browser instance cleared for domain: bmkenya.itserver.biz
[SUMMARY] Timing for bmkenya.itserver.biz:
{
  "page_load": {
    "current": 6.8,
    "average": 14.375,
    "values": [
      6.8,
      23.4,
      6.5,
      20.8
    ],
    "is_high": false
  },
  "login": {
    "current": 25.0,
    "average": 30.450000000000003,
    "values": [
      25.0,
      42.7,
      25.3,
      28.8
    ],
    "is_high": false
  },
  "features": {
    "Add Account Voucher": {
      "current": 12.3,
      "average": 14.075,
      "values": [
        12.3,
        17.2,
        11.1,
        15.7
      ],
      "is_high": false
    },
    "Sales Order": {
      "current": 2.0,
      "average": 2.925,
      "values": [
        2.0,
        5.1,
        2.2,
        2.4
      ],
      "is_high": false
    }
  },
  "scenario": {
    "current": 7.15,
    "average": 8.5,
    "values": [
      7.15,
      11.149999999999999,
      6.65,
      9.049999999999999
    ],
    "is_high": false
  }
}

[INFO] Server: bmkenya | Domain: bmkenya.itserver.biz
==================================================
[PASS] Add Account Voucher
[PASS] Sales Order

============================================================
COMPLETED DOMAIN: bmkenya.itserver.biz
============================================================

============================================================
STARTING DOMAIN: crm.cartzlink.com (Server: s15)
============================================================
[INFO] Running 1 feature files for domain 'crm.cartzlink.com':
    E:\shayan\tests\features\crm.cartzlink.com\dashboard.feature
[INFO] Domain = crm.cartzlink.com
[INFO] Starting browser and logging in for domain: crm.cartzlink.com
[INFO] Creating fresh browser instance for domain: crm.cartzlink.com
[INFO] Attempt 1/3: Creating Chrome driver...
[PASS] Chrome driver created successfully on attempt 1
[INFO] Attempt 1/3: Opening https://crm.cartzlink.com/admin/?r=user/user/login&_lang=en
[PASS] Page loaded successfully on attempt 1
[PASS] Opened URL: https://crm.cartzlink.com/admin/?r=user/user/login&_lang=en
[INFO] Testing refresh function for dashboard elements...
[PASS] Login successful - dashboard loaded with refresh function
[PASS] Login successful - dashboard loaded with fallback method
[INFO] Login completed. Page Load: 1.2s, Login: 18.4s
[INFO] Login successful for domain: crm.cartzlink.com
[INFO] Starting feature: Dash board
Feature: Dash board # features/crm.cartzlink.com/dashboard.feature:4
[INFO] Completed feature: Dash board
DEBUG: context.domain = crm.cartzlink.com
DEBUG: timing_summary = {'crm.cartzlink.com': {'Server': 's15', 'Page Load': 1.2, 'Login': 18.4, 'Features': {'Dash board': {'Feature': None, 'Scenario Timings': [{'name': 'Visit Dash board page', 'duration': 0.0, 'status': 'passed', 'failed_steps': []}], 'Failed Steps': []}}}}
PASS Feature: Dash board (0.0s)
[DEBUG] Writing timing summary for crm.cartzlink.com to E:\shayan\tests\timing_results\crm.cartzlink.com_timing.json

  @critical
  Scenario: Visit Dash board page  # features/crm.cartzlink.com/dashboard.feature:7

[INFO] Closing browser for domain: crm.cartzlink.com
[INFO] Browser closed successfully for domain: crm.cartzlink.com
[INFO] Browser instance cleared for domain: crm.cartzlink.com
[SUMMARY] Timing for crm.cartzlink.com:
{
  "page_load": {
    "current": 1.2,
    "average": 1.125,
    "values": [
      1.2,
      1.3,
      1.1,
      0.9
    ],
    "is_high": true
  },
  "login": {
    "current": 18.4,
    "average": 18.7,
    "values": [
      18.4,
      18.8,
      18.3,
      19.3
    ],
    "is_high": false
  },
  "features": {
    "Dash board": {
      "current": 0.0,
      "average": 0.0,
      "values": [
        0.0,
        0.0,
        0.0,
        0.0
      ],
      "is_high": 0.0
    }
  },
  "scenario": {
    "current": 0.0,
    "average": 0.0,
    "values": [
      0.0,
      0.0,
      0.0,
      0.0
    ],
    "is_high": 0.0
  }
}

[INFO] Server: s15 | Domain: crm.cartzlink.com
==================================================
[PASS] Dash board

============================================================
COMPLETED DOMAIN: crm.cartzlink.com
============================================================

============================================================
STARTING DOMAIN: crm.tabrospharma.com (Server: TP)
============================================================
[INFO] Running 2 feature files for domain 'crm.tabrospharma.com':
    E:\shayan\tests\features\crm.tabrospharma.com\AccV.feature
    E:\shayan\tests\features\crm.tabrospharma.com\SO.feature
[INFO] Domain = crm.tabrospharma.com
[INFO] Starting browser and logging in for domain: crm.tabrospharma.com
[INFO] Creating fresh browser instance for domain: crm.tabrospharma.com
[INFO] Attempt 1/3: Creating Chrome driver...
[PASS] Chrome driver created successfully on attempt 1
[INFO] Attempt 1/3: Opening https://crm.tabrospharma.com/admin/?r=user/user/login&_lang=en
[PASS] Page loaded successfully on attempt 1
[PASS] Opened URL: https://crm.tabrospharma.com/admin/?r=user/user/login&_lang=en
[INFO] Testing refresh function for dashboard elements...
[PASS] Login successful - dashboard loaded with refresh function
[PASS] Login successful - dashboard loaded with fallback method
[INFO] Login completed. Page Load: 1.5s, Login: 26.2s
[INFO] Login successful for domain: crm.tabrospharma.com
[INFO] Starting feature: Add Account Voucher
Feature: Add Account Voucher # features/crm.tabrospharma.com/AccV.feature:4

  @critical
  Scenario: Visit Account Voucher Page and click on Edit btn  # features/crm.tabrospharma.com/AccV.feature:7
    Given we visit "accounts2"                                # features/steps/form_actions.py:36
    When we edit the top row                                  # features/steps/cartzlink_form.py:155
[INFO] Completed feature: Add Account Voucher
DEBUG: context.domain = crm.tabrospharma.com
DEBUG: timing_summary = {'crm.tabrospharma.com': {'Server': 'TP', 'Page Load': 1.5, 'Login': 26.2, 'Features': {'Add Account Voucher': {'Feature': None, 'Scenario Timings': [{'name': 'Visit Account Voucher Page and click on Edit btn', 'duration': 7.2, 'status': 'passed', 'failed_steps': []}], 'Failed Steps': []}}}}
PASS Feature: Add Account Voucher (7.2s)
[DEBUG] Writing timing summary for crm.tabrospharma.com to E:\shayan\tests\timing_results\crm.tabrospharma.com_timing.json

[INFO] Starting feature: Sales Order
Feature: Sales Order # features/crm.tabrospharma.com/SO.feature:4

  @critical
  Scenario: Visit Sales Order Page and click on Edit btn  # features/crm.tabrospharma.com/SO.feature:7
    Given we visit "orders/salesOrder"                    # features/steps/form_actions.py:36
    When we edit the top row                              # features/steps/cartzlink_form.py:155
[INFO] Completed feature: Sales Order
DEBUG: context.domain = crm.tabrospharma.com
DEBUG: timing_summary = {'crm.tabrospharma.com': {'Server': 'TP', 'Page Load': 1.5, 'Login': 26.2, 'Features': {'Add Account Voucher': {'Feature': 7.2, 'Scenario Timings': [{'name': 'Visit Account Voucher Page and click on Edit btn', 'duration': 7.2, 'status': 'passed', 'failed_steps': []}], 'Failed Steps': []}, 'Sales Order': {'Feature': None, 'Scenario Timings': [{'name': 'Visit Sales Order Page and click on Edit btn', 'duration': 7.1, 'status': 'passed', 'failed_steps': []}], 'Failed Steps': []}}}}
PASS Feature: Sales Order (7.1s)
[DEBUG] Writing timing summary for crm.tabrospharma.com to E:\shayan\tests\timing_results\crm.tabrospharma.com_timing.json

[INFO] Closing browser for domain: crm.tabrospharma.com
[INFO] Browser closed successfully for domain: crm.tabrospharma.com
[INFO] Browser instance cleared for domain: crm.tabrospharma.com
[SUMMARY] Timing for crm.tabrospharma.com:
{
  "page_load": {
    "current": 1.5,
    "average": 1.575,
    "values": [
      1.5,
      1.5,
      1.6,
      1.7
    ],
    "is_high": false
  },
  "login": {
    "current": 26.2,
    "average": 26.75,
    "values": [
      26.2,
      26.4,
      27.0,
      27.4
    ],
    "is_high": false
  },
  "features": {
    "Add Account Voucher": {
      "current": 7.2,
      "average": 7.125,
      "values": [
        7.2,
        6.8,
        7.3,
        7.2
      ],
      "is_high": true
    },
    "Sales Order": {
      "current": 7.1,
      "average": 6.975,
      "values": [
        7.1,
        6.8,
        7.0,
        7.0
      ],
      "is_high": true
    }
  },
  "scenario": {
    "current": 7.15,
    "average": 7.05,
    "values": [
      7.15,
      6.8,
      7.15,
      7.1
    ],
    "is_high": true
  }
}

[INFO] Server: TP | Domain: crm.tabrospharma.com
==================================================
[PASS] Add Account Voucher
[PASS] Sales Order

============================================================
COMPLETED DOMAIN: crm.tabrospharma.com
============================================================

==================================================
[SUMMARY] FINAL TEST SUMMARY
==================================================

================================================================================
[CRITICAL] FAILURES AND PERFORMANCE ISSUES SUMMARY
================================================================================

FAILURES (1 total):
--------------------------------------------------
[FAIL] Scenario FAILED | metro crm | mt.itserver.biz
   Feature: Sales Order
   Scenario: Visit Sales order page and click on edit btn
   Details: Scenario failed in 25.90s


SLOW TESTS (7 total):
--------------------------------------------------
[SLOW] Login SLOW | metro crm | mt.itserver.biz
   Time: 39.90s | Above 7-day average (36.6s)
[SLOW] Feature SLOW | metro crm | mt.itserver.biz
   Feature: Sales Order
   Time: 25.90s | Above 7-day average (20.0s)
[SLOW] Login SLOW | s13 | gta.cartzlink.com
   Time: 30.20s | Above 7-day average (27.5s)
[SLOW] Feature SLOW | metro cam | cam.itserver.biz
   Feature: Purchase Invoice
   Time: 18.30s | Above 7-day average (16.5s)
[SLOW] Page Load SLOW | s15 | crm.cartzlink.com
   Time: 1.20s | Above 7-day average (1.1s)
[SLOW] Feature SLOW | TP | crm.tabrospharma.com
   Feature: Add Account Voucher
   Time: 7.20s | Above 7-day average (7.1s)
[SLOW] Feature SLOW | TP | crm.tabrospharma.com
   Feature: Sales Order
   Time: 7.10s | Above 7-day average (7.0s)
================================================================================

[DEBUG] Getting 7-day data for domain: mt.itserver.biz
[DEBUG] Page load data: {'current': 2.4, 'average': 10.325000000000001, 'values': [2.4, 3.8, 3.5, 31.6], 'is_high': False}
[DEBUG] Formatted summary: 
Times (Last 4 Days): 2.4, 3.8, 3.5, 31.6
4-Day Avg: 10.3
Today: 2.4
[DEBUG] Getting 7-day login data for domain: mt.itserver.biz
[DEBUG] Login data: {'current': 39.9, 'average': 36.625, 'values': [39.9, 43.5, 33.3, 29.8], 'is_high': True}
[DEBUG] Formatted login summary: 
Times (Last 4 Days): 39.9, 43.5, 33.3, 29.8
4-Day Avg: 36.6
Today: 39.9  Above 4-Day Avg
[DEBUG] Getting 7-day data for domain: gta.cartzlink.com
[DEBUG] Page load data: {'current': 4.4, 'average': 6.225, 'values': [4.4, 10.6, 6.3, 3.6], 'is_high': False}
[DEBUG] Formatted summary: 
Times (Last 4 Days): 4.4, 10.6, 6.3, 3.6
4-Day Avg: 6.2
Today: 4.4
[DEBUG] Getting 7-day login data for domain: gta.cartzlink.com
[DEBUG] Login data: {'current': 30.2, 'average': 27.525, 'values': [30.2, 35.8, 23.9, 20.2], 'is_high': True}
[DEBUG] Formatted login summary: 
Times (Last 4 Days): 30.2, 35.8, 23.9, 20.2
4-Day Avg: 27.5
Today: 30.2  Above 4-Day Avg
[DEBUG] Getting 7-day data for domain: fst.itserver.biz
[DEBUG] Page load data: {'current': 3.7, 'average': 6.8500000000000005, 'values': [3.7, 9.8, 6.4, 7.5], 'is_high': False}
[DEBUG] Formatted summary: 
Times (Last 4 Days): 3.7, 9.8, 6.4, 7.5
4-Day Avg: 6.9
Today: 3.7
[DEBUG] Getting 7-day login data for domain: fst.itserver.biz
[DEBUG] Login data: {'current': 21.1, 'average': 27.825, 'values': [21.1, 39.0, 24.7, 26.5], 'is_high': False}
[DEBUG] Formatted login summary: 
Times (Last 4 Days): 21.1, 39.0, 24.7, 26.5
4-Day Avg: 27.8
Today: 21.1
[DEBUG] Getting 7-day data for domain: cam.itserver.biz
[DEBUG] Page load data: {'current': 3.3, 'average': 5.15, 'values': [3.3, 8.5, 4.9, 3.9], 'is_high': False}
[DEBUG] Formatted summary: 
Times (Last 4 Days): 3.3, 8.5, 4.9, 3.9
4-Day Avg: 5.2
Today: 3.3
[DEBUG] Getting 7-day login data for domain: cam.itserver.biz
[DEBUG] Login data: {'current': 20.0, 'average': 21.65, 'values': [20.0, 22.8, 24.4, 19.4], 'is_high': False}
[DEBUG] Formatted login summary: 
Times (Last 4 Days): 20.0, 22.8, 24.4, 19.4
4-Day Avg: 21.6
Today: 20.0
[DEBUG] Getting 7-day data for domain: bmkenya.itserver.biz
[DEBUG] Page load data: {'current': 6.8, 'average': 14.375, 'values': [6.8, 23.4, 6.5, 20.8], 'is_high': False}
[DEBUG] Formatted summary: 
Times (Last 4 Days): 6.8, 23.4, 6.5, 20.8
4-Day Avg: 14.4
Today: 6.8
[DEBUG] Getting 7-day login data for domain: bmkenya.itserver.biz
[DEBUG] Login data: {'current': 25.0, 'average': 30.450000000000003, 'values': [25.0, 42.7, 25.3, 28.8], 'is_high': False}
[DEBUG] Formatted login summary: 
Times (Last 4 Days): 25.0, 42.7, 25.3, 28.8
4-Day Avg: 30.5
Today: 25.0
[DEBUG] Getting 7-day data for domain: crm.cartzlink.com
[DEBUG] Page load data: {'current': 1.2, 'average': 1.125, 'values': [1.2, 1.3, 1.1, 0.9], 'is_high': True}
[DEBUG] Formatted summary: 
Times (Last 4 Days): 1.2, 1.3, 1.1, 0.9
4-Day Avg: 1.1
Today: 1.2  Above 4-Day Avg
[DEBUG] Getting 7-day login data for domain: crm.cartzlink.com
[DEBUG] Login data: {'current': 18.4, 'average': 18.7, 'values': [18.4, 18.8, 18.3, 19.3], 'is_high': False}
[DEBUG] Formatted login summary: 
Times (Last 4 Days): 18.4, 18.8, 18.3, 19.3
4-Day Avg: 18.7
Today: 18.4
[DEBUG] Getting 7-day data for domain: crm.tabrospharma.com
[DEBUG] Page load data: {'current': 1.5, 'average': 1.575, 'values': [1.5, 1.5, 1.6, 1.7], 'is_high': False}
[DEBUG] Formatted summary: 
Times (Last 4 Days): 1.5, 1.5, 1.6, 1.7
4-Day Avg: 1.6
Today: 1.5
[DEBUG] Getting 7-day login data for domain: crm.tabrospharma.com
[DEBUG] Login data: {'current': 26.2, 'average': 26.75, 'values': [26.2, 26.4, 27.0, 27.4], 'is_high': False}
[DEBUG] Formatted login summary: 
Times (Last 4 Days): 26.2, 26.4, 27.0, 27.4
4-Day Avg: 26.8
Today: 26.2

[INFO] Server: metro crm | Domain: mt.itserver.biz
[INFO] Features executed:
    Sales Order
==================================================
[PASS] Page Load (2.40s)

Times (Last 4 Days): 2.4, 3.8, 3.5, 31.6
4-Day Avg: 10.3
Today: 2.4
[PASS] Login (39.90s)  Above 7-Day Avg

Times (Last 4 Days): 39.9, 43.5, 33.3, 29.8
4-Day Avg: 36.6
Today: 39.9  Above 4-Day Avg

[INFO] Feature: Sales Order
[PASS] Feature: Sales Order (25.90s)  Above 7-Day Avg

Times (Last 4 Days): 25.9, 30.4, 12.4, 11.3
4-Day Avg: 20.0
Today: 25.9  Above 4-Day Avg
[FAIL] Scenario: Visit Sales order page and click on edit btn (25.90s)

[INFO] Server: s13 | Domain: gta.cartzlink.com
[INFO] Features executed:
    Add Account Voucher
    Sales Invoice
==================================================
[PASS] Page Load (4.40s)

Times (Last 4 Days): 4.4, 10.6, 6.3, 3.6
4-Day Avg: 6.2
Today: 4.4
[PASS] Login (30.20s)  Above 7-Day Avg

Times (Last 4 Days): 30.2, 35.8, 23.9, 20.2
4-Day Avg: 27.5
Today: 30.2  Above 4-Day Avg

[INFO] Feature: Add Account Voucher
[PASS] Feature: Add Account Voucher (13.60s)

Times (Last 4 Days): 13.6, 28.0, 15.1, 13.4
4-Day Avg: 17.5
Today: 13.6
[PASS] Scenario: Visit Account Voucher Page and click on Edit btn (13.60s)
[INFO] Feature: Sales Invoice
[PASS] Feature: Sales Invoice (22.10s)

Times (Last 4 Days): 22.1, 27.4, 22.7, 24.7
4-Day Avg: 24.2
Today: 22.1
[PASS] Scenario: Sales Invoice page (22.10s)

[INFO] Server: FST | Domain: fst.itserver.biz
[INFO] Features executed:
    Sales Order
==================================================
[PASS] Page Load (3.70s)

Times (Last 4 Days): 3.7, 9.8, 6.4, 7.5
4-Day Avg: 6.9
Today: 3.7
[PASS] Login (21.10s)

Times (Last 4 Days): 21.1, 39.0, 24.7, 26.5
4-Day Avg: 27.8
Today: 21.1

[INFO] Feature: Sales Order
[PASS] Feature: Sales Order (16.00s)

Times (Last 4 Days): 16.0, 33.3, 15.6, 16.5
4-Day Avg: 20.3
Today: 16.0
[PASS] Scenario: Visit Sales order page and click on Edit btn (16.00s)

[INFO] Server: metro cam | Domain: cam.itserver.biz
[INFO] Features executed:
    Add Account Voucher
    Gatepass
    Purchase Invoice
    Production Order FSTUser
==================================================
[PASS] Page Load (3.30s)

Times (Last 4 Days): 3.3, 8.5, 4.9, 3.9
4-Day Avg: 5.2
Today: 3.3
[PASS] Login (20.00s)

Times (Last 4 Days): 20.0, 22.8, 24.4, 19.4
4-Day Avg: 21.6
Today: 20.0

[INFO] Feature: Add Account Voucher
[PASS] Feature: Add Account Voucher (8.90s)

Times (Last 4 Days): 8.9, 8.9, 9.6, 8.6
4-Day Avg: 9.0
Today: 8.9
[PASS] Scenario: Visit Account Voucher Page and click on Edit btn (8.90s)
[INFO] Feature: Gatepass
[PASS] Feature: Gatepass (15.50s)

Times (Last 4 Days): 15.5, 21.3, 14.8, 13.7
4-Day Avg: 16.3
Today: 15.5
[PASS] Scenario: Visit Gate pass Page and click on Edit btn (15.50s)
[INFO] Feature: Purchase Invoice
[PASS] Feature: Purchase Invoice (18.30s)  Above 7-Day Avg

Times (Last 4 Days): 18.3, 14.7, 18.2, 14.7
4-Day Avg: 16.5
Today: 18.3  Above 4-Day Avg
[PASS] Scenario: Visit Purchase invoice Page and click on Edit btn (18.30s)
[INFO] Feature: Production Order FSTUser
[PASS] Feature: Production Order FSTUser (9.10s)

Times (Last 4 Days): 9.1, 9.3, 9.3, 8.8
4-Day Avg: 9.1
Today: 9.1
[PASS] Scenario: Visit Production order page and click on Edit btn (9.10s)

[INFO] Server: bmkenya | Domain: bmkenya.itserver.biz
[INFO] Features executed:
    Add Account Voucher
    Sales Order
==================================================
[PASS] Page Load (6.80s)

Times (Last 4 Days): 6.8, 23.4, 6.5, 20.8
4-Day Avg: 14.4
Today: 6.8
[PASS] Login (25.00s)

Times (Last 4 Days): 25.0, 42.7, 25.3, 28.8
4-Day Avg: 30.5
Today: 25.0

[INFO] Feature: Add Account Voucher
[PASS] Feature: Add Account Voucher (12.30s)

Times (Last 4 Days): 12.3, 17.2, 11.1, 15.7
4-Day Avg: 14.1
Today: 12.3
[PASS] Scenario: Visit Account Voucher Page and click on Edit btn (12.30s)
[INFO] Feature: Sales Order
[PASS] Feature: Sales Order (2.00s)

Times (Last 4 Days): 2.0, 5.1, 2.2, 2.4
4-Day Avg: 2.9
Today: 2.0
[PASS] Scenario: Visit Sales order page (2.00s)

[INFO] Server: s15 | Domain: crm.cartzlink.com
[INFO] Features executed:
    Dash board
==================================================
[PASS] Page Load (1.20s)  Above 7-Day Avg

Times (Last 4 Days): 1.2, 1.3, 1.1, 0.9
4-Day Avg: 1.1
Today: 1.2  Above 4-Day Avg
[PASS] Login (18.40s)

Times (Last 4 Days): 18.4, 18.8, 18.3, 19.3
4-Day Avg: 18.7
Today: 18.4

[INFO] Feature: Dash board
[PASS] Feature: Dash board (0.00s)

Times (Last 4 Days): 0.0, 0.0, 0.0, 0.0
4-Day Avg: 0.0
Today: 0.0
[PASS] Scenario: Visit Dash board page (0.00s)

[INFO] Server: TP | Domain: crm.tabrospharma.com
[INFO] Features executed:
    Add Account Voucher
    Sales Order
==================================================
[PASS] Page Load (1.50s)

Times (Last 4 Days): 1.5, 1.5, 1.6, 1.7
4-Day Avg: 1.6
Today: 1.5
[PASS] Login (26.20s)

Times (Last 4 Days): 26.2, 26.4, 27.0, 27.4
4-Day Avg: 26.8
Today: 26.2

[INFO] Feature: Add Account Voucher
[PASS] Feature: Add Account Voucher (7.20s)  Above 7-Day Avg

Times (Last 4 Days): 7.2, 6.8, 7.3, 7.2
4-Day Avg: 7.1
Today: 7.2  Above 4-Day Avg
[PASS] Scenario: Visit Account Voucher Page and click on Edit btn (7.20s)
[INFO] Feature: Sales Order
[PASS] Feature: Sales Order (7.10s)  Above 7-Day Avg

Times (Last 4 Days): 7.1, 6.8, 7.0, 7.0
4-Day Avg: 7.0
Today: 7.1  Above 4-Day Avg
[PASS] Scenario: Visit Sales Order Page and click on Edit btn (7.10s)
[PASS] Test summary email sent successfully.
Finished at Sat 10/18/2025 11:07:21.50 
========================================= 
