========================================= 
Behave Run Started at Thu 10/23/2025 11:00:02.02 
========================================= 

============================================================
STARTING DOMAIN: mt.itserver.biz (Server: metro crm)
============================================================
[INFO] Running 1 feature files for domain 'mt.itserver.biz':
    E:\shayan\tests\features\mt.itserver.biz\SO.feature
[INFO] Domain = mt.itserver.biz
[INFO] Starting browser and logging in for domain: mt.itserver.biz
[INFO] Creating fresh browser instance for domain: mt.itserver.biz
[INFO] Attempt 1/5: Creating Chrome driver...
[INFO] Applying performance optimizations for problematic domain: mt.itserver.biz
[PASS] Chrome driver created successfully on attempt 1
[INFO] Attempt 1/5: Opening https://mt.itserver.biz/admin/?r=user/user/login&_lang=en
[PASS] Page loaded successfully on attempt 1
[PASS] Opened URL: https://mt.itserver.biz/admin/?r=user/user/login&_lang=en
[INFO] Testing refresh function for dashboard elements...
[PASS] Login successful - dashboard loaded with refresh function
[PASS] Login successful - dashboard loaded with fallback method
[INFO] Login completed. Page Load: 2.5s, Login: 25.9s
[INFO] Login successful for domain: mt.itserver.biz
[INFO] Starting feature: Sales Order
Feature: Sales Order # features/mt.itserver.biz/SO.feature:4

  @critical
  Scenario: Visit Sales order page and click on edit btn  # features/mt.itserver.biz/SO.feature:7
    Given we visit "orders/SO2"                           # features/steps/form_actions.py:36
    When we edit the top row                              # features/steps/cartzlink_form.py:155
[INFO] Completed feature: Sales Order
DEBUG: context.domain = mt.itserver.biz
DEBUG: timing_summary = {'mt.itserver.biz': {'Server': 'metro crm', 'Page Load': 2.5, 'Login': 25.9, 'Features': {'Sales Order': {'Feature': None, 'Scenario Timings': [{'name': 'Visit Sales order page and click on edit btn', 'duration': 10.6, 'status': 'passed', 'failed_steps': []}], 'Failed Steps': []}}}}
PASS Feature: Sales Order (10.6s)
[DEBUG] Writing timing summary for mt.itserver.biz to E:\shayan\tests\timing_results\mt.itserver.biz_timing.json

[INFO] Closing browser for domain: mt.itserver.biz
[INFO] Browser closed successfully for domain: mt.itserver.biz
[INFO] Browser instance cleared for domain: mt.itserver.biz
[SUMMARY] Timing for mt.itserver.biz:
{
  "page_load": {
    "current": 2.5,
    "average": 3.55,
    "values": [
      2.5,
      6.0,
      3.3,
      2.4
    ],
    "is_high": false
  },
  "login": {
    "current": 25.9,
    "average": 31.375,
    "values": [
      25.9,
      30.1,
      29.6,
      39.9
    ],
    "is_high": false
  },
  "features": {
    "Sales Order": {
      "current": 10.6,
      "average": 17.775,
      "values": [
        10.6,
        23.0,
        11.6,
        25.9
      ],
      "is_high": false
    }
  },
  "scenario": {
    "current": 10.6,
    "average": 17.775,
    "values": [
      10.6,
      23.0,
      11.6,
      25.9
    ],
    "is_high": false
  }
}

[INFO] Server: metro crm | Domain: mt.itserver.biz
==================================================
[PASS] Sales Order

============================================================
COMPLETED DOMAIN: mt.itserver.biz
============================================================

============================================================
STARTING DOMAIN: gta.cartzlink.com (Server: s13)
============================================================
[INFO] Running 2 feature files for domain 'gta.cartzlink.com':
    E:\shayan\tests\features\gta.cartzlink.com\AccV.feature
    E:\shayan\tests\features\gta.cartzlink.com\SI.feature
[INFO] Domain = gta.cartzlink.com
[INFO] Starting browser and logging in for domain: gta.cartzlink.com
[INFO] Creating fresh browser instance for domain: gta.cartzlink.com
[INFO] Attempt 1/3: Creating Chrome driver...
[PASS] Chrome driver created successfully on attempt 1
[INFO] Attempt 1/3: Opening https://gta.cartzlink.com/admin/?r=user/user/login&_lang=en
[PASS] Page loaded successfully on attempt 1
[PASS] Opened URL: https://gta.cartzlink.com/admin/?r=user/user/login&_lang=en
[INFO] Testing refresh function for dashboard elements...
[PASS] Login successful - dashboard loaded with refresh function
[PASS] Login successful - dashboard loaded with fallback method
[INFO] Login completed. Page Load: 5.8s, Login: 30.5s
[INFO] Login successful for domain: gta.cartzlink.com
[INFO] Starting feature: Add Account Voucher
Feature: Add Account Voucher # features/gta.cartzlink.com/AccV.feature:4

  @critical
  Scenario: Visit Account Voucher Page and click on Edit btn  # features/gta.cartzlink.com/AccV.feature:7
    Given we visit "accounts2"                                # features/steps/form_actions.py:36
    When we edit the top row                                  # features/steps/cartzlink_form.py:155
[INFO] Completed feature: Add Account Voucher
DEBUG: context.domain = gta.cartzlink.com
DEBUG: timing_summary = {'gta.cartzlink.com': {'Server': 's13', 'Page Load': 5.8, 'Login': 30.5, 'Features': {'Add Account Voucher': {'Feature': None, 'Scenario Timings': [{'name': 'Visit Account Voucher Page and click on Edit btn', 'duration': 15.7, 'status': 'passed', 'failed_steps': []}], 'Failed Steps': []}}}}
PASS Feature: Add Account Voucher (15.7s)
[DEBUG] Writing timing summary for gta.cartzlink.com to E:\shayan\tests\timing_results\gta.cartzlink.com_timing.json

[INFO] Starting feature: Sales Invoice
Feature: Sales Invoice # features/gta.cartzlink.com/SI.feature:1

  @critical
  Scenario: Sales Invoice page           # features/gta.cartzlink.com/SI.feature:4
    Given we visit "orders/salesInvoice" # features/steps/form_actions.py:36
    When we edit the top row             # features/steps/cartzlink_form.py:155
[INFO] Completed feature: Sales Invoice
DEBUG: context.domain = gta.cartzlink.com
DEBUG: timing_summary = {'gta.cartzlink.com': {'Server': 's13', 'Page Load': 5.8, 'Login': 30.5, 'Features': {'Add Account Voucher': {'Feature': 15.7, 'Scenario Timings': [{'name': 'Visit Account Voucher Page and click on Edit btn', 'duration': 15.7, 'status': 'passed', 'failed_steps': []}], 'Failed Steps': []}, 'Sales Invoice': {'Feature': None, 'Scenario Timings': [{'name': 'Sales Invoice page', 'duration': 24.0, 'status': 'passed', 'failed_steps': []}], 'Failed Steps': []}}}}
PASS Feature: Sales Invoice (24.0s)
[DEBUG] Writing timing summary for gta.cartzlink.com to E:\shayan\tests\timing_results\gta.cartzlink.com_timing.json

[INFO] Closing browser for domain: gta.cartzlink.com
[INFO] Browser closed successfully for domain: gta.cartzlink.com
[INFO] Browser instance cleared for domain: gta.cartzlink.com
[SUMMARY] Timing for gta.cartzlink.com:
{
  "page_load": {
    "current": 5.8,
    "average": 13.35,
    "values": [
      5.8,
      39.1,
      4.1,
      4.4
    ],
    "is_high": false
  },
  "login": {
    "current": 30.5,
    "average": 32.8,
    "values": [
      30.5,
      38.4,
      32.1,
      30.2
    ],
    "is_high": false
  },
  "features": {
    "Add Account Voucher": {
      "current": 15.7,
      "average": 22.724999999999998,
      "values": [
        15.7,
        43.9,
        17.7,
        13.6
      ],
      "is_high": false
    },
    "Sales Invoice": {
      "current": 24.0,
      "average": 34.075,
      "values": [
        24.0,
        61.7,
        28.5,
        22.1
      ],
      "is_high": false
    }
  },
  "scenario": {
    "current": 19.85,
    "average": 28.4,
    "values": [
      19.85,
      52.8,
      23.1,
      17.85
    ],
    "is_high": false
  }
}

[INFO] Server: s13 | Domain: gta.cartzlink.com
==================================================
[PASS] Add Account Voucher
[PASS] Sales Invoice

============================================================
COMPLETED DOMAIN: gta.cartzlink.com
============================================================

============================================================
STARTING DOMAIN: fst.itserver.biz (Server: FST)
============================================================
[INFO] Running 1 feature files for domain 'fst.itserver.biz':
    E:\shayan\tests\features\fst.itserver.biz\SO.feature
[INFO] Domain = fst.itserver.biz
[INFO] Starting browser and logging in for domain: fst.itserver.biz
[INFO] Creating fresh browser instance for domain: fst.itserver.biz
[INFO] Attempt 1/3: Creating Chrome driver...
[PASS] Chrome driver created successfully on attempt 1
[INFO] Attempt 1/3: Opening https://fst.itserver.biz/admin/?r=user/user/login&_lang=en
[PASS] Page loaded successfully on attempt 1
[PASS] Opened URL: https://fst.itserver.biz/admin/?r=user/user/login&_lang=en
[INFO] Testing refresh function for dashboard elements...
[PASS] Login successful - dashboard loaded with refresh function
[PASS] Login successful - dashboard loaded with fallback method
[INFO] Login completed. Page Load: 3.6s, Login: 21.5s
[INFO] Login successful for domain: fst.itserver.biz
[INFO] Starting feature: Sales Order
Feature: Sales Order # features/fst.itserver.biz/SO.feature:4

  @critical
  Scenario: Visit Sales order page and click on Edit btn  # features/fst.itserver.biz/SO.feature:7
    Given we visit "orders/salesOrder"                    # features/steps/form_actions.py:36
    When we clear the from date and search                # features/steps/form_actions.py:82
[INFO] Completed feature: Sales Order
DEBUG: context.domain = fst.itserver.biz
DEBUG: timing_summary = {'fst.itserver.biz': {'Server': 'FST', 'Page Load': 3.6, 'Login': 21.5, 'Features': {'Sales Order': {'Feature': None, 'Scenario Timings': [{'name': 'Visit Sales order page and click on Edit btn', 'duration': 18.5, 'status': 'passed', 'failed_steps': []}], 'Failed Steps': []}}}}
PASS Feature: Sales Order (18.5s)
[DEBUG] Writing timing summary for fst.itserver.biz to E:\shayan\tests\timing_results\fst.itserver.biz_timing.json

[INFO] Closing browser for domain: fst.itserver.biz
[INFO] Browser closed successfully for domain: fst.itserver.biz
[INFO] Browser instance cleared for domain: fst.itserver.biz
[SUMMARY] Timing for fst.itserver.biz:
{
  "page_load": {
    "current": 3.6,
    "average": 8.625,
    "values": [
      3.6,
      22.8,
      4.4,
      3.7
    ],
    "is_high": false
  },
  "login": {
    "current": 21.5,
    "average": 25.6,
    "values": [
      21.5,
      31.4,
      28.4,
      21.1
    ],
    "is_high": false
  },
  "features": {
    "Sales Order": {
      "current": 18.5,
      "average": 19.8,
      "values": [
        18.5,
        28.0,
        16.7,
        16.0
      ],
      "is_high": false
    }
  },
  "scenario": {
    "current": 18.5,
    "average": 19.8,
    "values": [
      18.5,
      28.0,
      16.7,
      16.0
    ],
    "is_high": false
  }
}

[INFO] Server: FST | Domain: fst.itserver.biz
==================================================
[PASS] Sales Order

============================================================
COMPLETED DOMAIN: fst.itserver.biz
============================================================

============================================================
STARTING DOMAIN: cam.itserver.biz (Server: metro cam)
============================================================
[INFO] Running 4 feature files for domain 'cam.itserver.biz':
    E:\shayan\tests\features\cam.itserver.biz\AccV.feature
    E:\shayan\tests\features\cam.itserver.biz\GP.feature
    E:\shayan\tests\features\cam.itserver.biz\PI.feature
    E:\shayan\tests\features\cam.itserver.biz\SO.feature
[INFO] Domain = cam.itserver.biz
[INFO] Starting browser and logging in for domain: cam.itserver.biz
[INFO] Creating fresh browser instance for domain: cam.itserver.biz
[INFO] Attempt 1/3: Creating Chrome driver...
[PASS] Chrome driver created successfully on attempt 1
[INFO] Attempt 1/3: Opening https://cam.itserver.biz/admin/?r=user/user/login&_lang=en
[PASS] Page loaded successfully on attempt 1
[PASS] Opened URL: https://cam.itserver.biz/admin/?r=user/user/login&_lang=en
[INFO] Testing refresh function for dashboard elements...
[PASS] Login successful - dashboard loaded with refresh function
[PASS] Login successful - dashboard loaded with fallback method
[INFO] Login completed. Page Load: 4.7s, Login: 19.7s
[INFO] Login successful for domain: cam.itserver.biz
[INFO] Starting feature: Add Account Voucher
Feature: Add Account Voucher # features/cam.itserver.biz/AccV.feature:4

  @critical
  Scenario: Visit Account Voucher Page and click on Edit btn  # features/cam.itserver.biz/AccV.feature:7
    Given we visit "accounts2"                                # features/steps/form_actions.py:36
    When we edit the top row                                  # features/steps/cartzlink_form.py:155
[INFO] Completed feature: Add Account Voucher
DEBUG: context.domain = cam.itserver.biz
DEBUG: timing_summary = {'cam.itserver.biz': {'Server': 'metro cam', 'Page Load': 4.7, 'Login': 19.7, 'Features': {'Add Account Voucher': {'Feature': None, 'Scenario Timings': [{'name': 'Visit Account Voucher Page and click on Edit btn', 'duration': 8.4, 'status': 'passed', 'failed_steps': []}], 'Failed Steps': []}}}}
PASS Feature: Add Account Voucher (8.4s)
[DEBUG] Writing timing summary for cam.itserver.biz to E:\shayan\tests\timing_results\cam.itserver.biz_timing.json

[INFO] Starting feature: Gatepass
Feature: Gatepass # features/cam.itserver.biz/GP.feature:1

  @critical
  Scenario: Visit Gate pass Page and click on Edit btn  # features/cam.itserver.biz/GP.feature:4
    Given we visit "orders/deliveryChallanCAM"          # features/steps/form_actions.py:36
    When we edit the top row                            # features/steps/cartzlink_form.py:155
[INFO] Completed feature: Gatepass
DEBUG: context.domain = cam.itserver.biz
DEBUG: timing_summary = {'cam.itserver.biz': {'Server': 'metro cam', 'Page Load': 4.7, 'Login': 19.7, 'Features': {'Add Account Voucher': {'Feature': 8.4, 'Scenario Timings': [{'name': 'Visit Account Voucher Page and click on Edit btn', 'duration': 8.4, 'status': 'passed', 'failed_steps': []}], 'Failed Steps': []}, 'Gatepass': {'Feature': None, 'Scenario Timings': [{'name': 'Visit Gate pass Page and click on Edit btn', 'duration': 14.9, 'status': 'passed', 'failed_steps': []}], 'Failed Steps': []}}}}
PASS Feature: Gatepass (14.9s)
[DEBUG] Writing timing summary for cam.itserver.biz to E:\shayan\tests\timing_results\cam.itserver.biz_timing.json

[INFO] Starting feature: Purchase Invoice
Feature: Purchase Invoice # features/cam.itserver.biz/PI.feature:3

  @critical
  Scenario: Visit Purchase invoice Page and click on Edit btn  # features/cam.itserver.biz/PI.feature:6
    Given we visit "orders/purchaseInvoice"                    # features/steps/form_actions.py:36
    When we edit the top row                                   # features/steps/cartzlink_form.py:155
[INFO] Completed feature: Purchase Invoice
DEBUG: context.domain = cam.itserver.biz
DEBUG: timing_summary = {'cam.itserver.biz': {'Server': 'metro cam', 'Page Load': 4.7, 'Login': 19.7, 'Features': {'Add Account Voucher': {'Feature': 8.4, 'Scenario Timings': [{'name': 'Visit Account Voucher Page and click on Edit btn', 'duration': 8.4, 'status': 'passed', 'failed_steps': []}], 'Failed Steps': []}, 'Gatepass': {'Feature': 14.9, 'Scenario Timings': [{'name': 'Visit Gate pass Page and click on Edit btn', 'duration': 14.9, 'status': 'passed', 'failed_steps': []}], 'Failed Steps': []}, 'Purchase Invoice': {'Feature': None, 'Scenario Timings': [{'name': 'Visit Purchase invoice Page and click on Edit btn', 'duration': 15.7, 'status': 'passed', 'failed_steps': []}], 'Failed Steps': []}}}}
PASS Feature: Purchase Invoice (15.7s)
[DEBUG] Writing timing summary for cam.itserver.biz to E:\shayan\tests\timing_results\cam.itserver.biz_timing.json

[INFO] Starting feature: Production Order FSTUser
Feature: Production Order FSTUser # features/cam.itserver.biz/SO.feature:4

  @critical
  Scenario: Visit Production order page and click on Edit btn  # features/cam.itserver.biz/SO.feature:7
    Given we visit "orders/SalesOrderFSTUser"                  # features/steps/form_actions.py:36
    When we edit the top row                                   # features/steps/cartzlink_form.py:155
[INFO] Completed feature: Production Order FSTUser
DEBUG: context.domain = cam.itserver.biz
DEBUG: timing_summary = {'cam.itserver.biz': {'Server': 'metro cam', 'Page Load': 4.7, 'Login': 19.7, 'Features': {'Add Account Voucher': {'Feature': 8.4, 'Scenario Timings': [{'name': 'Visit Account Voucher Page and click on Edit btn', 'duration': 8.4, 'status': 'passed', 'failed_steps': []}], 'Failed Steps': []}, 'Gatepass': {'Feature': 14.9, 'Scenario Timings': [{'name': 'Visit Gate pass Page and click on Edit btn', 'duration': 14.9, 'status': 'passed', 'failed_steps': []}], 'Failed Steps': []}, 'Purchase Invoice': {'Feature': 15.7, 'Scenario Timings': [{'name': 'Visit Purchase invoice Page and click on Edit btn', 'duration': 15.7, 'status': 'passed', 'failed_steps': []}], 'Failed Steps': []}, 'Production Order FSTUser': {'Feature': None, 'Scenario Timings': [{'name': 'Visit Production order page and click on Edit btn', 'duration': 9.0, 'status': 'passed', 'failed_steps': []}], 'Failed Steps': []}}}}
PASS Feature: Production Order FSTUser (9.0s)
[DEBUG] Writing timing summary for cam.itserver.biz to E:\shayan\tests\timing_results\cam.itserver.biz_timing.json

[INFO] Closing browser for domain: cam.itserver.biz
[INFO] Browser closed successfully for domain: cam.itserver.biz
[INFO] Browser instance cleared for domain: cam.itserver.biz
[SUMMARY] Timing for cam.itserver.biz:
{
  "page_load": {
    "current": 4.7,
    "average": 7.2749999999999995,
    "values": [
      4.7,
      17.4,
      3.7,
      3.3
    ],
    "is_high": false
  },
  "login": {
    "current": 19.7,
    "average": 22.025,
    "values": [
      19.7,
      28.3,
      20.1,
      20.0
    ],
    "is_high": false
  },
  "features": {
    "Add Account Voucher": {
      "current": 8.4,
      "average": 9.6,
      "values": [
        8.4,
        11.6,
        9.5,
        8.9
      ],
      "is_high": false
    },
    "Gatepass": {
      "current": 14.9,
      "average": 17.175,
      "values": [
        14.9,
        24.8,
        13.5,
        15.5
      ],
      "is_high": false
    },
    "Purchase Invoice": {
      "current": 15.7,
      "average": 19.9,
      "values": [
        15.7,
        31.7,
        13.9,
        18.3
      ],
      "is_high": false
    },
    "Production Order FSTUser": {
      "current": 9.0,
      "average": 9.2,
      "values": [
        9.0,
        9.9,
        8.8,
        9.1
      ],
      "is_high": false
    }
  },
  "scenario": {
    "current": 12.0,
    "average": 13.96875,
    "values": [
      12.0,
      19.5,
      11.425,
      12.95
    ],
    "is_high": false
  }
}

[INFO] Server: metro cam | Domain: cam.itserver.biz
==================================================
[PASS] Add Account Voucher
[PASS] Gatepass
[PASS] Purchase Invoice
[PASS] Production Order FSTUser

============================================================
COMPLETED DOMAIN: cam.itserver.biz
============================================================

============================================================
STARTING DOMAIN: bmkenya.itserver.biz (Server: bmkenya)
============================================================
[INFO] Running 2 feature files for domain 'bmkenya.itserver.biz':
    E:\shayan\tests\features\bmkenya.itserver.biz\AccV.feature
    E:\shayan\tests\features\bmkenya.itserver.biz\SO.feature
[INFO] Domain = bmkenya.itserver.biz
[INFO] Starting browser and logging in for domain: bmkenya.itserver.biz
[INFO] Creating fresh browser instance for domain: bmkenya.itserver.biz
[INFO] Attempt 1/3: Creating Chrome driver...
[PASS] Chrome driver created successfully on attempt 1
[INFO] Attempt 1/3: Opening https://bmkenya.itserver.biz/admin/?r=user/user/login&_lang=en
[PASS] Page loaded successfully on attempt 1
[PASS] Opened URL: https://bmkenya.itserver.biz/admin/?r=user/user/login&_lang=en
[INFO] Testing refresh function for dashboard elements...
[PASS] Login successful - dashboard loaded with refresh function
[PASS] Login successful - dashboard loaded with fallback method
[INFO] Login completed. Page Load: 6.8s, Login: 23.8s
[INFO] Login successful for domain: bmkenya.itserver.biz
[INFO] Starting feature: Add Account Voucher
Feature: Add Account Voucher # features/bmkenya.itserver.biz/AccV.feature:4

  @critical
  Scenario: Visit Account Voucher Page and click on Edit btn  # features/bmkenya.itserver.biz/AccV.feature:7
    Given we visit "accounts2"                                # features/steps/form_actions.py:36
    When we edit the top row                                  # features/steps/cartzlink_form.py:155
[INFO] Completed feature: Add Account Voucher
DEBUG: context.domain = bmkenya.itserver.biz
DEBUG: timing_summary = {'bmkenya.itserver.biz': {'Server': 'bmkenya', 'Page Load': 6.8, 'Login': 23.8, 'Features': {'Add Account Voucher': {'Feature': None, 'Scenario Timings': [{'name': 'Visit Account Voucher Page and click on Edit btn', 'duration': 11.1, 'status': 'passed', 'failed_steps': []}], 'Failed Steps': []}}}}
PASS Feature: Add Account Voucher (11.1s)
[DEBUG] Writing timing summary for bmkenya.itserver.biz to E:\shayan\tests\timing_results\bmkenya.itserver.biz_timing.json

[INFO] Starting feature: Sales Order
Feature: Sales Order # features/bmkenya.itserver.biz/SO.feature:4

  @critical
  Scenario: Visit Sales order page     # features/bmkenya.itserver.biz/SO.feature:7
    Given we visit "orders/salesOrder" # features/steps/form_actions.py:36
[INFO] Completed feature: Sales Order
DEBUG: context.domain = bmkenya.itserver.biz
DEBUG: timing_summary = {'bmkenya.itserver.biz': {'Server': 'bmkenya', 'Page Load': 6.8, 'Login': 23.8, 'Features': {'Add Account Voucher': {'Feature': 11.1, 'Scenario Timings': [{'name': 'Visit Account Voucher Page and click on Edit btn', 'duration': 11.1, 'status': 'passed', 'failed_steps': []}], 'Failed Steps': []}, 'Sales Order': {'Feature': None, 'Scenario Timings': [{'name': 'Visit Sales order page', 'duration': 2.6, 'status': 'passed', 'failed_steps': []}], 'Failed Steps': []}}}}
PASS Feature: Sales Order (2.6s)
[DEBUG] Writing timing summary for bmkenya.itserver.biz to E:\shayan\tests\timing_results\bmkenya.itserver.biz_timing.json

[INFO] Closing browser for domain: bmkenya.itserver.biz
[INFO] Browser closed successfully for domain: bmkenya.itserver.biz
[INFO] Browser instance cleared for domain: bmkenya.itserver.biz
[SUMMARY] Timing for bmkenya.itserver.biz:
{
  "page_load": {
    "current": 6.8,
    "average": 14.325,
    "values": [
      6.8,
      38.8,
      4.9,
      6.8
    ],
    "is_high": false
  },
  "login": {
    "current": 23.8,
    "average": 29.4,
    "values": [
      23.8,
      48.1,
      20.7,
      25.0
    ],
    "is_high": false
  },
  "features": {
    "Add Account Voucher": {
      "current": 11.1,
      "average": 24.45,
      "values": [
        11.1,
        64.0,
        10.4,
        12.3
      ],
      "is_high": false
    },
    "Sales Order": {
      "current": 2.6,
      "average": 2.35,
      "values": [
        2.6,
        3.0,
        1.8,
        2.0
      ],
      "is_high": true
    }
  },
  "scenario": {
    "current": 6.85,
    "average": 13.4,
    "values": [
      6.85,
      33.5,
      6.1000000000000005,
      7.15
    ],
    "is_high": false
  }
}

[INFO] Server: bmkenya | Domain: bmkenya.itserver.biz
==================================================
[PASS] Add Account Voucher
[PASS] Sales Order

============================================================
COMPLETED DOMAIN: bmkenya.itserver.biz
============================================================

============================================================
STARTING DOMAIN: crm.cartzlink.com (Server: s15)
============================================================
[INFO] Running 1 feature files for domain 'crm.cartzlink.com':
    E:\shayan\tests\features\crm.cartzlink.com\dashboard.feature
[INFO] Domain = crm.cartzlink.com
[INFO] Starting browser and logging in for domain: crm.cartzlink.com
[INFO] Creating fresh browser instance for domain: crm.cartzlink.com
[INFO] Attempt 1/3: Creating Chrome driver...
[PASS] Chrome driver created successfully on attempt 1
[INFO] Attempt 1/3: Opening https://crm.cartzlink.com/admin/?r=user/user/login&_lang=en
[PASS] Page loaded successfully on attempt 1
[PASS] Opened URL: https://crm.cartzlink.com/admin/?r=user/user/login&_lang=en
[INFO] Testing refresh function for dashboard elements...
[PASS] Login successful - dashboard loaded with refresh function
[PASS] Login successful - dashboard loaded with fallback method
[INFO] Login completed. Page Load: 1.0s, Login: 18.2s
[INFO] Login successful for domain: crm.cartzlink.com
[INFO] Starting feature: Dash board
Feature: Dash board # features/crm.cartzlink.com/dashboard.feature:4
[INFO] Completed feature: Dash board
DEBUG: context.domain = crm.cartzlink.com
DEBUG: timing_summary = {'crm.cartzlink.com': {'Server': 's15', 'Page Load': 1.0, 'Login': 18.2, 'Features': {'Dash board': {'Feature': None, 'Scenario Timings': [{'name': 'Visit Dash board page', 'duration': 0.0, 'status': 'passed', 'failed_steps': []}], 'Failed Steps': []}}}}
PASS Feature: Dash board (0.0s)
[DEBUG] Writing timing summary for crm.cartzlink.com to E:\shayan\tests\timing_results\crm.cartzlink.com_timing.json

  @critical
  Scenario: Visit Dash board page  # features/crm.cartzlink.com/dashboard.feature:7

[INFO] Closing browser for domain: crm.cartzlink.com
[INFO] Browser closed successfully for domain: crm.cartzlink.com
[INFO] Browser instance cleared for domain: crm.cartzlink.com
[SUMMARY] Timing for crm.cartzlink.com:
{
  "page_load": {
    "current": 1.0,
    "average": 1.1,
    "values": [
      1.0,
      0.7,
      1.5,
      1.2
    ],
    "is_high": false
  },
  "login": {
    "current": 18.2,
    "average": 18.799999999999997,
    "values": [
      18.2,
      19.4,
      19.2,
      18.4
    ],
    "is_high": false
  },
  "features": {
    "Dash board": {
      "current": 0.0,
      "average": 0.0,
      "values": [
        0.0,
        0.0,
        0.0,
        0.0
      ],
      "is_high": 0.0
    }
  },
  "scenario": {
    "current": 0.0,
    "average": 0.0,
    "values": [
      0.0,
      0.0,
      0.0,
      0.0
    ],
    "is_high": 0.0
  }
}

[INFO] Server: s15 | Domain: crm.cartzlink.com
==================================================
[PASS] Dash board

============================================================
COMPLETED DOMAIN: crm.cartzlink.com
============================================================

============================================================
STARTING DOMAIN: crm.tabrospharma.com (Server: TP)
============================================================
[INFO] Running 2 feature files for domain 'crm.tabrospharma.com':
    E:\shayan\tests\features\crm.tabrospharma.com\AccV.feature
    E:\shayan\tests\features\crm.tabrospharma.com\SO.feature
[INFO] Domain = crm.tabrospharma.com
[INFO] Starting browser and logging in for domain: crm.tabrospharma.com
[INFO] Creating fresh browser instance for domain: crm.tabrospharma.com
[INFO] Attempt 1/3: Creating Chrome driver...
[PASS] Chrome driver created successfully on attempt 1
[INFO] Attempt 1/3: Opening https://crm.tabrospharma.com/admin/?r=user/user/login&_lang=en
[PASS] Page loaded successfully on attempt 1
[PASS] Opened URL: https://crm.tabrospharma.com/admin/?r=user/user/login&_lang=en
[INFO] Testing refresh function for dashboard elements...
[PASS] Login successful - dashboard loaded with refresh function
[PASS] Login successful - dashboard loaded with fallback method
[INFO] Login completed. Page Load: 1.5s, Login: 26.1s
[INFO] Login successful for domain: crm.tabrospharma.com
[INFO] Starting feature: Add Account Voucher
Feature: Add Account Voucher # features/crm.tabrospharma.com/AccV.feature:4

  @critical
  Scenario: Visit Account Voucher Page and click on Edit btn  # features/crm.tabrospharma.com/AccV.feature:7
    Given we visit "accounts2"                                # features/steps/form_actions.py:36
    When we edit the top row                                  # features/steps/cartzlink_form.py:155
[INFO] Completed feature: Add Account Voucher
DEBUG: context.domain = crm.tabrospharma.com
DEBUG: timing_summary = {'crm.tabrospharma.com': {'Server': 'TP', 'Page Load': 1.5, 'Login': 26.1, 'Features': {'Add Account Voucher': {'Feature': None, 'Scenario Timings': [{'name': 'Visit Account Voucher Page and click on Edit btn', 'duration': 7.1, 'status': 'passed', 'failed_steps': []}], 'Failed Steps': []}}}}
PASS Feature: Add Account Voucher (7.1s)
[DEBUG] Writing timing summary for crm.tabrospharma.com to E:\shayan\tests\timing_results\crm.tabrospharma.com_timing.json

[INFO] Starting feature: Sales Order
Feature: Sales Order # features/crm.tabrospharma.com/SO.feature:4

  @critical
  Scenario: Visit Sales Order Page and click on Edit btn  # features/crm.tabrospharma.com/SO.feature:7
    Given we visit "orders/salesOrder"                    # features/steps/form_actions.py:36
    When we edit the top row                              # features/steps/cartzlink_form.py:155
[INFO] Completed feature: Sales Order
DEBUG: context.domain = crm.tabrospharma.com
DEBUG: timing_summary = {'crm.tabrospharma.com': {'Server': 'TP', 'Page Load': 1.5, 'Login': 26.1, 'Features': {'Add Account Voucher': {'Feature': 7.1, 'Scenario Timings': [{'name': 'Visit Account Voucher Page and click on Edit btn', 'duration': 7.1, 'status': 'passed', 'failed_steps': []}], 'Failed Steps': []}, 'Sales Order': {'Feature': None, 'Scenario Timings': [{'name': 'Visit Sales Order Page and click on Edit btn', 'duration': 7.2, 'status': 'passed', 'failed_steps': []}], 'Failed Steps': []}}}}
PASS Feature: Sales Order (7.2s)
[DEBUG] Writing timing summary for crm.tabrospharma.com to E:\shayan\tests\timing_results\crm.tabrospharma.com_timing.json

[INFO] Closing browser for domain: crm.tabrospharma.com
[INFO] Browser closed successfully for domain: crm.tabrospharma.com
[INFO] Browser instance cleared for domain: crm.tabrospharma.com
[SUMMARY] Timing for crm.tabrospharma.com:
{
  "page_load": {
    "current": 1.5,
    "average": 1.9,
    "values": [
      1.5,
      1.7,
      2.9,
      1.5
    ],
    "is_high": false
  },
  "login": {
    "current": 26.1,
    "average": 26.175,
    "values": [
      26.1,
      26.4,
      26.0,
      26.2
    ],
    "is_high": false
  },
  "features": {
    "Add Account Voucher": {
      "current": 7.1,
      "average": 7.05,
      "values": [
        7.1,
        7.0,
        6.9,
        7.2
      ],
      "is_high": true
    },
    "Sales Order": {
      "current": 7.2,
      "average": 7.025,
      "values": [
        7.2,
        7.0,
        6.8,
        7.1
      ],
      "is_high": true
    }
  },
  "scenario": {
    "current": 7.15,
    "average": 7.0375,
    "values": [
      7.15,
      7.0,
      6.85,
      7.15
    ],
    "is_high": true
  }
}

[INFO] Server: TP | Domain: crm.tabrospharma.com
==================================================
[PASS] Add Account Voucher
[PASS] Sales Order

============================================================
COMPLETED DOMAIN: crm.tabrospharma.com
============================================================

==================================================
[SUMMARY] FINAL TEST SUMMARY
==================================================

================================================================================
[CRITICAL] FAILURES AND PERFORMANCE ISSUES SUMMARY
================================================================================

SLOW TESTS (3 total):
--------------------------------------------------
[SLOW] Feature SLOW | bmkenya | bmkenya.itserver.biz
   Feature: Sales Order
   Time: 2.60s | Above 7-day average (2.4s)
[SLOW] Feature SLOW | TP | crm.tabrospharma.com
   Feature: Add Account Voucher
   Time: 7.10s | Above 7-day average (7.0s)
[SLOW] Feature SLOW | TP | crm.tabrospharma.com
   Feature: Sales Order
   Time: 7.20s | Above 7-day average (7.0s)
================================================================================

[DEBUG] Getting 7-day data for domain: mt.itserver.biz
[DEBUG] Page load data: {'current': 2.5, 'average': 3.55, 'values': [2.5, 6.0, 3.3, 2.4], 'is_high': False}
[DEBUG] Formatted summary: 
Times (Last 4 Days): 2.5, 6.0, 3.3, 2.4
4-Day Avg: 3.5
Today: 2.5
[DEBUG] Getting 7-day login data for domain: mt.itserver.biz
[DEBUG] Login data: {'current': 25.9, 'average': 31.375, 'values': [25.9, 30.1, 29.6, 39.9], 'is_high': False}
[DEBUG] Formatted login summary: 
Times (Last 4 Days): 25.9, 30.1, 29.6, 39.9
4-Day Avg: 31.4
Today: 25.9
[DEBUG] Getting 7-day data for domain: gta.cartzlink.com
[DEBUG] Page load data: {'current': 5.8, 'average': 13.35, 'values': [5.8, 39.1, 4.1, 4.4], 'is_high': False}
[DEBUG] Formatted summary: 
Times (Last 4 Days): 5.8, 39.1, 4.1, 4.4
4-Day Avg: 13.3
Today: 5.8
[DEBUG] Getting 7-day login data for domain: gta.cartzlink.com
[DEBUG] Login data: {'current': 30.5, 'average': 32.8, 'values': [30.5, 38.4, 32.1, 30.2], 'is_high': False}
[DEBUG] Formatted login summary: 
Times (Last 4 Days): 30.5, 38.4, 32.1, 30.2
4-Day Avg: 32.8
Today: 30.5
[DEBUG] Getting 7-day data for domain: fst.itserver.biz
[DEBUG] Page load data: {'current': 3.6, 'average': 8.625, 'values': [3.6, 22.8, 4.4, 3.7], 'is_high': False}
[DEBUG] Formatted summary: 
Times (Last 4 Days): 3.6, 22.8, 4.4, 3.7
4-Day Avg: 8.6
Today: 3.6
[DEBUG] Getting 7-day login data for domain: fst.itserver.biz
[DEBUG] Login data: {'current': 21.5, 'average': 25.6, 'values': [21.5, 31.4, 28.4, 21.1], 'is_high': False}
[DEBUG] Formatted login summary: 
Times (Last 4 Days): 21.5, 31.4, 28.4, 21.1
4-Day Avg: 25.6
Today: 21.5
[DEBUG] Getting 7-day data for domain: cam.itserver.biz
[DEBUG] Page load data: {'current': 4.7, 'average': 7.2749999999999995, 'values': [4.7, 17.4, 3.7, 3.3], 'is_high': False}
[DEBUG] Formatted summary: 
Times (Last 4 Days): 4.7, 17.4, 3.7, 3.3
4-Day Avg: 7.3
Today: 4.7
[DEBUG] Getting 7-day login data for domain: cam.itserver.biz
[DEBUG] Login data: {'current': 19.7, 'average': 22.025, 'values': [19.7, 28.3, 20.1, 20.0], 'is_high': False}
[DEBUG] Formatted login summary: 
Times (Last 4 Days): 19.7, 28.3, 20.1, 20.0
4-Day Avg: 22.0
Today: 19.7
[DEBUG] Getting 7-day data for domain: bmkenya.itserver.biz
[DEBUG] Page load data: {'current': 6.8, 'average': 14.325, 'values': [6.8, 38.8, 4.9, 6.8], 'is_high': False}
[DEBUG] Formatted summary: 
Times (Last 4 Days): 6.8, 38.8, 4.9, 6.8
4-Day Avg: 14.3
Today: 6.8
[DEBUG] Getting 7-day login data for domain: bmkenya.itserver.biz
[DEBUG] Login data: {'current': 23.8, 'average': 29.4, 'values': [23.8, 48.1, 20.7, 25.0], 'is_high': False}
[DEBUG] Formatted login summary: 
Times (Last 4 Days): 23.8, 48.1, 20.7, 25.0
4-Day Avg: 29.4
Today: 23.8
[DEBUG] Getting 7-day data for domain: crm.cartzlink.com
[DEBUG] Page load data: {'current': 1.0, 'average': 1.1, 'values': [1.0, 0.7, 1.5, 1.2], 'is_high': False}
[DEBUG] Formatted summary: 
Times (Last 4 Days): 1.0, 0.7, 1.5, 1.2
4-Day Avg: 1.1
Today: 1.0
[DEBUG] Getting 7-day login data for domain: crm.cartzlink.com
[DEBUG] Login data: {'current': 18.2, 'average': 18.799999999999997, 'values': [18.2, 19.4, 19.2, 18.4], 'is_high': False}
[DEBUG] Formatted login summary: 
Times (Last 4 Days): 18.2, 19.4, 19.2, 18.4
4-Day Avg: 18.8
Today: 18.2
[DEBUG] Getting 7-day data for domain: crm.tabrospharma.com
[DEBUG] Page load data: {'current': 1.5, 'average': 1.9, 'values': [1.5, 1.7, 2.9, 1.5], 'is_high': False}
[DEBUG] Formatted summary: 
Times (Last 4 Days): 1.5, 1.7, 2.9, 1.5
4-Day Avg: 1.9
Today: 1.5
[DEBUG] Getting 7-day login data for domain: crm.tabrospharma.com
[DEBUG] Login data: {'current': 26.1, 'average': 26.175, 'values': [26.1, 26.4, 26.0, 26.2], 'is_high': False}
[DEBUG] Formatted login summary: 
Times (Last 4 Days): 26.1, 26.4, 26.0, 26.2
4-Day Avg: 26.2
Today: 26.1

[INFO] Server: metro crm | Domain: mt.itserver.biz
[INFO] Features executed:
    Sales Order
==================================================
[PASS] Page Load (2.50s)

Times (Last 4 Days): 2.5, 6.0, 3.3, 2.4
4-Day Avg: 3.5
Today: 2.5
[PASS] Login (25.90s)

Times (Last 4 Days): 25.9, 30.1, 29.6, 39.9
4-Day Avg: 31.4
Today: 25.9

[INFO] Feature: Sales Order
[PASS] Feature: Sales Order (10.60s)

Times (Last 4 Days): 10.6, 23.0, 11.6, 25.9
4-Day Avg: 17.8
Today: 10.6
[PASS] Scenario: Visit Sales order page and click on edit btn (10.60s)

[INFO] Server: s13 | Domain: gta.cartzlink.com
[INFO] Features executed:
    Add Account Voucher
    Sales Invoice
==================================================
[PASS] Page Load (5.80s)

Times (Last 4 Days): 5.8, 39.1, 4.1, 4.4
4-Day Avg: 13.3
Today: 5.8
[PASS] Login (30.50s)

Times (Last 4 Days): 30.5, 38.4, 32.1, 30.2
4-Day Avg: 32.8
Today: 30.5

[INFO] Feature: Add Account Voucher
[PASS] Feature: Add Account Voucher (15.70s)

Times (Last 4 Days): 15.7, 43.9, 17.7, 13.6
4-Day Avg: 22.7
Today: 15.7
[PASS] Scenario: Visit Account Voucher Page and click on Edit btn (15.70s)
[INFO] Feature: Sales Invoice
[PASS] Feature: Sales Invoice (24.00s)

Times (Last 4 Days): 24.0, 61.7, 28.5, 22.1
4-Day Avg: 34.1
Today: 24.0
[PASS] Scenario: Sales Invoice page (24.00s)

[INFO] Server: FST | Domain: fst.itserver.biz
[INFO] Features executed:
    Sales Order
==================================================
[PASS] Page Load (3.60s)

Times (Last 4 Days): 3.6, 22.8, 4.4, 3.7
4-Day Avg: 8.6
Today: 3.6
[PASS] Login (21.50s)

Times (Last 4 Days): 21.5, 31.4, 28.4, 21.1
4-Day Avg: 25.6
Today: 21.5

[INFO] Feature: Sales Order
[PASS] Feature: Sales Order (18.50s)

Times (Last 4 Days): 18.5, 28.0, 16.7, 16.0
4-Day Avg: 19.8
Today: 18.5
[PASS] Scenario: Visit Sales order page and click on Edit btn (18.50s)

[INFO] Server: metro cam | Domain: cam.itserver.biz
[INFO] Features executed:
    Add Account Voucher
    Gatepass
    Purchase Invoice
    Production Order FSTUser
==================================================
[PASS] Page Load (4.70s)

Times (Last 4 Days): 4.7, 17.4, 3.7, 3.3
4-Day Avg: 7.3
Today: 4.7
[PASS] Login (19.70s)

Times (Last 4 Days): 19.7, 28.3, 20.1, 20.0
4-Day Avg: 22.0
Today: 19.7

[INFO] Feature: Add Account Voucher
[PASS] Feature: Add Account Voucher (8.40s)

Times (Last 4 Days): 8.4, 11.6, 9.5, 8.9
4-Day Avg: 9.6
Today: 8.4
[PASS] Scenario: Visit Account Voucher Page and click on Edit btn (8.40s)
[INFO] Feature: Gatepass
[PASS] Feature: Gatepass (14.90s)

Times (Last 4 Days): 14.9, 24.8, 13.5, 15.5
4-Day Avg: 17.2
Today: 14.9
[PASS] Scenario: Visit Gate pass Page and click on Edit btn (14.90s)
[INFO] Feature: Purchase Invoice
[PASS] Feature: Purchase Invoice (15.70s)

Times (Last 4 Days): 15.7, 31.7, 13.9, 18.3
4-Day Avg: 19.9
Today: 15.7
[PASS] Scenario: Visit Purchase invoice Page and click on Edit btn (15.70s)
[INFO] Feature: Production Order FSTUser
[PASS] Feature: Production Order FSTUser (9.00s)

Times (Last 4 Days): 9.0, 9.9, 8.8, 9.1
4-Day Avg: 9.2
Today: 9.0
[PASS] Scenario: Visit Production order page and click on Edit btn (9.00s)

[INFO] Server: bmkenya | Domain: bmkenya.itserver.biz
[INFO] Features executed:
    Add Account Voucher
    Sales Order
==================================================
[PASS] Page Load (6.80s)

Times (Last 4 Days): 6.8, 38.8, 4.9, 6.8
4-Day Avg: 14.3
Today: 6.8
[PASS] Login (23.80s)

Times (Last 4 Days): 23.8, 48.1, 20.7, 25.0
4-Day Avg: 29.4
Today: 23.8

[INFO] Feature: Add Account Voucher
[PASS] Feature: Add Account Voucher (11.10s)

Times (Last 4 Days): 11.1, 64.0, 10.4, 12.3
4-Day Avg: 24.4
Today: 11.1
[PASS] Scenario: Visit Account Voucher Page and click on Edit btn (11.10s)
[INFO] Feature: Sales Order
[PASS] Feature: Sales Order (2.60s)  Above 7-Day Avg

Times (Last 4 Days): 2.6, 3.0, 1.8, 2.0
4-Day Avg: 2.4
Today: 2.6  Above 4-Day Avg
[PASS] Scenario: Visit Sales order page (2.60s)

[INFO] Server: s15 | Domain: crm.cartzlink.com
[INFO] Features executed:
    Dash board
==================================================
[PASS] Page Load (1.00s)

Times (Last 4 Days): 1.0, 0.7, 1.5, 1.2
4-Day Avg: 1.1
Today: 1.0
[PASS] Login (18.20s)

Times (Last 4 Days): 18.2, 19.4, 19.2, 18.4
4-Day Avg: 18.8
Today: 18.2

[INFO] Feature: Dash board
[PASS] Feature: Dash board (0.00s)

Times (Last 4 Days): 0.0, 0.0, 0.0, 0.0
4-Day Avg: 0.0
Today: 0.0
[PASS] Scenario: Visit Dash board page (0.00s)

[INFO] Server: TP | Domain: crm.tabrospharma.com
[INFO] Features executed:
    Add Account Voucher
    Sales Order
==================================================
[PASS] Page Load (1.50s)

Times (Last 4 Days): 1.5, 1.7, 2.9, 1.5
4-Day Avg: 1.9
Today: 1.5
[PASS] Login (26.10s)

Times (Last 4 Days): 26.1, 26.4, 26.0, 26.2
4-Day Avg: 26.2
Today: 26.1

[INFO] Feature: Add Account Voucher
[PASS] Feature: Add Account Voucher (7.10s)  Above 7-Day Avg

Times (Last 4 Days): 7.1, 7.0, 6.9, 7.2
4-Day Avg: 7.0
Today: 7.1  Above 4-Day Avg
[PASS] Scenario: Visit Account Voucher Page and click on Edit btn (7.10s)
[INFO] Feature: Sales Order
[PASS] Feature: Sales Order (7.20s)  Above 7-Day Avg

Times (Last 4 Days): 7.2, 7.0, 6.8, 7.1
4-Day Avg: 7.0
Today: 7.2  Above 4-Day Avg
[PASS] Scenario: Visit Sales Order Page and click on Edit btn (7.20s)
[PASS] Test summary email sent successfully.
Finished at Thu 10/23/2025 11:06:51.33 
========================================= 
