========================================= 
Behave Run Started at Fri 09/19/2025 18:26:57.74 
========================================= 

============================================================
STARTING DOMAIN: mt2.itserver.biz (Server: metro crm)
============================================================
[INFO] Running 2 feature files for domain 'mt2.itserver.biz':
    C:\tests\features\mt2.itserver.biz\AccV.feature
    C:\tests\features\mt2.itserver.biz\SO.feature
[INFO] Domain = mt2.itserver.biz
[INFO] Starting browser and logging in for domain: mt2.itserver.biz
[INFO] Creating fresh browser instance for domain: mt2.itserver.biz
[INFO] Attempt 1/5: Creating Chrome driver...
[INFO] Applying performance optimizations for problematic domain: mt2.itserver.biz
[PASS] Chrome driver created successfully on attempt 1
[INFO] Attempt 1/5: Opening https://mt2.itserver.biz/admin/?r=user/user/login&_lang=en
[PASS] Page loaded successfully on attempt 1
[PASS] Opened URL: https://mt2.itserver.biz/admin/?r=user/user/login&_lang=en
[INFO] Testing refresh function for dashboard elements...
[PASS] Login successful - dashboard loaded with refresh function
[PASS] Login successful - dashboard loaded with fallback method
[INFO] Login completed. Page Load: 1.9s, Login: 25.3s
[INFO] Login successful for domain: mt2.itserver.biz
Feature: Add Account Voucher # features/mt2.itserver.biz/AccV.feature:4

  @critical
  Scenario: Visit Account Voucher Page and click on Edit btn  # features/mt2.itserver.biz/AccV.feature:7
    Given we visit "accounts2"                                # features/steps/form_actions.py:36
    When we edit the top row                                  # features/steps/cartzlink_form.py:155

Feature: Sales invoice MT # features/mt2.itserver.biz/SO.feature:4

  @critical
  Scenario: Visit Sales invoice page        # features/mt2.itserver.biz/SO.feature:7
    Given we visit "orders/salesInvoice_MT" # features/steps/form_actions.py:36
    When we clear the from date and search  # features/steps/form_actions.py:82


[INFO] Server: metro crm | Domain: mt2.itserver.biz
==================================================
[PASS] Add Account Voucher
[PASS] Sales invoice MT

============================================================
COMPLETED DOMAIN: mt2.itserver.biz
============================================================

============================================================
STARTING DOMAIN: fst.itserver.biz (Server: FST)
============================================================
[INFO] Running 1 feature files for domain 'fst.itserver.biz':
    C:\tests\features\fst.itserver.biz\SO.feature
[INFO] Domain = fst.itserver.biz
[INFO] Starting browser and logging in for domain: fst.itserver.biz
[INFO] Creating fresh browser instance for domain: fst.itserver.biz
[INFO] Attempt 1/3: Creating Chrome driver...
[PASS] Chrome driver created successfully on attempt 1
[INFO] Attempt 1/3: Opening https://fst.itserver.biz/admin/?r=user/user/login&_lang=en
[PASS] Page loaded successfully on attempt 1
[PASS] Opened URL: https://fst.itserver.biz/admin/?r=user/user/login&_lang=en
[INFO] Testing refresh function for dashboard elements...
[PASS] Login successful - dashboard loaded with refresh function
[PASS] Login successful - dashboard loaded with fallback method
[INFO] Login completed. Page Load: 10.1s, Login: 20.8s
[INFO] Login successful for domain: fst.itserver.biz
Feature: Sales Order # features/fst.itserver.biz/SO.feature:4

  @critical
  Scenario: Visit Sales order page and click on Edit btn  # features/fst.itserver.biz/SO.feature:7
    Given we visit "orders/salesOrder"                    # features/steps/form_actions.py:36
    When we clear the from date and search                # features/steps/form_actions.py:82


[INFO] Server: FST | Domain: fst.itserver.biz
==================================================
[PASS] Sales Order

============================================================
COMPLETED DOMAIN: fst.itserver.biz
============================================================

==================================================
[SUMMARY] FINAL TEST SUMMARY
==================================================

================================================================================
[CRITICAL] FAILURES AND PERFORMANCE ISSUES SUMMARY
================================================================================

SLOW TESTS (3 total):
--------------------------------------------------
[SLOW] Feature SLOW | metro crm | mt2.itserver.biz
   Feature: Add Account Voucher
   Time: 29.10s | Above 7-day average (22.0s)
[SLOW] Feature SLOW | metro crm | mt2.itserver.biz
   Feature: Sales invoice MT
   Time: 134.60s | Above 7-day average (59.5s)
[SLOW] Feature SLOW | FST | fst.itserver.biz
   Feature: Sales Order
   Time: 74.70s | Above 7-day average (26.8s)
================================================================================

[DEBUG] Getting 7-day data for domain: mt2.itserver.biz
[DEBUG] Page load data: {'current': 1.9, 'average': 27.514285714285712, 'values': [1.9, 34.4, 32.3, 32.6, 14.9, 41.9, 34.6], 'is_high': False}
[DEBUG] Formatted summary: 
Times (Last 7 Days): 1.9, 34.4, 32.3, 32.6, 14.9, 41.9, 34.6
7-Day Avg: 27.5
Today: 1.9
[DEBUG] Getting 7-day login data for domain: mt2.itserver.biz
[DEBUG] Login data: {'current': 25.3, 'average': 25.557142857142857, 'values': [25.3, 29.6, 16.1, 12.1, 52.9, 19.2, 23.7], 'is_high': False}
[DEBUG] Formatted login summary: 
Times (Last 7 Days): 25.3, 29.6, 16.1, 12.1, 52.9, 19.2, 23.7
7-Day Avg: 25.6
Today: 25.3
[DEBUG] Getting 7-day data for domain: fst.itserver.biz
[DEBUG] Page load data: {'current': 10.1, 'average': 15.628571428571428, 'values': [10.1, 2.9, 24.4, 14.2, 16.6, 29.7, 11.5], 'is_high': False}
[DEBUG] Formatted summary: 
Times (Last 7 Days): 10.1, 2.9, 24.4, 14.2, 16.6, 29.7, 11.5
7-Day Avg: 15.6
Today: 10.1
[DEBUG] Getting 7-day login data for domain: fst.itserver.biz
[DEBUG] Login data: {'current': 20.8, 'average': 25.771428571428572, 'values': [20.8, 27.4, 11.8, 13.0, 13.3, 81.8, 12.3], 'is_high': False}
[DEBUG] Formatted login summary: 
Times (Last 7 Days): 20.8, 27.4, 11.8, 13.0, 13.3, 81.8, 12.3
7-Day Avg: 25.8
Today: 20.8

[INFO] Server: metro crm | Domain: mt2.itserver.biz
[INFO] Features executed:
    Add Account Voucher
    Sales invoice MT
==================================================
[PASS] Page Load (1.90s)

Times (Last 7 Days): 1.9, 34.4, 32.3, 32.6, 14.9, 41.9, 34.6
7-Day Avg: 27.5
Today: 1.9
[PASS] Login (25.30s)

Times (Last 7 Days): 25.3, 29.6, 16.1, 12.1, 52.9, 19.2, 23.7
7-Day Avg: 25.6
Today: 25.3

[INFO] Feature: Add Account Voucher
[PASS] Feature: Add Account Voucher (29.10s)  Above 7-Day Avg

Times (Last 7 Days): 29.1, 46.9, 21.5, 13.5, 13.3, 13.9, 15.8
7-Day Avg: 22.0
Today: 29.1  Above 7-Day Avg
[PASS] Scenario: Visit Account Voucher Page and click on Edit btn (29.10s)
[INFO] Feature: Sales invoice MT
[PASS] Feature: Sales invoice MT (134.60s)  Above 7-Day Avg

Times (Last 7 Days): 134.6, 60.3, 20.4, 30.0, 103.9, 26.8, 40.5
7-Day Avg: 59.5
Today: 134.6  Above 7-Day Avg
[PASS] Scenario: Visit Sales invoice page (134.50s)

[INFO] Server: FST | Domain: fst.itserver.biz
[INFO] Features executed:
    Sales Order
==================================================
[PASS] Page Load (10.10s)

Times (Last 7 Days): 10.1, 2.9, 24.4, 14.2, 16.6, 29.7, 11.5
7-Day Avg: 15.6
Today: 10.1
[PASS] Login (20.80s)

Times (Last 7 Days): 20.8, 27.4, 11.8, 13.0, 13.3, 81.8, 12.3
7-Day Avg: 25.8
Today: 20.8

[INFO] Feature: Sales Order
[PASS] Feature: Sales Order (74.70s)  Above 7-Day Avg

Times (Last 7 Days): 74.7, 40.3, 13.5, 12.9, 13.3, 14.3, 18.9
7-Day Avg: 26.8
Today: 74.7  Above 7-Day Avg
[PASS] Scenario: Visit Sales order page and click on Edit btn (74.70s)
[PASS] Test summary email sent successfully.
Finished at Fri 09/19/2025 18:32:20.29 
========================================= 
