========================================= 
Behave Run Started at Wed 02/04/2026 20:00:01.97 
========================================= 
[INFO] Cleaned up 1 old/excess timing history entries. Remaining: 2 entries.

============================================================
STARTING DOMAIN: mt.itserver.biz (Server: metro crm)
============================================================
[INFO] Running 1 feature files for domain 'mt.itserver.biz':
    E:\shayan\tests\features\mt.itserver.biz\SO.feature
[INFO] Domain = mt.itserver.biz
[INFO] Starting browser and logging in for domain: mt.itserver.biz
[INFO] Creating fresh browser instance for domain: mt.itserver.biz
[INFO] Attempt 1/5: Creating Chrome driver...
[INFO] Applying performance optimizations for problematic domain: mt.itserver.biz
[PASS] Chrome driver created successfully on attempt 1
[INFO] Attempt 1/5: Opening https://mt.itserver.biz/admin/?r=user/user/login&_lang=en
[PASS] Page loaded successfully on attempt 1
[PASS] Opened URL: https://mt.itserver.biz/admin/?r=user/user/login&_lang=en
[INFO] Testing refresh function for dashboard elements...
[PASS] Login successful - dashboard loaded with refresh function
[PASS] Login successful - dashboard loaded with fallback method
[INFO] Login completed. Page Load: 2.5s, Login: 24.3s
[INFO] Login successful for domain: mt.itserver.biz
[INFO] Starting feature: Sales Order
Feature: Sales Order # features/mt.itserver.biz/SO.feature:4

  @critical
  Scenario: Visit Sales order page and click on edit btn  # features/mt.itserver.biz/SO.feature:7
    Given we visit "orders/SO2"                           # features/steps/form_actions.py:36
    When we edit the top row                              # features/steps/cartzlink_form.py:155
[INFO] Completed feature: Sales Order
DEBUG: context.domain = mt.itserver.biz
DEBUG: timing_summary = {'mt.itserver.biz': {'Server': 'metro crm', 'Page Load': 2.5, 'Login': 24.3, 'Features': {'Sales Order': {'Feature': None, 'Scenario Timings': [{'name': 'Visit Sales order page and click on edit btn', 'duration': 8.5, 'status': 'passed', 'failed_steps': []}], 'Failed Steps': []}}}}
PASS Feature: Sales Order (8.5s)
[DEBUG] Writing timing summary for mt.itserver.biz to E:\shayan\tests\timing_results\mt.itserver.biz_timing.json

[INFO] Closing browser for domain: mt.itserver.biz
[INFO] Browser closed successfully for domain: mt.itserver.biz
[INFO] Browser instance cleared for domain: mt.itserver.biz
[SUMMARY] Timing for mt.itserver.biz:
{
  "page_load": {
    "current": 2.5,
    "average": 2.433333333333333,
    "values": [
      2.5,
      2.8,
      2.0
    ],
    "is_high": true
  },
  "login": {
    "current": 24.3,
    "average": 24.333333333333332,
    "values": [
      24.3,
      24.4,
      24.3
    ],
    "is_high": false
  },
  "features": {
    "Sales Order": {
      "current": 8.5,
      "average": 8.666666666666666,
      "values": [
        8.5,
        8.7,
        8.8
      ],
      "is_high": false
    }
  },
  "scenario": {
    "current": 8.5,
    "average": 8.666666666666666,
    "values": [
      8.5,
      8.7,
      8.8
    ],
    "is_high": false
  }
}

[INFO] Server: metro crm | Domain: mt.itserver.biz
==================================================
[PASS] Sales Order

============================================================
COMPLETED DOMAIN: mt.itserver.biz
============================================================

============================================================
STARTING DOMAIN: gta.cartzlink.com (Server: s13)
============================================================
[INFO] Running 2 feature files for domain 'gta.cartzlink.com':
    E:\shayan\tests\features\gta.cartzlink.com\AccV.feature
    E:\shayan\tests\features\gta.cartzlink.com\SI.feature
[INFO] Domain = gta.cartzlink.com
[INFO] Starting browser and logging in for domain: gta.cartzlink.com
[INFO] Creating fresh browser instance for domain: gta.cartzlink.com
[INFO] Attempt 1/3: Creating Chrome driver...
[PASS] Chrome driver created successfully on attempt 1
[INFO] Attempt 1/3: Opening https://gta.cartzlink.com/admin/?r=user/user/login&_lang=en
[PASS] Page loaded successfully on attempt 1
[PASS] Opened URL: https://gta.cartzlink.com/admin/?r=user/user/login&_lang=en
[INFO] Testing refresh function for dashboard elements...
[PASS] Login successful - dashboard loaded with refresh function
[PASS] Login successful - dashboard loaded with fallback method
[INFO] Login completed. Page Load: 4.8s, Login: 22.4s
[INFO] Login successful for domain: gta.cartzlink.com
[INFO] Starting feature: Add Account Voucher
Feature: Add Account Voucher # features/gta.cartzlink.com/AccV.feature:4

  @critical
  Scenario: Visit Account Voucher Page and click on Edit btn  # features/gta.cartzlink.com/AccV.feature:7
    Given we visit "accounts2"                                # features/steps/form_actions.py:36
    When we edit the top row                                  # features/steps/cartzlink_form.py:155
[INFO] Completed feature: Add Account Voucher
DEBUG: context.domain = gta.cartzlink.com
DEBUG: timing_summary = {'gta.cartzlink.com': {'Server': 's13', 'Page Load': 4.8, 'Login': 22.4, 'Features': {'Add Account Voucher': {'Feature': None, 'Scenario Timings': [{'name': 'Visit Account Voucher Page and click on Edit btn', 'duration': 26.9, 'status': 'passed', 'failed_steps': []}], 'Failed Steps': []}}}}
PASS Feature: Add Account Voucher (26.9s)
[DEBUG] Writing timing summary for gta.cartzlink.com to E:\shayan\tests\timing_results\gta.cartzlink.com_timing.json

[INFO] Starting feature: Sales Invoice
Feature: Sales Invoice # features/gta.cartzlink.com/SI.feature:1

  @critical
  Scenario: Sales Invoice page           # features/gta.cartzlink.com/SI.feature:4
    Given we visit "orders/salesInvoice" # features/steps/form_actions.py:36
    When we edit the top row             # features/steps/cartzlink_form.py:155
[INFO] Completed feature: Sales Invoice
DEBUG: context.domain = gta.cartzlink.com
DEBUG: timing_summary = {'gta.cartzlink.com': {'Server': 's13', 'Page Load': 4.8, 'Login': 22.4, 'Features': {'Add Account Voucher': {'Feature': 26.9, 'Scenario Timings': [{'name': 'Visit Account Voucher Page and click on Edit btn', 'duration': 26.9, 'status': 'passed', 'failed_steps': []}], 'Failed Steps': []}, 'Sales Invoice': {'Feature': None, 'Scenario Timings': [{'name': 'Sales Invoice page', 'duration': 11.5, 'status': 'passed', 'failed_steps': []}], 'Failed Steps': []}}}}
PASS Feature: Sales Invoice (11.5s)
[DEBUG] Writing timing summary for gta.cartzlink.com to E:\shayan\tests\timing_results\gta.cartzlink.com_timing.json

[INFO] Closing browser for domain: gta.cartzlink.com
[INFO] Browser closed successfully for domain: gta.cartzlink.com
[INFO] Browser instance cleared for domain: gta.cartzlink.com
[SUMMARY] Timing for gta.cartzlink.com:
{
  "page_load": {
    "current": 4.8,
    "average": 4.2,
    "values": [
      4.8,
      4.5,
      3.3
    ],
    "is_high": true
  },
  "login": {
    "current": 22.4,
    "average": 21.099999999999998,
    "values": [
      22.4,
      21.1,
      19.8
    ],
    "is_high": true
  },
  "features": {
    "Add Account Voucher": {
      "current": 26.9,
      "average": 17.9,
      "values": [
        26.9,
        13.1,
        13.7
      ],
      "is_high": true
    },
    "Sales Invoice": {
      "current": 11.5,
      "average": 18.5,
      "values": [
        11.5,
        21.7,
        22.3
      ],
      "is_high": false
    }
  },
  "scenario": {
    "current": 19.2,
    "average": 18.2,
    "values": [
      19.2,
      17.4,
      18.0
    ],
    "is_high": true
  }
}

[INFO] Server: s13 | Domain: gta.cartzlink.com
==================================================
[PASS] Add Account Voucher
[PASS] Sales Invoice

============================================================
COMPLETED DOMAIN: gta.cartzlink.com
============================================================

============================================================
STARTING DOMAIN: fst.itserver.biz (Server: FST)
============================================================
[INFO] Running 1 feature files for domain 'fst.itserver.biz':
    E:\shayan\tests\features\fst.itserver.biz\SO.feature
[INFO] Domain = fst.itserver.biz
[INFO] Starting browser and logging in for domain: fst.itserver.biz
[INFO] Creating fresh browser instance for domain: fst.itserver.biz
[INFO] Attempt 1/3: Creating Chrome driver...
[PASS] Chrome driver created successfully on attempt 1
[INFO] Attempt 1/3: Opening https://fst.itserver.biz/admin/?r=user/user/login&_lang=en
[PASS] Page loaded successfully on attempt 1
[PASS] Opened URL: https://fst.itserver.biz/admin/?r=user/user/login&_lang=en
[INFO] Testing refresh function for dashboard elements...
[PASS] Login successful - dashboard loaded with refresh function
[PASS] Login successful - dashboard loaded with fallback method
[INFO] Login completed. Page Load: 3.9s, Login: 20.3s
[INFO] Login successful for domain: fst.itserver.biz
[INFO] Starting feature: Sales Order
Feature: Sales Order # features/fst.itserver.biz/SO.feature:4

  @critical
  Scenario: Visit Sales order page and click on Edit btn  # features/fst.itserver.biz/SO.feature:7
    Given we visit "orders/salesOrder"                    # features/steps/form_actions.py:36
    When we clear the from date and search                # features/steps/form_actions.py:82
[INFO] Completed feature: Sales Order
DEBUG: context.domain = fst.itserver.biz
DEBUG: timing_summary = {'fst.itserver.biz': {'Server': 'FST', 'Page Load': 3.9, 'Login': 20.3, 'Features': {'Sales Order': {'Feature': None, 'Scenario Timings': [{'name': 'Visit Sales order page and click on Edit btn', 'duration': 13.5, 'status': 'passed', 'failed_steps': []}], 'Failed Steps': []}}}}
PASS Feature: Sales Order (13.5s)
[DEBUG] Writing timing summary for fst.itserver.biz to E:\shayan\tests\timing_results\fst.itserver.biz_timing.json

[INFO] Closing browser for domain: fst.itserver.biz
[INFO] Browser closed successfully for domain: fst.itserver.biz
[INFO] Browser instance cleared for domain: fst.itserver.biz
[SUMMARY] Timing for fst.itserver.biz:
{
  "page_load": {
    "current": 3.9,
    "average": 3.8000000000000003,
    "values": [
      3.9,
      3.5,
      4.0
    ],
    "is_high": true
  },
  "login": {
    "current": 20.3,
    "average": 20.266666666666666,
    "values": [
      20.3,
      20.3,
      20.2
    ],
    "is_high": true
  },
  "features": {
    "Sales Order": {
      "current": 13.5,
      "average": 13.4,
      "values": [
        13.5,
        14.3,
        12.4
      ],
      "is_high": true
    }
  },
  "scenario": {
    "current": 13.5,
    "average": 13.4,
    "values": [
      13.5,
      14.3,
      12.4
    ],
    "is_high": true
  }
}

[INFO] Server: FST | Domain: fst.itserver.biz
==================================================
[PASS] Sales Order

============================================================
COMPLETED DOMAIN: fst.itserver.biz
============================================================

============================================================
STARTING DOMAIN: cam.itserver.biz (Server: metro cam)
============================================================
[INFO] Running 4 feature files for domain 'cam.itserver.biz':
    E:\shayan\tests\features\cam.itserver.biz\AccV.feature
    E:\shayan\tests\features\cam.itserver.biz\GP.feature
    E:\shayan\tests\features\cam.itserver.biz\PI.feature
    E:\shayan\tests\features\cam.itserver.biz\SO.feature
[INFO] Domain = cam.itserver.biz
[INFO] Starting browser and logging in for domain: cam.itserver.biz
[INFO] Creating fresh browser instance for domain: cam.itserver.biz
[INFO] Attempt 1/3: Creating Chrome driver...
[PASS] Chrome driver created successfully on attempt 1
[INFO] Attempt 1/3: Opening https://cam.itserver.biz/admin/?r=user/user/login&_lang=en
[PASS] Page loaded successfully on attempt 1
[PASS] Opened URL: https://cam.itserver.biz/admin/?r=user/user/login&_lang=en
[INFO] Testing refresh function for dashboard elements...
[PASS] Login successful - dashboard loaded with refresh function
[PASS] Login successful - dashboard loaded with fallback method
[INFO] Login completed. Page Load: 3.7s, Login: 19.2s
[INFO] Login successful for domain: cam.itserver.biz
[INFO] Starting feature: Add Account Voucher
Feature: Add Account Voucher # features/cam.itserver.biz/AccV.feature:4

  @critical
  Scenario: Visit Account Voucher Page and click on Edit btn  # features/cam.itserver.biz/AccV.feature:7
    Given we visit "accounts2"                                # features/steps/form_actions.py:36
    When we edit the top row                                  # features/steps/cartzlink_form.py:155
[INFO] Completed feature: Add Account Voucher
DEBUG: context.domain = cam.itserver.biz
DEBUG: timing_summary = {'cam.itserver.biz': {'Server': 'metro cam', 'Page Load': 3.7, 'Login': 19.2, 'Features': {'Add Account Voucher': {'Feature': None, 'Scenario Timings': [{'name': 'Visit Account Voucher Page and click on Edit btn', 'duration': 7.3, 'status': 'passed', 'failed_steps': []}], 'Failed Steps': []}}}}
PASS Feature: Add Account Voucher (7.3s)
[DEBUG] Writing timing summary for cam.itserver.biz to E:\shayan\tests\timing_results\cam.itserver.biz_timing.json

[INFO] Starting feature: Gatepass
Feature: Gatepass # features/cam.itserver.biz/GP.feature:1

  @critical
  Scenario: Visit Gate pass Page and click on Edit btn  # features/cam.itserver.biz/GP.feature:4
    Given we visit "orders/deliveryChallanCAM"          # features/steps/form_actions.py:36
    When we edit the top row                            # features/steps/cartzlink_form.py:155
[INFO] Completed feature: Gatepass
DEBUG: context.domain = cam.itserver.biz
DEBUG: timing_summary = {'cam.itserver.biz': {'Server': 'metro cam', 'Page Load': 3.7, 'Login': 19.2, 'Features': {'Add Account Voucher': {'Feature': 7.3, 'Scenario Timings': [{'name': 'Visit Account Voucher Page and click on Edit btn', 'duration': 7.3, 'status': 'passed', 'failed_steps': []}], 'Failed Steps': []}, 'Gatepass': {'Feature': None, 'Scenario Timings': [{'name': 'Visit Gate pass Page and click on Edit btn', 'duration': 11.6, 'status': 'passed', 'failed_steps': []}], 'Failed Steps': []}}}}
PASS Feature: Gatepass (11.6s)
[DEBUG] Writing timing summary for cam.itserver.biz to E:\shayan\tests\timing_results\cam.itserver.biz_timing.json

[INFO] Starting feature: Purchase Invoice
Feature: Purchase Invoice # features/cam.itserver.biz/PI.feature:3

  @critical
  Scenario: Visit Purchase invoice Page and click on Edit btn  # features/cam.itserver.biz/PI.feature:6
    Given we visit "orders/purchaseInvoice"                    # features/steps/form_actions.py:36
    When we edit the top row                                   # features/steps/cartzlink_form.py:155
[INFO] Completed feature: Purchase Invoice
DEBUG: context.domain = cam.itserver.biz
DEBUG: timing_summary = {'cam.itserver.biz': {'Server': 'metro cam', 'Page Load': 3.7, 'Login': 19.2, 'Features': {'Add Account Voucher': {'Feature': 7.3, 'Scenario Timings': [{'name': 'Visit Account Voucher Page and click on Edit btn', 'duration': 7.3, 'status': 'passed', 'failed_steps': []}], 'Failed Steps': []}, 'Gatepass': {'Feature': 11.6, 'Scenario Timings': [{'name': 'Visit Gate pass Page and click on Edit btn', 'duration': 11.6, 'status': 'passed', 'failed_steps': []}], 'Failed Steps': []}, 'Purchase Invoice': {'Feature': None, 'Scenario Timings': [{'name': 'Visit Purchase invoice Page and click on Edit btn', 'duration': 12.0, 'status': 'passed', 'failed_steps': []}], 'Failed Steps': []}}}}
PASS Feature: Purchase Invoice (12.0s)
[DEBUG] Writing timing summary for cam.itserver.biz to E:\shayan\tests\timing_results\cam.itserver.biz_timing.json

[INFO] Starting feature: Production Order FSTUser
Feature: Production Order FSTUser # features/cam.itserver.biz/SO.feature:4

  @critical
  Scenario: Visit Production order page and click on Edit btn  # features/cam.itserver.biz/SO.feature:7
    Given we visit "orders/SalesOrderFSTUser"                  # features/steps/form_actions.py:36
    When we edit the top row                                   # features/steps/cartzlink_form.py:155
[INFO] Completed feature: Production Order FSTUser
DEBUG: context.domain = cam.itserver.biz
DEBUG: timing_summary = {'cam.itserver.biz': {'Server': 'metro cam', 'Page Load': 3.7, 'Login': 19.2, 'Features': {'Add Account Voucher': {'Feature': 7.3, 'Scenario Timings': [{'name': 'Visit Account Voucher Page and click on Edit btn', 'duration': 7.3, 'status': 'passed', 'failed_steps': []}], 'Failed Steps': []}, 'Gatepass': {'Feature': 11.6, 'Scenario Timings': [{'name': 'Visit Gate pass Page and click on Edit btn', 'duration': 11.6, 'status': 'passed', 'failed_steps': []}], 'Failed Steps': []}, 'Purchase Invoice': {'Feature': 12.0, 'Scenario Timings': [{'name': 'Visit Purchase invoice Page and click on Edit btn', 'duration': 12.0, 'status': 'passed', 'failed_steps': []}], 'Failed Steps': []}, 'Production Order FSTUser': {'Feature': None, 'Scenario Timings': [{'name': 'Visit Production order page and click on Edit btn', 'duration': 7.7, 'status': 'passed', 'failed_steps': []}], 'Failed Steps': []}}}}
PASS Feature: Production Order FSTUser (7.7s)
[DEBUG] Writing timing summary for cam.itserver.biz to E:\shayan\tests\timing_results\cam.itserver.biz_timing.json

[INFO] Closing browser for domain: cam.itserver.biz
[INFO] Browser closed successfully for domain: cam.itserver.biz
[INFO] Browser instance cleared for domain: cam.itserver.biz
[SUMMARY] Timing for cam.itserver.biz:
{
  "page_load": {
    "current": 3.7,
    "average": 3.9333333333333336,
    "values": [
      3.7,
      4.2,
      3.9
    ],
    "is_high": false
  },
  "login": {
    "current": 19.2,
    "average": 19.366666666666667,
    "values": [
      19.2,
      19.6,
      19.3
    ],
    "is_high": false
  },
  "features": {
    "Add Account Voucher": {
      "current": 7.3,
      "average": 7.8,
      "values": [
        7.3,
        7.8,
        8.3
      ],
      "is_high": false
    },
    "Gatepass": {
      "current": 11.6,
      "average": 12.533333333333333,
      "values": [
        11.6,
        13.7,
        12.3
      ],
      "is_high": false
    },
    "Purchase Invoice": {
      "current": 12.0,
      "average": 13.166666666666666,
      "values": [
        12.0,
        13.9,
        13.6
      ],
      "is_high": false
    },
    "Production Order FSTUser": {
      "current": 7.7,
      "average": 7.833333333333333,
      "values": [
        7.7,
        8.0,
        7.8
      ],
      "is_high": false
    }
  },
  "scenario": {
    "current": 9.65,
    "average": 10.333333333333334,
    "values": [
      9.65,
      10.85,
      10.5
    ],
    "is_high": false
  }
}

[INFO] Server: metro cam | Domain: cam.itserver.biz
==================================================
[PASS] Add Account Voucher
[PASS] Gatepass
[PASS] Purchase Invoice
[PASS] Production Order FSTUser

============================================================
COMPLETED DOMAIN: cam.itserver.biz
============================================================

============================================================
STARTING DOMAIN: bmkenya.itserver.biz (Server: bmkenya)
============================================================
[INFO] Running 2 feature files for domain 'bmkenya.itserver.biz':
    E:\shayan\tests\features\bmkenya.itserver.biz\AccV.feature
    E:\shayan\tests\features\bmkenya.itserver.biz\SO.feature
[INFO] Domain = bmkenya.itserver.biz
[INFO] Starting browser and logging in for domain: bmkenya.itserver.biz
[INFO] Creating fresh browser instance for domain: bmkenya.itserver.biz
[INFO] Attempt 1/3: Creating Chrome driver...
[PASS] Chrome driver created successfully on attempt 1
[INFO] Attempt 1/3: Opening https://bmkenya.itserver.biz/admin/?r=user/user/login&_lang=en
[PASS] Page loaded successfully on attempt 1
[PASS] Opened URL: https://bmkenya.itserver.biz/admin/?r=user/user/login&_lang=en
[INFO] Testing refresh function for dashboard elements...
[PASS] Login successful - dashboard loaded with refresh function
[PASS] Login successful - dashboard loaded with fallback method
[INFO] Login completed. Page Load: 4.0s, Login: 19.7s
[INFO] Login successful for domain: bmkenya.itserver.biz
[INFO] Starting feature: Add Account Voucher
Feature: Add Account Voucher # features/bmkenya.itserver.biz/AccV.feature:4

  @critical
  Scenario: Visit Account Voucher Page and click on Edit btn  # features/bmkenya.itserver.biz/AccV.feature:7
    Given we visit "accounts2"                                # features/steps/form_actions.py:36
    When we edit the top row                                  # features/steps/cartzlink_form.py:155
[INFO] Completed feature: Add Account Voucher
DEBUG: context.domain = bmkenya.itserver.biz
DEBUG: timing_summary = {'bmkenya.itserver.biz': {'Server': 'bmkenya', 'Page Load': 4.0, 'Login': 19.7, 'Features': {'Add Account Voucher': {'Feature': None, 'Scenario Timings': [{'name': 'Visit Account Voucher Page and click on Edit btn', 'duration': 9.4, 'status': 'passed', 'failed_steps': []}], 'Failed Steps': []}}}}
PASS Feature: Add Account Voucher (9.4s)
[DEBUG] Writing timing summary for bmkenya.itserver.biz to E:\shayan\tests\timing_results\bmkenya.itserver.biz_timing.json

[INFO] Starting feature: Sales Order
Feature: Sales Order # features/bmkenya.itserver.biz/SO.feature:4

  @critical
  Scenario: Visit Sales order page     # features/bmkenya.itserver.biz/SO.feature:7
    Given we visit "orders/salesOrder" # features/steps/form_actions.py:36
[INFO] Completed feature: Sales Order
DEBUG: context.domain = bmkenya.itserver.biz
DEBUG: timing_summary = {'bmkenya.itserver.biz': {'Server': 'bmkenya', 'Page Load': 4.0, 'Login': 19.7, 'Features': {'Add Account Voucher': {'Feature': 9.4, 'Scenario Timings': [{'name': 'Visit Account Voucher Page and click on Edit btn', 'duration': 9.4, 'status': 'passed', 'failed_steps': []}], 'Failed Steps': []}, 'Sales Order': {'Feature': None, 'Scenario Timings': [{'name': 'Visit Sales order page', 'duration': 0.9, 'status': 'passed', 'failed_steps': []}], 'Failed Steps': []}}}}
PASS Feature: Sales Order (0.9s)
[DEBUG] Writing timing summary for bmkenya.itserver.biz to E:\shayan\tests\timing_results\bmkenya.itserver.biz_timing.json

[INFO] Closing browser for domain: bmkenya.itserver.biz
[INFO] Browser closed successfully for domain: bmkenya.itserver.biz
[INFO] Browser instance cleared for domain: bmkenya.itserver.biz
[SUMMARY] Timing for bmkenya.itserver.biz:
{
  "page_load": {
    "current": 4.0,
    "average": 4.266666666666667,
    "values": [
      4.0,
      4.9,
      3.9
    ],
    "is_high": false
  },
  "login": {
    "current": 19.7,
    "average": 19.933333333333334,
    "values": [
      19.7,
      20.2,
      19.9
    ],
    "is_high": false
  },
  "features": {
    "Add Account Voucher": {
      "current": 9.4,
      "average": 9.6,
      "values": [
        9.4,
        9.9,
        9.5
      ],
      "is_high": false
    },
    "Sales Order": {
      "current": 0.9,
      "average": 1.0,
      "values": [
        0.9,
        1.1,
        1.0
      ],
      "is_high": false
    }
  },
  "scenario": {
    "current": 5.15,
    "average": 5.3,
    "values": [
      5.15,
      5.5,
      5.25
    ],
    "is_high": false
  }
}

[INFO] Server: bmkenya | Domain: bmkenya.itserver.biz
==================================================
[PASS] Add Account Voucher
[PASS] Sales Order

============================================================
COMPLETED DOMAIN: bmkenya.itserver.biz
============================================================

============================================================
STARTING DOMAIN: crm.cartzlink.com (Server: s15)
============================================================
[INFO] Running 1 feature files for domain 'crm.cartzlink.com':
    E:\shayan\tests\features\crm.cartzlink.com\dashboard.feature
[INFO] Domain = crm.cartzlink.com
[INFO] Starting browser and logging in for domain: crm.cartzlink.com
[INFO] Creating fresh browser instance for domain: crm.cartzlink.com
[INFO] Attempt 1/3: Creating Chrome driver...
[PASS] Chrome driver created successfully on attempt 1
[INFO] Attempt 1/3: Opening https://crm.cartzlink.com/admin/?r=user/user/login&_lang=en
[PASS] Page loaded successfully on attempt 1
[PASS] Opened URL: https://crm.cartzlink.com/admin/?r=user/user/login&_lang=en
[INFO] Testing refresh function for dashboard elements...
[PASS] Login successful - dashboard loaded with refresh function
[PASS] Login successful - dashboard loaded with fallback method
[INFO] Login completed. Page Load: 0.7s, Login: 18.3s
[INFO] Login successful for domain: crm.cartzlink.com
[INFO] Starting feature: Dash board
Feature: Dash board # features/crm.cartzlink.com/dashboard.feature:4
[INFO] Completed feature: Dash board
DEBUG: context.domain = crm.cartzlink.com
DEBUG: timing_summary = {'crm.cartzlink.com': {'Server': 's15', 'Page Load': 0.7, 'Login': 18.3, 'Features': {'Dash board': {'Feature': None, 'Scenario Timings': [{'name': 'Visit Dash board page', 'duration': 0.0, 'status': 'passed', 'failed_steps': []}], 'Failed Steps': []}}}}
PASS Feature: Dash board (0.0s)
[DEBUG] Writing timing summary for crm.cartzlink.com to E:\shayan\tests\timing_results\crm.cartzlink.com_timing.json

  @critical
  Scenario: Visit Dash board page  # features/crm.cartzlink.com/dashboard.feature:7

[INFO] Closing browser for domain: crm.cartzlink.com
[INFO] Browser closed successfully for domain: crm.cartzlink.com
[INFO] Browser instance cleared for domain: crm.cartzlink.com
[SUMMARY] Timing for crm.cartzlink.com:
{
  "page_load": {
    "current": 0.7,
    "average": 0.6333333333333333,
    "values": [
      0.7,
      0.6,
      0.6
    ],
    "is_high": true
  },
  "login": {
    "current": 18.3,
    "average": 18.266666666666666,
    "values": [
      18.3,
      18.2,
      18.3
    ],
    "is_high": true
  },
  "features": {
    "Dash board": {
      "current": 0.0,
      "average": 0.0,
      "values": [
        0.0,
        0.0,
        0.0
      ],
      "is_high": 0.0
    }
  },
  "scenario": {
    "current": 0.0,
    "average": 0.0,
    "values": [
      0.0,
      0.0,
      0.0
    ],
    "is_high": 0.0
  }
}

[INFO] Server: s15 | Domain: crm.cartzlink.com
==================================================
[PASS] Dash board

============================================================
COMPLETED DOMAIN: crm.cartzlink.com
============================================================

============================================================
STARTING DOMAIN: crm.tabrospharma.com (Server: TP)
============================================================
[INFO] Running 2 feature files for domain 'crm.tabrospharma.com':
    E:\shayan\tests\features\crm.tabrospharma.com\AccV.feature
    E:\shayan\tests\features\crm.tabrospharma.com\SO.feature
[INFO] Domain = crm.tabrospharma.com
[INFO] Starting browser and logging in for domain: crm.tabrospharma.com
[INFO] Creating fresh browser instance for domain: crm.tabrospharma.com
[INFO] Attempt 1/3: Creating Chrome driver...
[PASS] Chrome driver created successfully on attempt 1
[INFO] Attempt 1/3: Opening https://crm.tabrospharma.com/admin/?r=user/user/login&_lang=en
[PASS] Page loaded successfully on attempt 1
[PASS] Opened URL: https://crm.tabrospharma.com/admin/?r=user/user/login&_lang=en
[INFO] Testing refresh function for dashboard elements...
[PASS] Login successful - dashboard loaded with refresh function
[PASS] Login successful - dashboard loaded with fallback method
[INFO] Login completed. Page Load: 1.6s, Login: 26.2s
[INFO] Login successful for domain: crm.tabrospharma.com
[INFO] Starting feature: Add Account Voucher
Feature: Add Account Voucher # features/crm.tabrospharma.com/AccV.feature:4

  @critical
  Scenario: Visit Account Voucher Page and click on Edit btn  # features/crm.tabrospharma.com/AccV.feature:7
    Given we visit "accounts2"                                # features/steps/form_actions.py:36
    When we edit the top row                                  # features/steps/cartzlink_form.py:155
[INFO] Completed feature: Add Account Voucher
DEBUG: context.domain = crm.tabrospharma.com
DEBUG: timing_summary = {'crm.tabrospharma.com': {'Server': 'TP', 'Page Load': 1.6, 'Login': 26.2, 'Features': {'Add Account Voucher': {'Feature': None, 'Scenario Timings': [{'name': 'Visit Account Voucher Page and click on Edit btn', 'duration': 7.3, 'status': 'passed', 'failed_steps': []}], 'Failed Steps': []}}}}
PASS Feature: Add Account Voucher (7.3s)
[DEBUG] Writing timing summary for crm.tabrospharma.com to E:\shayan\tests\timing_results\crm.tabrospharma.com_timing.json

[INFO] Starting feature: Sales Order
Feature: Sales Order # features/crm.tabrospharma.com/SO.feature:4

  @critical
  Scenario: Visit Sales Order Page and click on Edit btn  # features/crm.tabrospharma.com/SO.feature:7
    Given we visit "orders/salesOrder"                    # features/steps/form_actions.py:36
    When we edit the top row                              # features/steps/cartzlink_form.py:155
[INFO] Completed feature: Sales Order
DEBUG: context.domain = crm.tabrospharma.com
DEBUG: timing_summary = {'crm.tabrospharma.com': {'Server': 'TP', 'Page Load': 1.6, 'Login': 26.2, 'Features': {'Add Account Voucher': {'Feature': 7.3, 'Scenario Timings': [{'name': 'Visit Account Voucher Page and click on Edit btn', 'duration': 7.3, 'status': 'passed', 'failed_steps': []}], 'Failed Steps': []}, 'Sales Order': {'Feature': None, 'Scenario Timings': [{'name': 'Visit Sales Order Page and click on Edit btn', 'duration': 6.8, 'status': 'passed', 'failed_steps': []}], 'Failed Steps': []}}}}
PASS Feature: Sales Order (6.8s)
[DEBUG] Writing timing summary for crm.tabrospharma.com to E:\shayan\tests\timing_results\crm.tabrospharma.com_timing.json

[INFO] Closing browser for domain: crm.tabrospharma.com
[INFO] Browser closed successfully for domain: crm.tabrospharma.com
[INFO] Browser instance cleared for domain: crm.tabrospharma.com
[SUMMARY] Timing for crm.tabrospharma.com:
{
  "page_load": {
    "current": 1.6,
    "average": 1.6,
    "values": [
      1.6,
      1.6
    ],
    "is_high": false
  },
  "login": {
    "current": 26.2,
    "average": 26.1,
    "values": [
      26.2,
      26.0
    ],
    "is_high": true
  },
  "features": {
    "Add Account Voucher": {
      "current": 7.3,
      "average": 7.25,
      "values": [
        7.3,
        7.2
      ],
      "is_high": true
    },
    "Sales Order": {
      "current": 6.8,
      "average": 6.8,
      "values": [
        6.8,
        6.8
      ],
      "is_high": false
    }
  },
  "scenario": {
    "current": 7.05,
    "average": 7.025,
    "values": [
      7.05,
      7.0
    ],
    "is_high": true
  }
}

[INFO] Server: TP | Domain: crm.tabrospharma.com
==================================================
[PASS] Add Account Voucher
[PASS] Sales Order

============================================================
COMPLETED DOMAIN: crm.tabrospharma.com
============================================================

==================================================
[SUMMARY] FINAL TEST SUMMARY
==================================================

================================================================================
[CRITICAL] FAILURES AND PERFORMANCE ISSUES SUMMARY
================================================================================

SLOW TESTS (11 total):
--------------------------------------------------
[SLOW] Page Load SLOW | metro crm | mt.itserver.biz
   Time: 2.50s | Above 7-day average (2.4s)
[SLOW] Page Load SLOW | s13 | gta.cartzlink.com
   Time: 4.80s | Above 7-day average (4.2s)
[SLOW] Login SLOW | s13 | gta.cartzlink.com
   Time: 22.40s | Above 7-day average (21.1s)
[SLOW] Feature SLOW | s13 | gta.cartzlink.com
   Feature: Add Account Voucher
   Time: 26.90s | Above 7-day average (17.9s)
[SLOW] Page Load SLOW | FST | fst.itserver.biz
   Time: 3.90s | Above 7-day average (3.8s)
[SLOW] Login SLOW | FST | fst.itserver.biz
   Time: 20.30s | Above 7-day average (20.3s)
[SLOW] Feature SLOW | FST | fst.itserver.biz
   Feature: Sales Order
   Time: 13.50s | Above 7-day average (13.4s)
[SLOW] Page Load SLOW | s15 | crm.cartzlink.com
   Time: 0.70s | Above 7-day average (0.6s)
[SLOW] Login SLOW | s15 | crm.cartzlink.com
   Time: 18.30s | Above 7-day average (18.3s)
[SLOW] Login SLOW | TP | crm.tabrospharma.com
   Time: 26.20s | Above 7-day average (26.1s)
[SLOW] Feature SLOW | TP | crm.tabrospharma.com
   Feature: Add Account Voucher
   Time: 7.30s | Above 7-day average (7.2s)
================================================================================

[DEBUG] Getting 7-day data for domain: mt.itserver.biz
[DEBUG] Page load data: {'current': 2.5, 'average': 2.433333333333333, 'values': [2.5, 2.8, 2.0], 'is_high': True}
[DEBUG] Formatted summary: 
Times (Last 3 Days): 2.5, 2.8, 2.0
3-Day Avg: 2.4
Today: 2.5  Above 3-Day Avg
[DEBUG] Getting 7-day login data for domain: mt.itserver.biz
[DEBUG] Login data: {'current': 24.3, 'average': 24.333333333333332, 'values': [24.3, 24.4, 24.3], 'is_high': False}
[DEBUG] Formatted login summary: 
Times (Last 3 Days): 24.3, 24.4, 24.3
3-Day Avg: 24.3
Today: 24.3
[DEBUG] Getting 7-day data for domain: gta.cartzlink.com
[DEBUG] Page load data: {'current': 4.8, 'average': 4.2, 'values': [4.8, 4.5, 3.3], 'is_high': True}
[DEBUG] Formatted summary: 
Times (Last 3 Days): 4.8, 4.5, 3.3
3-Day Avg: 4.2
Today: 4.8  Above 3-Day Avg
[DEBUG] Getting 7-day login data for domain: gta.cartzlink.com
[DEBUG] Login data: {'current': 22.4, 'average': 21.099999999999998, 'values': [22.4, 21.1, 19.8], 'is_high': True}
[DEBUG] Formatted login summary: 
Times (Last 3 Days): 22.4, 21.1, 19.8
3-Day Avg: 21.1
Today: 22.4  Above 3-Day Avg
[DEBUG] Getting 7-day data for domain: fst.itserver.biz
[DEBUG] Page load data: {'current': 3.9, 'average': 3.8000000000000003, 'values': [3.9, 3.5, 4.0], 'is_high': True}
[DEBUG] Formatted summary: 
Times (Last 3 Days): 3.9, 3.5, 4.0
3-Day Avg: 3.8
Today: 3.9  Above 3-Day Avg
[DEBUG] Getting 7-day login data for domain: fst.itserver.biz
[DEBUG] Login data: {'current': 20.3, 'average': 20.266666666666666, 'values': [20.3, 20.3, 20.2], 'is_high': True}
[DEBUG] Formatted login summary: 
Times (Last 3 Days): 20.3, 20.3, 20.2
3-Day Avg: 20.3
Today: 20.3  Above 3-Day Avg
[DEBUG] Getting 7-day data for domain: cam.itserver.biz
[DEBUG] Page load data: {'current': 3.7, 'average': 3.9333333333333336, 'values': [3.7, 4.2, 3.9], 'is_high': False}
[DEBUG] Formatted summary: 
Times (Last 3 Days): 3.7, 4.2, 3.9
3-Day Avg: 3.9
Today: 3.7
[DEBUG] Getting 7-day login data for domain: cam.itserver.biz
[DEBUG] Login data: {'current': 19.2, 'average': 19.366666666666667, 'values': [19.2, 19.6, 19.3], 'is_high': False}
[DEBUG] Formatted login summary: 
Times (Last 3 Days): 19.2, 19.6, 19.3
3-Day Avg: 19.4
Today: 19.2
[DEBUG] Getting 7-day data for domain: bmkenya.itserver.biz
[DEBUG] Page load data: {'current': 4.0, 'average': 4.266666666666667, 'values': [4.0, 4.9, 3.9], 'is_high': False}
[DEBUG] Formatted summary: 
Times (Last 3 Days): 4.0, 4.9, 3.9
3-Day Avg: 4.3
Today: 4.0
[DEBUG] Getting 7-day login data for domain: bmkenya.itserver.biz
[DEBUG] Login data: {'current': 19.7, 'average': 19.933333333333334, 'values': [19.7, 20.2, 19.9], 'is_high': False}
[DEBUG] Formatted login summary: 
Times (Last 3 Days): 19.7, 20.2, 19.9
3-Day Avg: 19.9
Today: 19.7
[DEBUG] Getting 7-day data for domain: crm.cartzlink.com
[DEBUG] Page load data: {'current': 0.7, 'average': 0.6333333333333333, 'values': [0.7, 0.6, 0.6], 'is_high': True}
[DEBUG] Formatted summary: 
Times (Last 3 Days): 0.7, 0.6, 0.6
3-Day Avg: 0.6
Today: 0.7  Above 3-Day Avg
[DEBUG] Getting 7-day login data for domain: crm.cartzlink.com
[DEBUG] Login data: {'current': 18.3, 'average': 18.266666666666666, 'values': [18.3, 18.2, 18.3], 'is_high': True}
[DEBUG] Formatted login summary: 
Times (Last 3 Days): 18.3, 18.2, 18.3
3-Day Avg: 18.3
Today: 18.3  Above 3-Day Avg
[DEBUG] Getting 7-day data for domain: crm.tabrospharma.com
[DEBUG] Page load data: {'current': 1.6, 'average': 1.6, 'values': [1.6, 1.6], 'is_high': False}
[DEBUG] Formatted summary: 
Times (Last 2 Days): 1.6, 1.6
2-Day Avg: 1.6
Today: 1.6
[DEBUG] Getting 7-day login data for domain: crm.tabrospharma.com
[DEBUG] Login data: {'current': 26.2, 'average': 26.1, 'values': [26.2, 26.0], 'is_high': True}
[DEBUG] Formatted login summary: 
Times (Last 2 Days): 26.2, 26.0
2-Day Avg: 26.1
Today: 26.2  Above 2-Day Avg

[INFO] Server: metro crm | Domain: mt.itserver.biz
[INFO] Features executed:
    Sales Order
==================================================
[PASS] Page Load (2.50s)  Above 7-Day Avg

Times (Last 3 Days): 2.5, 2.8, 2.0
3-Day Avg: 2.4
Today: 2.5  Above 3-Day Avg
[PASS] Login (24.30s)

Times (Last 3 Days): 24.3, 24.4, 24.3
3-Day Avg: 24.3
Today: 24.3

[INFO] Feature: Sales Order
[PASS] Feature: Sales Order (8.50s)

Times (Last 3 Days): 8.5, 8.7, 8.8
3-Day Avg: 8.7
Today: 8.5
[PASS] Scenario: Visit Sales order page and click on edit btn (8.50s)

[INFO] Server: s13 | Domain: gta.cartzlink.com
[INFO] Features executed:
    Add Account Voucher
    Sales Invoice
==================================================
[PASS] Page Load (4.80s)  Above 7-Day Avg

Times (Last 3 Days): 4.8, 4.5, 3.3
3-Day Avg: 4.2
Today: 4.8  Above 3-Day Avg
[PASS] Login (22.40s)  Above 7-Day Avg

Times (Last 3 Days): 22.4, 21.1, 19.8
3-Day Avg: 21.1
Today: 22.4  Above 3-Day Avg

[INFO] Feature: Add Account Voucher
[PASS] Feature: Add Account Voucher (26.90s)  Above 7-Day Avg

Times (Last 3 Days): 26.9, 13.1, 13.7
3-Day Avg: 17.9
Today: 26.9  Above 3-Day Avg
[PASS] Scenario: Visit Account Voucher Page and click on Edit btn (26.90s)
[INFO] Feature: Sales Invoice
[PASS] Feature: Sales Invoice (11.50s)

Times (Last 3 Days): 11.5, 21.7, 22.3
3-Day Avg: 18.5
Today: 11.5
[PASS] Scenario: Sales Invoice page (11.50s)

[INFO] Server: FST | Domain: fst.itserver.biz
[INFO] Features executed:
    Sales Order
==================================================
[PASS] Page Load (3.90s)  Above 7-Day Avg

Times (Last 3 Days): 3.9, 3.5, 4.0
3-Day Avg: 3.8
Today: 3.9  Above 3-Day Avg
[PASS] Login (20.30s)  Above 7-Day Avg

Times (Last 3 Days): 20.3, 20.3, 20.2
3-Day Avg: 20.3
Today: 20.3  Above 3-Day Avg

[INFO] Feature: Sales Order
[PASS] Feature: Sales Order (13.50s)  Above 7-Day Avg

Times (Last 3 Days): 13.5, 14.3, 12.4
3-Day Avg: 13.4
Today: 13.5  Above 3-Day Avg
[PASS] Scenario: Visit Sales order page and click on Edit btn (13.50s)

[INFO] Server: metro cam | Domain: cam.itserver.biz
[INFO] Features executed:
    Add Account Voucher
    Gatepass
    Purchase Invoice
    Production Order FSTUser
==================================================
[PASS] Page Load (3.70s)

Times (Last 3 Days): 3.7, 4.2, 3.9
3-Day Avg: 3.9
Today: 3.7
[PASS] Login (19.20s)

Times (Last 3 Days): 19.2, 19.6, 19.3
3-Day Avg: 19.4
Today: 19.2

[INFO] Feature: Add Account Voucher
[PASS] Feature: Add Account Voucher (7.30s)

Times (Last 3 Days): 7.3, 7.8, 8.3
3-Day Avg: 7.8
Today: 7.3
[PASS] Scenario: Visit Account Voucher Page and click on Edit btn (7.30s)
[INFO] Feature: Gatepass
[PASS] Feature: Gatepass (11.60s)

Times (Last 3 Days): 11.6, 13.7, 12.3
3-Day Avg: 12.5
Today: 11.6
[PASS] Scenario: Visit Gate pass Page and click on Edit btn (11.60s)
[INFO] Feature: Purchase Invoice
[PASS] Feature: Purchase Invoice (12.00s)

Times (Last 3 Days): 12.0, 13.9, 13.6
3-Day Avg: 13.2
Today: 12.0
[PASS] Scenario: Visit Purchase invoice Page and click on Edit btn (12.00s)
[INFO] Feature: Production Order FSTUser
[PASS] Feature: Production Order FSTUser (7.70s)

Times (Last 3 Days): 7.7, 8.0, 7.8
3-Day Avg: 7.8
Today: 7.7
[PASS] Scenario: Visit Production order page and click on Edit btn (7.70s)

[INFO] Server: bmkenya | Domain: bmkenya.itserver.biz
[INFO] Features executed:
    Add Account Voucher
    Sales Order
==================================================
[PASS] Page Load (4.00s)

Times (Last 3 Days): 4.0, 4.9, 3.9
3-Day Avg: 4.3
Today: 4.0
[PASS] Login (19.70s)

Times (Last 3 Days): 19.7, 20.2, 19.9
3-Day Avg: 19.9
Today: 19.7

[INFO] Feature: Add Account Voucher
[PASS] Feature: Add Account Voucher (9.40s)

Times (Last 3 Days): 9.4, 9.9, 9.5
3-Day Avg: 9.6
Today: 9.4
[PASS] Scenario: Visit Account Voucher Page and click on Edit btn (9.40s)
[INFO] Feature: Sales Order
[PASS] Feature: Sales Order (0.90s)

Times (Last 3 Days): 0.9, 1.1, 1.0
3-Day Avg: 1.0
Today: 0.9
[PASS] Scenario: Visit Sales order page (0.90s)

[INFO] Server: s15 | Domain: crm.cartzlink.com
[INFO] Features executed:
    Dash board
==================================================
[PASS] Page Load (0.70s)  Above 7-Day Avg

Times (Last 3 Days): 0.7, 0.6, 0.6
3-Day Avg: 0.6
Today: 0.7  Above 3-Day Avg
[PASS] Login (18.30s)  Above 7-Day Avg

Times (Last 3 Days): 18.3, 18.2, 18.3
3-Day Avg: 18.3
Today: 18.3  Above 3-Day Avg

[INFO] Feature: Dash board
[PASS] Feature: Dash board (0.00s)

Times (Last 3 Days): 0.0, 0.0, 0.0
3-Day Avg: 0.0
Today: 0.0
[PASS] Scenario: Visit Dash board page (0.00s)

[INFO] Server: TP | Domain: crm.tabrospharma.com
[INFO] Features executed:
    Add Account Voucher
    Sales Order
==================================================
[PASS] Page Load (1.60s)

Times (Last 2 Days): 1.6, 1.6
2-Day Avg: 1.6
Today: 1.6
[PASS] Login (26.20s)  Above 7-Day Avg

Times (Last 2 Days): 26.2, 26.0
2-Day Avg: 26.1
Today: 26.2  Above 2-Day Avg

[INFO] Feature: Add Account Voucher
[PASS] Feature: Add Account Voucher (7.30s)  Above 7-Day Avg

Times (Last 2 Days): 7.3, 7.2
2-Day Avg: 7.2
Today: 7.3  Above 2-Day Avg
[PASS] Scenario: Visit Account Voucher Page and click on Edit btn (7.30s)
[INFO] Feature: Sales Order
[PASS] Feature: Sales Order (6.80s)

Times (Last 2 Days): 6.8, 6.8
2-Day Avg: 6.8
Today: 6.8
[PASS] Scenario: Visit Sales Order Page and click on Edit btn (6.80s)
[PASS] Test summary email sent successfully.
Finished at Wed 02/04/2026 20:06:15.02 
========================================= 
